******************************************************************************
            TI ARM Clang Linker PC v4.0.3                      
******************************************************************************
>> Linked Wed Jul 30 17:33:47 2025

OUTPUT FILE NAME:   <mspm0-modules-car.out>
ENTRY POINT SYMBOL: "_c_int00_noargs"  address: 00007095


MEMORY CONFIGURATION

         name            origin    length      used     unused   attr    fill
----------------------  --------  ---------  --------  --------  ----  --------
  FLASH                 00000000   00020000  00008d60  000172a0  R  X
  SRAM                  20200000   00008000  000010fe  00006f02  RW X
  BCR_CONFIG            41c00000   000000ff  00000000  000000ff  R   
  BSL_CONFIG            41c00100   00000080  00000000  00000080  R   


SEGMENT ALLOCATION MAP

run origin  load origin   length   init length attrs members
----------  ----------- ---------- ----------- ----- -------
00000000    00000000    00008d60   00008d60    r-x
  00000000    00000000    000000c0   000000c0    r-- .intvecs
  000000c0    000000c0    00007450   00007450    r-x .text
  00007510    00007510    000017b0   000017b0    r-- .rodata
  00008cc0    00008cc0    000000a0   000000a0    r-- .cinit
20200000    20200000    00000f01   00000000    rw-
  20200000    20200000    00000800   00000000    rw- .sysmem
  20200800    20200800    000004cd   00000000    rw- .bss
  20200cd0    20200cd0    00000231   00000000    rw- .data
20207e00    20207e00    00000200   00000000    rw-
  20207e00    20207e00    00000200   00000000    rw- .stack


SECTION ALLOCATION MAP

 output                                  attributes/
section   page    origin      length       input sections
--------  ----  ----------  ----------   ----------------
.intvecs   0    00000000    000000c0     
                  00000000    000000c0     startup_mspm0g350x_ticlang.o (.intvecs)

.text      0    000000c0    00007450     
                  000000c0    000009d0     libc.a : _printfi.c.obj (.text:__TI_printfi)
                  00000a90    0000065c     test.o (.text.Test_Square_Movement_Hybrid)
                  000010ec    00000364     libc.a : e_asin.c.obj (.text.asin)
                  00001450    000002f8            : s_atan.c.obj (.text.atan)
                  00001748    000002c0     oled_hardware_i2c.o (.text.OLED_Init)
                  00001a08    000002b0     inv_mpu_dmp_motion_driver.o (.text.dmp_enable_feature)
                  00001cb8    00000254     motor_control.o (.text.MotorControl_Update)
                  00001f0c    00000240     Motor.o (.text.Motor_Set_Pwm)
                  0000214c    00000220     libc.a : _printfi.c.obj (.text._pconv_a)
                  0000236c    00000210     mpu6050.o (.text.Read_Quad)
                  0000257c    000001e4     inv_mpu.o (.text.mpu_lp_accel_mode)
                  00002760    000001dc     libc.a : _printfi.c.obj (.text._pconv_g)
                  0000293c    000001a8     inv_mpu_dmp_motion_driver.o (.text.dmp_read_fifo)
                  00002ae4    00000192     libclang_rt.builtins.a : adddf3.S.obj (.text.adddf3_subdf3)
                  00002c76    00000002     startup_mspm0g350x_ticlang.o (.text.Default_Handler)
                  00002c78    00000188     linetracker.o (.text.LineTracker_ReadSensors)
                  00002e00    00000188     libc.a : e_atan2.c.obj (.text.atan2)
                  00002f88    00000170            : e_sqrt.c.obj (.text.sqrt)
                  000030f8    00000154     mspm0_i2c.o (.text.mspm0_i2c_read)
                  0000324c    00000150     inv_mpu.o (.text.mpu_reset_fifo)
                  0000339c    00000148     inv_mpu.o (.text.mpu_load_firmware)
                  000034e4    00000144     oled_hardware_i2c.o (.text.OLED_Clear)
                  00003628    0000013c     libc.a : _printfi.c.obj (.text.fcvt)
                  00003764    00000134     oled_hardware_i2c.o (.text.OLED_WR_Byte)
                  00003898    00000134     inv_mpu_dmp_motion_driver.o (.text.dmp_set_tap_thresh)
                  000039cc    00000130     mspm0_i2c.o (.text.mspm0_i2c_write)
                  00003afc    00000120     libc.a : _printfi.c.obj (.text._pconv_e)
                  00003c1c    00000114            : memory.c.obj (.text.aligned_alloc)
                  00003d30    0000010c     libclang_rt.builtins.a : divdf3.S.obj (.text.__divdf3)
                  00003e3c    00000104     driverlib.a : dl_timer.o (.text.DL_Timer_initFourCCPWMMode)
                  00003f40    00000100     pid.o (.text.PID_Calculate)
                  00004040    000000f8     libc.a : fputs.c.obj (.text.fputs)
                  00004138    000000f8     inv_mpu.o (.text.mpu_set_bypass)
                  00004230    000000f4     inv_mpu.o (.text.mpu_init)
                  00004324    000000ec     linetracker.o (.text.LineTracker_ReadSensors_Interrupt)
                  00004410    000000ec     inv_mpu_dmp_motion_driver.o (.text.dmp_set_orientation)
                  000044fc    000000e8     driverlib.a : dl_timer.o (.text.DL_Timer_initTimerMode)
                  000045e4    000000e8     libc.a : memory.c.obj (.text.free)
                  000046cc    000000e4     libclang_rt.builtins.a : muldf3.S.obj (.text.__muldf3)
                  000047b0    000000e4     inv_mpu.o (.text.mpu_set_sample_rate)
                  00004894    000000e0     libc.a : setvbuf.c.obj (.text.setvbuf)
                  00004974    000000dc     driverlib.a : dl_sysctl_mspm0g1x0x_g3x0x.o (.text.DL_SYSCTL_configSYSPLL)
                  00004a50    000000dc     oled_hardware_i2c.o (.text.OLED_ShowChar)
                  00004b2c    000000dc     inv_mpu.o (.text.mpu_set_sensors)
                  00004c08    000000d8     libc.a : s_scalbn.c.obj (.text.scalbn)
                  00004ce0    000000d8     libclang_rt.builtins.a : addsf3.S.obj (.text)
                  00004db8    000000d0     motor_control.o (.text.MotorControl_Init)
                  00004e88    000000d0     turn_detection.o (.text.TurnDetection_Update)
                  00004f58    000000d0     inv_mpu.o (.text.mpu_set_dmp_state)
                  00005028    000000cc     ti_msp_dl_config.o (.text.SYSCFG_DL_GPIO_init)
                  000050f4    000000c8     Encoder.o (.text.Encoder_IRQHandler)
                  000051bc    000000c8     linetracker.o (.text.LineTracker_GetLineState)
                  00005284    000000b8     mpu6050.o (.text.MPU6050_Init)
                  0000533c    000000b0     Motor.o (.text.Motor_Stop)
                  000053ec    000000ac     inv_mpu.o (.text.mpu_configure_fifo)
                  00005498    000000a4     inv_mpu.o (.text.mpu_read_fifo_stream)
                  0000553c    000000a2     libclang_rt.builtins.a : udivmoddi4.S.obj (.text)
                  000055de    0000009a     libc.a : memcpy16.S.obj (.text:memcpy)
                  00005678    00000090     ti_msp_dl_config.o (.text.SYSCFG_DL_PWM_MOTOR_init)
                  00005708    0000008c     libclang_rt.builtins.a : mulsf3.S.obj (.text.__mulsf3)
                  00005794    0000008c     mspm0_i2c.o (.text.mpu6050_i2c_sda_unlock)
                  00005820    00000088     libc.a : strcmp-armv6m.S.obj (.text:strcmp)
                  000058a8    00000084     Motor.o (.text.Motor_Init)
                  0000592c    00000082     libclang_rt.builtins.a : divsf3.S.obj (.text.__divsf3)
                  000059ae    00000002                            : aeabi_div0.c.obj (.text.__aeabi_idiv0)
                  000059b0    0000007c     libc.a : fclose.c.obj (.text.__TI_closefile)
                  00005a2c    0000007c            : copy_decompress_lzss.c.obj (.text:decompress:lzss)
                  00005aa8    0000007a     oled_hardware_i2c.o (.text.OLED_ShowString)
                  00005b22    00000002     libclang_rt.builtins.a : aeabi_div0.c.obj (.text.__aeabi_ldiv0)
                  00005b24    00000074                            : comparedf2.c.obj (.text.__gedf2)
                  00005b98    00000008     libc.a : aeabi_portable.c.obj (.text.__aeabi_errno_addr)
                  00005ba0    00000074     libclang_rt.builtins.a : truncdfsf2.S.obj (.text.__truncdfsf2)
                  00005c14    00000074     inv_mpu.o (.text.mpu_set_lpf)
                  00005c88    00000070     ti_msp_dl_config.o (.text.SYSCFG_DL_SYSCTL_init)
                  00005cf8    0000006c     libsysbm.a : hostlseek.c.obj (.text.HOSTlseek)
                  00005d64    0000006c                : hostrename.c.obj (.text.HOSTrename)
                  00005dd0    0000006c     libc.a : fseek.c.obj (.text.fseeko)
                  00005e3c    0000006c            : getdevice.c.obj (.text.getdevice)
                  00005ea8    0000006c     main.o (.text.main)
                  00005f14    0000006c     inv_mpu.o (.text.mpu_write_mem)
                  00005f80    00000068     libclang_rt.builtins.a : comparedf2.c.obj (.text.__ledf2)
                  00005fe8    00000068     inv_mpu_dmp_motion_driver.o (.text.dmp_set_fifo_rate)
                  00006050    00000066     libc.a : _printfi.c.obj (.text._mcpy)
                  000060b6    00000064            : _io_perm.c.obj (.text.__TI_wrt_ok)
                  0000611a    00000002            : _lock.c.obj (.text._nop)
                  0000611c    00000064            : memory.c.obj (.text.split)
                  00006180    00000062     libclang_rt.builtins.a : aeabi_dcmp.S.obj (.text.__aeabi_dcmp)
                  000061e2    00000002     mpu6050.o (.text.android_orient_cb)
                  000061e4    00000062     libclang_rt.builtins.a : aeabi_fcmp.S.obj (.text.__aeabi_fcmp)
                  00006246    00000062     libc.a : memset16.S.obj (.text:memset)
                  000062a8    00000060     Encoder.o (.text.Encoder_Timer_IRQHandler)
                  00006308    00000060     libsysbm.a : hostopen.c.obj (.text.HOSTopen)
                  00006368    00000060     ti_msp_dl_config.o (.text.SYSCFG_DL_initPower)
                  000063c8    0000005e     driverlib.a : dl_i2c.o (.text.DL_I2C_fillControllerTXFIFO)
                  00006426    00000002     mpu6050.o (.text.tap_cb)
                  00006428    0000005c     Encoder.o (.text.Encoder_Init)
                  00006484    0000005c     libc.a : s_frexp.c.obj (.text.frexp)
                  000064e0    00000058     libsysbm.a : hostread.c.obj (.text.HOSTread)
                  00006538    00000058                : hostwrite.c.obj (.text.HOSTwrite)
                  00006590    00000058     libc.a : _ltoa.c.obj (.text.__TI_ltoa)
                  000065e8    00000058            : _printfi.c.obj (.text._pconv_f)
                  00006640    00000056     libclang_rt.builtins.a : aeabi_idivmod.S.obj (.text.__aeabi_idivmod)
                  00006696    00000002     --HOLE-- [fill = 0]
                  00006698    00000054     ti_msp_dl_config.o (.text.SYSCFG_DL_I2C_MPU6050_init)
                  000066ec    00000054     ti_msp_dl_config.o (.text.SYSCFG_DL_I2C_OLED_init)
                  00006740    00000052     libc.a : fflush.c.obj (.text.__TI_doflush)
                  00006792    00000052            : _printfi.c.obj (.text._ecpy)
                  000067e4    00000050     libsysbm.a : close.c.obj (.text.close)
                  00006834    0000004c     ti_msp_dl_config.o (.text.SYSCFG_DL_TIMER_CALC_init)
                  00006880    0000004c     ti_msp_dl_config.o (.text.SYSCFG_DL_TIMER_TRACKER_init)
                  000068cc    0000004a     libclang_rt.builtins.a : fixdfsi.S.obj (.text.__fixdfsi)
                  00006916    00000002     --HOLE-- [fill = 0]
                  00006918    00000048     libsysbm.a : hostclose.c.obj (.text.HOSTclose)
                  00006960    00000048                : hostunlink.c.obj (.text.HOSTunlink)
                  000069a8    00000044     driverlib.a : dl_sysctl_mspm0g1x0x_g3x0x.o (.text.DL_SYSCTL_switchMCLKfromSYSOSCtoHSCLK)
                  000069ec    00000040     motor_control.o (.text.MotorControl_SetMode)
                  00006a2c    00000040     libclang_rt.builtins.a : aeabi_uidivmod.S.obj (.text.__aeabi_uidivmod)
                  00006a6c    00000040                            : extendsfdf2.S.obj (.text.__extendsfdf2)
                  00006aac    00000040     libc.a : atoi.c.obj (.text.atoi)
                  00006aec    0000003c     driverlib.a : dl_i2c.o (.text.DL_I2C_flushControllerTXFIFO)
                  00006b28    0000003c     libclang_rt.builtins.a : floatsisf.S.obj (.text.__floatsisf)
                  00006b64    0000003c                            : comparesf2.S.obj (.text.__gtsf2)
                  00006ba0    0000003c     libc.a : autoinit.c.obj (.text:__TI_auto_init_nobinit_nopinit)
                  00006bdc    0000003a     libclang_rt.builtins.a : comparesf2.S.obj (.text.__eqsf2)
                  00006c16    00000002     --HOLE-- [fill = 0]
                  00006c18    0000003a                            : muldsi3.S.obj (.text.__muldsi3)
                  00006c52    00000002     --HOLE-- [fill = 0]
                  00006c54    00000038     interrupt.o (.text.GROUP1_IRQHandler)
                  00006c8c    00000038     ti_msp_dl_config.o (.text.SYSCFG_DL_init)
                  00006cc4    00000038     clock.o (.text.SysTick_Init)
                  00006cfc    00000038     libclang_rt.builtins.a : fixsfsi.S.obj (.text.__fixsfsi)
                  00006d34    00000038     libc.a : sprintf.c.obj (.text.sprintf)
                  00006d6c    00000034     motor_control.o (.text.MotorControl_SetBaseSpeed)
                  00006da0    00000034     libc.a : fopen.c.obj (.text.__TI_cleanup)
                  00006dd4    00000034     libsysbm.a : trgmsg.c.obj (.text.__TI_readmsg)
                  00006e08    00000034                : trgmsg.c.obj (.text.__TI_writemsg)
                  00006e3c    00000034     libc.a : exit.c.obj (.text.exit)
                  00006e70    00000034            : getdevice.c.obj (.text.finddevice)
                  00006ea4    00000034     inv_mpu.o (.text.mpu_get_accel_fsr)
                  00006ed8    00000034     clock.o (.text.mspm0_delay_ms)
                  00006f0c    00000032     libclang_rt.builtins.a : fixunssfsi.S.obj (.text.__fixunssfsi)
                  00006f3e    00000030     libc.a : _printfi.c.obj (.text._fcpy)
                  00006f6e    00000002     --HOLE-- [fill = 0]
                  00006f70    0000002c     turn_detection.o (.text.TurnDetection_Init)
                  00006f9c    0000002c     libclang_rt.builtins.a : floatsidf.S.obj (.text.__floatsidf)
                  00006fc8    0000002c     libsysbm.a : unlink.c.obj (.text.unlink)
                  00006ff4    00000028     libclang_rt.builtins.a : floatunsisf.S.obj (.text.__floatunsisf)
                  0000701c    00000028     libc.a : memory.c.obj (.text.free_list_insert)
                  00007044    00000028     libsysbm.a : lseek.c.obj (.text.lseek)
                  0000706c    00000028                : write.c.obj (.text.write)
                  00007094    00000028     libc.a : boot_cortex_m.c.obj (.text:_c_int00_noargs)
                  000070bc    00000026     driverlib.a : dl_i2c.o (.text.DL_I2C_setClockConfig)
                  000070e2    00000002     --HOLE-- [fill = 0]
                  000070e4    00000024     linetracker.o (.text.LineTracker_Init)
                  00007108    00000024     libclang_rt.builtins.a : muldi3.S.obj (.text.__muldi3)
                  0000712c    00000024     libc.a : fputs.c.obj (.text.puts)
                  00007150    00000022            : memccpy.c.obj (.text.memccpy)
                  00007172    00000002     --HOLE-- [fill = 0]
                  00007174    00000020     turn_detection.o (.text.TurnDetection_Reset)
                  00007194    00000020     inv_mpu.o (.text.mpu_get_gyro_fsr)
                  000071b4    0000001e     libclang_rt.builtins.a : ashldi3.S.obj (.text.__ashldi3)
                  000071d2    00000002     --HOLE-- [fill = 0]
                  000071d4    0000001c     driverlib.a : dl_timer.o (.text.DL_Timer_setCaptCompUpdateMethod)
                  000071f0    0000001c                 : dl_timer.o (.text.DL_Timer_setClockConfig)
                  0000720c    0000001c     pid.o (.text.PID_Init)
                  00007228    0000001c     inv_mpu_dmp_motion_driver.o (.text.dmp_load_motion_driver_firmware)
                  00007244    0000001c     libc.a : memory.c.obj (.text.free_list_remove)
                  00007260    0000001c     inv_mpu.o (.text.mpu_get_sample_rate)
                  0000727c    00000018     driverlib.a : dl_timer.o (.text.DL_Timer_setCaptureCompareOutCtl)
                  00007294    00000018     interrupt.o (.text.TIMA1_IRQHandler)
                  000072ac    00000018     libc.a : sprintf.c.obj (.text._outs)
                  000072c4    00000018     clock.o (.text.mspm0_get_clock_ms)
                  000072dc    00000014     Encoder.o (.text.Encoder_GetSpeed_PPS)
                  000072f0    00000014     motor_control.o (.text.MotorControl_SetSpeedTarget)
                  00007304    00000014     interrupt.o (.text.TIMG8_IRQHandler)
                  00007318    00000014     libclang_rt.builtins.a : aeabi_uldivmod.S.obj (.text.__aeabi_uldivmod)
                  0000732c    00000014     libc.a : _printfi.c.obj (.text.strchr)
                  00007340    00000012     pid.o (.text.PID_Reset)
                  00007352    00000012     libc.a : copy_decompress_none.c.obj (.text:decompress:none)
                  00007364    00000010     driverlib.a : dl_timer.o (.text.DL_Timer_setCaptureCompareValue)
                  00007374    00000010     interrupt.o (.text.SysTick_Handler)
                  00007384    00000010     libc.a : wcslen.c.obj (.text.wcslen)
                  00007394    00000010            : copy_zero_init.c.obj (.text:decompress:ZI)
                  000073a4    0000000e            : memory.c.obj (.text.OUTLINED_FUNCTION_0)
                  000073b2    00000002     --HOLE-- [fill = 0]
                  000073b4    0000000e     libclang_rt.builtins.a : aeabi_memset.S.obj (.text.__aeabi_memset)
                  000073c2    0000000e     libsysbm.a : hostrename.c.obj (.text.strcpy)
                  000073d0    0000000e     libc.a : _printfi.c.obj (.text.strlen)
                  000073de    0000000e     libsysbm.a : hostrename.c.obj (.text.strlen)
                  000073ec    0000000c     turn_detection.o (.text.TurnDetection_IsTurnReady)
                  000073f8    0000000c     libclang_rt.builtins.a : aeabi_memset.S.obj (.text.__aeabi_memclr)
                  00007404    0000000c     inv_mpu_dmp_motion_driver.o (.text.dmp_register_android_orient_cb)
                  00007410    0000000c     inv_mpu_dmp_motion_driver.o (.text.dmp_register_tap_cb)
                  0000741c    0000000c     libc.a : memory.c.obj (.text.malloc)
                  00007428    0000000a     driverlib.a : dl_common.o (.text.DL_Common_delayCycles)
                  00007432    0000000a     libc.a : _printfi.c.obj (.text.OUTLINED_FUNCTION_0)
                  0000743c    00000010     libclang_rt.builtins.a : adddf3.S.obj (.tramp.__aeabi_dsub.1)
                  0000744c    0000000a     libc.a : e_asin.c.obj (.text.OUTLINED_FUNCTION_0)
                  00007456    00000002     --HOLE-- [fill = 0]
                  00007458    00000010     libclang_rt.builtins.a : muldf3.S.obj (.tramp.__aeabi_dmul.1)
                  00007468    0000000a     libc.a : s_atan.c.obj (.text.OUTLINED_FUNCTION_0)
                  00007472    0000000a            : _printfi.c.obj (.text.OUTLINED_FUNCTION_1)
                  0000747c    0000000a            : e_asin.c.obj (.text.OUTLINED_FUNCTION_1)
                  00007486    0000000a            : e_asin.c.obj (.text.OUTLINED_FUNCTION_3)
                  00007490    00000010     libclang_rt.builtins.a : divdf3.S.obj (.tramp.__aeabi_ddiv.1)
                  000074a0    0000000a     libc.a : sprintf.c.obj (.text._outc)
                  000074aa    00000008            : s_atan.c.obj (.text.OUTLINED_FUNCTION_2)
                  000074b2    00000002     --HOLE-- [fill = 0]
                  000074b4    00000008     libclang_rt.builtins.a : aeabi_memcpy.S.obj (.text.__aeabi_memcpy)
                  000074bc    00000008     oled_hardware_i2c.o (.text.delay_ms)
                  000074c4    00000008     libc.a : fseek.c.obj (.text.fseek)
                  000074cc    00000008     libsysbm.a : remove.c.obj (.text.remove)
                  000074d4    00000006     libc.a : s_atan.c.obj (.text.OUTLINED_FUNCTION_1)
                  000074da    00000002     --HOLE-- [fill = 0]
                  000074dc    00000010     libclang_rt.builtins.a : adddf3.S.obj (.tramp.__aeabi_dadd.1)
                  000074ec    00000006     libc.a : e_asin.c.obj (.text.OUTLINED_FUNCTION_2)
                  000074f2    00000006            : exit.c.obj (.text:abort)
                  000074f8    00000004     libsysbm.a : hostexit.c.obj (.text.HOSTexit)
                  000074fc    00000004     libc.a : e_asin.c.obj (.text.OUTLINED_FUNCTION_4)
                  00007500    00000004     pid.o (.text.PID_SetTarget)
                  00007504    00000004     startup_mspm0g350x_ticlang.o (.text.Reset_Handler)
                  00007508    00000004     libc.a : pre_init.c.obj (.text._system_pre_init)
                  0000750c    00000004     --HOLE-- [fill = 0]

.cinit     0    00008cc0    000000a0     
                  00008cc0    00000076     (.cinit..data.load) [load image, compression = lzss]
                  00008d36    00000002     --HOLE-- [fill = 0]
                  00008d38    0000000c     (__TI_handler_table)
                  00008d44    00000008     (.cinit..bss.load) [load image, compression = zero_init]
                  00008d4c    00000010     (__TI_cinit_table)
                  00008d5c    00000004     --HOLE-- [fill = 0]

.rodata    0    00007510    000017b0     
                  00007510    00000bf6     inv_mpu_dmp_motion_driver.o (.rodata.dmp_memory)
                  00008106    000005f0     oled_hardware_i2c.o (.rodata.asc2_1608)
                  000086f6    00000228     oled_hardware_i2c.o (.rodata.asc2_0806)
                  0000891e    00000002     ti_msp_dl_config.o (.rodata.gI2C_MPU6050ClockConfig)
                  00008920    00000101     libc.a : aeabi_ctype.S.obj (.rodata:__aeabi_ctype_table_)
                  00008a21    00000007     test.o (.rodata.str1.18376601201418666296.1)
                  00008a28    00000040     libc.a : s_atan.c.obj (.rodata.cst32)
                  00008a68    00000036     linetracker.o (.rodata.str1.14744177954753930382.1)
                  00008a9e    00000002     ti_msp_dl_config.o (.rodata.gI2C_OLEDClockConfig)
                  00008aa0    00000028     ti_msp_dl_config.o (.rodata.gSYSPLLConfig)
                  00008ac8    00000028     inv_mpu.o (.rodata.test)
                  00008af0    0000001e     inv_mpu.o (.rodata.reg)
                  00008b0e    00000018     inv_mpu.o (.rodata.cst8)
                  00008b26    00000002     libc.a : fputs.c.obj (.rodata.str1.16607721268415185390.1)
                  00008b28    00000014     ti_msp_dl_config.o (.rodata.gTIMER_CALCTimerConfig)
                  00008b3c    00000014     ti_msp_dl_config.o (.rodata.gTIMER_TRACKERTimerConfig)
                  00008b50    00000012     test.o (.rodata.str1.4656267055032104863.1)
                  00008b62    00000011     libc.a : _printfi.c.obj (.rodata.str1.10348868589481759720.1)
                  00008b73    00000011     test.o (.rodata.str1.15063401932695328655.1)
                  00008b84    00000011     libc.a : _printfi.c.obj (.rodata.str1.15363888844622738466.1)
                  00008b95    00000011     main.o (.rodata.str1.17100691992556644108.1)
                  00008ba6    0000000e     test.o (.rodata.str1.13195311622662957337.1)
                  00008bb4    0000000d     main.o (.rodata.str1.8154729771448623357.1)
                  00008bc1    00000001     --HOLE-- [fill = 0]
                  00008bc2    0000000c     inv_mpu.o (.rodata.hw)
                  00008bce    0000000c     test.o (.rodata.str1.1101760038331724854.1)
                  00008bda    0000000c     test.o (.rodata.str1.1335728812356649372.1)
                  00008be6    0000000c     main.o (.rodata.str1.15159059442110792349.1)
                  00008bf2    0000000b     test.o (.rodata.str1.15524407449707082416.1)
                  00008bfd    0000000b     test.o (.rodata.str1.16833763030739790347.1)
                  00008c08    0000000b     test.o (.rodata.str1.2354853713941228107.1)
                  00008c13    0000000a     test.o (.rodata.str1.13538662624488045789.1)
                  00008c1d    0000000a     test.o (.rodata.str1.18411810119755048747.1)
                  00008c27    0000000a     test.o (.rodata.str1.4156556961043119304.1)
                  00008c31    0000000a     test.o (.rodata.str1.7816247292303808047.1)
                  00008c3b    0000000a     test.o (.rodata.str1.8561413997158259161.1)
                  00008c45    00000009     test.o (.rodata.str1.1133138194725737502.1)
                  00008c4e    00000009     test.o (.rodata.str1.12662698740407545069.1)
                  00008c57    00000009     test.o (.rodata.str1.14950463916809379384.1)
                  00008c60    00000009     test.o (.rodata.str1.17939510878530937229.1)
                  00008c69    00000009     test.o (.rodata.str1.9161419353102014124.1)
                  00008c72    00000002     --HOLE-- [fill = 0]
                  00008c74    00000008     ti_msp_dl_config.o (.rodata.gPWM_MOTORConfig)
                  00008c7c    00000008     test.o (.rodata.str1.1634639314254254172.1)
                  00008c84    00000008     test.o (.rodata.str1.2458067536081349416.1)
                  00008c8c    00000008     test.o (.rodata.str1.9731162403499759298.1)
                  00008c94    00000007     test.o (.rodata.str1.345270174974295811.1)
                  00008c9b    00000007     test.o (.rodata.str1.5026231590909624794.1)
                  00008ca2    00000006     test.o (.rodata.str1.4009026034208557851.1)
                  00008ca8    00000005     test.o (.rodata.str1.12645631988839392328.1)
                  00008cad    00000003     inv_mpu_dmp_motion_driver.o (.rodata..L__const.dmp_set_orientation.accel_axes)
                  00008cb0    00000003     inv_mpu_dmp_motion_driver.o (.rodata..L__const.dmp_set_orientation.gyro_axes)
                  00008cb3    00000003     ti_msp_dl_config.o (.rodata.gPWM_MOTORClockConfig)
                  00008cb6    00000003     ti_msp_dl_config.o (.rodata.gTIMER_CALCClockConfig)
                  00008cb9    00000003     ti_msp_dl_config.o (.rodata.gTIMER_TRACKERClockConfig)
                  00008cbc    00000004     --HOLE-- [fill = 0]

.init_array 
*          0    00000000    00000000     UNINITIALIZED

.binit     0    00000000    00000000     

.sysmem    0    20200000    00000800     UNINITIALIZED
                  20200000    00000010     libc.a : memory.c.obj (.sysmem)
                  20200010    000007f0     --HOLE--

.bss       0    20200800    000004cd     UNINITIALIZED
                  20200800    00000120     libsysbm.a : trgmsg.c.obj (.bss:_CIOBUF_)
                  20200920    00000108     (.common:g_motorControl)
                  20200a28    000000bc     (.common:gPWM_MOTORBackup)
                  20200ae4    000000bc     (.common:gTIMER_CALCBackup)
                  20200ba0    000000a0     libc.a : defs.c.obj (.bss.__TI_tmpnams)
                  20200c40    00000028     (.common:oled_buffer)
                  20200c68    00000014     (.common:g_turnDetection)
                  20200c7c    00000010     (.common:quat)
                  20200c8c    0000000e     (.common:g_lineTracker)
                  20200c9a    00000008     libsysbm.a : hostopen.c.obj (.bss.parmbuf)
                  20200ca2    00000006     (.common:accel)
                  20200ca8    00000006     (.common:gyro)
                  20200cae    00000002     (.common:sensors)
                  20200cb0    00000004     libc.a : memory.c.obj (.bss.sys_free)
                  20200cb4    00000004     (.common:pitch)
                  20200cb8    00000004     (.common:roll)
                  20200cbc    00000004     (.common:sensor_timestamp)
                  20200cc0    00000004     (.common:start_time)
                  20200cc4    00000004     (.common:tick_ms)
                  20200cc8    00000004     (.common:yaw)
                  20200ccc    00000001     (.common:more)

.data      0    20200cd0    00000231     UNINITIALIZED
                  20200cd0    000000f0     libc.a : defs.c.obj (.data._ftable)
                  20200dc0    00000078     libsysbm.a : host_device.c.obj (.data._device)
                  20200e38    00000050                : host_device.c.obj (.data._stream)
                  20200e88    0000002c     inv_mpu.o (.data.st)
                  20200eb4    00000008     libc.a : exit.c.obj (.data..L_MergedGlobals)
                  20200ebc    00000008     Encoder.o (.data.encoder_count)
                  20200ec4    00000008     Encoder.o (.data.last_count)
                  20200ecc    00000008     Encoder.o (.data.motor_speed_pps)
                  20200ed4    00000008     Encoder.o (.data.motor_speed_rps)
                  20200edc    00000004     libc.a : defs.c.obj (.data.__TI_ft_end)
                  20200ee0    00000004            : aeabi_portable.c.obj (.data.__aeabi_errno)
                  20200ee4    00000004            : _lock.c.obj (.data._lock)
                  20200ee8    00000004            : _lock.c.obj (.data._unlock)
                  20200eec    00000004     inv_mpu_dmp_motion_driver.o (.data.dmp.0)
                  20200ef0    00000004     inv_mpu_dmp_motion_driver.o (.data.dmp.1)
                  20200ef4    00000002     inv_mpu_dmp_motion_driver.o (.data.dmp.2)
                  20200ef6    00000001     inv_mpu_dmp_motion_driver.o (.data.dmp.5)
                  20200ef7    00000001     Motor.o (.data.pwm_running)
                  20200ef8    00000002     inv_mpu_dmp_motion_driver.o (.data.dmp.3)
                  20200efa    00000002     --HOLE--
                  20200efc    00000002     inv_mpu_dmp_motion_driver.o (.data.dmp.4)
                  20200efe    00000002     --HOLE--
                  20200f00    00000001     libc.a : memory.c.obj (.data.memory_is_initialized)

.stack     0    20207e00    00000200     UNINITIALIZED
                  20207e00    00000004     libc.a : boot_cortex_m.c.obj (.stack)
                  20207e04    000001fc     --HOLE--

__llvm_prf_cnts 
*          0    20200000    00000000     UNINITIALIZED

__llvm_prf_bits 
*          0    20200000    00000000     UNINITIALIZED

MODULE SUMMARY

       Module                         code    ro data   rw data
       ------                         ----    -------   -------
    .\
       ti_msp_dl_config.o             932     101       376    
       startup_mspm0g350x_ticlang.o   6       192       0      
       main.o                         108     42        0      
    +--+------------------------------+-------+---------+---------+
       Total:                         1046    335       376    
                                                               
    .\Drivers\LineTracker\
       linetracker.o                  864     54        14     
       turn_detection.o               296     0         20     
    +--+------------------------------+-------+---------+---------+
       Total:                         1160    54        34     
                                                               
    .\Drivers\MPU6050\
       inv_mpu_dmp_motion_driver.o    1812    3068      15     
       inv_mpu.o                      2968    106       44     
       mspm0_i2c.o                    784     0         0      
       mpu6050.o                      716     0         47     
    +--+------------------------------+-------+---------+---------+
       Total:                         6280    3174      106    
                                                               
    .\Drivers\MSPM0\
       clock.o                        132     0         8      
       interrupt.o                    116     0         0      
    +--+------------------------------+-------+---------+---------+
       Total:                         248     0         8      
                                                               
    .\Drivers\Motor_Encoder_PID\
       motor_control.o                940     0         264    
       Motor.o                        884     0         1      
       Encoder.o                      408     0         32     
       pid.o                          306     0         0      
    +--+------------------------------+-------+---------+---------+
       Total:                         2538    0         297    
                                                               
    .\Drivers\OLED_Hardware_I2C\
       oled_hardware_i2c.o            1686    2072      0      
    +--+------------------------------+-------+---------+---------+
       Total:                         1686    2072      0      
                                                               
    .\Test\
       test.o                         1628    257       40     
    +--+------------------------------+-------+---------+---------+
       Total:                         1628    257       40     
                                                               
    C:/ti/mspm0_sdk_2_05_00_05/source/ti/driverlib/lib/ticlang/m0p/mspm0g1x0x_g3x0x/driverlib.a
       dl_timer.o                     588     0         0      
       dl_sysctl_mspm0g1x0x_g3x0x.o   288     0         0      
       dl_i2c.o                       192     0         0      
       dl_common.o                    10      0         0      
    +--+------------------------------+-------+---------+---------+
       Total:                         1078    0         0      
                                                               
    C:\ti\ccs2020\ccs\tools\compiler\ti-cgt-armllvm_4.0.3.LTS\lib\armv6m-ti-none-eabi/c/libc.a
       _printfi.c.obj                 4510    34        0      
       e_asin.c.obj                   908     0         0      
       s_atan.c.obj                   784     64        0      
       memory.c.obj                   702     0         5      
       defs.c.obj                     0       0         404    
       e_atan2.c.obj                  392     0         0      
       e_sqrt.c.obj                   368     0         0      
       fputs.c.obj                    284     2         0      
       aeabi_ctype.S.obj              0       257       0      
       setvbuf.c.obj                  224     0         0      
       s_scalbn.c.obj                 216     0         0      
       getdevice.c.obj                160     0         0      
       memcpy16.S.obj                 154     0         0      
       strcmp-armv6m.S.obj            136     0         0      
       copy_decompress_lzss.c.obj     124     0         0      
       fclose.c.obj                   124     0         0      
       fseek.c.obj                    116     0         0      
       _io_perm.c.obj                 100     0         0      
       memset16.S.obj                 98      0         0      
       s_frexp.c.obj                  92      0         0      
       sprintf.c.obj                  90      0         0      
       _ltoa.c.obj                    88      0         0      
       fflush.c.obj                   82      0         0      
       exit.c.obj                     58      0         8      
       atoi.c.obj                     64      0         0      
       autoinit.c.obj                 60      0         0      
       fopen.c.obj                    52      0         0      
       boot_cortex_m.c.obj            40      0         0      
       memccpy.c.obj                  34      0         0      
       copy_decompress_none.c.obj     18      0         0      
       copy_zero_init.c.obj           16      0         0      
       wcslen.c.obj                   16      0         0      
       aeabi_portable.c.obj           8       0         4      
       _lock.c.obj                    2       0         8      
       pre_init.c.obj                 4       0         0      
    +--+------------------------------+-------+---------+---------+
       Total:                         10124   357       429    
                                                               
    C:\ti\ccs2020\ccs\tools\compiler\ti-cgt-armllvm_4.0.3.LTS\lib\armv6m-ti-none-eabi/c/libsysbm.a
       trgmsg.c.obj                   104     0         288    
       host_device.c.obj              0       0         200    
       hostrename.c.obj               136     0         0      
       hostlseek.c.obj                108     0         0      
       hostopen.c.obj                 96      0         8      
       hostread.c.obj                 88      0         0      
       hostwrite.c.obj                88      0         0      
       close.c.obj                    80      0         0      
       hostclose.c.obj                72      0         0      
       hostunlink.c.obj               72      0         0      
       unlink.c.obj                   44      0         0      
       lseek.c.obj                    40      0         0      
       write.c.obj                    40      0         0      
       remove.c.obj                   8       0         0      
       hostexit.c.obj                 4       0         0      
    +--+------------------------------+-------+---------+---------+
       Total:                         980     0         496    
                                                               
    C:\ti\ccs2020\ccs\tools\compiler\ti-cgt-armllvm_4.0.3.LTS\lib\armv6m-ti-none-eabi/libclang_rt.builtins.a
       adddf3.S.obj                   434     0         0      
       divdf3.S.obj                   284     0         0      
       muldf3.S.obj                   244     0         0      
       comparedf2.c.obj               220     0         0      
       addsf3.S.obj                   216     0         0      
       udivmoddi4.S.obj               162     0         0      
       mulsf3.S.obj                   140     0         0      
       divsf3.S.obj                   130     0         0      
       comparesf2.S.obj               118     0         0      
       truncdfsf2.S.obj               116     0         0      
       aeabi_dcmp.S.obj               98      0         0      
       aeabi_fcmp.S.obj               98      0         0      
       aeabi_idivmod.S.obj            86      0         0      
       fixdfsi.S.obj                  74      0         0      
       aeabi_uidivmod.S.obj           64      0         0      
       extendsfdf2.S.obj              64      0         0      
       floatsisf.S.obj                60      0         0      
       muldsi3.S.obj                  58      0         0      
       fixsfsi.S.obj                  56      0         0      
       fixunssfsi.S.obj               50      0         0      
       floatsidf.S.obj                44      0         0      
       floatunsisf.S.obj              40      0         0      
       muldi3.S.obj                   36      0         0      
       ashldi3.S.obj                  30      0         0      
       aeabi_memset.S.obj             26      0         0      
       aeabi_uldivmod.S.obj           20      0         0      
       aeabi_memcpy.S.obj             8       0         0      
       aeabi_div0.c.obj               4       0         0      
    +--+------------------------------+-------+---------+---------+
       Total:                         2980    0         0      
                                                               
       Heap:                          0       0         2048   
       Stack:                         0       0         512    
       Linker Generated:              0       154       0      
    +--+------------------------------+-------+---------+---------+
       Grand Total:                   29748   6403      4346   


LINKER GENERATED COPY TABLES

__TI_cinit_table @ 00008d4c records: 2, size/record: 8, table size: 16
	.data: load addr=00008cc0, load size=00000076 bytes, run addr=20200cd0, run size=00000231 bytes, compression=lzss
	.bss: load addr=00008d44, load size=00000008 bytes, run addr=20200800, run size=000004cd bytes, compression=zero_init


LINKER GENERATED HANDLER TABLE

__TI_handler_table @ 00008d38 records: 3, size/record: 4, table size: 12
	index: 0, handler: __TI_decompress_lzss
	index: 1, handler: __TI_decompress_none
	index: 2, handler: __TI_zero_init


FAR CALL TRAMPOLINES

callee name               trampoline name
   callee addr  tramp addr   call addr  call info
--------------  -----------  ---------  ----------------
__aeabi_dsub              $Tramp$TT$L$PI$$__aeabi_dsub
   00002ae5     0000743c     0000743a   libc.a : _printfi.c.obj (.text.OUTLINED_FUNCTION_0)
__aeabi_dmul              $Tramp$TT$L$PI$$__aeabi_dmul
   000046cd     00007458     00007454   libc.a : e_asin.c.obj (.text.OUTLINED_FUNCTION_0)
                             00007470          : s_atan.c.obj (.text.OUTLINED_FUNCTION_0)
                             00007484          : e_asin.c.obj (.text.OUTLINED_FUNCTION_1)
                             000074b0          : s_atan.c.obj (.text.OUTLINED_FUNCTION_2)
                             000074f0          : e_asin.c.obj (.text.OUTLINED_FUNCTION_2)
__aeabi_ddiv              $Tramp$TT$L$PI$$__aeabi_ddiv
   00003d31     00007490     0000748e   libc.a : e_asin.c.obj (.text.OUTLINED_FUNCTION_3)
__aeabi_dadd              $Tramp$TT$L$PI$$__aeabi_dadd
   00002aef     000074dc     000074d8   libc.a : s_atan.c.obj (.text.OUTLINED_FUNCTION_1)
                             000074fe          : e_asin.c.obj (.text.OUTLINED_FUNCTION_4)

[4 trampolines]
[9 trampoline calls]


GLOBAL SYMBOLS: SORTED ALPHABETICALLY BY Name 

address   name                                 
-------   ----                                 
00002c77  ADC0_IRQHandler                      
00002c77  ADC1_IRQHandler                      
00002c77  AES_IRQHandler                       
000074f8  C$$EXIT                              
00006e35  C$$IO$$                              
00002c77  CANFD0_IRQHandler                    
00002c77  DAC0_IRQHandler                      
00007429  DL_Common_delayCycles                
000063c9  DL_I2C_fillControllerTXFIFO          
00006aed  DL_I2C_flushControllerTXFIFO         
000070bd  DL_I2C_setClockConfig                
00004975  DL_SYSCTL_configSYSPLL               
000069a9  DL_SYSCTL_switchMCLKfromSYSOSCtoHSCLK
00003e3d  DL_Timer_initFourCCPWMMode           
000044fd  DL_Timer_initTimerMode               
000071d5  DL_Timer_setCaptCompUpdateMethod     
0000727d  DL_Timer_setCaptureCompareOutCtl     
00007365  DL_Timer_setCaptureCompareValue      
000071f1  DL_Timer_setClockConfig              
00002c77  DMA_IRQHandler                       
00002c77  Default_Handler                      
000072dd  Encoder_GetSpeed_PPS                 
000050f5  Encoder_IRQHandler                   
00006429  Encoder_Init                         
000062a9  Encoder_Timer_IRQHandler             
00002c77  GROUP0_IRQHandler                    
00006c55  GROUP1_IRQHandler                    
00006919  HOSTclose                            
000074f9  HOSTexit                             
00005cf9  HOSTlseek                            
00006309  HOSTopen                             
000064e1  HOSTread                             
00005d65  HOSTrename                           
00006961  HOSTunlink                           
00006539  HOSTwrite                            
00002c77  HardFault_Handler                    
00002c77  I2C0_IRQHandler                      
00002c77  I2C1_IRQHandler                      
000051bd  LineTracker_GetLineState             
000070e5  LineTracker_Init                     
00002c79  LineTracker_ReadSensors              
00004325  LineTracker_ReadSensors_Interrupt    
00005285  MPU6050_Init                         
00004db9  MotorControl_Init                    
00006d6d  MotorControl_SetBaseSpeed            
000069ed  MotorControl_SetMode                 
000072f1  MotorControl_SetSpeedTarget          
00001cb9  MotorControl_Update                  
000058a9  Motor_Init                           
00001f0d  Motor_Set_Pwm                        
0000533d  Motor_Stop                           
00002c77  NMI_Handler                          
000034e5  OLED_Clear                           
00001749  OLED_Init                            
00004a51  OLED_ShowChar                        
00005aa9  OLED_ShowString                      
00003765  OLED_WR_Byte                         
00003f41  PID_Calculate                        
0000720d  PID_Init                             
00007341  PID_Reset                            
00007501  PID_SetTarget                        
00002c77  PendSV_Handler                       
00002c77  RTC_IRQHandler                       
0000236d  Read_Quad                            
00007505  Reset_Handler                        
00002c77  SPI0_IRQHandler                      
00002c77  SPI1_IRQHandler                      
00002c77  SVC_Handler                          
00005029  SYSCFG_DL_GPIO_init                  
00006699  SYSCFG_DL_I2C_MPU6050_init           
000066ed  SYSCFG_DL_I2C_OLED_init              
00005679  SYSCFG_DL_PWM_MOTOR_init             
00005c89  SYSCFG_DL_SYSCTL_init                
00006835  SYSCFG_DL_TIMER_CALC_init            
00006881  SYSCFG_DL_TIMER_TRACKER_init         
00006c8d  SYSCFG_DL_init                       
00006369  SYSCFG_DL_initPower                  
00007375  SysTick_Handler                      
00006cc5  SysTick_Init                         
00002c77  TIMA0_IRQHandler                     
00007295  TIMA1_IRQHandler                     
00002c77  TIMG0_IRQHandler                     
00002c77  TIMG12_IRQHandler                    
00002c77  TIMG6_IRQHandler                     
00002c77  TIMG7_IRQHandler                     
00007305  TIMG8_IRQHandler                     
00000a91  Test_Square_Movement_Hybrid          
00006f71  TurnDetection_Init                   
000073ed  TurnDetection_IsTurnReady            
00007175  TurnDetection_Reset                  
00004e89  TurnDetection_Update                 
00002c77  UART0_IRQHandler                     
00002c77  UART1_IRQHandler                     
00002c77  UART2_IRQHandler                     
00002c77  UART3_IRQHandler                     
20200800  _CIOBUF_                             
20200800  __CIOBUF_                            
20208000  __STACK_END                          
00000200  __STACK_SIZE                         
00000800  __SYSMEM_SIZE                        
00000000  __TI_ATRegion0_region_sz             
00000000  __TI_ATRegion0_src_addr              
00000000  __TI_ATRegion0_trg_addr              
00000000  __TI_ATRegion1_region_sz             
00000000  __TI_ATRegion1_src_addr              
00000000  __TI_ATRegion1_trg_addr              
00000000  __TI_ATRegion2_region_sz             
00000000  __TI_ATRegion2_src_addr              
00000000  __TI_ATRegion2_trg_addr              
00008d4c  __TI_CINIT_Base                      
00008d5c  __TI_CINIT_Limit                     
00008d5c  __TI_CINIT_Warm                      
00008d38  __TI_Handler_Table_Base              
00008d44  __TI_Handler_Table_Limit             
00006ba1  __TI_auto_init_nobinit_nopinit       
00006da1  __TI_cleanup                         
20200eb4  __TI_cleanup_ptr                     
000059b1  __TI_closefile                       
00005a2d  __TI_decompress_lzss                 
00007353  __TI_decompress_none                 
00006741  __TI_doflush                         
20200eb8  __TI_dtors_ptr                       
20200edc  __TI_ft_end                          
00006591  __TI_ltoa                            
ffffffff  __TI_pprof_out_hndl                  
000000c1  __TI_printfi                         
ffffffff  __TI_prof_data_size                  
ffffffff  __TI_prof_data_start                 
00006dd5  __TI_readmsg                         
00000000  __TI_static_base__                   
20200ba0  __TI_tmpnams                         
00006e09  __TI_writemsg                        
000060b7  __TI_wrt_ok                          
00007395  __TI_zero_init                       
00002aef  __adddf3                             
00004ceb  __addsf3                             
00008920  __aeabi_ctype_table_                 
00008920  __aeabi_ctype_table_C                
00005ba1  __aeabi_d2f                          
000068cd  __aeabi_d2iz                         
00002aef  __aeabi_dadd                         
00006181  __aeabi_dcmpeq                       
000061bd  __aeabi_dcmpge                       
000061d1  __aeabi_dcmpgt                       
000061a9  __aeabi_dcmple                       
00006195  __aeabi_dcmplt                       
00003d31  __aeabi_ddiv                         
000046cd  __aeabi_dmul                         
00002ae5  __aeabi_dsub                         
20200ee0  __aeabi_errno                        
00005b99  __aeabi_errno_addr                   
00006a6d  __aeabi_f2d                          
00006cfd  __aeabi_f2iz                         
00006f0d  __aeabi_f2uiz                        
00004ceb  __aeabi_fadd                         
000061e5  __aeabi_fcmpeq                       
00006221  __aeabi_fcmpge                       
00006235  __aeabi_fcmpgt                       
0000620d  __aeabi_fcmple                       
000061f9  __aeabi_fcmplt                       
0000592d  __aeabi_fdiv                         
00005709  __aeabi_fmul                         
00004ce1  __aeabi_fsub                         
00006f9d  __aeabi_i2d                          
00006b29  __aeabi_i2f                          
00006641  __aeabi_idiv                         
000059af  __aeabi_idiv0                        
00006641  __aeabi_idivmod                      
00005b23  __aeabi_ldiv0                        
000071b5  __aeabi_llsl                         
00007109  __aeabi_lmul                         
000073f9  __aeabi_memclr                       
000073f9  __aeabi_memclr4                      
000073f9  __aeabi_memclr8                      
000074b5  __aeabi_memcpy                       
000074b5  __aeabi_memcpy4                      
000074b5  __aeabi_memcpy8                      
000073b5  __aeabi_memset                       
000073b5  __aeabi_memset4                      
000073b5  __aeabi_memset8                      
00006ff5  __aeabi_ui2f                         
00006a2d  __aeabi_uidiv                        
00006a2d  __aeabi_uidivmod                     
00007319  __aeabi_uldivmod                     
000071b5  __ashldi3                            
ffffffff  __binit__                            
00005f81  __cmpdf2                             
00006bdd  __cmpsf2                             
00003d31  __divdf3                             
0000592d  __divsf3                             
00005f81  __eqdf2                              
00006bdd  __eqsf2                              
00006a6d  __extendsfdf2                        
000068cd  __fixdfsi                            
00006cfd  __fixsfsi                            
00006f0d  __fixunssfsi                         
00006f9d  __floatsidf                          
00006b29  __floatsisf                          
00006ff5  __floatunsisf                        
00005b25  __gedf2                              
00006b65  __gesf2                              
00005b25  __gtdf2                              
00006b65  __gtsf2                              
00005f81  __ledf2                              
00006bdd  __lesf2                              
00005f81  __ltdf2                              
00006bdd  __ltsf2                              
UNDEFED   __mpu_init                           
000046cd  __muldf3                             
00007109  __muldi3                             
00006c19  __muldsi3                            
00005709  __mulsf3                             
00005f81  __nedf2                              
00006bdd  __nesf2                              
20207e00  __stack                              
20200000  __start___llvm_prf_bits              
20200000  __start___llvm_prf_cnts              
20200000  __stop___llvm_prf_bits               
20200000  __stop___llvm_prf_cnts               
00002ae5  __subdf3                             
00004ce1  __subsf3                             
00005ba1  __truncdfsf2                         
0000553d  __udivmoddi4                         
00007095  _c_int00_noargs                      
20200dc0  _device                              
20200cd0  _ftable                              
20200ee4  _lock                                
0000611b  _nop                                 
20200e38  _stream                              
20200000  _sys_memory                          
UNDEFED   _system_post_cinit                   
00007509  _system_pre_init                     
20200ee8  _unlock                              
000074f3  abort                                
20200ca2  accel                                
00003c1d  aligned_alloc                        
000086f6  asc2_0806                            
00008106  asc2_1608                            
000010ed  asin                                 
000010ed  asinl                                
00001451  atan                                 
00002e01  atan2                                
00002e01  atan2l                               
00001451  atanl                                
00006aad  atoi                                 
ffffffff  binit                                
000067e5  close                                
000074bd  delay_ms                             
00001a09  dmp_enable_feature                   
00007229  dmp_load_motion_driver_firmware      
0000293d  dmp_read_fifo                        
00007405  dmp_register_android_orient_cb       
00007411  dmp_register_tap_cb                  
00005fe9  dmp_set_fifo_rate                    
00004411  dmp_set_orientation                  
00003899  dmp_set_tap_thresh                   
00006e3d  exit                                 
00006e71  finddevice                           
00004041  fputs                                
000045e5  free                                 
00006485  frexp                                
00006485  frexpl                               
000074c5  fseek                                
00005dd1  fseeko                               
20200a28  gPWM_MOTORBackup                     
20200ae4  gTIMER_CALCBackup                    
20200c8c  g_lineTracker                        
20200920  g_motorControl                       
20200c68  g_turnDetection                      
00005e3d  getdevice                            
20200ca8  gyro                                 
00008bc2  hw                                   
00000000  interruptVectors                     
00004c09  ldexp                                
00004c09  ldexpl                               
00007045  lseek                                
00005ea9  main                                 
0000741d  malloc                               
00003c1d  memalign                             
00007151  memccpy                              
000055df  memcpy                               
00006247  memset                               
20200ccc  more                                 
00005795  mpu6050_i2c_sda_unlock               
000053ed  mpu_configure_fifo                   
00006ea5  mpu_get_accel_fsr                    
00007195  mpu_get_gyro_fsr                     
00007261  mpu_get_sample_rate                  
00004231  mpu_init                             
0000339d  mpu_load_firmware                    
0000257d  mpu_lp_accel_mode                    
00005499  mpu_read_fifo_stream                 
0000324d  mpu_reset_fifo                       
00004139  mpu_set_bypass                       
00004f59  mpu_set_dmp_state                    
00005c15  mpu_set_lpf                          
000047b1  mpu_set_sample_rate                  
00004b2d  mpu_set_sensors                      
00005f15  mpu_write_mem                        
00006ed9  mspm0_delay_ms                       
000072c5  mspm0_get_clock_ms                   
000030f9  mspm0_i2c_read                       
000039cd  mspm0_i2c_write                      
20200c40  oled_buffer                          
20200c9a  parmbuf                              
20200cb4  pitch                                
0000712d  puts                                 
20200c7c  quat                                 
00008af0  reg                                  
000074cd  remove                               
20200cb8  roll                                 
00004c09  scalbn                               
00004c09  scalbnl                              
20200cbc  sensor_timestamp                     
20200cae  sensors                              
00004895  setvbuf                              
00006d35  sprintf                              
00002f89  sqrt                                 
00002f89  sqrtl                                
20200cc0  start_time                           
00005821  strcmp                               
00008ac8  test                                 
20200cc4  tick_ms                              
00006fc9  unlink                               
00007385  wcslen                               
0000706d  write                                
20200cc8  yaw                                  


GLOBAL SYMBOLS: SORTED BY Symbol Address 

address   name                                 
-------   ----                                 
00000000  __TI_ATRegion0_region_sz             
00000000  __TI_ATRegion0_src_addr              
00000000  __TI_ATRegion0_trg_addr              
00000000  __TI_ATRegion1_region_sz             
00000000  __TI_ATRegion1_src_addr              
00000000  __TI_ATRegion1_trg_addr              
00000000  __TI_ATRegion2_region_sz             
00000000  __TI_ATRegion2_src_addr              
00000000  __TI_ATRegion2_trg_addr              
00000000  __TI_static_base__                   
00000000  interruptVectors                     
000000c1  __TI_printfi                         
00000200  __STACK_SIZE                         
00000800  __SYSMEM_SIZE                        
00000a91  Test_Square_Movement_Hybrid          
000010ed  asin                                 
000010ed  asinl                                
00001451  atan                                 
00001451  atanl                                
00001749  OLED_Init                            
00001a09  dmp_enable_feature                   
00001cb9  MotorControl_Update                  
00001f0d  Motor_Set_Pwm                        
0000236d  Read_Quad                            
0000257d  mpu_lp_accel_mode                    
0000293d  dmp_read_fifo                        
00002ae5  __aeabi_dsub                         
00002ae5  __subdf3                             
00002aef  __adddf3                             
00002aef  __aeabi_dadd                         
00002c77  ADC0_IRQHandler                      
00002c77  ADC1_IRQHandler                      
00002c77  AES_IRQHandler                       
00002c77  CANFD0_IRQHandler                    
00002c77  DAC0_IRQHandler                      
00002c77  DMA_IRQHandler                       
00002c77  Default_Handler                      
00002c77  GROUP0_IRQHandler                    
00002c77  HardFault_Handler                    
00002c77  I2C0_IRQHandler                      
00002c77  I2C1_IRQHandler                      
00002c77  NMI_Handler                          
00002c77  PendSV_Handler                       
00002c77  RTC_IRQHandler                       
00002c77  SPI0_IRQHandler                      
00002c77  SPI1_IRQHandler                      
00002c77  SVC_Handler                          
00002c77  TIMA0_IRQHandler                     
00002c77  TIMG0_IRQHandler                     
00002c77  TIMG12_IRQHandler                    
00002c77  TIMG6_IRQHandler                     
00002c77  TIMG7_IRQHandler                     
00002c77  UART0_IRQHandler                     
00002c77  UART1_IRQHandler                     
00002c77  UART2_IRQHandler                     
00002c77  UART3_IRQHandler                     
00002c79  LineTracker_ReadSensors              
00002e01  atan2                                
00002e01  atan2l                               
00002f89  sqrt                                 
00002f89  sqrtl                                
000030f9  mspm0_i2c_read                       
0000324d  mpu_reset_fifo                       
0000339d  mpu_load_firmware                    
000034e5  OLED_Clear                           
00003765  OLED_WR_Byte                         
00003899  dmp_set_tap_thresh                   
000039cd  mspm0_i2c_write                      
00003c1d  aligned_alloc                        
00003c1d  memalign                             
00003d31  __aeabi_ddiv                         
00003d31  __divdf3                             
00003e3d  DL_Timer_initFourCCPWMMode           
00003f41  PID_Calculate                        
00004041  fputs                                
00004139  mpu_set_bypass                       
00004231  mpu_init                             
00004325  LineTracker_ReadSensors_Interrupt    
00004411  dmp_set_orientation                  
000044fd  DL_Timer_initTimerMode               
000045e5  free                                 
000046cd  __aeabi_dmul                         
000046cd  __muldf3                             
000047b1  mpu_set_sample_rate                  
00004895  setvbuf                              
00004975  DL_SYSCTL_configSYSPLL               
00004a51  OLED_ShowChar                        
00004b2d  mpu_set_sensors                      
00004c09  ldexp                                
00004c09  ldexpl                               
00004c09  scalbn                               
00004c09  scalbnl                              
00004ce1  __aeabi_fsub                         
00004ce1  __subsf3                             
00004ceb  __addsf3                             
00004ceb  __aeabi_fadd                         
00004db9  MotorControl_Init                    
00004e89  TurnDetection_Update                 
00004f59  mpu_set_dmp_state                    
00005029  SYSCFG_DL_GPIO_init                  
000050f5  Encoder_IRQHandler                   
000051bd  LineTracker_GetLineState             
00005285  MPU6050_Init                         
0000533d  Motor_Stop                           
000053ed  mpu_configure_fifo                   
00005499  mpu_read_fifo_stream                 
0000553d  __udivmoddi4                         
000055df  memcpy                               
00005679  SYSCFG_DL_PWM_MOTOR_init             
00005709  __aeabi_fmul                         
00005709  __mulsf3                             
00005795  mpu6050_i2c_sda_unlock               
00005821  strcmp                               
000058a9  Motor_Init                           
0000592d  __aeabi_fdiv                         
0000592d  __divsf3                             
000059af  __aeabi_idiv0                        
000059b1  __TI_closefile                       
00005a2d  __TI_decompress_lzss                 
00005aa9  OLED_ShowString                      
00005b23  __aeabi_ldiv0                        
00005b25  __gedf2                              
00005b25  __gtdf2                              
00005b99  __aeabi_errno_addr                   
00005ba1  __aeabi_d2f                          
00005ba1  __truncdfsf2                         
00005c15  mpu_set_lpf                          
00005c89  SYSCFG_DL_SYSCTL_init                
00005cf9  HOSTlseek                            
00005d65  HOSTrename                           
00005dd1  fseeko                               
00005e3d  getdevice                            
00005ea9  main                                 
00005f15  mpu_write_mem                        
00005f81  __cmpdf2                             
00005f81  __eqdf2                              
00005f81  __ledf2                              
00005f81  __ltdf2                              
00005f81  __nedf2                              
00005fe9  dmp_set_fifo_rate                    
000060b7  __TI_wrt_ok                          
0000611b  _nop                                 
00006181  __aeabi_dcmpeq                       
00006195  __aeabi_dcmplt                       
000061a9  __aeabi_dcmple                       
000061bd  __aeabi_dcmpge                       
000061d1  __aeabi_dcmpgt                       
000061e5  __aeabi_fcmpeq                       
000061f9  __aeabi_fcmplt                       
0000620d  __aeabi_fcmple                       
00006221  __aeabi_fcmpge                       
00006235  __aeabi_fcmpgt                       
00006247  memset                               
000062a9  Encoder_Timer_IRQHandler             
00006309  HOSTopen                             
00006369  SYSCFG_DL_initPower                  
000063c9  DL_I2C_fillControllerTXFIFO          
00006429  Encoder_Init                         
00006485  frexp                                
00006485  frexpl                               
000064e1  HOSTread                             
00006539  HOSTwrite                            
00006591  __TI_ltoa                            
00006641  __aeabi_idiv                         
00006641  __aeabi_idivmod                      
00006699  SYSCFG_DL_I2C_MPU6050_init           
000066ed  SYSCFG_DL_I2C_OLED_init              
00006741  __TI_doflush                         
000067e5  close                                
00006835  SYSCFG_DL_TIMER_CALC_init            
00006881  SYSCFG_DL_TIMER_TRACKER_init         
000068cd  __aeabi_d2iz                         
000068cd  __fixdfsi                            
00006919  HOSTclose                            
00006961  HOSTunlink                           
000069a9  DL_SYSCTL_switchMCLKfromSYSOSCtoHSCLK
000069ed  MotorControl_SetMode                 
00006a2d  __aeabi_uidiv                        
00006a2d  __aeabi_uidivmod                     
00006a6d  __aeabi_f2d                          
00006a6d  __extendsfdf2                        
00006aad  atoi                                 
00006aed  DL_I2C_flushControllerTXFIFO         
00006b29  __aeabi_i2f                          
00006b29  __floatsisf                          
00006b65  __gesf2                              
00006b65  __gtsf2                              
00006ba1  __TI_auto_init_nobinit_nopinit       
00006bdd  __cmpsf2                             
00006bdd  __eqsf2                              
00006bdd  __lesf2                              
00006bdd  __ltsf2                              
00006bdd  __nesf2                              
00006c19  __muldsi3                            
00006c55  GROUP1_IRQHandler                    
00006c8d  SYSCFG_DL_init                       
00006cc5  SysTick_Init                         
00006cfd  __aeabi_f2iz                         
00006cfd  __fixsfsi                            
00006d35  sprintf                              
00006d6d  MotorControl_SetBaseSpeed            
00006da1  __TI_cleanup                         
00006dd5  __TI_readmsg                         
00006e09  __TI_writemsg                        
00006e35  C$$IO$$                              
00006e3d  exit                                 
00006e71  finddevice                           
00006ea5  mpu_get_accel_fsr                    
00006ed9  mspm0_delay_ms                       
00006f0d  __aeabi_f2uiz                        
00006f0d  __fixunssfsi                         
00006f71  TurnDetection_Init                   
00006f9d  __aeabi_i2d                          
00006f9d  __floatsidf                          
00006fc9  unlink                               
00006ff5  __aeabi_ui2f                         
00006ff5  __floatunsisf                        
00007045  lseek                                
0000706d  write                                
00007095  _c_int00_noargs                      
000070bd  DL_I2C_setClockConfig                
000070e5  LineTracker_Init                     
00007109  __aeabi_lmul                         
00007109  __muldi3                             
0000712d  puts                                 
00007151  memccpy                              
00007175  TurnDetection_Reset                  
00007195  mpu_get_gyro_fsr                     
000071b5  __aeabi_llsl                         
000071b5  __ashldi3                            
000071d5  DL_Timer_setCaptCompUpdateMethod     
000071f1  DL_Timer_setClockConfig              
0000720d  PID_Init                             
00007229  dmp_load_motion_driver_firmware      
00007261  mpu_get_sample_rate                  
0000727d  DL_Timer_setCaptureCompareOutCtl     
00007295  TIMA1_IRQHandler                     
000072c5  mspm0_get_clock_ms                   
000072dd  Encoder_GetSpeed_PPS                 
000072f1  MotorControl_SetSpeedTarget          
00007305  TIMG8_IRQHandler                     
00007319  __aeabi_uldivmod                     
00007341  PID_Reset                            
00007353  __TI_decompress_none                 
00007365  DL_Timer_setCaptureCompareValue      
00007375  SysTick_Handler                      
00007385  wcslen                               
00007395  __TI_zero_init                       
000073b5  __aeabi_memset                       
000073b5  __aeabi_memset4                      
000073b5  __aeabi_memset8                      
000073ed  TurnDetection_IsTurnReady            
000073f9  __aeabi_memclr                       
000073f9  __aeabi_memclr4                      
000073f9  __aeabi_memclr8                      
00007405  dmp_register_android_orient_cb       
00007411  dmp_register_tap_cb                  
0000741d  malloc                               
00007429  DL_Common_delayCycles                
000074b5  __aeabi_memcpy                       
000074b5  __aeabi_memcpy4                      
000074b5  __aeabi_memcpy8                      
000074bd  delay_ms                             
000074c5  fseek                                
000074cd  remove                               
000074f3  abort                                
000074f8  C$$EXIT                              
000074f9  HOSTexit                             
00007501  PID_SetTarget                        
00007505  Reset_Handler                        
00007509  _system_pre_init                     
00008106  asc2_1608                            
000086f6  asc2_0806                            
00008920  __aeabi_ctype_table_                 
00008920  __aeabi_ctype_table_C                
00008ac8  test                                 
00008af0  reg                                  
00008bc2  hw                                   
00008d38  __TI_Handler_Table_Base              
00008d44  __TI_Handler_Table_Limit             
00008d4c  __TI_CINIT_Base                      
00008d5c  __TI_CINIT_Limit                     
00008d5c  __TI_CINIT_Warm                      
20200000  __start___llvm_prf_bits              
20200000  __start___llvm_prf_cnts              
20200000  __stop___llvm_prf_bits               
20200000  __stop___llvm_prf_cnts               
20200000  _sys_memory                          
20200800  _CIOBUF_                             
20200800  __CIOBUF_                            
20200920  g_motorControl                       
20200a28  gPWM_MOTORBackup                     
20200ae4  gTIMER_CALCBackup                    
20200ba0  __TI_tmpnams                         
20200c40  oled_buffer                          
20200c68  g_turnDetection                      
20200c7c  quat                                 
20200c8c  g_lineTracker                        
20200c9a  parmbuf                              
20200ca2  accel                                
20200ca8  gyro                                 
20200cae  sensors                              
20200cb4  pitch                                
20200cb8  roll                                 
20200cbc  sensor_timestamp                     
20200cc0  start_time                           
20200cc4  tick_ms                              
20200cc8  yaw                                  
20200ccc  more                                 
20200cd0  _ftable                              
20200dc0  _device                              
20200e38  _stream                              
20200eb4  __TI_cleanup_ptr                     
20200eb8  __TI_dtors_ptr                       
20200edc  __TI_ft_end                          
20200ee0  __aeabi_errno                        
20200ee4  _lock                                
20200ee8  _unlock                              
20207e00  __stack                              
20208000  __STACK_END                          
ffffffff  __TI_pprof_out_hndl                  
ffffffff  __TI_prof_data_size                  
ffffffff  __TI_prof_data_start                 
ffffffff  __binit__                            
ffffffff  binit                                
UNDEFED   __mpu_init                           
UNDEFED   _system_post_cinit                   

[327 symbols]
