******************************************************************************
            TI ARM Clang Linker PC v4.0.3                      
******************************************************************************
>> Linked Thu Jul 24 15:12:32 2025

OUTPUT FILE NAME:   <mspm0-modules-car.out>
ENTRY POINT SYMBOL: "_c_int00_noargs"  address: 00003d01


MEMORY CONFIGURATION

         name            origin    length      used     unused   attr    fill
----------------------  --------  ---------  --------  --------  ----  --------
  FLASH                 00000000   00020000  00004f08  0001b0f8  R  X
  SRAM                  20200000   00008000  0000047c  00007b84  RW X
  BCR_CONFIG            41c00000   000000ff  00000000  000000ff  R   
  BSL_CONFIG            41c00100   00000080  00000000  00000080  R   


SEGMENT ALLOCATION MAP

run origin  load origin   length   init length attrs members
----------  ----------- ---------- ----------- ----- -------
00000000    00000000    00004f08   00004f08    r-x
  00000000    00000000    000000c0   000000c0    r-- .intvecs
  000000c0    000000c0    000044f0   000044f0    r-x .text
  000045b0    000045b0    00000918   00000918    r-- .rodata
  00004ec8    00004ec8    00000040   00000040    r-- .cinit
20200000    20200000    0000027d   00000000    rw-
  20200000    20200000    0000020b   00000000    rw- .bss
  2020020c    2020020c    00000071   00000000    rw- .data
20207e00    20207e00    00000200   00000000    rw-
  20207e00    20207e00    00000200   00000000    rw- .stack


SECTION ALLOCATION MAP

 output                                  attributes/
section   page    origin      length       input sections
--------  ----  ----------  ----------   ----------------
.intvecs   0    00000000    000000c0     
                  00000000    000000c0     startup_mspm0g350x_ticlang.o (.intvecs)

.text      0    000000c0    000044f0     
                  000000c0    00000364     libc.a : e_asin.c.obj (.text.asin)
                  00000424    000002f8            : s_atan.c.obj (.text.atan)
                  0000071c    0000022c     mpu6050.o (.text.Read_Quad)
                  00000948    0000022c     inv_mpu.o (.text.mpu_reset_fifo)
                  00000b74    000001f4     inv_mpu_dmp_motion_driver.o (.text.dmp_read_fifo)
                  00000d68    000001c8     ti_msp_dl_config.o (.text.SYSCFG_DL_GPIO_init)
                  00000f30    000001b8     test.o (.text.Test_DisplayEncoderData)
                  000010e8    00000192     libclang_rt.builtins.a : adddf3.S.obj (.text.adddf3_subdf3)
                  0000127a    00000002                            : aeabi_div0.c.obj (.text.__aeabi_idiv0)
                  0000127c    00000188     Encoder.o (.text.Encoder_IRQHandler)
                  00001404    00000188     libc.a : e_atan2.c.obj (.text.atan2)
                  0000158c    00000170            : e_sqrt.c.obj (.text.sqrt)
                  000016fc    00000134     mspm0_i2c.o (.text.mspm0_i2c_read)
                  00001830    00000118     oled_hardware_i2c.o (.text.OLED_ShowChar)
                  00001948    00000110     oled_hardware_i2c.o (.text.OLED_Init)
                  00001a58    0000010c     libclang_rt.builtins.a : divdf3.S.obj (.text.__divdf3)
                  00001b64    00000108     inv_mpu.o (.text.mpu_read_fifo_stream)
                  00001c6c    00000104     driverlib.a : dl_timer.o (.text.DL_Timer_initFourCCPWMMode)
                  00001d70    000000f6     oled_hardware_i2c.o (.text.OLED_ShowNum)
                  00001e66    00000002     --HOLE-- [fill = 0]
                  00001e68    000000e8     driverlib.a : dl_timer.o (.text.DL_Timer_initTimerMode)
                  00001f50    000000e8     Motor.o (.text.Motor_SetDirection)
                  00002038    000000e4     libclang_rt.builtins.a : muldf3.S.obj (.text.__muldf3)
                  0000211c    000000dc     driverlib.a : dl_sysctl_mspm0g1x0x_g3x0x.o (.text.DL_SYSCTL_configSYSPLL)
                  000021f8    000000d8     libclang_rt.builtins.a : addsf3.S.obj (.text)
                  000022d0    000000c4     mspm0_i2c.o (.text.mspm0_i2c_write)
                  00002394    000000c0     Motor.o (.text.Motor_Run)
                  00002454    000000b8     PID.o (.text.PID_Calculate)
                  0000250c    00000098     oled_hardware_i2c.o (.text.OLED_WR_Byte)
                  000025a4    00000090     Motor.o (.text.Motor_SetPWM)
                  00002634    00000090     ti_msp_dl_config.o (.text.SYSCFG_DL_PWM_MOTOR_init)
                  000026c4    0000008c     MotorControl.o (.text.MotorControl_Update)
                  00002750    0000008c     libclang_rt.builtins.a : mulsf3.S.obj (.text.__mulsf3)
                  000027dc    0000008c     inv_mpu_dmp_motion_driver.o (.text.decode_gesture)
                  00002868    00000084     clock.o (.text.__NVIC_SetPriority)
                  000028ec    00000084     ti_msp_dl_config.o (.text.__NVIC_SetPriority)
                  00002970    00000082     libclang_rt.builtins.a : divsf3.S.obj (.text.__divsf3)
                  000029f2    00000002     --HOLE-- [fill = 0]
                  000029f4    00000080     PID.o (.text.PID_Init)
                  00002a74    0000007c     ti_msp_dl_config.o (.text.SYSCFG_DL_initPower)
                  00002af0    0000007c     libc.a : copy_decompress_lzss.c.obj (.text:decompress:lzss)
                  00002b6c    00000078     MotorControl.o (.text.MotorControl_Init)
                  00002be4    00000074     libclang_rt.builtins.a : comparedf2.c.obj (.text.__gedf2)
                  00002c58    00000008     libc.a : aeabi_portable.c.obj (.text.__aeabi_errno_addr)
                  00002c60    00000074     libclang_rt.builtins.a : truncdfsf2.S.obj (.text.__truncdfsf2)
                  00002cd4    00000070     oled_hardware_i2c.o (.text.OLED_ShowString)
                  00002d44    0000006c     Encoder.o (.text.Encoder_Init)
                  00002db0    0000006c     Motor.o (.text.Motor_Stop)
                  00002e1c    0000006a     oled_hardware_i2c.o (.text.OLED_Clear)
                  00002e86    00000002     --HOLE-- [fill = 0]
                  00002e88    00000068     Encoder.o (.text.Encoder_Timer_IRQHandler)
                  00002ef0    00000068     libclang_rt.builtins.a : comparedf2.c.obj (.text.__ledf2)
                  00002f58    00000062                            : aeabi_dcmp.S.obj (.text.__aeabi_dcmp)
                  00002fba    00000002     --HOLE-- [fill = 0]
                  00002fbc    00000062                            : aeabi_fcmp.S.obj (.text.__aeabi_fcmp)
                  0000301e    00000002     --HOLE-- [fill = 0]
                  00003020    00000060     mspm0_i2c.o (.text.mpu6050_i2c_sda_unlock)
                  00003080    00000060     oled_hardware_i2c.o (.text.oled_i2c_sda_unlock)
                  000030e0    0000005e     driverlib.a : dl_i2c.o (.text.DL_I2C_fillControllerTXFIFO)
                  0000313e    00000002     --HOLE-- [fill = 0]
                  00003140    0000005c     mspm0_i2c.o (.text.mspm0_i2c_enable)
                  0000319c    0000005c     oled_hardware_i2c.o (.text.mspm0_i2c_enable)
                  000031f8    00000058     ti_msp_dl_config.o (.text.SYSCFG_DL_I2C_MPU6050_init)
                  00003250    00000058     ti_msp_dl_config.o (.text.SYSCFG_DL_I2C_OLED_init)
                  000032a8    00000054     interrupt.o (.text.GROUP1_IRQHandler)
                  000032fc    00000050     mspm0_i2c.o (.text.DL_I2C_startControllerTransfer)
                  0000334c    00000050     oled_hardware_i2c.o (.text.DL_I2C_startControllerTransfer)
                  0000339c    00000050     clock.o (.text.SysTick_Config)
                  000033ec    0000004c     test.o (.text.Test_DualMotorLoop)
                  00003438    0000004c     test.o (.text.Test_DualMotorStart)
                  00003484    00000048     ti_msp_dl_config.o (.text.SYSCFG_DL_SYSCTL_init)
                  000034cc    00000048     oled_hardware_i2c.o (.text.mspm0_i2c_disable)
                  00003514    00000044     driverlib.a : dl_sysctl_mspm0g1x0x_g3x0x.o (.text.DL_SYSCTL_switchMCLKfromSYSOSCtoHSCLK)
                  00003558    00000044     MotorControl.o (.text.MotorControl_Manual)
                  0000359c    00000044     mspm0_i2c.o (.text.mspm0_i2c_disable)
                  000035e0    00000040     ti_msp_dl_config.o (.text.SYSCFG_DL_TIMER_CALC_init)
                  00003620    00000040     libclang_rt.builtins.a : aeabi_uidivmod.S.obj (.text.__aeabi_uidivmod)
                  00003660    00000040                            : extendsfdf2.S.obj (.text.__extendsfdf2)
                  000036a0    0000003c     mspm0_i2c.o (.text.DL_GPIO_initPeripheralInputFunctionFeatures)
                  000036dc    0000003c     oled_hardware_i2c.o (.text.DL_GPIO_initPeripheralInputFunctionFeatures)
                  00003718    0000003c     ti_msp_dl_config.o (.text.DL_GPIO_initPeripheralInputFunctionFeatures)
                  00003754    0000003c     driverlib.a : dl_i2c.o (.text.DL_I2C_flushControllerTXFIFO)
                  00003790    0000003c     ti_msp_dl_config.o (.text.DL_Timer_setCounterControl)
                  000037cc    0000003c     oled_hardware_i2c.o (.text.OLED_Set_Pos)
                  00003808    0000003c     libclang_rt.builtins.a : floatsisf.S.obj (.text.__floatsisf)
                  00003844    0000003c                            : comparesf2.S.obj (.text.__gtsf2)
                  00003880    0000003c     libc.a : autoinit.c.obj (.text:__TI_auto_init_nobinit_nopinit)
                  000038bc    0000003a     libclang_rt.builtins.a : comparesf2.S.obj (.text.__eqsf2)
                  000038f6    00000002     --HOLE-- [fill = 0]
                  000038f8    0000003a                            : muldsi3.S.obj (.text.__muldsi3)
                  00003932    00000002     --HOLE-- [fill = 0]
                  00003934    00000038                            : fixsfsi.S.obj (.text.__fixsfsi)
                  0000396c    00000034     mspm0_i2c.o (.text.DL_GPIO_initDigitalInputFeatures)
                  000039a0    00000034     oled_hardware_i2c.o (.text.DL_GPIO_initDigitalInputFeatures)
                  000039d4    00000034     ti_msp_dl_config.o (.text.DL_GPIO_initDigitalInputFeatures)
                  00003a08    00000034     MotorControl.o (.text.MotorControl_GetCurrentSpeed)
                  00003a3c    00000034     ti_msp_dl_config.o (.text.SYSCFG_DL_init)
                  00003a70    00000032     libclang_rt.builtins.a : fixunssfsi.S.obj (.text.__fixunssfsi)
                  00003aa2    00000002     --HOLE-- [fill = 0]
                  00003aa4    00000030     Encoder.o (.text.Encoder_GetCount)
                  00003ad4    00000030     Encoder.o (.text.Encoder_GetSpeed)
                  00003b04    00000030     clock.o (.text.mspm0_delay_ms)
                  00003b34    00000030     oled_hardware_i2c.o (.text.oled_pow)
                  00003b64    0000002c     Encoder.o (.text.__NVIC_EnableIRQ)
                  00003b90    0000002c     clock.o (.text.mspm0_get_clock_ms)
                  00003bbc    0000002a     MotorControl.o (.text.MotorControl_GetEncoderCount)
                  00003be6    00000028     mspm0_i2c.o (.text.DL_Common_updateReg)
                  00003c0e    00000028     oled_hardware_i2c.o (.text.DL_Common_updateReg)
                  00003c36    00000028     ti_msp_dl_config.o (.text.DL_Common_updateReg)
                  00003c5e    00000002     --HOLE-- [fill = 0]
                  00003c60    00000028     ti_msp_dl_config.o (.text.DL_I2C_setControllerRXFIFOThreshold)
                  00003c88    00000028     ti_msp_dl_config.o (.text.DL_I2C_setControllerTXFIFOThreshold)
                  00003cb0    00000028     test.o (.text.Test_Init)
                  00003cd8    00000028     libclang_rt.builtins.a : floatunsisf.S.obj (.text.__floatunsisf)
                  00003d00    00000028     libc.a : boot_cortex_m.c.obj (.text:_c_int00_noargs)
                  00003d28    00000026     ti_msp_dl_config.o (.text.DL_I2C_setAnalogGlitchFilterPulseWidth)
                  00003d4e    00000026     driverlib.a : dl_i2c.o (.text.DL_I2C_setClockConfig)
                  00003d74    00000024     Motor.o (.text.Motor_PWM_Start)
                  00003d98    00000024     main.o (.text.main)
                  00003dbc    00000020     ti_msp_dl_config.o (.text.DL_SYSCTL_setFlashWaitState)
                  00003ddc    0000001c     Encoder.o (.text.DL_GPIO_clearInterruptStatus)
                  00003df8    0000001c     interrupt.o (.text.DL_GPIO_clearInterruptStatus)
                  00003e14    0000001c     ti_msp_dl_config.o (.text.DL_GPIO_clearInterruptStatus)
                  00003e30    0000001c     mspm0_i2c.o (.text.DL_GPIO_enableHiZ)
                  00003e4c    0000001c     oled_hardware_i2c.o (.text.DL_GPIO_enableHiZ)
                  00003e68    0000001c     ti_msp_dl_config.o (.text.DL_GPIO_enableHiZ)
                  00003e84    0000001c     ti_msp_dl_config.o (.text.DL_GPIO_enableInterrupt)
                  00003ea0    0000001c     ti_msp_dl_config.o (.text.DL_GPIO_initPeripheralOutputFunction)
                  00003ebc    0000001c     ti_msp_dl_config.o (.text.DL_GPIO_setLowerPinsPolarity)
                  00003ed8    0000001c     oled_hardware_i2c.o (.text.DL_I2C_getSDAStatus)
                  00003ef4    0000001c     mspm0_i2c.o (.text.DL_I2C_isControllerRXFIFOEmpty)
                  00003f10    0000001c     interrupt.o (.text.DL_Interrupt_getPendingGroup)
                  00003f2c    0000001c     ti_msp_dl_config.o (.text.DL_SYSCTL_setSYSOSCFreq)
                  00003f48    0000001c     ti_msp_dl_config.o (.text.DL_SYSCTL_setULPCLKDivider)
                  00003f64    0000001c     ti_msp_dl_config.o (.text.DL_Timer_enableInterrupt)
                  00003f80    0000001c     driverlib.a : dl_timer.o (.text.DL_Timer_setCaptCompUpdateMethod)
                  00003f9c    0000001c                 : dl_timer.o (.text.DL_Timer_setClockConfig)
                  00003fb8    00000018     mspm0_i2c.o (.text.DL_GPIO_enableOutput)
                  00003fd0    00000018     oled_hardware_i2c.o (.text.DL_GPIO_enableOutput)
                  00003fe8    00000018     ti_msp_dl_config.o (.text.DL_GPIO_enableOutput)
                  00004000    00000018     ti_msp_dl_config.o (.text.DL_GPIO_enablePower)
                  00004018    00000018     Encoder.o (.text.DL_GPIO_getEnabledInterruptStatus)
                  00004030    00000018     interrupt.o (.text.DL_GPIO_getEnabledInterruptStatus)
                  00004048    00000018     mspm0_i2c.o (.text.DL_GPIO_initDigitalOutput)
                  00004060    00000018     oled_hardware_i2c.o (.text.DL_GPIO_initDigitalOutput)
                  00004078    00000018     ti_msp_dl_config.o (.text.DL_GPIO_initDigitalOutput)
                  00004090    00000018     ti_msp_dl_config.o (.text.DL_GPIO_reset)
                  000040a8    00000018     Motor.o (.text.DL_GPIO_setPins)
                  000040c0    00000018     mspm0_i2c.o (.text.DL_GPIO_setPins)
                  000040d8    00000018     oled_hardware_i2c.o (.text.DL_GPIO_setPins)
                  000040f0    00000018     mspm0_i2c.o (.text.DL_I2C_clearInterruptStatus)
                  00004108    00000018     oled_hardware_i2c.o (.text.DL_I2C_clearInterruptStatus)
                  00004120    00000018     ti_msp_dl_config.o (.text.DL_I2C_enableAnalogGlitchFilter)
                  00004138    00000018     ti_msp_dl_config.o (.text.DL_I2C_enableController)
                  00004150    00000018     ti_msp_dl_config.o (.text.DL_I2C_enableControllerClockStretching)
                  00004168    00000018     mspm0_i2c.o (.text.DL_I2C_enablePower)
                  00004180    00000018     oled_hardware_i2c.o (.text.DL_I2C_enablePower)
                  00004198    00000018     ti_msp_dl_config.o (.text.DL_I2C_enablePower)
                  000041b0    00000018     mspm0_i2c.o (.text.DL_I2C_getRawInterruptStatus)
                  000041c8    00000018     oled_hardware_i2c.o (.text.DL_I2C_getRawInterruptStatus)
                  000041e0    00000018     mspm0_i2c.o (.text.DL_I2C_reset)
                  000041f8    00000018     oled_hardware_i2c.o (.text.DL_I2C_reset)
                  00004210    00000018     ti_msp_dl_config.o (.text.DL_I2C_reset)
                  00004228    00000018     ti_msp_dl_config.o (.text.DL_I2C_setTimerPeriod)
                  00004240    00000018     ti_msp_dl_config.o (.text.DL_SYSCTL_setBORThreshold)
                  00004258    00000018     Encoder.o (.text.DL_Timer_clearInterruptStatus)
                  00004270    00000018     ti_msp_dl_config.o (.text.DL_Timer_enablePower)
                  00004288    00000018     ti_msp_dl_config.o (.text.DL_Timer_reset)
                  000042a0    00000018     driverlib.a : dl_timer.o (.text.DL_Timer_setCaptureCompareOutCtl)
                  000042b8    00000018     Encoder.o (.text.DL_Timer_startCounter)
                  000042d0    00000018     Motor.o (.text.DL_Timer_startCounter)
                  000042e8    00000018     MotorControl.o (.text.MotorControl_DisablePID_All)
                  00004300    00000018     clock.o (.text.SysTick_Init)
                  00004318    00000016     Encoder.o (.text.DL_GPIO_readPins)
                  0000432e    00000016     mspm0_i2c.o (.text.DL_GPIO_readPins)
                  00004344    00000016     oled_hardware_i2c.o (.text.DL_GPIO_readPins)
                  0000435a    00000016     mspm0_i2c.o (.text.DL_I2C_transmitControllerData)
                  00004370    00000016     libc.a : copy_zero_init.c.obj (.text:decompress:ZI:__TI_zero_init_nomemset)
                  00004386    00000014     Motor.o (.text.DL_GPIO_clearPins)
                  0000439a    00000014     mspm0_i2c.o (.text.DL_GPIO_clearPins)
                  000043ae    00000014     oled_hardware_i2c.o (.text.DL_GPIO_clearPins)
                  000043c2    00000014     ti_msp_dl_config.o (.text.DL_GPIO_clearPins)
                  000043d6    00000002     --HOLE-- [fill = 0]
                  000043d8    00000014     mspm0_i2c.o (.text.DL_I2C_getControllerStatus)
                  000043ec    00000014     oled_hardware_i2c.o (.text.DL_I2C_getControllerStatus)
                  00004400    00000014     mspm0_i2c.o (.text.DL_I2C_receiveControllerData)
                  00004414    00000014     ti_msp_dl_config.o (.text.DL_I2C_resetControllerTransfer)
                  00004428    00000014     ti_msp_dl_config.o (.text.DL_SYSCTL_disableSYSPLL)
                  0000443c    00000014     ti_msp_dl_config.o (.text.DL_Timer_enableClock)
                  00004450    00000014     ti_msp_dl_config.o (.text.DL_Timer_setCCPDirection)
                  00004464    00000014     Motor.o (.text.Motor_Init)
                  00004478    00000012     libc.a : memcpy16.S.obj (.text:TI_memcpy_small)
                  0000448a    00000012            : copy_decompress_none.c.obj (.text:decompress:none)
                  0000449c    00000010     ti_msp_dl_config.o (.text.DL_SYSCTL_disableHFXT)
                  000044ac    00000010     driverlib.a : dl_timer.o (.text.DL_Timer_setCaptureCompareValue)
                  000044bc    00000010     interrupt.o (.text.SysTick_Handler)
                  000044cc    00000010     oled_hardware_i2c.o (.text.delay_ms)
                  000044dc    0000000e     MotorControl.o (.text.MotorControl_Stop_All)
                  000044ea    0000000c     interrupt.o (.text.TIMA1_IRQHandler)
                  000044f6    0000000a     driverlib.a : dl_common.o (.text.DL_Common_delayCycles)
                  00004500    0000000a     libc.a : e_asin.c.obj (.text.OUTLINED_FUNCTION_0)
                  0000450a    00000002     --HOLE-- [fill = 0]
                  0000450c    00000010     libclang_rt.builtins.a : muldf3.S.obj (.tramp.__aeabi_dmul.1)
                  0000451c    0000000a     libc.a : s_atan.c.obj (.text.OUTLINED_FUNCTION_0)
                  00004526    0000000a            : e_asin.c.obj (.text.OUTLINED_FUNCTION_1)
                  00004530    0000000a            : e_asin.c.obj (.text.OUTLINED_FUNCTION_3)
                  0000453a    00000002     --HOLE-- [fill = 0]
                  0000453c    00000010     libclang_rt.builtins.a : divdf3.S.obj (.tramp.__aeabi_ddiv.1)
                  0000454c    00000008     libc.a : s_atan.c.obj (.text.OUTLINED_FUNCTION_2)
                  00004554    00000008     libclang_rt.builtins.a : aeabi_memcpy.S.obj (.text.__aeabi_memcpy)
                  0000455c    00000006     libc.a : s_atan.c.obj (.text.OUTLINED_FUNCTION_1)
                  00004562    00000002     --HOLE-- [fill = 0]
                  00004564    00000010     libclang_rt.builtins.a : adddf3.S.obj (.tramp.__aeabi_dadd.1)
                  00004574    00000006     libc.a : e_asin.c.obj (.text.OUTLINED_FUNCTION_2)
                  0000457a    00000006            : exit.c.obj (.text:abort)
                  00004580    00000004     startup_mspm0g350x_ticlang.o (.text.Default_Handler)
                  00004584    00000004     libsysbm.a : hostexit.c.obj (.text.HOSTexit)
                  00004588    00000004     libc.a : e_asin.c.obj (.text.OUTLINED_FUNCTION_4)
                  0000458c    00000004     startup_mspm0g350x_ticlang.o (.text.Reset_Handler)
                  00004590    00000010     libc.a : boot_cortex_m.c.obj (.tramp._c_int00_noargs.1)
                  000045a0    00000004            : pre_init.c.obj (.text._system_pre_init)
                  000045a4    0000000c     --HOLE-- [fill = 0]

.cinit     0    00004ec8    00000040     
                  00004ec8    00000016     (.cinit..data.load) [load image, compression = lzss]
                  00004ede    00000002     --HOLE-- [fill = 0]
                  00004ee0    0000000c     (__TI_handler_table)
                  00004eec    00000008     (.cinit..bss.load) [load image, compression = zero_init]
                  00004ef4    00000010     (__TI_cinit_table)
                  00004f04    00000004     --HOLE-- [fill = 0]

.rodata    0    000045b0    00000918     
                  000045b0    000005f0     oled_hardware_i2c.o (.rodata.asc2_1608)
                  00004ba0    00000228     oled_hardware_i2c.o (.rodata.asc2_0806)
                  00004dc8    00000040     libc.a : s_atan.c.obj (.rodata.cst32)
                  00004e08    00000028     ti_msp_dl_config.o (.rodata.gSYSPLLConfig)
                  00004e30    00000028     inv_mpu.o (.rodata.test)
                  00004e58    0000001e     inv_mpu.o (.rodata.reg)
                  00004e76    00000002     ti_msp_dl_config.o (.rodata.gI2C_MPU6050ClockConfig)
                  00004e78    00000014     ti_msp_dl_config.o (.rodata.gTIMER_CALCTimerConfig)
                  00004e8c    00000010     test.o (.rodata.str1.13195311622662957337.1)
                  00004e9c    0000000c     inv_mpu.o (.rodata.hw)
                  00004ea8    0000000c     test.o (.rodata.str1.4156556961043119304.1)
                  00004eb4    00000008     ti_msp_dl_config.o (.rodata.gPWM_MOTORConfig)
                  00004ebc    00000003     ti_msp_dl_config.o (.rodata.gPWM_MOTORClockConfig)
                  00004ebf    00000003     ti_msp_dl_config.o (.rodata.gTIMER_CALCClockConfig)
                  00004ec2    00000002     ti_msp_dl_config.o (.rodata.gI2C_OLEDClockConfig)
                  00004ec4    00000002     test.o (.rodata.str1.9731162403499759298.1)
                  00004ec6    00000002     --HOLE-- [fill = 0]

.init_array 
*          0    00000000    00000000     UNINITIALIZED

.binit     0    00000000    00000000     

.bss       0    20200000    0000020b     UNINITIALIZED
                  20200000    000000bc     (.common:gPWM_MOTORBackup)
                  202000bc    000000bc     (.common:gTIMER_CALCBackup)
                  20200178    00000040     PID.o (.bss.pid_controllers)
                  202001b8    0000001c     (.common:motor_control)
                  202001d4    00000010     (.common:quat)
                  202001e4    00000006     (.common:accel)
                  202001ea    00000006     (.common:gyro)
                  202001f0    00000004     (.common:pitch)
                  202001f4    00000004     (.common:roll)
                  202001f8    00000004     (.common:sensor_timestamp)
                  202001fc    00000004     (.common:start_time)
                  20200200    00000004     (.common:tick_ms)
                  20200204    00000004     (.common:yaw)
                  20200208    00000002     (.common:sensors)
                  2020020a    00000001     (.common:more)

.data      0    2020020c    00000071     UNINITIALIZED
                  2020020c    0000002c     inv_mpu.o (.data.st)
                  20200238    00000014     test.o (.data.motor_test)
                  2020024c    00000010     inv_mpu_dmp_motion_driver.o (.data.dmp)
                  2020025c    00000008     Encoder.o (.data.encoder_count)
                  20200264    00000008     Encoder.o (.data.last_count)
                  2020026c    00000008     Encoder.o (.data.motor_speed_pps)
                  20200274    00000004     test.o (.data.Test_DualMotorLoop.safety_check_time)
                  20200278    00000004     libc.a : aeabi_portable.c.obj (.data.__aeabi_errno)
                  2020027c    00000001     Motor.o (.data.pwm_running)

.stack     0    20207e00    00000200     UNINITIALIZED
                  20207e00    00000004     libc.a : boot_cortex_m.c.obj (.stack)
                  20207e04    000001fc     --HOLE--

__llvm_prf_cnts 
*          0    20200000    00000000     UNINITIALIZED

__llvm_prf_bits 
*          0    20200000    00000000     UNINITIALIZED

MODULE SUMMARY

       Module                         code    ro data   rw data
       ------                         ----    -------   -------
    .\
       ti_msp_dl_config.o             2234    78        376    
       startup_mspm0g350x_ticlang.o   8       192       0      
       main.o                         36      0         0      
    +--+------------------------------+-------+---------+---------+
       Total:                         2278    270       376    
                                                               
    .\Drivers\MPU6050\
       mspm0_i2c.o                    1320    0         0      
       inv_mpu.o                      820     82        44     
       inv_mpu_dmp_motion_driver.o    640     0         16     
       mpu6050.o                      556     0         47     
    +--+------------------------------+-------+---------+---------+
       Total:                         3336    82        107    
                                                               
    .\Drivers\MSPM0\
       clock.o                        328     0         8      
       interrupt.o                    192     0         0      
    +--+------------------------------+-------+---------+---------+
       Total:                         520     0         8      
                                                               
    .\Drivers\Motor_Encoder_PID\
       Encoder.o                      866     0         24     
       Motor.o                        800     0         1      
       MotorControl.o                 460     0         28     
       PID.o                          312     0         64     
    +--+------------------------------+-------+---------+---------+
       Total:                         2438    0         117    
                                                               
    .\Drivers\OLED_Hardware_I2C\
       oled_hardware_i2c.o            2070    2072      0      
    +--+------------------------------+-------+---------+---------+
       Total:                         2070    2072      0      
                                                               
    .\Test\
       test.o                         632     30        24     
    +--+------------------------------+-------+---------+---------+
       Total:                         632     30        24     
                                                               
    C:/ti/mspm0_sdk_2_05_00_05/source/ti/driverlib/lib/ticlang/m0p/mspm0g1x0x_g3x0x/driverlib.a
       dl_timer.o                     588     0         0      
       dl_sysctl_mspm0g1x0x_g3x0x.o   288     0         0      
       dl_i2c.o                       192     0         0      
       dl_common.o                    10      0         0      
    +--+------------------------------+-------+---------+---------+
       Total:                         1078    0         0      
                                                               
    C:\ti\ccs2020\ccs\tools\compiler\ti-cgt-armllvm_4.0.3.LTS\lib\armv6m-ti-none-eabi/c/libc.a
       e_asin.c.obj                   908     0         0      
       s_atan.c.obj                   784     64        0      
       e_atan2.c.obj                  392     0         0      
       e_sqrt.c.obj                   368     0         0      
       copy_decompress_lzss.c.obj     124     0         0      
       autoinit.c.obj                 60      0         0      
       boot_cortex_m.c.obj            56      0         0      
       copy_zero_init.c.obj           22      0         0      
       copy_decompress_none.c.obj     18      0         0      
       memcpy16.S.obj                 18      0         0      
       aeabi_portable.c.obj           8       0         4      
       exit.c.obj                     6       0         0      
       pre_init.c.obj                 4       0         0      
    +--+------------------------------+-------+---------+---------+
       Total:                         2768    64        4      
                                                               
    C:\ti\ccs2020\ccs\tools\compiler\ti-cgt-armllvm_4.0.3.LTS\lib\armv6m-ti-none-eabi/c/libsysbm.a
       hostexit.c.obj                 4       0         0      
    +--+------------------------------+-------+---------+---------+
       Total:                         4       0         0      
                                                               
    C:\ti\ccs2020\ccs\tools\compiler\ti-cgt-armllvm_4.0.3.LTS\lib\armv6m-ti-none-eabi/libclang_rt.builtins.a
       adddf3.S.obj                   418     0         0      
       divdf3.S.obj                   284     0         0      
       muldf3.S.obj                   244     0         0      
       comparedf2.c.obj               220     0         0      
       addsf3.S.obj                   216     0         0      
       mulsf3.S.obj                   140     0         0      
       divsf3.S.obj                   130     0         0      
       comparesf2.S.obj               118     0         0      
       truncdfsf2.S.obj               116     0         0      
       aeabi_dcmp.S.obj               98      0         0      
       aeabi_fcmp.S.obj               98      0         0      
       aeabi_uidivmod.S.obj           64      0         0      
       extendsfdf2.S.obj              64      0         0      
       floatsisf.S.obj                60      0         0      
       muldsi3.S.obj                  58      0         0      
       fixsfsi.S.obj                  56      0         0      
       fixunssfsi.S.obj               50      0         0      
       floatunsisf.S.obj              40      0         0      
       aeabi_memcpy.S.obj             8       0         0      
       aeabi_div0.c.obj               2       0         0      
    +--+------------------------------+-------+---------+---------+
       Total:                         2484    0         0      
                                                               
       Stack:                         0       0         512    
       Linker Generated:              0       58        0      
    +--+------------------------------+-------+---------+---------+
       Grand Total:                   17608   2576      1148   


LINKER GENERATED COPY TABLES

__TI_cinit_table @ 00004ef4 records: 2, size/record: 8, table size: 16
	.data: load addr=00004ec8, load size=00000016 bytes, run addr=2020020c, run size=00000071 bytes, compression=lzss
	.bss: load addr=00004eec, load size=00000008 bytes, run addr=20200000, run size=0000020b bytes, compression=zero_init


LINKER GENERATED HANDLER TABLE

__TI_handler_table @ 00004ee0 records: 3, size/record: 4, table size: 12
	index: 0, handler: __TI_decompress_lzss
	index: 1, handler: __TI_decompress_none
	index: 2, handler: __TI_zero_init


FAR CALL TRAMPOLINES

callee name               trampoline name
   callee addr  tramp addr   call addr  call info
--------------  -----------  ---------  ----------------
__aeabi_dmul              $Tramp$TT$L$PI$$__aeabi_dmul
   00002039     0000450c     00004508   libc.a : e_asin.c.obj (.text.OUTLINED_FUNCTION_0)
                             00004524          : s_atan.c.obj (.text.OUTLINED_FUNCTION_0)
                             0000452e          : e_asin.c.obj (.text.OUTLINED_FUNCTION_1)
                             00004552          : s_atan.c.obj (.text.OUTLINED_FUNCTION_2)
                             00004578          : e_asin.c.obj (.text.OUTLINED_FUNCTION_2)
__aeabi_ddiv              $Tramp$TT$L$PI$$__aeabi_ddiv
   00001a59     0000453c     00004538   libc.a : e_asin.c.obj (.text.OUTLINED_FUNCTION_3)
__aeabi_dadd              $Tramp$TT$L$PI$$__aeabi_dadd
   000010f3     00004564     00004560   libc.a : s_atan.c.obj (.text.OUTLINED_FUNCTION_1)
                             0000458a          : e_asin.c.obj (.text.OUTLINED_FUNCTION_4)
_c_int00_noargs           $Tramp$TT$L$PI$$_c_int00_noargs
   00003d01     00004590     0000458c   startup_mspm0g350x_ticlang.o (.text.Reset_Handler)

[4 trampolines]
[9 trampoline calls]


GLOBAL SYMBOLS: SORTED ALPHABETICALLY BY Name 

address   name                                 
-------   ----                                 
00004581  ADC0_IRQHandler                      
00004581  ADC1_IRQHandler                      
00004581  AES_IRQHandler                       
00004584  C$$EXIT                              
00004581  CANFD0_IRQHandler                    
00004581  DAC0_IRQHandler                      
000044f7  DL_Common_delayCycles                
000030e1  DL_I2C_fillControllerTXFIFO          
00003755  DL_I2C_flushControllerTXFIFO         
00003d4f  DL_I2C_setClockConfig                
0000211d  DL_SYSCTL_configSYSPLL               
00003515  DL_SYSCTL_switchMCLKfromSYSOSCtoHSCLK
00001c6d  DL_Timer_initFourCCPWMMode           
00001e69  DL_Timer_initTimerMode               
00003f81  DL_Timer_setCaptCompUpdateMethod     
000042a1  DL_Timer_setCaptureCompareOutCtl     
000044ad  DL_Timer_setCaptureCompareValue      
00003f9d  DL_Timer_setClockConfig              
00004581  DMA_IRQHandler                       
00004581  Default_Handler                      
00003aa5  Encoder_GetCount                     
00003ad5  Encoder_GetSpeed                     
0000127d  Encoder_IRQHandler                   
00002d45  Encoder_Init                         
00002e89  Encoder_Timer_IRQHandler             
00004581  GROUP0_IRQHandler                    
000032a9  GROUP1_IRQHandler                    
00004585  HOSTexit                             
00004581  HardFault_Handler                    
00004581  I2C0_IRQHandler                      
00004581  I2C1_IRQHandler                      
000042e9  MotorControl_DisablePID_All          
00003a09  MotorControl_GetCurrentSpeed         
00003bbd  MotorControl_GetEncoderCount         
00002b6d  MotorControl_Init                    
00003559  MotorControl_Manual                  
000044dd  MotorControl_Stop_All                
000026c5  MotorControl_Update                  
00004465  Motor_Init                           
00003d75  Motor_PWM_Start                      
00002395  Motor_Run                            
00001f51  Motor_SetDirection                   
000025a5  Motor_SetPWM                         
00002db1  Motor_Stop                           
00004581  NMI_Handler                          
00002e1d  OLED_Clear                           
00001949  OLED_Init                            
000037cd  OLED_Set_Pos                         
00001831  OLED_ShowChar                        
00001d71  OLED_ShowNum                         
00002cd5  OLED_ShowString                      
0000250d  OLED_WR_Byte                         
00002455  PID_Calculate                        
000029f5  PID_Init                             
00004581  PendSV_Handler                       
00004581  RTC_IRQHandler                       
0000071d  Read_Quad                            
0000458d  Reset_Handler                        
00004581  SPI0_IRQHandler                      
00004581  SPI1_IRQHandler                      
00004581  SVC_Handler                          
00000d69  SYSCFG_DL_GPIO_init                  
000031f9  SYSCFG_DL_I2C_MPU6050_init           
00003251  SYSCFG_DL_I2C_OLED_init              
00002635  SYSCFG_DL_PWM_MOTOR_init             
00003485  SYSCFG_DL_SYSCTL_init                
000035e1  SYSCFG_DL_TIMER_CALC_init            
00003a3d  SYSCFG_DL_init                       
00002a75  SYSCFG_DL_initPower                  
000044bd  SysTick_Handler                      
00004301  SysTick_Init                         
00004581  TIMA0_IRQHandler                     
000044eb  TIMA1_IRQHandler                     
00004581  TIMG0_IRQHandler                     
00004581  TIMG12_IRQHandler                    
00004581  TIMG6_IRQHandler                     
00004581  TIMG7_IRQHandler                     
00004581  TIMG8_IRQHandler                     
00004479  TI_memcpy_small                      
00000f31  Test_DisplayEncoderData              
000033ed  Test_DualMotorLoop                   
00003439  Test_DualMotorStart                  
00003cb1  Test_Init                            
00004581  UART0_IRQHandler                     
00004581  UART1_IRQHandler                     
00004581  UART2_IRQHandler                     
00004581  UART3_IRQHandler                     
20208000  __STACK_END                          
00000200  __STACK_SIZE                         
00000000  __TI_ATRegion0_region_sz             
00000000  __TI_ATRegion0_src_addr              
00000000  __TI_ATRegion0_trg_addr              
00000000  __TI_ATRegion1_region_sz             
00000000  __TI_ATRegion1_src_addr              
00000000  __TI_ATRegion1_trg_addr              
00000000  __TI_ATRegion2_region_sz             
00000000  __TI_ATRegion2_src_addr              
00000000  __TI_ATRegion2_trg_addr              
00004ef4  __TI_CINIT_Base                      
00004f04  __TI_CINIT_Limit                     
00004f04  __TI_CINIT_Warm                      
00004ee0  __TI_Handler_Table_Base              
00004eec  __TI_Handler_Table_Limit             
00003881  __TI_auto_init_nobinit_nopinit       
00002af1  __TI_decompress_lzss                 
0000448b  __TI_decompress_none                 
ffffffff  __TI_pprof_out_hndl                  
ffffffff  __TI_prof_data_size                  
ffffffff  __TI_prof_data_start                 
00000000  __TI_static_base__                   
00004371  __TI_zero_init_nomemset              
000010f3  __adddf3                             
00002203  __addsf3                             
00002c61  __aeabi_d2f                          
000010f3  __aeabi_dadd                         
00002f59  __aeabi_dcmpeq                       
00002f95  __aeabi_dcmpge                       
00002fa9  __aeabi_dcmpgt                       
00002f81  __aeabi_dcmple                       
00002f6d  __aeabi_dcmplt                       
00001a59  __aeabi_ddiv                         
00002039  __aeabi_dmul                         
000010e9  __aeabi_dsub                         
20200278  __aeabi_errno                        
00002c59  __aeabi_errno_addr                   
00003661  __aeabi_f2d                          
00003935  __aeabi_f2iz                         
00003a71  __aeabi_f2uiz                        
00002203  __aeabi_fadd                         
00002fbd  __aeabi_fcmpeq                       
00002ff9  __aeabi_fcmpge                       
0000300d  __aeabi_fcmpgt                       
00002fe5  __aeabi_fcmple                       
00002fd1  __aeabi_fcmplt                       
00002971  __aeabi_fdiv                         
00002751  __aeabi_fmul                         
000021f9  __aeabi_fsub                         
00003809  __aeabi_i2f                          
0000127b  __aeabi_idiv0                        
00004555  __aeabi_memcpy                       
00004555  __aeabi_memcpy4                      
00004555  __aeabi_memcpy8                      
00003cd9  __aeabi_ui2f                         
00003621  __aeabi_uidiv                        
00003621  __aeabi_uidivmod                     
ffffffff  __binit__                            
00002ef1  __cmpdf2                             
000038bd  __cmpsf2                             
00001a59  __divdf3                             
00002971  __divsf3                             
00002ef1  __eqdf2                              
000038bd  __eqsf2                              
00003661  __extendsfdf2                        
00003935  __fixsfsi                            
00003a71  __fixunssfsi                         
00003809  __floatsisf                          
00003cd9  __floatunsisf                        
00002be5  __gedf2                              
00003845  __gesf2                              
00002be5  __gtdf2                              
00003845  __gtsf2                              
00002ef1  __ledf2                              
000038bd  __lesf2                              
00002ef1  __ltdf2                              
000038bd  __ltsf2                              
UNDEFED   __mpu_init                           
00002039  __muldf3                             
000038f9  __muldsi3                            
00002751  __mulsf3                             
00002ef1  __nedf2                              
000038bd  __nesf2                              
20207e00  __stack                              
20200000  __start___llvm_prf_bits              
20200000  __start___llvm_prf_cnts              
20200000  __stop___llvm_prf_bits               
20200000  __stop___llvm_prf_cnts               
000010e9  __subdf3                             
000021f9  __subsf3                             
00002c61  __truncdfsf2                         
00003d01  _c_int00_noargs                      
UNDEFED   _system_post_cinit                   
000045a1  _system_pre_init                     
0000457b  abort                                
202001e4  accel                                
00004ba0  asc2_0806                            
000045b0  asc2_1608                            
000000c1  asin                                 
000000c1  asinl                                
00000425  atan                                 
00001405  atan2                                
00001405  atan2l                               
00000425  atanl                                
ffffffff  binit                                
000044cd  delay_ms                             
00000b75  dmp_read_fifo                        
20200000  gPWM_MOTORBackup                     
202000bc  gTIMER_CALCBackup                    
202001ea  gyro                                 
00004e9c  hw                                   
00000000  interruptVectors                     
00003d99  main                                 
2020020a  more                                 
202001b8  motor_control                        
20200238  motor_test                           
00003021  mpu6050_i2c_sda_unlock               
00001b65  mpu_read_fifo_stream                 
00000949  mpu_reset_fifo                       
00003b05  mspm0_delay_ms                       
00003b91  mspm0_get_clock_ms                   
000016fd  mspm0_i2c_read                       
000022d1  mspm0_i2c_write                      
00003081  oled_i2c_sda_unlock                  
00003b35  oled_pow                             
202001f0  pitch                                
202001d4  quat                                 
00004e58  reg                                  
202001f4  roll                                 
202001f8  sensor_timestamp                     
20200208  sensors                              
0000158d  sqrt                                 
0000158d  sqrtl                                
202001fc  start_time                           
00004e30  test                                 
20200200  tick_ms                              
20200204  yaw                                  


GLOBAL SYMBOLS: SORTED BY Symbol Address 

address   name                                 
-------   ----                                 
00000000  __TI_ATRegion0_region_sz             
00000000  __TI_ATRegion0_src_addr              
00000000  __TI_ATRegion0_trg_addr              
00000000  __TI_ATRegion1_region_sz             
00000000  __TI_ATRegion1_src_addr              
00000000  __TI_ATRegion1_trg_addr              
00000000  __TI_ATRegion2_region_sz             
00000000  __TI_ATRegion2_src_addr              
00000000  __TI_ATRegion2_trg_addr              
00000000  __TI_static_base__                   
00000000  interruptVectors                     
000000c1  asin                                 
000000c1  asinl                                
00000200  __STACK_SIZE                         
00000425  atan                                 
00000425  atanl                                
0000071d  Read_Quad                            
00000949  mpu_reset_fifo                       
00000b75  dmp_read_fifo                        
00000d69  SYSCFG_DL_GPIO_init                  
00000f31  Test_DisplayEncoderData              
000010e9  __aeabi_dsub                         
000010e9  __subdf3                             
000010f3  __adddf3                             
000010f3  __aeabi_dadd                         
0000127b  __aeabi_idiv0                        
0000127d  Encoder_IRQHandler                   
00001405  atan2                                
00001405  atan2l                               
0000158d  sqrt                                 
0000158d  sqrtl                                
000016fd  mspm0_i2c_read                       
00001831  OLED_ShowChar                        
00001949  OLED_Init                            
00001a59  __aeabi_ddiv                         
00001a59  __divdf3                             
00001b65  mpu_read_fifo_stream                 
00001c6d  DL_Timer_initFourCCPWMMode           
00001d71  OLED_ShowNum                         
00001e69  DL_Timer_initTimerMode               
00001f51  Motor_SetDirection                   
00002039  __aeabi_dmul                         
00002039  __muldf3                             
0000211d  DL_SYSCTL_configSYSPLL               
000021f9  __aeabi_fsub                         
000021f9  __subsf3                             
00002203  __addsf3                             
00002203  __aeabi_fadd                         
000022d1  mspm0_i2c_write                      
00002395  Motor_Run                            
00002455  PID_Calculate                        
0000250d  OLED_WR_Byte                         
000025a5  Motor_SetPWM                         
00002635  SYSCFG_DL_PWM_MOTOR_init             
000026c5  MotorControl_Update                  
00002751  __aeabi_fmul                         
00002751  __mulsf3                             
00002971  __aeabi_fdiv                         
00002971  __divsf3                             
000029f5  PID_Init                             
00002a75  SYSCFG_DL_initPower                  
00002af1  __TI_decompress_lzss                 
00002b6d  MotorControl_Init                    
00002be5  __gedf2                              
00002be5  __gtdf2                              
00002c59  __aeabi_errno_addr                   
00002c61  __aeabi_d2f                          
00002c61  __truncdfsf2                         
00002cd5  OLED_ShowString                      
00002d45  Encoder_Init                         
00002db1  Motor_Stop                           
00002e1d  OLED_Clear                           
00002e89  Encoder_Timer_IRQHandler             
00002ef1  __cmpdf2                             
00002ef1  __eqdf2                              
00002ef1  __ledf2                              
00002ef1  __ltdf2                              
00002ef1  __nedf2                              
00002f59  __aeabi_dcmpeq                       
00002f6d  __aeabi_dcmplt                       
00002f81  __aeabi_dcmple                       
00002f95  __aeabi_dcmpge                       
00002fa9  __aeabi_dcmpgt                       
00002fbd  __aeabi_fcmpeq                       
00002fd1  __aeabi_fcmplt                       
00002fe5  __aeabi_fcmple                       
00002ff9  __aeabi_fcmpge                       
0000300d  __aeabi_fcmpgt                       
00003021  mpu6050_i2c_sda_unlock               
00003081  oled_i2c_sda_unlock                  
000030e1  DL_I2C_fillControllerTXFIFO          
000031f9  SYSCFG_DL_I2C_MPU6050_init           
00003251  SYSCFG_DL_I2C_OLED_init              
000032a9  GROUP1_IRQHandler                    
000033ed  Test_DualMotorLoop                   
00003439  Test_DualMotorStart                  
00003485  SYSCFG_DL_SYSCTL_init                
00003515  DL_SYSCTL_switchMCLKfromSYSOSCtoHSCLK
00003559  MotorControl_Manual                  
000035e1  SYSCFG_DL_TIMER_CALC_init            
00003621  __aeabi_uidiv                        
00003621  __aeabi_uidivmod                     
00003661  __aeabi_f2d                          
00003661  __extendsfdf2                        
00003755  DL_I2C_flushControllerTXFIFO         
000037cd  OLED_Set_Pos                         
00003809  __aeabi_i2f                          
00003809  __floatsisf                          
00003845  __gesf2                              
00003845  __gtsf2                              
00003881  __TI_auto_init_nobinit_nopinit       
000038bd  __cmpsf2                             
000038bd  __eqsf2                              
000038bd  __lesf2                              
000038bd  __ltsf2                              
000038bd  __nesf2                              
000038f9  __muldsi3                            
00003935  __aeabi_f2iz                         
00003935  __fixsfsi                            
00003a09  MotorControl_GetCurrentSpeed         
00003a3d  SYSCFG_DL_init                       
00003a71  __aeabi_f2uiz                        
00003a71  __fixunssfsi                         
00003aa5  Encoder_GetCount                     
00003ad5  Encoder_GetSpeed                     
00003b05  mspm0_delay_ms                       
00003b35  oled_pow                             
00003b91  mspm0_get_clock_ms                   
00003bbd  MotorControl_GetEncoderCount         
00003cb1  Test_Init                            
00003cd9  __aeabi_ui2f                         
00003cd9  __floatunsisf                        
00003d01  _c_int00_noargs                      
00003d4f  DL_I2C_setClockConfig                
00003d75  Motor_PWM_Start                      
00003d99  main                                 
00003f81  DL_Timer_setCaptCompUpdateMethod     
00003f9d  DL_Timer_setClockConfig              
000042a1  DL_Timer_setCaptureCompareOutCtl     
000042e9  MotorControl_DisablePID_All          
00004301  SysTick_Init                         
00004371  __TI_zero_init_nomemset              
00004465  Motor_Init                           
00004479  TI_memcpy_small                      
0000448b  __TI_decompress_none                 
000044ad  DL_Timer_setCaptureCompareValue      
000044bd  SysTick_Handler                      
000044cd  delay_ms                             
000044dd  MotorControl_Stop_All                
000044eb  TIMA1_IRQHandler                     
000044f7  DL_Common_delayCycles                
00004555  __aeabi_memcpy                       
00004555  __aeabi_memcpy4                      
00004555  __aeabi_memcpy8                      
0000457b  abort                                
00004581  ADC0_IRQHandler                      
00004581  ADC1_IRQHandler                      
00004581  AES_IRQHandler                       
00004581  CANFD0_IRQHandler                    
00004581  DAC0_IRQHandler                      
00004581  DMA_IRQHandler                       
00004581  Default_Handler                      
00004581  GROUP0_IRQHandler                    
00004581  HardFault_Handler                    
00004581  I2C0_IRQHandler                      
00004581  I2C1_IRQHandler                      
00004581  NMI_Handler                          
00004581  PendSV_Handler                       
00004581  RTC_IRQHandler                       
00004581  SPI0_IRQHandler                      
00004581  SPI1_IRQHandler                      
00004581  SVC_Handler                          
00004581  TIMA0_IRQHandler                     
00004581  TIMG0_IRQHandler                     
00004581  TIMG12_IRQHandler                    
00004581  TIMG6_IRQHandler                     
00004581  TIMG7_IRQHandler                     
00004581  TIMG8_IRQHandler                     
00004581  UART0_IRQHandler                     
00004581  UART1_IRQHandler                     
00004581  UART2_IRQHandler                     
00004581  UART3_IRQHandler                     
00004584  C$$EXIT                              
00004585  HOSTexit                             
0000458d  Reset_Handler                        
000045a1  _system_pre_init                     
000045b0  asc2_1608                            
00004ba0  asc2_0806                            
00004e30  test                                 
00004e58  reg                                  
00004e9c  hw                                   
00004ee0  __TI_Handler_Table_Base              
00004eec  __TI_Handler_Table_Limit             
00004ef4  __TI_CINIT_Base                      
00004f04  __TI_CINIT_Limit                     
00004f04  __TI_CINIT_Warm                      
20200000  __start___llvm_prf_bits              
20200000  __start___llvm_prf_cnts              
20200000  __stop___llvm_prf_bits               
20200000  __stop___llvm_prf_cnts               
20200000  gPWM_MOTORBackup                     
202000bc  gTIMER_CALCBackup                    
202001b8  motor_control                        
202001d4  quat                                 
202001e4  accel                                
202001ea  gyro                                 
202001f0  pitch                                
202001f4  roll                                 
202001f8  sensor_timestamp                     
202001fc  start_time                           
20200200  tick_ms                              
20200204  yaw                                  
20200208  sensors                              
2020020a  more                                 
20200238  motor_test                           
20200278  __aeabi_errno                        
20207e00  __stack                              
20208000  __STACK_END                          
ffffffff  __TI_pprof_out_hndl                  
ffffffff  __TI_prof_data_size                  
ffffffff  __TI_prof_data_start                 
ffffffff  __binit__                            
ffffffff  binit                                
UNDEFED   __mpu_init                           
UNDEFED   _system_post_cinit                   

[225 symbols]
