******************************************************************************
            TI ARM Clang Linker PC v4.0.3                      
******************************************************************************
>> Linked Mon Jul 21 18:35:03 2025

OUTPUT FILE NAME:   <mspm0-modules-car.out>
ENTRY POINT SYMBOL: "_c_int00_noargs"  address: 00002969


MEMORY CONFIGURATION

         name            origin    length      used     unused   attr    fill
----------------------  --------  ---------  --------  --------  ----  --------
  FLASH                 00000000   00020000  00003098  0001cf68  R  X
  SRAM                  20200000   00008000  000003ef  00007c11  RW X
  BCR_CONFIG            41c00000   000000ff  00000000  000000ff  R   
  BSL_CONFIG            41c00100   00000080  00000000  00000080  R   


SEGMENT ALLOCATION MAP

run origin  load origin   length   init length attrs members
----------  ----------- ---------- ----------- ----- -------
00000000    00000000    00003098   00003098    r-x
  00000000    00000000    000000c0   000000c0    r-- .intvecs
  000000c0    000000c0    00002ec0   00002ec0    r-x .text
  00002f80    00002f80    000000e0   000000e0    r-- .rodata
  00003060    00003060    00000038   00000038    r-- .cinit
20200000    20200000    000001f0   00000000    rw-
  20200000    20200000    000001af   00000000    rw- .bss
  202001b0    202001b0    00000040   00000000    rw- .data
20207e00    20207e00    00000200   00000000    rw-
  20207e00    20207e00    00000200   00000000    rw- .stack


SECTION ALLOCATION MAP

 output                                  attributes/
section   page    origin      length       input sections
--------  ----  ----------  ----------   ----------------
.intvecs   0    00000000    000000c0     
                  00000000    000000c0     startup_mspm0g350x_ticlang.o (.intvecs)

.text      0    000000c0    00002ec0     
                  000000c0    00000364     libc.a : e_asin.c.obj (.text.asin)
                  00000424    000002f8            : s_atan.c.obj (.text.atan)
                  0000071c    0000022c     mpu6050.o (.text.Read_Quad)
                  00000948    0000022c     inv_mpu.o (.text.mpu_reset_fifo)
                  00000b74    000001f4     inv_mpu_dmp_motion_driver.o (.text.dmp_read_fifo)
                  00000d68    000001c8     ti_msp_dl_config.o (.text.SYSCFG_DL_GPIO_init)
                  00000f30    00000192     libclang_rt.builtins.a : adddf3.S.obj (.text.adddf3_subdf3)
                  000010c2    00000002                            : aeabi_div0.c.obj (.text.__aeabi_idiv0)
                  000010c4    00000188     libc.a : e_atan2.c.obj (.text.atan2)
                  0000124c    00000170            : e_sqrt.c.obj (.text.sqrt)
                  000013bc    00000134     mspm0_i2c.o (.text.mspm0_i2c_read)
                  000014f0    0000010c     libclang_rt.builtins.a : divdf3.S.obj (.text.__divdf3)
                  000015fc    00000108     inv_mpu.o (.text.mpu_read_fifo_stream)
                  00001704    00000104     driverlib.a : dl_timer.o (.text.DL_Timer_initFourCCPWMMode)
                  00001808    000000e8                 : dl_timer.o (.text.DL_Timer_initTimerMode)
                  000018f0    000000e4     libclang_rt.builtins.a : muldf3.S.obj (.text.__muldf3)
                  000019d4    000000dc     driverlib.a : dl_sysctl_mspm0g1x0x_g3x0x.o (.text.DL_SYSCTL_configSYSPLL)
                  00001ab0    000000d8     libclang_rt.builtins.a : addsf3.S.obj (.text)
                  00001b88    000000c4     mspm0_i2c.o (.text.mspm0_i2c_write)
                  00001c4c    00000090     ti_msp_dl_config.o (.text.SYSCFG_DL_PWM_MOTOR_init)
                  00001cdc    0000008c     libclang_rt.builtins.a : mulsf3.S.obj (.text.__mulsf3)
                  00001d68    0000008c     inv_mpu_dmp_motion_driver.o (.text.decode_gesture)
                  00001df4    00000084     clock.o (.text.__NVIC_SetPriority)
                  00001e78    00000084     ti_msp_dl_config.o (.text.__NVIC_SetPriority)
                  00001efc    00000082     libclang_rt.builtins.a : divsf3.S.obj (.text.__divsf3)
                  00001f7e    00000002     --HOLE-- [fill = 0]
                  00001f80    0000007c     ti_msp_dl_config.o (.text.SYSCFG_DL_initPower)
                  00001ffc    0000007c     libc.a : copy_decompress_lzss.c.obj (.text:decompress:lzss)
                  00002078    00000074     libclang_rt.builtins.a : comparedf2.c.obj (.text.__gedf2)
                  000020ec    00000004     startup_mspm0g350x_ticlang.o (.text.Default_Handler)
                  000020f0    00000074     libclang_rt.builtins.a : truncdfsf2.S.obj (.text.__truncdfsf2)
                  00002164    00000068                            : comparedf2.c.obj (.text.__ledf2)
                  000021cc    00000062                            : aeabi_dcmp.S.obj (.text.__aeabi_dcmp)
                  0000222e    00000002     --HOLE-- [fill = 0]
                  00002230    00000060     mspm0_i2c.o (.text.mpu6050_i2c_sda_unlock)
                  00002290    0000005e     driverlib.a : dl_i2c.o (.text.DL_I2C_fillControllerTXFIFO)
                  000022ee    00000002     --HOLE-- [fill = 0]
                  000022f0    0000005c     mspm0_i2c.o (.text.mspm0_i2c_enable)
                  0000234c    00000058     ti_msp_dl_config.o (.text.SYSCFG_DL_I2C_MPU6050_init)
                  000023a4    00000058     ti_msp_dl_config.o (.text.SYSCFG_DL_I2C_OLED_init)
                  000023fc    00000050     mspm0_i2c.o (.text.DL_I2C_startControllerTransfer)
                  0000244c    00000050     clock.o (.text.SysTick_Config)
                  0000249c    00000048     ti_msp_dl_config.o (.text.SYSCFG_DL_SYSCTL_init)
                  000024e4    00000044     driverlib.a : dl_sysctl_mspm0g1x0x_g3x0x.o (.text.DL_SYSCTL_switchMCLKfromSYSOSCtoHSCLK)
                  00002528    00000044     mspm0_i2c.o (.text.mspm0_i2c_disable)
                  0000256c    00000040     ti_msp_dl_config.o (.text.SYSCFG_DL_TIMER_CALC_init)
                  000025ac    00000040     libclang_rt.builtins.a : aeabi_uidivmod.S.obj (.text.__aeabi_uidivmod)
                  000025ec    00000040                            : extendsfdf2.S.obj (.text.__extendsfdf2)
                  0000262c    0000003c     mspm0_i2c.o (.text.DL_GPIO_initPeripheralInputFunctionFeatures)
                  00002668    0000003c     ti_msp_dl_config.o (.text.DL_GPIO_initPeripheralInputFunctionFeatures)
                  000026a4    0000003c     driverlib.a : dl_i2c.o (.text.DL_I2C_flushControllerTXFIFO)
                  000026e0    0000003c     ti_msp_dl_config.o (.text.DL_Timer_setCounterControl)
                  0000271c    0000003c     libclang_rt.builtins.a : floatsisf.S.obj (.text.__floatsisf)
                  00002758    0000003c     libc.a : autoinit.c.obj (.text:__TI_auto_init_nobinit_nopinit)
                  00002794    0000003a     libclang_rt.builtins.a : muldsi3.S.obj (.text.__muldsi3)
                  000027ce    00000002     --HOLE-- [fill = 0]
                  000027d0    00000034     mspm0_i2c.o (.text.DL_GPIO_initDigitalInputFeatures)
                  00002804    00000034     ti_msp_dl_config.o (.text.DL_GPIO_initDigitalInputFeatures)
                  00002838    00000034     ti_msp_dl_config.o (.text.SYSCFG_DL_init)
                  0000286c    00000030     clock.o (.text.mspm0_delay_ms)
                  0000289c    0000002c     clock.o (.text.mspm0_get_clock_ms)
                  000028c8    00000028     mspm0_i2c.o (.text.DL_Common_updateReg)
                  000028f0    00000028     ti_msp_dl_config.o (.text.DL_Common_updateReg)
                  00002918    00000028     ti_msp_dl_config.o (.text.DL_I2C_setControllerRXFIFOThreshold)
                  00002940    00000028     ti_msp_dl_config.o (.text.DL_I2C_setControllerTXFIFOThreshold)
                  00002968    00000028     libc.a : boot_cortex_m.c.obj (.text:_c_int00_noargs)
                  00002990    00000026     ti_msp_dl_config.o (.text.DL_I2C_setAnalogGlitchFilterPulseWidth)
                  000029b6    00000026     driverlib.a : dl_i2c.o (.text.DL_I2C_setClockConfig)
                  000029dc    00000020     ti_msp_dl_config.o (.text.DL_SYSCTL_setFlashWaitState)
                  000029fc    0000001c     ti_msp_dl_config.o (.text.DL_GPIO_clearInterruptStatus)
                  00002a18    0000001c     mspm0_i2c.o (.text.DL_GPIO_enableHiZ)
                  00002a34    0000001c     ti_msp_dl_config.o (.text.DL_GPIO_enableHiZ)
                  00002a50    0000001c     ti_msp_dl_config.o (.text.DL_GPIO_enableInterrupt)
                  00002a6c    0000001c     ti_msp_dl_config.o (.text.DL_GPIO_initPeripheralOutputFunction)
                  00002a88    0000001c     ti_msp_dl_config.o (.text.DL_GPIO_setLowerPinsPolarity)
                  00002aa4    0000001c     mspm0_i2c.o (.text.DL_I2C_isControllerRXFIFOEmpty)
                  00002ac0    0000001c     interrupt.o (.text.DL_Interrupt_getPendingGroup)
                  00002adc    0000001c     ti_msp_dl_config.o (.text.DL_SYSCTL_setSYSOSCFreq)
                  00002af8    0000001c     ti_msp_dl_config.o (.text.DL_SYSCTL_setULPCLKDivider)
                  00002b14    0000001c     ti_msp_dl_config.o (.text.DL_Timer_enableInterrupt)
                  00002b30    0000001c     driverlib.a : dl_timer.o (.text.DL_Timer_setCaptCompUpdateMethod)
                  00002b4c    0000001c                 : dl_timer.o (.text.DL_Timer_setClockConfig)
                  00002b68    00000018     mspm0_i2c.o (.text.DL_GPIO_enableOutput)
                  00002b80    00000018     ti_msp_dl_config.o (.text.DL_GPIO_enableOutput)
                  00002b98    00000018     ti_msp_dl_config.o (.text.DL_GPIO_enablePower)
                  00002bb0    00000018     mspm0_i2c.o (.text.DL_GPIO_initDigitalOutput)
                  00002bc8    00000018     ti_msp_dl_config.o (.text.DL_GPIO_initDigitalOutput)
                  00002be0    00000018     ti_msp_dl_config.o (.text.DL_GPIO_reset)
                  00002bf8    00000018     mspm0_i2c.o (.text.DL_GPIO_setPins)
                  00002c10    00000018     mspm0_i2c.o (.text.DL_I2C_clearInterruptStatus)
                  00002c28    00000018     ti_msp_dl_config.o (.text.DL_I2C_enableAnalogGlitchFilter)
                  00002c40    00000018     ti_msp_dl_config.o (.text.DL_I2C_enableController)
                  00002c58    00000018     ti_msp_dl_config.o (.text.DL_I2C_enableControllerClockStretching)
                  00002c70    00000018     mspm0_i2c.o (.text.DL_I2C_enablePower)
                  00002c88    00000018     ti_msp_dl_config.o (.text.DL_I2C_enablePower)
                  00002ca0    00000018     mspm0_i2c.o (.text.DL_I2C_getRawInterruptStatus)
                  00002cb8    00000018     mspm0_i2c.o (.text.DL_I2C_reset)
                  00002cd0    00000018     ti_msp_dl_config.o (.text.DL_I2C_reset)
                  00002ce8    00000018     ti_msp_dl_config.o (.text.DL_I2C_setTimerPeriod)
                  00002d00    00000018     ti_msp_dl_config.o (.text.DL_SYSCTL_setBORThreshold)
                  00002d18    00000018     ti_msp_dl_config.o (.text.DL_Timer_enablePower)
                  00002d30    00000018     ti_msp_dl_config.o (.text.DL_Timer_reset)
                  00002d48    00000018     driverlib.a : dl_timer.o (.text.DL_Timer_setCaptureCompareOutCtl)
                  00002d60    00000018     clock.o (.text.SysTick_Init)
                  00002d78    00000016     mspm0_i2c.o (.text.DL_GPIO_readPins)
                  00002d8e    00000016     mspm0_i2c.o (.text.DL_I2C_transmitControllerData)
                  00002da4    00000016     interrupt.o (.text.GROUP1_IRQHandler)
                  00002dba    00000016     libc.a : copy_zero_init.c.obj (.text:decompress:ZI:__TI_zero_init_nomemset)
                  00002dd0    00000014     mspm0_i2c.o (.text.DL_GPIO_clearPins)
                  00002de4    00000014     ti_msp_dl_config.o (.text.DL_GPIO_clearPins)
                  00002df8    00000014     mspm0_i2c.o (.text.DL_I2C_getControllerStatus)
                  00002e0c    00000014     mspm0_i2c.o (.text.DL_I2C_receiveControllerData)
                  00002e20    00000014     ti_msp_dl_config.o (.text.DL_I2C_resetControllerTransfer)
                  00002e34    00000014     ti_msp_dl_config.o (.text.DL_SYSCTL_disableSYSPLL)
                  00002e48    00000014     ti_msp_dl_config.o (.text.DL_Timer_enableClock)
                  00002e5c    00000014     ti_msp_dl_config.o (.text.DL_Timer_setCCPDirection)
                  00002e70    00000014     main.o (.text.main)
                  00002e84    00000012     libc.a : memcpy16.S.obj (.text:TI_memcpy_small)
                  00002e96    00000012            : copy_decompress_none.c.obj (.text:decompress:none)
                  00002ea8    00000010     ti_msp_dl_config.o (.text.DL_SYSCTL_disableHFXT)
                  00002eb8    00000010     driverlib.a : dl_timer.o (.text.DL_Timer_setCaptureCompareValue)
                  00002ec8    00000010     interrupt.o (.text.SysTick_Handler)
                  00002ed8    0000000a     driverlib.a : dl_common.o (.text.DL_Common_delayCycles)
                  00002ee2    0000000a     libc.a : e_asin.c.obj (.text.OUTLINED_FUNCTION_0)
                  00002eec    00000010     libclang_rt.builtins.a : muldf3.S.obj (.tramp.__aeabi_dmul.1)
                  00002efc    0000000a     libc.a : s_atan.c.obj (.text.OUTLINED_FUNCTION_0)
                  00002f06    0000000a            : e_asin.c.obj (.text.OUTLINED_FUNCTION_1)
                  00002f10    0000000a            : e_asin.c.obj (.text.OUTLINED_FUNCTION_3)
                  00002f1a    00000002     --HOLE-- [fill = 0]
                  00002f1c    00000010     libclang_rt.builtins.a : divdf3.S.obj (.tramp.__aeabi_ddiv.1)
                  00002f2c    00000008     libc.a : s_atan.c.obj (.text.OUTLINED_FUNCTION_2)
                  00002f34    00000008            : aeabi_portable.c.obj (.text.__aeabi_errno_addr)
                  00002f3c    00000008     libclang_rt.builtins.a : aeabi_memcpy.S.obj (.text.__aeabi_memcpy)
                  00002f44    00000006     libc.a : s_atan.c.obj (.text.OUTLINED_FUNCTION_1)
                  00002f4a    00000002     --HOLE-- [fill = 0]
                  00002f4c    00000010     libclang_rt.builtins.a : adddf3.S.obj (.tramp.__aeabi_dadd.1)
                  00002f5c    00000006     libc.a : e_asin.c.obj (.text.OUTLINED_FUNCTION_2)
                  00002f62    00000006            : exit.c.obj (.text:abort)
                  00002f68    00000004     libsysbm.a : hostexit.c.obj (.text.HOSTexit)
                  00002f6c    00000004     libc.a : e_asin.c.obj (.text.OUTLINED_FUNCTION_4)
                  00002f70    00000004     startup_mspm0g350x_ticlang.o (.text.Reset_Handler)
                  00002f74    00000004     libc.a : pre_init.c.obj (.text._system_pre_init)
                  00002f78    00000008     --HOLE-- [fill = 0]

.cinit     0    00003060    00000038     
                  00003060    00000014     (.cinit..data.load) [load image, compression = lzss]
                  00003074    0000000c     (__TI_handler_table)
                  00003080    00000008     (.cinit..bss.load) [load image, compression = zero_init]
                  00003088    00000010     (__TI_cinit_table)

.rodata    0    00002f80    000000e0     
                  00002f80    00000040     libc.a : s_atan.c.obj (.rodata.cst32)
                  00002fc0    00000028     ti_msp_dl_config.o (.rodata.gSYSPLLConfig)
                  00002fe8    00000028     inv_mpu.o (.rodata.test)
                  00003010    0000001e     inv_mpu.o (.rodata.reg)
                  0000302e    00000002     ti_msp_dl_config.o (.rodata.gI2C_MPU6050ClockConfig)
                  00003030    00000014     ti_msp_dl_config.o (.rodata.gTIMER_CALCTimerConfig)
                  00003044    0000000c     inv_mpu.o (.rodata.hw)
                  00003050    00000008     ti_msp_dl_config.o (.rodata.gPWM_MOTORConfig)
                  00003058    00000003     ti_msp_dl_config.o (.rodata.gPWM_MOTORClockConfig)
                  0000305b    00000003     ti_msp_dl_config.o (.rodata.gTIMER_CALCClockConfig)
                  0000305e    00000002     ti_msp_dl_config.o (.rodata.gI2C_OLEDClockConfig)

.init_array 
*          0    00000000    00000000     UNINITIALIZED

.binit     0    00000000    00000000     

.bss       0    20200000    000001af     UNINITIALIZED
                  20200000    000000bc     (.common:gPWM_MOTORBackup)
                  202000bc    000000bc     (.common:gTIMER_CALCBackup)
                  20200178    00000010     (.common:quat)
                  20200188    00000006     (.common:accel)
                  2020018e    00000006     (.common:gyro)
                  20200194    00000004     (.common:pitch)
                  20200198    00000004     (.common:roll)
                  2020019c    00000004     (.common:sensor_timestamp)
                  202001a0    00000004     (.common:start_time)
                  202001a4    00000004     (.common:tick_ms)
                  202001a8    00000004     (.common:yaw)
                  202001ac    00000002     (.common:sensors)
                  202001ae    00000001     (.common:more)

.data      0    202001b0    00000040     UNINITIALIZED
                  202001b0    0000002c     inv_mpu.o (.data.st)
                  202001dc    00000010     inv_mpu_dmp_motion_driver.o (.data.dmp)
                  202001ec    00000004     libc.a : aeabi_portable.c.obj (.data.__aeabi_errno)

.stack     0    20207e00    00000200     UNINITIALIZED
                  20207e00    00000004     libc.a : boot_cortex_m.c.obj (.stack)
                  20207e04    000001fc     --HOLE--

__llvm_prf_cnts 
*          0    20200000    00000000     UNINITIALIZED

__llvm_prf_bits 
*          0    20200000    00000000     UNINITIALIZED

MODULE SUMMARY

       Module                         code    ro data   rw data
       ------                         ----    -------   -------
    .\
       ti_msp_dl_config.o             2234    78        376    
       startup_mspm0g350x_ticlang.o   8       192       0      
       main.o                         20      0         0      
    +--+------------------------------+-------+---------+---------+
       Total:                         2262    270       376    
                                                               
    .\Drivers\MPU6050\
       mspm0_i2c.o                    1320    0         0      
       inv_mpu.o                      820     82        44     
       inv_mpu_dmp_motion_driver.o    640     0         16     
       mpu6050.o                      556     0         47     
    +--+------------------------------+-------+---------+---------+
       Total:                         3336    82        107    
                                                               
    .\Drivers\MSPM0\
       clock.o                        328     0         8      
       interrupt.o                    66      0         0      
    +--+------------------------------+-------+---------+---------+
       Total:                         394     0         8      
                                                               
    C:/ti/mspm0_sdk_2_05_00_05/source/ti/driverlib/lib/ticlang/m0p/mspm0g1x0x_g3x0x/driverlib.a
       dl_timer.o                     588     0         0      
       dl_sysctl_mspm0g1x0x_g3x0x.o   288     0         0      
       dl_i2c.o                       192     0         0      
       dl_common.o                    10      0         0      
    +--+------------------------------+-------+---------+---------+
       Total:                         1078    0         0      
                                                               
    C:\ti\ccs2020\ccs\tools\compiler\ti-cgt-armllvm_4.0.3.LTS\lib\armv6m-ti-none-eabi/c/libc.a
       e_asin.c.obj                   908     0         0      
       s_atan.c.obj                   784     64        0      
       e_atan2.c.obj                  392     0         0      
       e_sqrt.c.obj                   368     0         0      
       copy_decompress_lzss.c.obj     124     0         0      
       autoinit.c.obj                 60      0         0      
       boot_cortex_m.c.obj            40      0         0      
       copy_zero_init.c.obj           22      0         0      
       copy_decompress_none.c.obj     18      0         0      
       memcpy16.S.obj                 18      0         0      
       aeabi_portable.c.obj           8       0         4      
       exit.c.obj                     6       0         0      
       pre_init.c.obj                 4       0         0      
    +--+------------------------------+-------+---------+---------+
       Total:                         2752    64        4      
                                                               
    C:\ti\ccs2020\ccs\tools\compiler\ti-cgt-armllvm_4.0.3.LTS\lib\armv6m-ti-none-eabi/c/libsysbm.a
       hostexit.c.obj                 4       0         0      
    +--+------------------------------+-------+---------+---------+
       Total:                         4       0         0      
                                                               
    C:\ti\ccs2020\ccs\tools\compiler\ti-cgt-armllvm_4.0.3.LTS\lib\armv6m-ti-none-eabi/libclang_rt.builtins.a
       adddf3.S.obj                   418     0         0      
       divdf3.S.obj                   284     0         0      
       muldf3.S.obj                   244     0         0      
       comparedf2.c.obj               220     0         0      
       addsf3.S.obj                   216     0         0      
       mulsf3.S.obj                   140     0         0      
       divsf3.S.obj                   130     0         0      
       truncdfsf2.S.obj               116     0         0      
       aeabi_dcmp.S.obj               98      0         0      
       aeabi_uidivmod.S.obj           64      0         0      
       extendsfdf2.S.obj              64      0         0      
       floatsisf.S.obj                60      0         0      
       muldsi3.S.obj                  58      0         0      
       aeabi_memcpy.S.obj             8       0         0      
       aeabi_div0.c.obj               2       0         0      
    +--+------------------------------+-------+---------+---------+
       Total:                         2122    0         0      
                                                               
       Stack:                         0       0         512    
       Linker Generated:              0       56        0      
    +--+------------------------------+-------+---------+---------+
       Grand Total:                   11948   472       1007   


LINKER GENERATED COPY TABLES

__TI_cinit_table @ 00003088 records: 2, size/record: 8, table size: 16
	.data: load addr=00003060, load size=00000014 bytes, run addr=202001b0, run size=00000040 bytes, compression=lzss
	.bss: load addr=00003080, load size=00000008 bytes, run addr=20200000, run size=000001af bytes, compression=zero_init


LINKER GENERATED HANDLER TABLE

__TI_handler_table @ 00003074 records: 3, size/record: 4, table size: 12
	index: 0, handler: __TI_decompress_lzss
	index: 1, handler: __TI_decompress_none
	index: 2, handler: __TI_zero_init


FAR CALL TRAMPOLINES

callee name               trampoline name
   callee addr  tramp addr   call addr  call info
--------------  -----------  ---------  ----------------
__aeabi_dmul              $Tramp$TT$L$PI$$__aeabi_dmul
   000018f1     00002eec     00002eea   libc.a : e_asin.c.obj (.text.OUTLINED_FUNCTION_0)
                             00002f04          : s_atan.c.obj (.text.OUTLINED_FUNCTION_0)
                             00002f0e          : e_asin.c.obj (.text.OUTLINED_FUNCTION_1)
                             00002f32          : s_atan.c.obj (.text.OUTLINED_FUNCTION_2)
                             00002f60          : e_asin.c.obj (.text.OUTLINED_FUNCTION_2)
__aeabi_ddiv              $Tramp$TT$L$PI$$__aeabi_ddiv
   000014f1     00002f1c     00002f18   libc.a : e_asin.c.obj (.text.OUTLINED_FUNCTION_3)
__aeabi_dadd              $Tramp$TT$L$PI$$__aeabi_dadd
   00000f3b     00002f4c     00002f48   libc.a : s_atan.c.obj (.text.OUTLINED_FUNCTION_1)
                             00002f6e          : e_asin.c.obj (.text.OUTLINED_FUNCTION_4)

[3 trampolines]
[8 trampoline calls]


GLOBAL SYMBOLS: SORTED ALPHABETICALLY BY Name 

address   name                                 
-------   ----                                 
000020ed  ADC0_IRQHandler                      
000020ed  ADC1_IRQHandler                      
000020ed  AES_IRQHandler                       
00002f68  C$$EXIT                              
000020ed  CANFD0_IRQHandler                    
000020ed  DAC0_IRQHandler                      
00002ed9  DL_Common_delayCycles                
00002291  DL_I2C_fillControllerTXFIFO          
000026a5  DL_I2C_flushControllerTXFIFO         
000029b7  DL_I2C_setClockConfig                
000019d5  DL_SYSCTL_configSYSPLL               
000024e5  DL_SYSCTL_switchMCLKfromSYSOSCtoHSCLK
00001705  DL_Timer_initFourCCPWMMode           
00001809  DL_Timer_initTimerMode               
00002b31  DL_Timer_setCaptCompUpdateMethod     
00002d49  DL_Timer_setCaptureCompareOutCtl     
00002eb9  DL_Timer_setCaptureCompareValue      
00002b4d  DL_Timer_setClockConfig              
000020ed  DMA_IRQHandler                       
000020ed  Default_Handler                      
000020ed  GROUP0_IRQHandler                    
00002da5  GROUP1_IRQHandler                    
00002f69  HOSTexit                             
000020ed  HardFault_Handler                    
000020ed  I2C0_IRQHandler                      
000020ed  I2C1_IRQHandler                      
000020ed  NMI_Handler                          
000020ed  PendSV_Handler                       
000020ed  RTC_IRQHandler                       
0000071d  Read_Quad                            
00002f71  Reset_Handler                        
000020ed  SPI0_IRQHandler                      
000020ed  SPI1_IRQHandler                      
000020ed  SVC_Handler                          
00000d69  SYSCFG_DL_GPIO_init                  
0000234d  SYSCFG_DL_I2C_MPU6050_init           
000023a5  SYSCFG_DL_I2C_OLED_init              
00001c4d  SYSCFG_DL_PWM_MOTOR_init             
0000249d  SYSCFG_DL_SYSCTL_init                
0000256d  SYSCFG_DL_TIMER_CALC_init            
00002839  SYSCFG_DL_init                       
00001f81  SYSCFG_DL_initPower                  
00002ec9  SysTick_Handler                      
00002d61  SysTick_Init                         
000020ed  TIMA0_IRQHandler                     
000020ed  TIMA1_IRQHandler                     
000020ed  TIMG0_IRQHandler                     
000020ed  TIMG12_IRQHandler                    
000020ed  TIMG6_IRQHandler                     
000020ed  TIMG7_IRQHandler                     
000020ed  TIMG8_IRQHandler                     
00002e85  TI_memcpy_small                      
000020ed  UART0_IRQHandler                     
000020ed  UART1_IRQHandler                     
000020ed  UART2_IRQHandler                     
000020ed  UART3_IRQHandler                     
20208000  __STACK_END                          
00000200  __STACK_SIZE                         
00000000  __TI_ATRegion0_region_sz             
00000000  __TI_ATRegion0_src_addr              
00000000  __TI_ATRegion0_trg_addr              
00000000  __TI_ATRegion1_region_sz             
00000000  __TI_ATRegion1_src_addr              
00000000  __TI_ATRegion1_trg_addr              
00000000  __TI_ATRegion2_region_sz             
00000000  __TI_ATRegion2_src_addr              
00000000  __TI_ATRegion2_trg_addr              
00003088  __TI_CINIT_Base                      
00003098  __TI_CINIT_Limit                     
00003098  __TI_CINIT_Warm                      
00003074  __TI_Handler_Table_Base              
00003080  __TI_Handler_Table_Limit             
00002759  __TI_auto_init_nobinit_nopinit       
00001ffd  __TI_decompress_lzss                 
00002e97  __TI_decompress_none                 
ffffffff  __TI_pprof_out_hndl                  
ffffffff  __TI_prof_data_size                  
ffffffff  __TI_prof_data_start                 
00000000  __TI_static_base__                   
00002dbb  __TI_zero_init_nomemset              
00000f3b  __adddf3                             
00001abb  __addsf3                             
000020f1  __aeabi_d2f                          
00000f3b  __aeabi_dadd                         
000021cd  __aeabi_dcmpeq                       
00002209  __aeabi_dcmpge                       
0000221d  __aeabi_dcmpgt                       
000021f5  __aeabi_dcmple                       
000021e1  __aeabi_dcmplt                       
000014f1  __aeabi_ddiv                         
000018f1  __aeabi_dmul                         
00000f31  __aeabi_dsub                         
202001ec  __aeabi_errno                        
00002f35  __aeabi_errno_addr                   
000025ed  __aeabi_f2d                          
00001abb  __aeabi_fadd                         
00001efd  __aeabi_fdiv                         
00001cdd  __aeabi_fmul                         
00001ab1  __aeabi_fsub                         
0000271d  __aeabi_i2f                          
000010c3  __aeabi_idiv0                        
00002f3d  __aeabi_memcpy                       
00002f3d  __aeabi_memcpy4                      
00002f3d  __aeabi_memcpy8                      
000025ad  __aeabi_uidiv                        
000025ad  __aeabi_uidivmod                     
ffffffff  __binit__                            
00002165  __cmpdf2                             
000014f1  __divdf3                             
00001efd  __divsf3                             
00002165  __eqdf2                              
000025ed  __extendsfdf2                        
0000271d  __floatsisf                          
00002079  __gedf2                              
00002079  __gtdf2                              
00002165  __ledf2                              
00002165  __ltdf2                              
UNDEFED   __mpu_init                           
000018f1  __muldf3                             
00002795  __muldsi3                            
00001cdd  __mulsf3                             
00002165  __nedf2                              
20207e00  __stack                              
20200000  __start___llvm_prf_bits              
20200000  __start___llvm_prf_cnts              
20200000  __stop___llvm_prf_bits               
20200000  __stop___llvm_prf_cnts               
00000f31  __subdf3                             
00001ab1  __subsf3                             
000020f1  __truncdfsf2                         
00002969  _c_int00_noargs                      
UNDEFED   _system_post_cinit                   
00002f75  _system_pre_init                     
00002f63  abort                                
20200188  accel                                
000000c1  asin                                 
000000c1  asinl                                
00000425  atan                                 
000010c5  atan2                                
000010c5  atan2l                               
00000425  atanl                                
ffffffff  binit                                
00000b75  dmp_read_fifo                        
20200000  gPWM_MOTORBackup                     
202000bc  gTIMER_CALCBackup                    
2020018e  gyro                                 
00003044  hw                                   
00000000  interruptVectors                     
00002e71  main                                 
202001ae  more                                 
00002231  mpu6050_i2c_sda_unlock               
000015fd  mpu_read_fifo_stream                 
00000949  mpu_reset_fifo                       
0000286d  mspm0_delay_ms                       
0000289d  mspm0_get_clock_ms                   
000013bd  mspm0_i2c_read                       
00001b89  mspm0_i2c_write                      
20200194  pitch                                
20200178  quat                                 
00003010  reg                                  
20200198  roll                                 
2020019c  sensor_timestamp                     
202001ac  sensors                              
0000124d  sqrt                                 
0000124d  sqrtl                                
202001a0  start_time                           
00002fe8  test                                 
202001a4  tick_ms                              
202001a8  yaw                                  


GLOBAL SYMBOLS: SORTED BY Symbol Address 

address   name                                 
-------   ----                                 
00000000  __TI_ATRegion0_region_sz             
00000000  __TI_ATRegion0_src_addr              
00000000  __TI_ATRegion0_trg_addr              
00000000  __TI_ATRegion1_region_sz             
00000000  __TI_ATRegion1_src_addr              
00000000  __TI_ATRegion1_trg_addr              
00000000  __TI_ATRegion2_region_sz             
00000000  __TI_ATRegion2_src_addr              
00000000  __TI_ATRegion2_trg_addr              
00000000  __TI_static_base__                   
00000000  interruptVectors                     
000000c1  asin                                 
000000c1  asinl                                
00000200  __STACK_SIZE                         
00000425  atan                                 
00000425  atanl                                
0000071d  Read_Quad                            
00000949  mpu_reset_fifo                       
00000b75  dmp_read_fifo                        
00000d69  SYSCFG_DL_GPIO_init                  
00000f31  __aeabi_dsub                         
00000f31  __subdf3                             
00000f3b  __adddf3                             
00000f3b  __aeabi_dadd                         
000010c3  __aeabi_idiv0                        
000010c5  atan2                                
000010c5  atan2l                               
0000124d  sqrt                                 
0000124d  sqrtl                                
000013bd  mspm0_i2c_read                       
000014f1  __aeabi_ddiv                         
000014f1  __divdf3                             
000015fd  mpu_read_fifo_stream                 
00001705  DL_Timer_initFourCCPWMMode           
00001809  DL_Timer_initTimerMode               
000018f1  __aeabi_dmul                         
000018f1  __muldf3                             
000019d5  DL_SYSCTL_configSYSPLL               
00001ab1  __aeabi_fsub                         
00001ab1  __subsf3                             
00001abb  __addsf3                             
00001abb  __aeabi_fadd                         
00001b89  mspm0_i2c_write                      
00001c4d  SYSCFG_DL_PWM_MOTOR_init             
00001cdd  __aeabi_fmul                         
00001cdd  __mulsf3                             
00001efd  __aeabi_fdiv                         
00001efd  __divsf3                             
00001f81  SYSCFG_DL_initPower                  
00001ffd  __TI_decompress_lzss                 
00002079  __gedf2                              
00002079  __gtdf2                              
000020ed  ADC0_IRQHandler                      
000020ed  ADC1_IRQHandler                      
000020ed  AES_IRQHandler                       
000020ed  CANFD0_IRQHandler                    
000020ed  DAC0_IRQHandler                      
000020ed  DMA_IRQHandler                       
000020ed  Default_Handler                      
000020ed  GROUP0_IRQHandler                    
000020ed  HardFault_Handler                    
000020ed  I2C0_IRQHandler                      
000020ed  I2C1_IRQHandler                      
000020ed  NMI_Handler                          
000020ed  PendSV_Handler                       
000020ed  RTC_IRQHandler                       
000020ed  SPI0_IRQHandler                      
000020ed  SPI1_IRQHandler                      
000020ed  SVC_Handler                          
000020ed  TIMA0_IRQHandler                     
000020ed  TIMA1_IRQHandler                     
000020ed  TIMG0_IRQHandler                     
000020ed  TIMG12_IRQHandler                    
000020ed  TIMG6_IRQHandler                     
000020ed  TIMG7_IRQHandler                     
000020ed  TIMG8_IRQHandler                     
000020ed  UART0_IRQHandler                     
000020ed  UART1_IRQHandler                     
000020ed  UART2_IRQHandler                     
000020ed  UART3_IRQHandler                     
000020f1  __aeabi_d2f                          
000020f1  __truncdfsf2                         
00002165  __cmpdf2                             
00002165  __eqdf2                              
00002165  __ledf2                              
00002165  __ltdf2                              
00002165  __nedf2                              
000021cd  __aeabi_dcmpeq                       
000021e1  __aeabi_dcmplt                       
000021f5  __aeabi_dcmple                       
00002209  __aeabi_dcmpge                       
0000221d  __aeabi_dcmpgt                       
00002231  mpu6050_i2c_sda_unlock               
00002291  DL_I2C_fillControllerTXFIFO          
0000234d  SYSCFG_DL_I2C_MPU6050_init           
000023a5  SYSCFG_DL_I2C_OLED_init              
0000249d  SYSCFG_DL_SYSCTL_init                
000024e5  DL_SYSCTL_switchMCLKfromSYSOSCtoHSCLK
0000256d  SYSCFG_DL_TIMER_CALC_init            
000025ad  __aeabi_uidiv                        
000025ad  __aeabi_uidivmod                     
000025ed  __aeabi_f2d                          
000025ed  __extendsfdf2                        
000026a5  DL_I2C_flushControllerTXFIFO         
0000271d  __aeabi_i2f                          
0000271d  __floatsisf                          
00002759  __TI_auto_init_nobinit_nopinit       
00002795  __muldsi3                            
00002839  SYSCFG_DL_init                       
0000286d  mspm0_delay_ms                       
0000289d  mspm0_get_clock_ms                   
00002969  _c_int00_noargs                      
000029b7  DL_I2C_setClockConfig                
00002b31  DL_Timer_setCaptCompUpdateMethod     
00002b4d  DL_Timer_setClockConfig              
00002d49  DL_Timer_setCaptureCompareOutCtl     
00002d61  SysTick_Init                         
00002da5  GROUP1_IRQHandler                    
00002dbb  __TI_zero_init_nomemset              
00002e71  main                                 
00002e85  TI_memcpy_small                      
00002e97  __TI_decompress_none                 
00002eb9  DL_Timer_setCaptureCompareValue      
00002ec9  SysTick_Handler                      
00002ed9  DL_Common_delayCycles                
00002f35  __aeabi_errno_addr                   
00002f3d  __aeabi_memcpy                       
00002f3d  __aeabi_memcpy4                      
00002f3d  __aeabi_memcpy8                      
00002f63  abort                                
00002f68  C$$EXIT                              
00002f69  HOSTexit                             
00002f71  Reset_Handler                        
00002f75  _system_pre_init                     
00002fe8  test                                 
00003010  reg                                  
00003044  hw                                   
00003074  __TI_Handler_Table_Base              
00003080  __TI_Handler_Table_Limit             
00003088  __TI_CINIT_Base                      
00003098  __TI_CINIT_Limit                     
00003098  __TI_CINIT_Warm                      
20200000  __start___llvm_prf_bits              
20200000  __start___llvm_prf_cnts              
20200000  __stop___llvm_prf_bits               
20200000  __stop___llvm_prf_cnts               
20200000  gPWM_MOTORBackup                     
202000bc  gTIMER_CALCBackup                    
20200178  quat                                 
20200188  accel                                
2020018e  gyro                                 
20200194  pitch                                
20200198  roll                                 
2020019c  sensor_timestamp                     
202001a0  start_time                           
202001a4  tick_ms                              
202001a8  yaw                                  
202001ac  sensors                              
202001ae  more                                 
202001ec  __aeabi_errno                        
20207e00  __stack                              
20208000  __STACK_END                          
ffffffff  __TI_pprof_out_hndl                  
ffffffff  __TI_prof_data_size                  
ffffffff  __TI_prof_data_start                 
ffffffff  __binit__                            
ffffffff  binit                                
UNDEFED   __mpu_init                           
UNDEFED   _system_post_cinit                   

[169 symbols]
