******************************************************************************
            TI ARM Clang Linker PC v4.0.3                      
******************************************************************************
>> Linked Thu Jul 31 15:29:57 2025

OUTPUT FILE NAME:   <mspm0-modules-car.out>
ENTRY POINT SYMBOL: "_c_int00_noargs"  address: 00005b61


MEMORY CONFIGURATION

         name            origin    length      used     unused   attr    fill
----------------------  --------  ---------  --------  --------  ----  --------
  FLASH                 00000000   00020000  00007630  000189d0  R  X
  SRAM                  20200000   00008000  000010ca  00006f36  RW X
  BCR_CONFIG            41c00000   000000ff  00000000  000000ff  R   
  BSL_CONFIG            41c00100   00000080  00000000  00000080  R   


SEGMENT ALLOCATION MAP

run origin  load origin   length   init length attrs members
----------  ----------- ---------- ----------- ----- -------
00000000    00000000    00007630   00007630    r-x
  00000000    00000000    000000c0   000000c0    r-- .intvecs
  000000c0    000000c0    00005e80   00005e80    r-x .text
  00005f40    00005f40    00001658   00001658    r-- .rodata
  00007598    00007598    00000098   00000098    r-- .cinit
20200000    20200000    00000ecd   00000000    rw-
  20200000    20200000    00000800   00000000    rw- .sysmem
  20200800    20200800    00000499   00000000    rw- .bss
  20200c9c    20200c9c    00000231   00000000    rw- .data
20207e00    20207e00    00000200   00000000    rw-
  20207e00    20207e00    00000200   00000000    rw- .stack


SECTION ALLOCATION MAP

 output                                  attributes/
section   page    origin      length       input sections
--------  ----  ----------  ----------   ----------------
.intvecs   0    00000000    000000c0     
                  00000000    000000c0     startup_mspm0g350x_ticlang.o (.intvecs)

.text      0    000000c0    00005e80     
                  000000c0    00000364     libc.a : e_asin.c.obj (.text.asin)
                  00000424    00000338     test.o (.text.Test_Square_Movement_Hybrid)
                  0000075c    000002f8     libc.a : s_atan.c.obj (.text.atan)
                  00000a54    000002c0     oled_hardware_i2c.o (.text.OLED_Init)
                  00000d14    000002b0     inv_mpu_dmp_motion_driver.o (.text.dmp_enable_feature)
                  00000fc4    00000284     libc.a : _printfi.c.obj (.text:__TI_printfi_minimal)
                  00001248    00000240     Motor.o (.text.Motor_Set_Pwm)
                  00001488    00000234     motor_control.o (.text.MotorControl_Update)
                  000016bc    00000210     mpu6050.o (.text.Read_Quad)
                  000018cc    000001e4     inv_mpu.o (.text.mpu_lp_accel_mode)
                  00001ab0    000001a8     inv_mpu_dmp_motion_driver.o (.text.dmp_read_fifo)
                  00001c58    00000192     libclang_rt.builtins.a : adddf3.S.obj (.text.adddf3_subdf3)
                  00001dea    00000002     startup_mspm0g350x_ticlang.o (.text.Default_Handler)
                  00001dec    00000188     linetracker.o (.text.LineTracker_ReadSensors)
                  00001f74    00000188     libc.a : e_atan2.c.obj (.text.atan2)
                  000020fc    00000170            : e_sqrt.c.obj (.text.sqrt)
                  0000226c    00000154     mspm0_i2c.o (.text.mspm0_i2c_read)
                  000023c0    00000150     inv_mpu.o (.text.mpu_reset_fifo)
                  00002510    00000148     inv_mpu.o (.text.mpu_load_firmware)
                  00002658    00000144     oled_hardware_i2c.o (.text.OLED_Clear)
                  0000279c    00000134     oled_hardware_i2c.o (.text.OLED_WR_Byte)
                  000028d0    00000134     inv_mpu_dmp_motion_driver.o (.text.dmp_set_tap_thresh)
                  00002a04    00000130     mspm0_i2c.o (.text.mspm0_i2c_write)
                  00002b34    00000114     libc.a : memory.c.obj (.text.aligned_alloc)
                  00002c48    0000010c     libclang_rt.builtins.a : divdf3.S.obj (.text.__divdf3)
                  00002d54    00000104     driverlib.a : dl_timer.o (.text.DL_Timer_initFourCCPWMMode)
                  00002e58    00000100     pid.o (.text.PID_Calculate)
                  00002f58    000000f8     libc.a : fputs.c.obj (.text.fputs)
                  00003050    000000f8     inv_mpu.o (.text.mpu_set_bypass)
                  00003148    000000f4     inv_mpu.o (.text.mpu_init)
                  0000323c    000000ec     linetracker.o (.text.LineTracker_ReadSensors_Interrupt)
                  00003328    000000ec     inv_mpu_dmp_motion_driver.o (.text.dmp_set_orientation)
                  00003414    000000e8     driverlib.a : dl_timer.o (.text.DL_Timer_initTimerMode)
                  000034fc    000000e8     libc.a : memory.c.obj (.text.free)
                  000035e4    000000e4     libclang_rt.builtins.a : muldf3.S.obj (.text.__muldf3)
                  000036c8    000000e4     inv_mpu.o (.text.mpu_set_sample_rate)
                  000037ac    000000e0     libc.a : setvbuf.c.obj (.text.setvbuf)
                  0000388c    000000dc     driverlib.a : dl_sysctl_mspm0g1x0x_g3x0x.o (.text.DL_SYSCTL_configSYSPLL)
                  00003968    000000dc     oled_hardware_i2c.o (.text.OLED_ShowChar)
                  00003a44    000000dc     inv_mpu.o (.text.mpu_set_sensors)
                  00003b20    000000d8     libclang_rt.builtins.a : addsf3.S.obj (.text)
                  00003bf8    000000d0     inv_mpu.o (.text.mpu_set_dmp_state)
                  00003cc8    000000cc     ti_msp_dl_config.o (.text.SYSCFG_DL_GPIO_init)
                  00003d94    000000cc     turn_detection.o (.text.TurnDetection_Update)
                  00003e60    000000c8     Encoder.o (.text.Encoder_IRQHandler)
                  00003f28    000000c8     linetracker.o (.text.LineTracker_GetLineState)
                  00003ff0    000000b8     mpu6050.o (.text.MPU6050_Init)
                  000040a8    000000b4     motor_control.o (.text.MotorControl_Init)
                  0000415c    000000b0     Motor.o (.text.Motor_Stop)
                  0000420c    000000ac     inv_mpu.o (.text.mpu_configure_fifo)
                  000042b8    000000a4     inv_mpu.o (.text.mpu_read_fifo_stream)
                  0000435c    0000009a     libc.a : memcpy16.S.obj (.text:memcpy)
                  000043f6    00000002     libclang_rt.builtins.a : aeabi_div0.c.obj (.text.__aeabi_idiv0)
                  000043f8    00000090     ti_msp_dl_config.o (.text.SYSCFG_DL_PWM_MOTOR_init)
                  00004488    0000008c     libclang_rt.builtins.a : mulsf3.S.obj (.text.__mulsf3)
                  00004514    0000008c     mspm0_i2c.o (.text.mpu6050_i2c_sda_unlock)
                  000045a0    00000088     libc.a : strcmp-armv6m.S.obj (.text:strcmp)
                  00004628    00000084     Motor.o (.text.Motor_Init)
                  000046ac    00000082     libclang_rt.builtins.a : divsf3.S.obj (.text.__divsf3)
                  0000472e    00000002     libc.a : _lock.c.obj (.text._nop)
                  00004730    0000007c            : fclose.c.obj (.text.__TI_closefile)
                  000047ac    0000007c            : copy_decompress_lzss.c.obj (.text:decompress:lzss)
                  00004828    0000007a     oled_hardware_i2c.o (.text.OLED_ShowString)
                  000048a2    00000002     mpu6050.o (.text.android_orient_cb)
                  000048a4    00000074     libclang_rt.builtins.a : comparedf2.c.obj (.text.__gedf2)
                  00004918    00000008     libc.a : aeabi_portable.c.obj (.text.__aeabi_errno_addr)
                  00004920    00000074     libclang_rt.builtins.a : truncdfsf2.S.obj (.text.__truncdfsf2)
                  00004994    00000074     inv_mpu.o (.text.mpu_set_lpf)
                  00004a08    00000070     ti_msp_dl_config.o (.text.SYSCFG_DL_SYSCTL_init)
                  00004a78    0000006c     libsysbm.a : hostlseek.c.obj (.text.HOSTlseek)
                  00004ae4    0000006c                : hostrename.c.obj (.text.HOSTrename)
                  00004b50    0000006c     libc.a : fseek.c.obj (.text.fseeko)
                  00004bbc    0000006c            : getdevice.c.obj (.text.getdevice)
                  00004c28    0000006c     main.o (.text.main)
                  00004c94    0000006c     inv_mpu.o (.text.mpu_write_mem)
                  00004d00    00000068     libclang_rt.builtins.a : comparedf2.c.obj (.text.__ledf2)
                  00004d68    00000068     inv_mpu_dmp_motion_driver.o (.text.dmp_set_fifo_rate)
                  00004dd0    00000064     libc.a : _io_perm.c.obj (.text.__TI_wrt_ok)
                  00004e34    00000064            : memory.c.obj (.text.split)
                  00004e98    00000062     libclang_rt.builtins.a : aeabi_dcmp.S.obj (.text.__aeabi_dcmp)
                  00004efa    00000002     mpu6050.o (.text.tap_cb)
                  00004efc    00000062     libclang_rt.builtins.a : aeabi_fcmp.S.obj (.text.__aeabi_fcmp)
                  00004f5e    00000062     libc.a : memset16.S.obj (.text:memset)
                  00004fc0    00000060     Encoder.o (.text.Encoder_Timer_IRQHandler)
                  00005020    00000060     libsysbm.a : hostopen.c.obj (.text.HOSTopen)
                  00005080    00000060     ti_msp_dl_config.o (.text.SYSCFG_DL_initPower)
                  000050e0    0000005e     driverlib.a : dl_i2c.o (.text.DL_I2C_fillControllerTXFIFO)
                  0000513e    00000002     --HOLE-- [fill = 0]
                  00005140    0000005c     Encoder.o (.text.Encoder_Init)
                  0000519c    00000058     libsysbm.a : hostread.c.obj (.text.HOSTread)
                  000051f4    00000058                : hostwrite.c.obj (.text.HOSTwrite)
                  0000524c    00000056     libclang_rt.builtins.a : aeabi_idivmod.S.obj (.text.__aeabi_idivmod)
                  000052a2    00000002     --HOLE-- [fill = 0]
                  000052a4    00000054     ti_msp_dl_config.o (.text.SYSCFG_DL_I2C_MPU6050_init)
                  000052f8    00000054     ti_msp_dl_config.o (.text.SYSCFG_DL_I2C_OLED_init)
                  0000534c    00000052     libc.a : fflush.c.obj (.text.__TI_doflush)
                  0000539e    00000002     --HOLE-- [fill = 0]
                  000053a0    00000050     libsysbm.a : close.c.obj (.text.close)
                  000053f0    0000004c     ti_msp_dl_config.o (.text.SYSCFG_DL_TIMER_CALC_init)
                  0000543c    0000004c     ti_msp_dl_config.o (.text.SYSCFG_DL_TIMER_TRACKER_init)
                  00005488    00000048     libsysbm.a : hostclose.c.obj (.text.HOSTclose)
                  000054d0    00000048                : hostunlink.c.obj (.text.HOSTunlink)
                  00005518    00000044     driverlib.a : dl_sysctl_mspm0g1x0x_g3x0x.o (.text.DL_SYSCTL_switchMCLKfromSYSOSCtoHSCLK)
                  0000555c    00000040     libclang_rt.builtins.a : aeabi_uidivmod.S.obj (.text.__aeabi_uidivmod)
                  0000559c    00000040                            : extendsfdf2.S.obj (.text.__extendsfdf2)
                  000055dc    0000003c     driverlib.a : dl_i2c.o (.text.DL_I2C_flushControllerTXFIFO)
                  00005618    0000003c     libclang_rt.builtins.a : floatsisf.S.obj (.text.__floatsisf)
                  00005654    0000003c                            : comparesf2.S.obj (.text.__gtsf2)
                  00005690    0000003c     libc.a : autoinit.c.obj (.text:__TI_auto_init_nobinit_nopinit)
                  000056cc    0000003a     libclang_rt.builtins.a : comparesf2.S.obj (.text.__eqsf2)
                  00005706    00000002     --HOLE-- [fill = 0]
                  00005708    0000003a                            : muldsi3.S.obj (.text.__muldsi3)
                  00005742    00000002     --HOLE-- [fill = 0]
                  00005744    00000038     interrupt.o (.text.GROUP1_IRQHandler)
                  0000577c    00000038     motor_control.o (.text.MotorControl_SetMode)
                  000057b4    00000038     ti_msp_dl_config.o (.text.SYSCFG_DL_init)
                  000057ec    00000038     clock.o (.text.SysTick_Init)
                  00005824    00000038     libclang_rt.builtins.a : fixsfsi.S.obj (.text.__fixsfsi)
                  0000585c    00000038     libc.a : sprintf.c.obj (.text.sprintf)
                  00005894    00000034     motor_control.o (.text.MotorControl_SetBaseSpeed)
                  000058c8    00000034     libc.a : fopen.c.obj (.text.__TI_cleanup)
                  000058fc    00000034     libsysbm.a : trgmsg.c.obj (.text.__TI_readmsg)
                  00005930    00000034                : trgmsg.c.obj (.text.__TI_writemsg)
                  00005964    00000034     libc.a : exit.c.obj (.text.exit)
                  00005998    00000034            : getdevice.c.obj (.text.finddevice)
                  000059cc    00000034     inv_mpu.o (.text.mpu_get_accel_fsr)
                  00005a00    00000034     clock.o (.text.mspm0_delay_ms)
                  00005a34    00000032     libclang_rt.builtins.a : fixunssfsi.S.obj (.text.__fixunssfsi)
                  00005a66    00000002     --HOLE-- [fill = 0]
                  00005a68    0000002c     turn_detection.o (.text.TurnDetection_Init)
                  00005a94    0000002c     libsysbm.a : unlink.c.obj (.text.unlink)
                  00005ac0    00000028     libclang_rt.builtins.a : floatunsisf.S.obj (.text.__floatunsisf)
                  00005ae8    00000028     libc.a : memory.c.obj (.text.free_list_insert)
                  00005b10    00000028     libsysbm.a : lseek.c.obj (.text.lseek)
                  00005b38    00000028                : write.c.obj (.text.write)
                  00005b60    00000028     libc.a : boot_cortex_m.c.obj (.text:_c_int00_noargs)
                  00005b88    00000026     driverlib.a : dl_i2c.o (.text.DL_I2C_setClockConfig)
                  00005bae    00000002     --HOLE-- [fill = 0]
                  00005bb0    00000024     linetracker.o (.text.LineTracker_Init)
                  00005bd4    00000024     libc.a : fputs.c.obj (.text.puts)
                  00005bf8    00000022            : memccpy.c.obj (.text.memccpy)
                  00005c1a    00000002     --HOLE-- [fill = 0]
                  00005c1c    00000020     turn_detection.o (.text.TurnDetection_Reset)
                  00005c3c    00000020     inv_mpu.o (.text.mpu_get_gyro_fsr)
                  00005c5c    0000001c     driverlib.a : dl_timer.o (.text.DL_Timer_setCaptCompUpdateMethod)
                  00005c78    0000001c                 : dl_timer.o (.text.DL_Timer_setClockConfig)
                  00005c94    0000001c     pid.o (.text.PID_Init)
                  00005cb0    0000001c     inv_mpu_dmp_motion_driver.o (.text.dmp_load_motion_driver_firmware)
                  00005ccc    0000001c     libc.a : memory.c.obj (.text.free_list_remove)
                  00005ce8    0000001c     inv_mpu.o (.text.mpu_get_sample_rate)
                  00005d04    00000018     driverlib.a : dl_timer.o (.text.DL_Timer_setCaptureCompareOutCtl)
                  00005d1c    00000018     interrupt.o (.text.TIMA1_IRQHandler)
                  00005d34    00000018     libc.a : sprintf.c.obj (.text._outs)
                  00005d4c    00000018     clock.o (.text.mspm0_get_clock_ms)
                  00005d64    00000014     Encoder.o (.text.Encoder_GetSpeed_PPS)
                  00005d78    00000014     interrupt.o (.text.TIMG8_IRQHandler)
                  00005d8c    00000012     pid.o (.text.PID_Reset)
                  00005d9e    00000012     libc.a : copy_decompress_none.c.obj (.text:decompress:none)
                  00005db0    00000010     driverlib.a : dl_timer.o (.text.DL_Timer_setCaptureCompareValue)
                  00005dc0    00000010     motor_control.o (.text.MotorControl_SetSpeedTarget)
                  00005dd0    00000010     interrupt.o (.text.SysTick_Handler)
                  00005de0    00000010     libc.a : copy_zero_init.c.obj (.text:decompress:ZI)
                  00005df0    0000000e            : memory.c.obj (.text.OUTLINED_FUNCTION_0)
                  00005dfe    00000002     --HOLE-- [fill = 0]
                  00005e00    0000000e     libclang_rt.builtins.a : aeabi_memset.S.obj (.text.__aeabi_memset)
                  00005e0e    0000000e     libsysbm.a : hostrename.c.obj (.text.strcpy)
                  00005e1c    0000000e     libc.a : _printfi.c.obj (.text.strlen)
                  00005e2a    0000000e     libsysbm.a : hostrename.c.obj (.text.strlen)
                  00005e38    0000000c     turn_detection.o (.text.TurnDetection_IsTurnReady)
                  00005e44    0000000c     libclang_rt.builtins.a : aeabi_memset.S.obj (.text.__aeabi_memclr)
                  00005e50    0000000c     inv_mpu_dmp_motion_driver.o (.text.dmp_register_android_orient_cb)
                  00005e5c    0000000c     inv_mpu_dmp_motion_driver.o (.text.dmp_register_tap_cb)
                  00005e68    0000000c     libc.a : memory.c.obj (.text.malloc)
                  00005e74    0000000a     driverlib.a : dl_common.o (.text.DL_Common_delayCycles)
                  00005e7e    0000000a     libc.a : e_asin.c.obj (.text.OUTLINED_FUNCTION_0)
                  00005e88    00000010     libclang_rt.builtins.a : muldf3.S.obj (.tramp.__aeabi_dmul.1)
                  00005e98    0000000a     libc.a : s_atan.c.obj (.text.OUTLINED_FUNCTION_0)
                  00005ea2    0000000a            : e_asin.c.obj (.text.OUTLINED_FUNCTION_1)
                  00005eac    0000000a            : e_asin.c.obj (.text.OUTLINED_FUNCTION_3)
                  00005eb6    00000002     --HOLE-- [fill = 0]
                  00005eb8    00000010     libclang_rt.builtins.a : divdf3.S.obj (.tramp.__aeabi_ddiv.1)
                  00005ec8    0000000a     libc.a : sprintf.c.obj (.text._outc)
                  00005ed2    00000008            : s_atan.c.obj (.text.OUTLINED_FUNCTION_2)
                  00005eda    00000002     --HOLE-- [fill = 0]
                  00005edc    00000008     libclang_rt.builtins.a : aeabi_memcpy.S.obj (.text.__aeabi_memcpy)
                  00005ee4    00000008     oled_hardware_i2c.o (.text.delay_ms)
                  00005eec    00000008     libc.a : fseek.c.obj (.text.fseek)
                  00005ef4    00000008     libsysbm.a : remove.c.obj (.text.remove)
                  00005efc    00000006     libc.a : s_atan.c.obj (.text.OUTLINED_FUNCTION_1)
                  00005f02    00000002     --HOLE-- [fill = 0]
                  00005f04    00000010     libclang_rt.builtins.a : adddf3.S.obj (.tramp.__aeabi_dadd.1)
                  00005f14    00000006     libc.a : e_asin.c.obj (.text.OUTLINED_FUNCTION_2)
                  00005f1a    00000006            : exit.c.obj (.text:abort)
                  00005f20    00000004     libsysbm.a : hostexit.c.obj (.text.HOSTexit)
                  00005f24    00000004     libc.a : e_asin.c.obj (.text.OUTLINED_FUNCTION_4)
                  00005f28    00000004     pid.o (.text.PID_SetTarget)
                  00005f2c    00000004     startup_mspm0g350x_ticlang.o (.text.Reset_Handler)
                  00005f30    00000004     libc.a : pre_init.c.obj (.text._system_pre_init)
                  00005f34    0000000c     --HOLE-- [fill = 0]

.cinit     0    00007598    00000098     
                  00007598    00000073     (.cinit..data.load) [load image, compression = lzss]
                  0000760b    00000001     --HOLE-- [fill = 0]
                  0000760c    0000000c     (__TI_handler_table)
                  00007618    00000008     (.cinit..bss.load) [load image, compression = zero_init]
                  00007620    00000010     (__TI_cinit_table)

.rodata    0    00005f40    00001658     
                  00005f40    00000bf6     inv_mpu_dmp_motion_driver.o (.rodata.dmp_memory)
                  00006b36    000005f0     oled_hardware_i2c.o (.rodata.asc2_1608)
                  00007126    00000228     oled_hardware_i2c.o (.rodata.asc2_0806)
                  0000734e    00000002     ti_msp_dl_config.o (.rodata.gI2C_MPU6050ClockConfig)
                  00007350    00000040     libc.a : s_atan.c.obj (.rodata.cst32)
                  00007390    00000036     linetracker.o (.rodata.str1.14744177954753930382.1)
                  000073c6    00000002     ti_msp_dl_config.o (.rodata.gI2C_OLEDClockConfig)
                  000073c8    00000028     ti_msp_dl_config.o (.rodata.gSYSPLLConfig)
                  000073f0    00000028     inv_mpu.o (.rodata.test)
                  00007418    0000001e     inv_mpu.o (.rodata.reg)
                  00007436    00000018     inv_mpu.o (.rodata.cst8)
                  0000744e    00000002     libc.a : fputs.c.obj (.rodata.str1.16607721268415185390.1)
                  00007450    00000014     ti_msp_dl_config.o (.rodata.gTIMER_CALCTimerConfig)
                  00007464    00000014     ti_msp_dl_config.o (.rodata.gTIMER_TRACKERTimerConfig)
                  00007478    00000012     test.o (.rodata.str1.16833763030739790347.1)
                  0000748a    00000011     test.o (.rodata.str1.12645631988839392328.1)
                  0000749b    00000011     libc.a : _printfi.c.obj (.rodata.str1.15363888844622738466.1)
                  000074ac    00000011     main.o (.rodata.str1.17100691992556644108.1)
                  000074bd    0000000e     test.o (.rodata.str1.13195311622662957337.1)
                  000074cb    0000000d     main.o (.rodata.str1.8154729771448623357.1)
                  000074d8    0000000c     inv_mpu.o (.rodata.hw)
                  000074e4    0000000c     test.o (.rodata.str1.1335728812356649372.1)
                  000074f0    0000000c     test.o (.rodata.str1.14950463916809379384.1)
                  000074fc    0000000c     main.o (.rodata.str1.15159059442110792349.1)
                  00007508    0000000c     test.o (.rodata.str1.1634639314254254172.1)
                  00007514    0000000c     test.o (.rodata.str1.9731162403499759298.1)
                  00007520    0000000b     test.o (.rodata.str1.1101760038331724854.1)
                  0000752b    0000000b     test.o (.rodata.str1.4009026034208557851.1)
                  00007536    0000000a     test.o (.rodata.str1.17939510878530937229.1)
                  00007540    0000000a     test.o (.rodata.str1.4156556961043119304.1)
                  0000754a    00000009     test.o (.rodata.str1.4656267055032104863.1)
                  00007553    00000009     test.o (.rodata.str1.5026231590909624794.1)
                  0000755c    00000008     ti_msp_dl_config.o (.rodata.gPWM_MOTORConfig)
                  00007564    00000008     test.o (.rodata.str1.2354853713941228107.1)
                  0000756c    00000008     test.o (.rodata.str1.8561413997158259161.1)
                  00007574    00000007     test.o (.rodata.str1.18411810119755048747.1)
                  0000757b    00000007     test.o (.rodata.str1.9161419353102014124.1)
                  00007582    00000006     test.o (.rodata.str1.12662698740407545069.1)
                  00007588    00000003     inv_mpu_dmp_motion_driver.o (.rodata..L__const.dmp_set_orientation.accel_axes)
                  0000758b    00000003     inv_mpu_dmp_motion_driver.o (.rodata..L__const.dmp_set_orientation.gyro_axes)
                  0000758e    00000003     ti_msp_dl_config.o (.rodata.gPWM_MOTORClockConfig)
                  00007591    00000003     ti_msp_dl_config.o (.rodata.gTIMER_CALCClockConfig)
                  00007594    00000003     ti_msp_dl_config.o (.rodata.gTIMER_TRACKERClockConfig)
                  00007597    00000001     --HOLE-- [fill = 0]

.init_array 
*          0    00000000    00000000     UNINITIALIZED

.binit     0    00000000    00000000     

.sysmem    0    20200000    00000800     UNINITIALIZED
                  20200000    00000010     libc.a : memory.c.obj (.sysmem)
                  20200010    000007f0     --HOLE--

.bss       0    20200800    00000499     UNINITIALIZED
                  20200800    00000120     libsysbm.a : trgmsg.c.obj (.bss:_CIOBUF_)
                  20200920    000000d4     (.common:g_motorControl)
                  202009f4    000000bc     (.common:gPWM_MOTORBackup)
                  20200ab0    000000bc     (.common:gTIMER_CALCBackup)
                  20200b6c    000000a0     libc.a : defs.c.obj (.bss.__TI_tmpnams)
                  20200c0c    00000028     (.common:oled_buffer)
                  20200c34    00000014     (.common:g_turnDetection)
                  20200c48    00000010     (.common:quat)
                  20200c58    0000000e     (.common:g_lineTracker)
                  20200c66    00000008     libsysbm.a : hostopen.c.obj (.bss.parmbuf)
                  20200c6e    00000006     (.common:accel)
                  20200c74    00000006     (.common:gyro)
                  20200c7a    00000002     (.common:sensors)
                  20200c7c    00000004     libc.a : memory.c.obj (.bss.sys_free)
                  20200c80    00000004     (.common:pitch)
                  20200c84    00000004     (.common:roll)
                  20200c88    00000004     (.common:sensor_timestamp)
                  20200c8c    00000004     (.common:start_time)
                  20200c90    00000004     (.common:tick_ms)
                  20200c94    00000004     (.common:yaw)
                  20200c98    00000001     (.common:more)

.data      0    20200c9c    00000231     UNINITIALIZED
                  20200c9c    000000f0     libc.a : defs.c.obj (.data._ftable)
                  20200d8c    00000078     libsysbm.a : host_device.c.obj (.data._device)
                  20200e04    00000050                : host_device.c.obj (.data._stream)
                  20200e54    0000002c     inv_mpu.o (.data.st)
                  20200e80    00000008     libc.a : exit.c.obj (.data..L_MergedGlobals)
                  20200e88    00000008     Encoder.o (.data.encoder_count)
                  20200e90    00000008     Encoder.o (.data.last_count)
                  20200e98    00000008     Encoder.o (.data.motor_speed_pps)
                  20200ea0    00000008     Encoder.o (.data.motor_speed_rps)
                  20200ea8    00000004     libc.a : defs.c.obj (.data.__TI_ft_end)
                  20200eac    00000004            : aeabi_portable.c.obj (.data.__aeabi_errno)
                  20200eb0    00000004            : _lock.c.obj (.data._lock)
                  20200eb4    00000004            : _lock.c.obj (.data._unlock)
                  20200eb8    00000004     inv_mpu_dmp_motion_driver.o (.data.dmp.0)
                  20200ebc    00000004     inv_mpu_dmp_motion_driver.o (.data.dmp.1)
                  20200ec0    00000002     inv_mpu_dmp_motion_driver.o (.data.dmp.2)
                  20200ec2    00000001     inv_mpu_dmp_motion_driver.o (.data.dmp.5)
                  20200ec3    00000001     Motor.o (.data.pwm_running)
                  20200ec4    00000002     inv_mpu_dmp_motion_driver.o (.data.dmp.3)
                  20200ec6    00000002     --HOLE--
                  20200ec8    00000002     inv_mpu_dmp_motion_driver.o (.data.dmp.4)
                  20200eca    00000002     --HOLE--
                  20200ecc    00000001     libc.a : memory.c.obj (.data.memory_is_initialized)

.stack     0    20207e00    00000200     UNINITIALIZED
                  20207e00    00000004     libc.a : boot_cortex_m.c.obj (.stack)
                  20207e04    000001fc     --HOLE--

__llvm_prf_cnts 
*          0    20200000    00000000     UNINITIALIZED

__llvm_prf_bits 
*          0    20200000    00000000     UNINITIALIZED

MODULE SUMMARY

       Module                         code    ro data   rw data
       ------                         ----    -------   -------
    .\
       ti_msp_dl_config.o             932     101       376    
       startup_mspm0g350x_ticlang.o   6       192       0      
       main.o                         108     42        0      
    +--+------------------------------+-------+---------+---------+
       Total:                         1046    335       376    
                                                               
    .\Drivers\LineTracker\
       linetracker.o                  864     54        14     
       turn_detection.o               292     0         20     
    +--+------------------------------+-------+---------+---------+
       Total:                         1156    54        34     
                                                               
    .\Drivers\MPU6050\
       inv_mpu_dmp_motion_driver.o    1812    3068      15     
       inv_mpu.o                      2968    106       44     
       mspm0_i2c.o                    784     0         0      
       mpu6050.o                      716     0         47     
    +--+------------------------------+-------+---------+---------+
       Total:                         6280    3174      106    
                                                               
    .\Drivers\MSPM0\
       clock.o                        132     0         8      
       interrupt.o                    116     0         0      
    +--+------------------------------+-------+---------+---------+
       Total:                         248     0         8      
                                                               
    .\Drivers\Motor_Encoder_PID\
       motor_control.o                868     0         212    
       Motor.o                        884     0         1      
       Encoder.o                      408     0         32     
       pid.o                          306     0         0      
    +--+------------------------------+-------+---------+---------+
       Total:                         2466    0         245    
                                                               
    .\Drivers\OLED_Hardware_I2C\
       oled_hardware_i2c.o            1686    2072      0      
    +--+------------------------------+-------+---------+---------+
       Total:                         1686    2072      0      
                                                               
    .\Test\
       test.o                         824     193       40     
    +--+------------------------------+-------+---------+---------+
       Total:                         824     193       40     
                                                               
    C:/ti/mspm0_sdk_2_05_00_05/source/ti/driverlib/lib/ticlang/m0p/mspm0g1x0x_g3x0x/driverlib.a
       dl_timer.o                     588     0         0      
       dl_sysctl_mspm0g1x0x_g3x0x.o   288     0         0      
       dl_i2c.o                       192     0         0      
       dl_common.o                    10      0         0      
    +--+------------------------------+-------+---------+---------+
       Total:                         1078    0         0      
                                                               
    C:\ti\ccs2020\ccs\tools\compiler\ti-cgt-armllvm_4.0.3.LTS\lib\armv6m-ti-none-eabi/c/libc.a
       e_asin.c.obj                   908     0         0      
       s_atan.c.obj                   784     64        0      
       memory.c.obj                   702     0         5      
       _printfi.c.obj                 658     17        0      
       defs.c.obj                     0       0         404    
       e_atan2.c.obj                  392     0         0      
       e_sqrt.c.obj                   368     0         0      
       fputs.c.obj                    284     2         0      
       setvbuf.c.obj                  224     0         0      
       getdevice.c.obj                160     0         0      
       memcpy16.S.obj                 154     0         0      
       strcmp-armv6m.S.obj            136     0         0      
       copy_decompress_lzss.c.obj     124     0         0      
       fclose.c.obj                   124     0         0      
       fseek.c.obj                    116     0         0      
       _io_perm.c.obj                 100     0         0      
       memset16.S.obj                 98      0         0      
       sprintf.c.obj                  90      0         0      
       fflush.c.obj                   82      0         0      
       exit.c.obj                     58      0         8      
       autoinit.c.obj                 60      0         0      
       fopen.c.obj                    52      0         0      
       boot_cortex_m.c.obj            40      0         0      
       memccpy.c.obj                  34      0         0      
       copy_decompress_none.c.obj     18      0         0      
       copy_zero_init.c.obj           16      0         0      
       aeabi_portable.c.obj           8       0         4      
       _lock.c.obj                    2       0         8      
       pre_init.c.obj                 4       0         0      
    +--+------------------------------+-------+---------+---------+
       Total:                         5796    83        429    
                                                               
    C:\ti\ccs2020\ccs\tools\compiler\ti-cgt-armllvm_4.0.3.LTS\lib\armv6m-ti-none-eabi/c/libsysbm.a
       trgmsg.c.obj                   104     0         288    
       host_device.c.obj              0       0         200    
       hostrename.c.obj               136     0         0      
       hostlseek.c.obj                108     0         0      
       hostopen.c.obj                 96      0         8      
       hostread.c.obj                 88      0         0      
       hostwrite.c.obj                88      0         0      
       close.c.obj                    80      0         0      
       hostclose.c.obj                72      0         0      
       hostunlink.c.obj               72      0         0      
       unlink.c.obj                   44      0         0      
       lseek.c.obj                    40      0         0      
       write.c.obj                    40      0         0      
       remove.c.obj                   8       0         0      
       hostexit.c.obj                 4       0         0      
    +--+------------------------------+-------+---------+---------+
       Total:                         980     0         496    
                                                               
    C:\ti\ccs2020\ccs\tools\compiler\ti-cgt-armllvm_4.0.3.LTS\lib\armv6m-ti-none-eabi/libclang_rt.builtins.a
       adddf3.S.obj                   418     0         0      
       divdf3.S.obj                   284     0         0      
       muldf3.S.obj                   244     0         0      
       comparedf2.c.obj               220     0         0      
       addsf3.S.obj                   216     0         0      
       mulsf3.S.obj                   140     0         0      
       divsf3.S.obj                   130     0         0      
       comparesf2.S.obj               118     0         0      
       truncdfsf2.S.obj               116     0         0      
       aeabi_dcmp.S.obj               98      0         0      
       aeabi_fcmp.S.obj               98      0         0      
       aeabi_idivmod.S.obj            86      0         0      
       aeabi_uidivmod.S.obj           64      0         0      
       extendsfdf2.S.obj              64      0         0      
       floatsisf.S.obj                60      0         0      
       muldsi3.S.obj                  58      0         0      
       fixsfsi.S.obj                  56      0         0      
       fixunssfsi.S.obj               50      0         0      
       floatunsisf.S.obj              40      0         0      
       aeabi_memset.S.obj             26      0         0      
       aeabi_memcpy.S.obj             8       0         0      
       aeabi_div0.c.obj               2       0         0      
    +--+------------------------------+-------+---------+---------+
       Total:                         2596    0         0      
                                                               
       Heap:                          0       0         2048   
       Stack:                         0       0         512    
       Linker Generated:              0       151       0      
    +--+------------------------------+-------+---------+---------+
       Grand Total:                   24156   6062      4294   


LINKER GENERATED COPY TABLES

__TI_cinit_table @ 00007620 records: 2, size/record: 8, table size: 16
	.data: load addr=00007598, load size=00000073 bytes, run addr=20200c9c, run size=00000231 bytes, compression=lzss
	.bss: load addr=00007618, load size=00000008 bytes, run addr=20200800, run size=00000499 bytes, compression=zero_init


LINKER GENERATED HANDLER TABLE

__TI_handler_table @ 0000760c records: 3, size/record: 4, table size: 12
	index: 0, handler: __TI_decompress_lzss
	index: 1, handler: __TI_decompress_none
	index: 2, handler: __TI_zero_init


FAR CALL TRAMPOLINES

callee name               trampoline name
   callee addr  tramp addr   call addr  call info
--------------  -----------  ---------  ----------------
__aeabi_dmul              $Tramp$TT$L$PI$$__aeabi_dmul
   000035e5     00005e88     00005e86   libc.a : e_asin.c.obj (.text.OUTLINED_FUNCTION_0)
                             00005ea0          : s_atan.c.obj (.text.OUTLINED_FUNCTION_0)
                             00005eaa          : e_asin.c.obj (.text.OUTLINED_FUNCTION_1)
                             00005ed8          : s_atan.c.obj (.text.OUTLINED_FUNCTION_2)
                             00005f18          : e_asin.c.obj (.text.OUTLINED_FUNCTION_2)
__aeabi_ddiv              $Tramp$TT$L$PI$$__aeabi_ddiv
   00002c49     00005eb8     00005eb4   libc.a : e_asin.c.obj (.text.OUTLINED_FUNCTION_3)
__aeabi_dadd              $Tramp$TT$L$PI$$__aeabi_dadd
   00001c63     00005f04     00005f00   libc.a : s_atan.c.obj (.text.OUTLINED_FUNCTION_1)
                             00005f26          : e_asin.c.obj (.text.OUTLINED_FUNCTION_4)

[3 trampolines]
[8 trampoline calls]


GLOBAL SYMBOLS: SORTED ALPHABETICALLY BY Name 

address   name                                 
-------   ----                                 
00001deb  ADC0_IRQHandler                      
00001deb  ADC1_IRQHandler                      
00001deb  AES_IRQHandler                       
00005f20  C$$EXIT                              
0000595d  C$$IO$$                              
00001deb  CANFD0_IRQHandler                    
00001deb  DAC0_IRQHandler                      
00005e75  DL_Common_delayCycles                
000050e1  DL_I2C_fillControllerTXFIFO          
000055dd  DL_I2C_flushControllerTXFIFO         
00005b89  DL_I2C_setClockConfig                
0000388d  DL_SYSCTL_configSYSPLL               
00005519  DL_SYSCTL_switchMCLKfromSYSOSCtoHSCLK
00002d55  DL_Timer_initFourCCPWMMode           
00003415  DL_Timer_initTimerMode               
00005c5d  DL_Timer_setCaptCompUpdateMethod     
00005d05  DL_Timer_setCaptureCompareOutCtl     
00005db1  DL_Timer_setCaptureCompareValue      
00005c79  DL_Timer_setClockConfig              
00001deb  DMA_IRQHandler                       
00001deb  Default_Handler                      
00005d65  Encoder_GetSpeed_PPS                 
00003e61  Encoder_IRQHandler                   
00005141  Encoder_Init                         
00004fc1  Encoder_Timer_IRQHandler             
00001deb  GROUP0_IRQHandler                    
00005745  GROUP1_IRQHandler                    
00005489  HOSTclose                            
00005f21  HOSTexit                             
00004a79  HOSTlseek                            
00005021  HOSTopen                             
0000519d  HOSTread                             
00004ae5  HOSTrename                           
000054d1  HOSTunlink                           
000051f5  HOSTwrite                            
00001deb  HardFault_Handler                    
00001deb  I2C0_IRQHandler                      
00001deb  I2C1_IRQHandler                      
00003f29  LineTracker_GetLineState             
00005bb1  LineTracker_Init                     
00001ded  LineTracker_ReadSensors              
0000323d  LineTracker_ReadSensors_Interrupt    
00003ff1  MPU6050_Init                         
000040a9  MotorControl_Init                    
00005895  MotorControl_SetBaseSpeed            
0000577d  MotorControl_SetMode                 
00005dc1  MotorControl_SetSpeedTarget          
00001489  MotorControl_Update                  
00004629  Motor_Init                           
00001249  Motor_Set_Pwm                        
0000415d  Motor_Stop                           
00001deb  NMI_Handler                          
00002659  OLED_Clear                           
00000a55  OLED_Init                            
00003969  OLED_ShowChar                        
00004829  OLED_ShowString                      
0000279d  OLED_WR_Byte                         
00002e59  PID_Calculate                        
00005c95  PID_Init                             
00005d8d  PID_Reset                            
00005f29  PID_SetTarget                        
00001deb  PendSV_Handler                       
00001deb  RTC_IRQHandler                       
000016bd  Read_Quad                            
00005f2d  Reset_Handler                        
00001deb  SPI0_IRQHandler                      
00001deb  SPI1_IRQHandler                      
00001deb  SVC_Handler                          
00003cc9  SYSCFG_DL_GPIO_init                  
000052a5  SYSCFG_DL_I2C_MPU6050_init           
000052f9  SYSCFG_DL_I2C_OLED_init              
000043f9  SYSCFG_DL_PWM_MOTOR_init             
00004a09  SYSCFG_DL_SYSCTL_init                
000053f1  SYSCFG_DL_TIMER_CALC_init            
0000543d  SYSCFG_DL_TIMER_TRACKER_init         
000057b5  SYSCFG_DL_init                       
00005081  SYSCFG_DL_initPower                  
00005dd1  SysTick_Handler                      
000057ed  SysTick_Init                         
00001deb  TIMA0_IRQHandler                     
00005d1d  TIMA1_IRQHandler                     
00001deb  TIMG0_IRQHandler                     
00001deb  TIMG12_IRQHandler                    
00001deb  TIMG6_IRQHandler                     
00001deb  TIMG7_IRQHandler                     
00005d79  TIMG8_IRQHandler                     
00000425  Test_Square_Movement_Hybrid          
00005a69  TurnDetection_Init                   
00005e39  TurnDetection_IsTurnReady            
00005c1d  TurnDetection_Reset                  
00003d95  TurnDetection_Update                 
00001deb  UART0_IRQHandler                     
00001deb  UART1_IRQHandler                     
00001deb  UART2_IRQHandler                     
00001deb  UART3_IRQHandler                     
20200800  _CIOBUF_                             
20200800  __CIOBUF_                            
20208000  __STACK_END                          
00000200  __STACK_SIZE                         
00000800  __SYSMEM_SIZE                        
00000000  __TI_ATRegion0_region_sz             
00000000  __TI_ATRegion0_src_addr              
00000000  __TI_ATRegion0_trg_addr              
00000000  __TI_ATRegion1_region_sz             
00000000  __TI_ATRegion1_src_addr              
00000000  __TI_ATRegion1_trg_addr              
00000000  __TI_ATRegion2_region_sz             
00000000  __TI_ATRegion2_src_addr              
00000000  __TI_ATRegion2_trg_addr              
00007620  __TI_CINIT_Base                      
00007630  __TI_CINIT_Limit                     
00007630  __TI_CINIT_Warm                      
0000760c  __TI_Handler_Table_Base              
00007618  __TI_Handler_Table_Limit             
00005691  __TI_auto_init_nobinit_nopinit       
000058c9  __TI_cleanup                         
20200e80  __TI_cleanup_ptr                     
00004731  __TI_closefile                       
000047ad  __TI_decompress_lzss                 
00005d9f  __TI_decompress_none                 
0000534d  __TI_doflush                         
20200e84  __TI_dtors_ptr                       
20200ea8  __TI_ft_end                          
ffffffff  __TI_pprof_out_hndl                  
00000fc5  __TI_printfi_minimal                 
ffffffff  __TI_prof_data_size                  
ffffffff  __TI_prof_data_start                 
000058fd  __TI_readmsg                         
00000000  __TI_static_base__                   
20200b6c  __TI_tmpnams                         
00005931  __TI_writemsg                        
00004dd1  __TI_wrt_ok                          
00005de1  __TI_zero_init                       
00001c63  __adddf3                             
00003b2b  __addsf3                             
00004921  __aeabi_d2f                          
00001c63  __aeabi_dadd                         
00004e99  __aeabi_dcmpeq                       
00004ed5  __aeabi_dcmpge                       
00004ee9  __aeabi_dcmpgt                       
00004ec1  __aeabi_dcmple                       
00004ead  __aeabi_dcmplt                       
00002c49  __aeabi_ddiv                         
000035e5  __aeabi_dmul                         
00001c59  __aeabi_dsub                         
20200eac  __aeabi_errno                        
00004919  __aeabi_errno_addr                   
0000559d  __aeabi_f2d                          
00005825  __aeabi_f2iz                         
00005a35  __aeabi_f2uiz                        
00003b2b  __aeabi_fadd                         
00004efd  __aeabi_fcmpeq                       
00004f39  __aeabi_fcmpge                       
00004f4d  __aeabi_fcmpgt                       
00004f25  __aeabi_fcmple                       
00004f11  __aeabi_fcmplt                       
000046ad  __aeabi_fdiv                         
00004489  __aeabi_fmul                         
00003b21  __aeabi_fsub                         
00005619  __aeabi_i2f                          
0000524d  __aeabi_idiv                         
000043f7  __aeabi_idiv0                        
0000524d  __aeabi_idivmod                      
00005e45  __aeabi_memclr                       
00005e45  __aeabi_memclr4                      
00005e45  __aeabi_memclr8                      
00005edd  __aeabi_memcpy                       
00005edd  __aeabi_memcpy4                      
00005edd  __aeabi_memcpy8                      
00005e01  __aeabi_memset                       
00005e01  __aeabi_memset4                      
00005e01  __aeabi_memset8                      
00005ac1  __aeabi_ui2f                         
0000555d  __aeabi_uidiv                        
0000555d  __aeabi_uidivmod                     
ffffffff  __binit__                            
00004d01  __cmpdf2                             
000056cd  __cmpsf2                             
00002c49  __divdf3                             
000046ad  __divsf3                             
00004d01  __eqdf2                              
000056cd  __eqsf2                              
0000559d  __extendsfdf2                        
00005825  __fixsfsi                            
00005a35  __fixunssfsi                         
00005619  __floatsisf                          
00005ac1  __floatunsisf                        
000048a5  __gedf2                              
00005655  __gesf2                              
000048a5  __gtdf2                              
00005655  __gtsf2                              
00004d01  __ledf2                              
000056cd  __lesf2                              
00004d01  __ltdf2                              
000056cd  __ltsf2                              
UNDEFED   __mpu_init                           
000035e5  __muldf3                             
00005709  __muldsi3                            
00004489  __mulsf3                             
00004d01  __nedf2                              
000056cd  __nesf2                              
20207e00  __stack                              
20200000  __start___llvm_prf_bits              
20200000  __start___llvm_prf_cnts              
20200000  __stop___llvm_prf_bits               
20200000  __stop___llvm_prf_cnts               
00001c59  __subdf3                             
00003b21  __subsf3                             
00004921  __truncdfsf2                         
00005b61  _c_int00_noargs                      
20200d8c  _device                              
20200c9c  _ftable                              
20200eb0  _lock                                
0000472f  _nop                                 
20200e04  _stream                              
20200000  _sys_memory                          
UNDEFED   _system_post_cinit                   
00005f31  _system_pre_init                     
20200eb4  _unlock                              
00005f1b  abort                                
20200c6e  accel                                
00002b35  aligned_alloc                        
00007126  asc2_0806                            
00006b36  asc2_1608                            
000000c1  asin                                 
000000c1  asinl                                
0000075d  atan                                 
00001f75  atan2                                
00001f75  atan2l                               
0000075d  atanl                                
ffffffff  binit                                
000053a1  close                                
00005ee5  delay_ms                             
00000d15  dmp_enable_feature                   
00005cb1  dmp_load_motion_driver_firmware      
00001ab1  dmp_read_fifo                        
00005e51  dmp_register_android_orient_cb       
00005e5d  dmp_register_tap_cb                  
00004d69  dmp_set_fifo_rate                    
00003329  dmp_set_orientation                  
000028d1  dmp_set_tap_thresh                   
00005965  exit                                 
00005999  finddevice                           
00002f59  fputs                                
000034fd  free                                 
00005eed  fseek                                
00004b51  fseeko                               
202009f4  gPWM_MOTORBackup                     
20200ab0  gTIMER_CALCBackup                    
20200c58  g_lineTracker                        
20200920  g_motorControl                       
20200c34  g_turnDetection                      
00004bbd  getdevice                            
20200c74  gyro                                 
000074d8  hw                                   
00000000  interruptVectors                     
00005b11  lseek                                
00004c29  main                                 
00005e69  malloc                               
00002b35  memalign                             
00005bf9  memccpy                              
0000435d  memcpy                               
00004f5f  memset                               
20200c98  more                                 
00004515  mpu6050_i2c_sda_unlock               
0000420d  mpu_configure_fifo                   
000059cd  mpu_get_accel_fsr                    
00005c3d  mpu_get_gyro_fsr                     
00005ce9  mpu_get_sample_rate                  
00003149  mpu_init                             
00002511  mpu_load_firmware                    
000018cd  mpu_lp_accel_mode                    
000042b9  mpu_read_fifo_stream                 
000023c1  mpu_reset_fifo                       
00003051  mpu_set_bypass                       
00003bf9  mpu_set_dmp_state                    
00004995  mpu_set_lpf                          
000036c9  mpu_set_sample_rate                  
00003a45  mpu_set_sensors                      
00004c95  mpu_write_mem                        
00005a01  mspm0_delay_ms                       
00005d4d  mspm0_get_clock_ms                   
0000226d  mspm0_i2c_read                       
00002a05  mspm0_i2c_write                      
20200c0c  oled_buffer                          
20200c66  parmbuf                              
20200c80  pitch                                
00005bd5  puts                                 
20200c48  quat                                 
00007418  reg                                  
00005ef5  remove                               
20200c84  roll                                 
20200c88  sensor_timestamp                     
20200c7a  sensors                              
000037ad  setvbuf                              
0000585d  sprintf                              
000020fd  sqrt                                 
000020fd  sqrtl                                
20200c8c  start_time                           
000045a1  strcmp                               
000073f0  test                                 
20200c90  tick_ms                              
00005a95  unlink                               
00005b39  write                                
20200c94  yaw                                  


GLOBAL SYMBOLS: SORTED BY Symbol Address 

address   name                                 
-------   ----                                 
00000000  __TI_ATRegion0_region_sz             
00000000  __TI_ATRegion0_src_addr              
00000000  __TI_ATRegion0_trg_addr              
00000000  __TI_ATRegion1_region_sz             
00000000  __TI_ATRegion1_src_addr              
00000000  __TI_ATRegion1_trg_addr              
00000000  __TI_ATRegion2_region_sz             
00000000  __TI_ATRegion2_src_addr              
00000000  __TI_ATRegion2_trg_addr              
00000000  __TI_static_base__                   
00000000  interruptVectors                     
000000c1  asin                                 
000000c1  asinl                                
00000200  __STACK_SIZE                         
00000425  Test_Square_Movement_Hybrid          
0000075d  atan                                 
0000075d  atanl                                
00000800  __SYSMEM_SIZE                        
00000a55  OLED_Init                            
00000d15  dmp_enable_feature                   
00000fc5  __TI_printfi_minimal                 
00001249  Motor_Set_Pwm                        
00001489  MotorControl_Update                  
000016bd  Read_Quad                            
000018cd  mpu_lp_accel_mode                    
00001ab1  dmp_read_fifo                        
00001c59  __aeabi_dsub                         
00001c59  __subdf3                             
00001c63  __adddf3                             
00001c63  __aeabi_dadd                         
00001deb  ADC0_IRQHandler                      
00001deb  ADC1_IRQHandler                      
00001deb  AES_IRQHandler                       
00001deb  CANFD0_IRQHandler                    
00001deb  DAC0_IRQHandler                      
00001deb  DMA_IRQHandler                       
00001deb  Default_Handler                      
00001deb  GROUP0_IRQHandler                    
00001deb  HardFault_Handler                    
00001deb  I2C0_IRQHandler                      
00001deb  I2C1_IRQHandler                      
00001deb  NMI_Handler                          
00001deb  PendSV_Handler                       
00001deb  RTC_IRQHandler                       
00001deb  SPI0_IRQHandler                      
00001deb  SPI1_IRQHandler                      
00001deb  SVC_Handler                          
00001deb  TIMA0_IRQHandler                     
00001deb  TIMG0_IRQHandler                     
00001deb  TIMG12_IRQHandler                    
00001deb  TIMG6_IRQHandler                     
00001deb  TIMG7_IRQHandler                     
00001deb  UART0_IRQHandler                     
00001deb  UART1_IRQHandler                     
00001deb  UART2_IRQHandler                     
00001deb  UART3_IRQHandler                     
00001ded  LineTracker_ReadSensors              
00001f75  atan2                                
00001f75  atan2l                               
000020fd  sqrt                                 
000020fd  sqrtl                                
0000226d  mspm0_i2c_read                       
000023c1  mpu_reset_fifo                       
00002511  mpu_load_firmware                    
00002659  OLED_Clear                           
0000279d  OLED_WR_Byte                         
000028d1  dmp_set_tap_thresh                   
00002a05  mspm0_i2c_write                      
00002b35  aligned_alloc                        
00002b35  memalign                             
00002c49  __aeabi_ddiv                         
00002c49  __divdf3                             
00002d55  DL_Timer_initFourCCPWMMode           
00002e59  PID_Calculate                        
00002f59  fputs                                
00003051  mpu_set_bypass                       
00003149  mpu_init                             
0000323d  LineTracker_ReadSensors_Interrupt    
00003329  dmp_set_orientation                  
00003415  DL_Timer_initTimerMode               
000034fd  free                                 
000035e5  __aeabi_dmul                         
000035e5  __muldf3                             
000036c9  mpu_set_sample_rate                  
000037ad  setvbuf                              
0000388d  DL_SYSCTL_configSYSPLL               
00003969  OLED_ShowChar                        
00003a45  mpu_set_sensors                      
00003b21  __aeabi_fsub                         
00003b21  __subsf3                             
00003b2b  __addsf3                             
00003b2b  __aeabi_fadd                         
00003bf9  mpu_set_dmp_state                    
00003cc9  SYSCFG_DL_GPIO_init                  
00003d95  TurnDetection_Update                 
00003e61  Encoder_IRQHandler                   
00003f29  LineTracker_GetLineState             
00003ff1  MPU6050_Init                         
000040a9  MotorControl_Init                    
0000415d  Motor_Stop                           
0000420d  mpu_configure_fifo                   
000042b9  mpu_read_fifo_stream                 
0000435d  memcpy                               
000043f7  __aeabi_idiv0                        
000043f9  SYSCFG_DL_PWM_MOTOR_init             
00004489  __aeabi_fmul                         
00004489  __mulsf3                             
00004515  mpu6050_i2c_sda_unlock               
000045a1  strcmp                               
00004629  Motor_Init                           
000046ad  __aeabi_fdiv                         
000046ad  __divsf3                             
0000472f  _nop                                 
00004731  __TI_closefile                       
000047ad  __TI_decompress_lzss                 
00004829  OLED_ShowString                      
000048a5  __gedf2                              
000048a5  __gtdf2                              
00004919  __aeabi_errno_addr                   
00004921  __aeabi_d2f                          
00004921  __truncdfsf2                         
00004995  mpu_set_lpf                          
00004a09  SYSCFG_DL_SYSCTL_init                
00004a79  HOSTlseek                            
00004ae5  HOSTrename                           
00004b51  fseeko                               
00004bbd  getdevice                            
00004c29  main                                 
00004c95  mpu_write_mem                        
00004d01  __cmpdf2                             
00004d01  __eqdf2                              
00004d01  __ledf2                              
00004d01  __ltdf2                              
00004d01  __nedf2                              
00004d69  dmp_set_fifo_rate                    
00004dd1  __TI_wrt_ok                          
00004e99  __aeabi_dcmpeq                       
00004ead  __aeabi_dcmplt                       
00004ec1  __aeabi_dcmple                       
00004ed5  __aeabi_dcmpge                       
00004ee9  __aeabi_dcmpgt                       
00004efd  __aeabi_fcmpeq                       
00004f11  __aeabi_fcmplt                       
00004f25  __aeabi_fcmple                       
00004f39  __aeabi_fcmpge                       
00004f4d  __aeabi_fcmpgt                       
00004f5f  memset                               
00004fc1  Encoder_Timer_IRQHandler             
00005021  HOSTopen                             
00005081  SYSCFG_DL_initPower                  
000050e1  DL_I2C_fillControllerTXFIFO          
00005141  Encoder_Init                         
0000519d  HOSTread                             
000051f5  HOSTwrite                            
0000524d  __aeabi_idiv                         
0000524d  __aeabi_idivmod                      
000052a5  SYSCFG_DL_I2C_MPU6050_init           
000052f9  SYSCFG_DL_I2C_OLED_init              
0000534d  __TI_doflush                         
000053a1  close                                
000053f1  SYSCFG_DL_TIMER_CALC_init            
0000543d  SYSCFG_DL_TIMER_TRACKER_init         
00005489  HOSTclose                            
000054d1  HOSTunlink                           
00005519  DL_SYSCTL_switchMCLKfromSYSOSCtoHSCLK
0000555d  __aeabi_uidiv                        
0000555d  __aeabi_uidivmod                     
0000559d  __aeabi_f2d                          
0000559d  __extendsfdf2                        
000055dd  DL_I2C_flushControllerTXFIFO         
00005619  __aeabi_i2f                          
00005619  __floatsisf                          
00005655  __gesf2                              
00005655  __gtsf2                              
00005691  __TI_auto_init_nobinit_nopinit       
000056cd  __cmpsf2                             
000056cd  __eqsf2                              
000056cd  __lesf2                              
000056cd  __ltsf2                              
000056cd  __nesf2                              
00005709  __muldsi3                            
00005745  GROUP1_IRQHandler                    
0000577d  MotorControl_SetMode                 
000057b5  SYSCFG_DL_init                       
000057ed  SysTick_Init                         
00005825  __aeabi_f2iz                         
00005825  __fixsfsi                            
0000585d  sprintf                              
00005895  MotorControl_SetBaseSpeed            
000058c9  __TI_cleanup                         
000058fd  __TI_readmsg                         
00005931  __TI_writemsg                        
0000595d  C$$IO$$                              
00005965  exit                                 
00005999  finddevice                           
000059cd  mpu_get_accel_fsr                    
00005a01  mspm0_delay_ms                       
00005a35  __aeabi_f2uiz                        
00005a35  __fixunssfsi                         
00005a69  TurnDetection_Init                   
00005a95  unlink                               
00005ac1  __aeabi_ui2f                         
00005ac1  __floatunsisf                        
00005b11  lseek                                
00005b39  write                                
00005b61  _c_int00_noargs                      
00005b89  DL_I2C_setClockConfig                
00005bb1  LineTracker_Init                     
00005bd5  puts                                 
00005bf9  memccpy                              
00005c1d  TurnDetection_Reset                  
00005c3d  mpu_get_gyro_fsr                     
00005c5d  DL_Timer_setCaptCompUpdateMethod     
00005c79  DL_Timer_setClockConfig              
00005c95  PID_Init                             
00005cb1  dmp_load_motion_driver_firmware      
00005ce9  mpu_get_sample_rate                  
00005d05  DL_Timer_setCaptureCompareOutCtl     
00005d1d  TIMA1_IRQHandler                     
00005d4d  mspm0_get_clock_ms                   
00005d65  Encoder_GetSpeed_PPS                 
00005d79  TIMG8_IRQHandler                     
00005d8d  PID_Reset                            
00005d9f  __TI_decompress_none                 
00005db1  DL_Timer_setCaptureCompareValue      
00005dc1  MotorControl_SetSpeedTarget          
00005dd1  SysTick_Handler                      
00005de1  __TI_zero_init                       
00005e01  __aeabi_memset                       
00005e01  __aeabi_memset4                      
00005e01  __aeabi_memset8                      
00005e39  TurnDetection_IsTurnReady            
00005e45  __aeabi_memclr                       
00005e45  __aeabi_memclr4                      
00005e45  __aeabi_memclr8                      
00005e51  dmp_register_android_orient_cb       
00005e5d  dmp_register_tap_cb                  
00005e69  malloc                               
00005e75  DL_Common_delayCycles                
00005edd  __aeabi_memcpy                       
00005edd  __aeabi_memcpy4                      
00005edd  __aeabi_memcpy8                      
00005ee5  delay_ms                             
00005eed  fseek                                
00005ef5  remove                               
00005f1b  abort                                
00005f20  C$$EXIT                              
00005f21  HOSTexit                             
00005f29  PID_SetTarget                        
00005f2d  Reset_Handler                        
00005f31  _system_pre_init                     
00006b36  asc2_1608                            
00007126  asc2_0806                            
000073f0  test                                 
00007418  reg                                  
000074d8  hw                                   
0000760c  __TI_Handler_Table_Base              
00007618  __TI_Handler_Table_Limit             
00007620  __TI_CINIT_Base                      
00007630  __TI_CINIT_Limit                     
00007630  __TI_CINIT_Warm                      
20200000  __start___llvm_prf_bits              
20200000  __start___llvm_prf_cnts              
20200000  __stop___llvm_prf_bits               
20200000  __stop___llvm_prf_cnts               
20200000  _sys_memory                          
20200800  _CIOBUF_                             
20200800  __CIOBUF_                            
20200920  g_motorControl                       
202009f4  gPWM_MOTORBackup                     
20200ab0  gTIMER_CALCBackup                    
20200b6c  __TI_tmpnams                         
20200c0c  oled_buffer                          
20200c34  g_turnDetection                      
20200c48  quat                                 
20200c58  g_lineTracker                        
20200c66  parmbuf                              
20200c6e  accel                                
20200c74  gyro                                 
20200c7a  sensors                              
20200c80  pitch                                
20200c84  roll                                 
20200c88  sensor_timestamp                     
20200c8c  start_time                           
20200c90  tick_ms                              
20200c94  yaw                                  
20200c98  more                                 
20200c9c  _ftable                              
20200d8c  _device                              
20200e04  _stream                              
20200e80  __TI_cleanup_ptr                     
20200e84  __TI_dtors_ptr                       
20200ea8  __TI_ft_end                          
20200eac  __aeabi_errno                        
20200eb0  _lock                                
20200eb4  _unlock                              
20207e00  __stack                              
20208000  __STACK_END                          
ffffffff  __TI_pprof_out_hndl                  
ffffffff  __TI_prof_data_size                  
ffffffff  __TI_prof_data_start                 
ffffffff  __binit__                            
ffffffff  binit                                
UNDEFED   __mpu_init                           
UNDEFED   _system_post_cinit                   

[305 symbols]
