******************************************************************************
            TI ARM Clang Linker PC v4.0.3                      
******************************************************************************
>> Linked Tue Jul 22 16:15:39 2025

OUTPUT FILE NAME:   <mspm0-modules-car.out>
ENTRY POINT SYMBOL: "_c_int00_noargs"  address: 00005255


MEMORY CONFIGURATION

         name            origin    length      used     unused   attr    fill
----------------------  --------  ---------  --------  --------  ----  --------
  FLASH                 00000000   00020000  000068e8  00019718  R  X
  SRAM                  20200000   00008000  0000047b  00007b85  RW X
  BCR_CONFIG            41c00000   000000ff  00000000  000000ff  R   
  BSL_CONFIG            41c00100   00000080  00000000  00000080  R   


SEGMENT ALLOCATION MAP

run origin  load origin   length   init length attrs members
----------  ----------- ---------- ----------- ----- -------
00000000    00000000    000068e8   000068e8    r-x
  00000000    00000000    000000c0   000000c0    r-- .intvecs
  000000c0    000000c0    00005b10   00005b10    r-x .text
  00005bd0    00005bd0    00000cd8   00000cd8    r-- .rodata
  000068a8    000068a8    00000040   00000040    r-- .cinit
20200000    20200000    0000027c   00000000    rw-
  20200000    20200000    0000020b   00000000    rw- .bss
  2020020c    2020020c    00000070   00000000    rw- .data
20207e00    20207e00    00000200   00000000    rw-
  20207e00    20207e00    00000200   00000000    rw- .stack


SECTION ALLOCATION MAP

 output                                  attributes/
section   page    origin      length       input sections
--------  ----  ----------  ----------   ----------------
.intvecs   0    00000000    000000c0     
                  00000000    000000c0     startup_mspm0g350x_ticlang.o (.intvecs)

.text      0    000000c0    00005b10     
                  000000c0    00000364     libc.a : e_asin.c.obj (.text.asin)
                  00000424    000002f8            : s_atan.c.obj (.text.atan)
                  0000071c    00000278     inv_mpu_dmp_motion_driver.o (.text.dmp_enable_feature)
                  00000994    00000238     inv_mpu_dmp_motion_driver.o (.text.dmp_set_tap_thresh)
                  00000bcc    0000022c     mpu6050.o (.text.Read_Quad)
                  00000df8    0000022c     inv_mpu.o (.text.mpu_reset_fifo)
                  00001024    000001f4     inv_mpu_dmp_motion_driver.o (.text.dmp_read_fifo)
                  00001218    000001c8     ti_msp_dl_config.o (.text.SYSCFG_DL_GPIO_init)
                  000013e0    000001a0     inv_mpu.o (.text.mpu_set_bypass)
                  00001580    00000192     libclang_rt.builtins.a : adddf3.S.obj (.text.adddf3_subdf3)
                  00001712    00000002                            : aeabi_div0.c.obj (.text.__aeabi_idiv0)
                  00001714    00000188     Encoder.o (.text.Encoder_IRQHandler)
                  0000189c    00000188     libc.a : e_atan2.c.obj (.text.atan2)
                  00001a24    00000178     inv_mpu_dmp_motion_driver.o (.text.dmp_set_orientation)
                  00001b9c    00000170     libc.a : e_sqrt.c.obj (.text.sqrt)
                  00001d0c    00000148     mpu6050.o (.text.MPU6050_Init)
                  00001e54    00000134     mspm0_i2c.o (.text.mspm0_i2c_read)
                  00001f88    00000130     inv_mpu.o (.text.mpu_set_sensors)
                  000020b8    00000128     inv_mpu.o (.text.mpu_init)
                  000021e0    00000124     inv_mpu.o (.text.mpu_load_firmware)
                  00002304    00000110     oled_hardware_i2c.o (.text.OLED_Init)
                  00002414    0000010c     libclang_rt.builtins.a : divdf3.S.obj (.text.__divdf3)
                  00002520    00000108     inv_mpu.o (.text.mpu_read_fifo_stream)
                  00002628    00000104     driverlib.a : dl_timer.o (.text.DL_Timer_initFourCCPWMMode)
                  0000272c    00000100     inv_mpu.o (.text.mpu_lp_accel_mode)
                  0000282c    000000ec     inv_mpu.o (.text.mpu_set_sample_rate)
                  00002918    000000e8     driverlib.a : dl_timer.o (.text.DL_Timer_initTimerMode)
                  00002a00    000000e8     Motor.o (.text.Motor_SetDirection)
                  00002ae8    000000e4     libclang_rt.builtins.a : muldf3.S.obj (.text.__muldf3)
                  00002bcc    000000e4     inv_mpu.o (.text.mpu_set_accel_fsr)
                  00002cb0    000000dc     driverlib.a : dl_sysctl_mspm0g1x0x_g3x0x.o (.text.DL_SYSCTL_configSYSPLL)
                  00002d8c    000000d8     libclang_rt.builtins.a : addsf3.S.obj (.text)
                  00002e64    000000d4     inv_mpu.o (.text.set_int_enable)
                  00002f38    000000d0     inv_mpu.o (.text.mpu_set_lpf)
                  00003008    000000c4     inv_mpu.o (.text.mpu_set_gyro_fsr)
                  000030cc    000000c4     mspm0_i2c.o (.text.mspm0_i2c_write)
                  00003190    000000c0     Motor.o (.text.Motor_Run)
                  00003250    000000bc     inv_mpu.o (.text.mpu_configure_fifo)
                  0000330c    000000b8     PID.o (.text.PID_Calculate)
                  000033c4    000000b8     inv_mpu.o (.text.mpu_set_dmp_state)
                  0000347c    000000ac     inv_mpu.o (.text.mpu_read_mem)
                  00003528    000000ac     inv_mpu.o (.text.mpu_write_mem)
                  000035d4    0000009c     inv_mpu.o (.text.mpu_set_int_latched)
                  00003670    00000098     oled_hardware_i2c.o (.text.OLED_WR_Byte)
                  00003708    00000098     inv_mpu_dmp_motion_driver.o (.text.dmp_set_fifo_rate)
                  000037a0    00000096     mpu6050.o (.text.inv_row_2_scale)
                  00003836    00000002     --HOLE-- [fill = 0]
                  00003838    00000090     Motor.o (.text.Motor_SetPWM)
                  000038c8    00000090     ti_msp_dl_config.o (.text.SYSCFG_DL_PWM_MOTOR_init)
                  00003958    0000008c     MotorControl.o (.text.MotorControl_Update)
                  000039e4    0000008c     libclang_rt.builtins.a : mulsf3.S.obj (.text.__mulsf3)
                  00003a70    0000008c     inv_mpu_dmp_motion_driver.o (.text.decode_gesture)
                  00003afc    00000084     clock.o (.text.__NVIC_SetPriority)
                  00003b80    00000084     ti_msp_dl_config.o (.text.__NVIC_SetPriority)
                  00003c04    00000082     libclang_rt.builtins.a : divsf3.S.obj (.text.__divsf3)
                  00003c86    00000002     --HOLE-- [fill = 0]
                  00003c88    00000080     PID.o (.text.PID_Init)
                  00003d08    0000007c     ti_msp_dl_config.o (.text.SYSCFG_DL_initPower)
                  00003d84    0000007c     libc.a : copy_decompress_lzss.c.obj (.text:decompress:lzss)
                  00003e00    00000078     MotorControl.o (.text.MotorControl_Init)
                  00003e78    00000074     libclang_rt.builtins.a : comparedf2.c.obj (.text.__gedf2)
                  00003eec    00000004     startup_mspm0g350x_ticlang.o (.text.Default_Handler)
                  00003ef0    00000074     libclang_rt.builtins.a : truncdfsf2.S.obj (.text.__truncdfsf2)
                  00003f64    00000074     inv_mpu.o (.text.mpu_get_accel_fsr)
                  00003fd8    0000006c     Encoder.o (.text.Encoder_Init)
                  00004044    0000006c     Motor.o (.text.Motor_Stop)
                  000040b0    0000006a     oled_hardware_i2c.o (.text.OLED_Clear)
                  0000411a    00000002     --HOLE-- [fill = 0]
                  0000411c    00000068     Encoder.o (.text.Encoder_Timer_IRQHandler)
                  00004184    00000068     libclang_rt.builtins.a : comparedf2.c.obj (.text.__ledf2)
                  000041ec    00000066     inv_mpu_dmp_motion_driver.o (.text.dmp_set_tap_axes)
                  00004252    00000002     --HOLE-- [fill = 0]
                  00004254    00000062     libclang_rt.builtins.a : aeabi_dcmp.S.obj (.text.__aeabi_dcmp)
                  000042b6    00000002     --HOLE-- [fill = 0]
                  000042b8    00000062                            : aeabi_fcmp.S.obj (.text.__aeabi_fcmp)
                  0000431a    00000002     --HOLE-- [fill = 0]
                  0000431c    00000060     inv_mpu_dmp_motion_driver.o (.text.dmp_enable_gyro_cal)
                  0000437c    00000060     mspm0_i2c.o (.text.mpu6050_i2c_sda_unlock)
                  000043dc    00000060     inv_mpu.o (.text.mpu_get_gyro_fsr)
                  0000443c    00000060     oled_hardware_i2c.o (.text.oled_i2c_sda_unlock)
                  0000449c    0000005e     driverlib.a : dl_i2c.o (.text.DL_I2C_fillControllerTXFIFO)
                  000044fa    00000002     --HOLE-- [fill = 0]
                  000044fc    0000005c     mspm0_i2c.o (.text.mspm0_i2c_enable)
                  00004558    0000005c     oled_hardware_i2c.o (.text.mspm0_i2c_enable)
                  000045b4    00000058     ti_msp_dl_config.o (.text.SYSCFG_DL_I2C_MPU6050_init)
                  0000460c    00000058     ti_msp_dl_config.o (.text.SYSCFG_DL_I2C_OLED_init)
                  00004664    00000056     libclang_rt.builtins.a : aeabi_idivmod.S.obj (.text.__aeabi_idivmod)
                  000046ba    00000002     --HOLE-- [fill = 0]
                  000046bc    00000054     interrupt.o (.text.GROUP1_IRQHandler)
                  00004710    00000050     mspm0_i2c.o (.text.DL_I2C_startControllerTransfer)
                  00004760    00000050     oled_hardware_i2c.o (.text.DL_I2C_startControllerTransfer)
                  000047b0    00000050     clock.o (.text.SysTick_Config)
                  00004800    00000048     ti_msp_dl_config.o (.text.SYSCFG_DL_SYSCTL_init)
                  00004848    00000048     inv_mpu_dmp_motion_driver.o (.text.dmp_enable_6x_lp_quat)
                  00004890    00000048     inv_mpu_dmp_motion_driver.o (.text.dmp_enable_lp_quat)
                  000048d8    00000048     oled_hardware_i2c.o (.text.mspm0_i2c_disable)
                  00004920    00000044     driverlib.a : dl_sysctl_mspm0g1x0x_g3x0x.o (.text.DL_SYSCTL_switchMCLKfromSYSOSCtoHSCLK)
                  00004964    00000044     PID.o (.text.PID_SetParams)
                  000049a8    00000044     inv_mpu_dmp_motion_driver.o (.text.dmp_set_shake_reject_thresh)
                  000049ec    00000044     inv_mpu_dmp_motion_driver.o (.text.dmp_set_tap_count)
                  00004a30    00000044     main.o (.text.main)
                  00004a74    00000044     mspm0_i2c.o (.text.mspm0_i2c_disable)
                  00004ab8    00000040     ti_msp_dl_config.o (.text.SYSCFG_DL_TIMER_CALC_init)
                  00004af8    00000040     libclang_rt.builtins.a : aeabi_uidivmod.S.obj (.text.__aeabi_uidivmod)
                  00004b38    00000040                            : extendsfdf2.S.obj (.text.__extendsfdf2)
                  00004b78    0000003e     mpu6050.o (.text.inv_orientation_matrix_to_scalar)
                  00004bb6    00000002     --HOLE-- [fill = 0]
                  00004bb8    0000003c     mspm0_i2c.o (.text.DL_GPIO_initPeripheralInputFunctionFeatures)
                  00004bf4    0000003c     oled_hardware_i2c.o (.text.DL_GPIO_initPeripheralInputFunctionFeatures)
                  00004c30    0000003c     ti_msp_dl_config.o (.text.DL_GPIO_initPeripheralInputFunctionFeatures)
                  00004c6c    0000003c     driverlib.a : dl_i2c.o (.text.DL_I2C_flushControllerTXFIFO)
                  00004ca8    0000003c     ti_msp_dl_config.o (.text.DL_Timer_setCounterControl)
                  00004ce4    0000003c     PID.o (.text.PID_Reset)
                  00004d20    0000003c     libclang_rt.builtins.a : floatsisf.S.obj (.text.__floatsisf)
                  00004d5c    0000003c                            : comparesf2.S.obj (.text.__gtsf2)
                  00004d98    0000003c     libc.a : autoinit.c.obj (.text:__TI_auto_init_nobinit_nopinit)
                  00004dd4    0000003a     libclang_rt.builtins.a : comparesf2.S.obj (.text.__eqsf2)
                  00004e0e    00000002     --HOLE-- [fill = 0]
                  00004e10    0000003a                            : muldsi3.S.obj (.text.__muldsi3)
                  00004e4a    00000002     --HOLE-- [fill = 0]
                  00004e4c    00000038                            : fixsfsi.S.obj (.text.__fixsfsi)
                  00004e84    00000034     mspm0_i2c.o (.text.DL_GPIO_initDigitalInputFeatures)
                  00004eb8    00000034     oled_hardware_i2c.o (.text.DL_GPIO_initDigitalInputFeatures)
                  00004eec    00000034     ti_msp_dl_config.o (.text.DL_GPIO_initDigitalInputFeatures)
                  00004f20    00000034     ti_msp_dl_config.o (.text.SYSCFG_DL_init)
                  00004f54    00000034     inv_mpu.o (.text.mpu_get_sample_rate)
                  00004f88    00000032     libclang_rt.builtins.a : fixunssfsi.S.obj (.text.__fixunssfsi)
                  00004fba    00000032     inv_mpu_dmp_motion_driver.o (.text.dmp_set_shake_reject_time)
                  00004fec    00000032     inv_mpu_dmp_motion_driver.o (.text.dmp_set_shake_reject_timeout)
                  0000501e    00000002     --HOLE-- [fill = 0]
                  00005020    00000030     Encoder.o (.text.Encoder_GetSpeed)
                  00005050    00000030     inv_mpu_dmp_motion_driver.o (.text.dmp_set_tap_time)
                  00005080    00000030     inv_mpu_dmp_motion_driver.o (.text.dmp_set_tap_time_multi)
                  000050b0    00000030     clock.o (.text.mspm0_delay_ms)
                  000050e0    0000002c     Encoder.o (.text.__NVIC_EnableIRQ)
                  0000510c    0000002c     mpu6050.o (.text.__NVIC_EnableIRQ)
                  00005138    0000002c     clock.o (.text.mspm0_get_clock_ms)
                  00005164    00000028     mspm0_i2c.o (.text.DL_Common_updateReg)
                  0000518c    00000028     oled_hardware_i2c.o (.text.DL_Common_updateReg)
                  000051b4    00000028     ti_msp_dl_config.o (.text.DL_Common_updateReg)
                  000051dc    00000028     ti_msp_dl_config.o (.text.DL_I2C_setControllerRXFIFOThreshold)
                  00005204    00000028     ti_msp_dl_config.o (.text.DL_I2C_setControllerTXFIFOThreshold)
                  0000522c    00000028     libclang_rt.builtins.a : floatunsisf.S.obj (.text.__floatunsisf)
                  00005254    00000028     libc.a : boot_cortex_m.c.obj (.text:_c_int00_noargs)
                  0000527c    00000026     ti_msp_dl_config.o (.text.DL_I2C_setAnalogGlitchFilterPulseWidth)
                  000052a2    00000026     driverlib.a : dl_i2c.o (.text.DL_I2C_setClockConfig)
                  000052c8    00000026     MotorControl.o (.text.MotorControl_SetPIDParams_All)
                  000052ee    00000002     --HOLE-- [fill = 0]
                  000052f0    00000024     MotorControl.o (.text.MotorControl_EnablePID_All)
                  00005314    00000024     Motor.o (.text.Motor_PWM_Start)
                  00005338    00000020     mpu6050.o (.text.DL_SYSCTL_resetDevice)
                  00005358    00000020     ti_msp_dl_config.o (.text.DL_SYSCTL_setFlashWaitState)
                  00005378    00000020     libc.a : memcmp.c.obj (.text.memcmp)
                  00005398    0000001c     Encoder.o (.text.DL_GPIO_clearInterruptStatus)
                  000053b4    0000001c     interrupt.o (.text.DL_GPIO_clearInterruptStatus)
                  000053d0    0000001c     ti_msp_dl_config.o (.text.DL_GPIO_clearInterruptStatus)
                  000053ec    0000001c     mspm0_i2c.o (.text.DL_GPIO_enableHiZ)
                  00005408    0000001c     oled_hardware_i2c.o (.text.DL_GPIO_enableHiZ)
                  00005424    0000001c     ti_msp_dl_config.o (.text.DL_GPIO_enableHiZ)
                  00005440    0000001c     ti_msp_dl_config.o (.text.DL_GPIO_enableInterrupt)
                  0000545c    0000001c     ti_msp_dl_config.o (.text.DL_GPIO_initPeripheralOutputFunction)
                  00005478    0000001c     ti_msp_dl_config.o (.text.DL_GPIO_setLowerPinsPolarity)
                  00005494    0000001c     mpu6050.o (.text.DL_I2C_getSDAStatus)
                  000054b0    0000001c     oled_hardware_i2c.o (.text.DL_I2C_getSDAStatus)
                  000054cc    0000001c     mspm0_i2c.o (.text.DL_I2C_isControllerRXFIFOEmpty)
                  000054e8    0000001c     interrupt.o (.text.DL_Interrupt_getPendingGroup)
                  00005504    0000001c     ti_msp_dl_config.o (.text.DL_SYSCTL_setSYSOSCFreq)
                  00005520    0000001c     ti_msp_dl_config.o (.text.DL_SYSCTL_setULPCLKDivider)
                  0000553c    0000001c     ti_msp_dl_config.o (.text.DL_Timer_enableInterrupt)
                  00005558    0000001c     driverlib.a : dl_timer.o (.text.DL_Timer_setCaptCompUpdateMethod)
                  00005574    0000001c                 : dl_timer.o (.text.DL_Timer_setClockConfig)
                  00005590    0000001c     inv_mpu_dmp_motion_driver.o (.text.dmp_load_motion_driver_firmware)
                  000055ac    00000018     mspm0_i2c.o (.text.DL_GPIO_enableOutput)
                  000055c4    00000018     oled_hardware_i2c.o (.text.DL_GPIO_enableOutput)
                  000055dc    00000018     ti_msp_dl_config.o (.text.DL_GPIO_enableOutput)
                  000055f4    00000018     ti_msp_dl_config.o (.text.DL_GPIO_enablePower)
                  0000560c    00000018     Encoder.o (.text.DL_GPIO_getEnabledInterruptStatus)
                  00005624    00000018     interrupt.o (.text.DL_GPIO_getEnabledInterruptStatus)
                  0000563c    00000018     mspm0_i2c.o (.text.DL_GPIO_initDigitalOutput)
                  00005654    00000018     oled_hardware_i2c.o (.text.DL_GPIO_initDigitalOutput)
                  0000566c    00000018     ti_msp_dl_config.o (.text.DL_GPIO_initDigitalOutput)
                  00005684    00000018     ti_msp_dl_config.o (.text.DL_GPIO_reset)
                  0000569c    00000018     Motor.o (.text.DL_GPIO_setPins)
                  000056b4    00000018     mspm0_i2c.o (.text.DL_GPIO_setPins)
                  000056cc    00000018     oled_hardware_i2c.o (.text.DL_GPIO_setPins)
                  000056e4    00000018     mspm0_i2c.o (.text.DL_I2C_clearInterruptStatus)
                  000056fc    00000018     oled_hardware_i2c.o (.text.DL_I2C_clearInterruptStatus)
                  00005714    00000018     ti_msp_dl_config.o (.text.DL_I2C_enableAnalogGlitchFilter)
                  0000572c    00000018     ti_msp_dl_config.o (.text.DL_I2C_enableController)
                  00005744    00000018     ti_msp_dl_config.o (.text.DL_I2C_enableControllerClockStretching)
                  0000575c    00000018     mspm0_i2c.o (.text.DL_I2C_enablePower)
                  00005774    00000018     oled_hardware_i2c.o (.text.DL_I2C_enablePower)
                  0000578c    00000018     ti_msp_dl_config.o (.text.DL_I2C_enablePower)
                  000057a4    00000018     mspm0_i2c.o (.text.DL_I2C_getRawInterruptStatus)
                  000057bc    00000018     oled_hardware_i2c.o (.text.DL_I2C_getRawInterruptStatus)
                  000057d4    00000018     mspm0_i2c.o (.text.DL_I2C_reset)
                  000057ec    00000018     oled_hardware_i2c.o (.text.DL_I2C_reset)
                  00005804    00000018     ti_msp_dl_config.o (.text.DL_I2C_reset)
                  0000581c    00000018     ti_msp_dl_config.o (.text.DL_I2C_setTimerPeriod)
                  00005834    00000018     ti_msp_dl_config.o (.text.DL_SYSCTL_setBORThreshold)
                  0000584c    00000018     Encoder.o (.text.DL_Timer_clearInterruptStatus)
                  00005864    00000018     ti_msp_dl_config.o (.text.DL_Timer_enablePower)
                  0000587c    00000018     ti_msp_dl_config.o (.text.DL_Timer_reset)
                  00005894    00000018     driverlib.a : dl_timer.o (.text.DL_Timer_setCaptureCompareOutCtl)
                  000058ac    00000018     Encoder.o (.text.DL_Timer_startCounter)
                  000058c4    00000018     Motor.o (.text.DL_Timer_startCounter)
                  000058dc    00000018     MotorControl.o (.text.MotorControl_SetTargetSpeed_Dual)
                  000058f4    00000018     clock.o (.text.SysTick_Init)
                  0000590c    00000016     Encoder.o (.text.DL_GPIO_readPins)
                  00005922    00000016     mspm0_i2c.o (.text.DL_GPIO_readPins)
                  00005938    00000016     oled_hardware_i2c.o (.text.DL_GPIO_readPins)
                  0000594e    00000016     mspm0_i2c.o (.text.DL_I2C_transmitControllerData)
                  00005964    00000016     libc.a : copy_zero_init.c.obj (.text:decompress:ZI:__TI_zero_init_nomemset)
                  0000597a    00000014     Motor.o (.text.DL_GPIO_clearPins)
                  0000598e    00000014     mspm0_i2c.o (.text.DL_GPIO_clearPins)
                  000059a2    00000014     oled_hardware_i2c.o (.text.DL_GPIO_clearPins)
                  000059b6    00000014     ti_msp_dl_config.o (.text.DL_GPIO_clearPins)
                  000059ca    00000002     --HOLE-- [fill = 0]
                  000059cc    00000014     mspm0_i2c.o (.text.DL_I2C_getControllerStatus)
                  000059e0    00000014     oled_hardware_i2c.o (.text.DL_I2C_getControllerStatus)
                  000059f4    00000014     mspm0_i2c.o (.text.DL_I2C_receiveControllerData)
                  00005a08    00000014     ti_msp_dl_config.o (.text.DL_I2C_resetControllerTransfer)
                  00005a1c    00000014     ti_msp_dl_config.o (.text.DL_SYSCTL_disableSYSPLL)
                  00005a30    00000014     ti_msp_dl_config.o (.text.DL_Timer_enableClock)
                  00005a44    00000014     ti_msp_dl_config.o (.text.DL_Timer_setCCPDirection)
                  00005a58    00000014     Motor.o (.text.Motor_Init)
                  00005a6c    00000014     inv_mpu_dmp_motion_driver.o (.text.dmp_register_android_orient_cb)
                  00005a80    00000014     inv_mpu_dmp_motion_driver.o (.text.dmp_register_tap_cb)
                  00005a94    00000012     libc.a : memcpy16.S.obj (.text:TI_memcpy_small)
                  00005aa6    00000012            : copy_decompress_none.c.obj (.text:decompress:none)
                  00005ab8    00000010     ti_msp_dl_config.o (.text.DL_SYSCTL_disableHFXT)
                  00005ac8    00000010     driverlib.a : dl_timer.o (.text.DL_Timer_setCaptureCompareValue)
                  00005ad8    00000010     interrupt.o (.text.SysTick_Handler)
                  00005ae8    00000010     oled_hardware_i2c.o (.text.delay_ms)
                  00005af8    0000000e     mpu6050.o (.text.tap_cb)
                  00005b06    0000000c     interrupt.o (.text.TIMA1_IRQHandler)
                  00005b12    0000000a     driverlib.a : dl_common.o (.text.DL_Common_delayCycles)
                  00005b1c    0000000a     libc.a : e_asin.c.obj (.text.OUTLINED_FUNCTION_0)
                  00005b26    00000002     --HOLE-- [fill = 0]
                  00005b28    00000010     libclang_rt.builtins.a : muldf3.S.obj (.tramp.__aeabi_dmul.1)
                  00005b38    0000000a     libc.a : s_atan.c.obj (.text.OUTLINED_FUNCTION_0)
                  00005b42    0000000a            : e_asin.c.obj (.text.OUTLINED_FUNCTION_1)
                  00005b4c    0000000a            : e_asin.c.obj (.text.OUTLINED_FUNCTION_3)
                  00005b56    00000002     --HOLE-- [fill = 0]
                  00005b58    00000010     libclang_rt.builtins.a : divdf3.S.obj (.tramp.__aeabi_ddiv.1)
                  00005b68    0000000a     mpu6050.o (.text.android_orient_cb)
                  00005b72    00000008     libc.a : s_atan.c.obj (.text.OUTLINED_FUNCTION_2)
                  00005b7a    00000002     --HOLE-- [fill = 0]
                  00005b7c    00000008            : aeabi_portable.c.obj (.text.__aeabi_errno_addr)
                  00005b84    00000008     libclang_rt.builtins.a : aeabi_memcpy.S.obj (.text.__aeabi_memcpy)
                  00005b8c    00000006     libc.a : s_atan.c.obj (.text.OUTLINED_FUNCTION_1)
                  00005b92    00000002     --HOLE-- [fill = 0]
                  00005b94    00000010     libclang_rt.builtins.a : adddf3.S.obj (.tramp.__aeabi_dadd.1)
                  00005ba4    00000006     libc.a : e_asin.c.obj (.text.OUTLINED_FUNCTION_2)
                  00005baa    00000006            : exit.c.obj (.text:abort)
                  00005bb0    00000004     libsysbm.a : hostexit.c.obj (.text.HOSTexit)
                  00005bb4    00000004     libc.a : e_asin.c.obj (.text.OUTLINED_FUNCTION_4)
                  00005bb8    00000004     startup_mspm0g350x_ticlang.o (.text.Reset_Handler)
                  00005bbc    00000010     libc.a : boot_cortex_m.c.obj (.tramp._c_int00_noargs.1)
                  00005bcc    00000004            : pre_init.c.obj (.text._system_pre_init)

.cinit     0    000068a8    00000040     
                  000068a8    0000001a     (.cinit..data.load) [load image, compression = lzss]
                  000068c2    00000002     --HOLE-- [fill = 0]
                  000068c4    0000000c     (__TI_handler_table)
                  000068d0    00000008     (.cinit..bss.load) [load image, compression = zero_init]
                  000068d8    00000010     (__TI_cinit_table)

.rodata    0    00005bd0    00000cd8     
                  00005bd0    00000bf6     inv_mpu_dmp_motion_driver.o (.rodata.dmp_memory)
                  000067c6    00000002     ti_msp_dl_config.o (.rodata.gI2C_MPU6050ClockConfig)
                  000067c8    00000040     libc.a : s_atan.c.obj (.rodata.cst32)
                  00006808    00000028     ti_msp_dl_config.o (.rodata.gSYSPLLConfig)
                  00006830    00000028     inv_mpu.o (.rodata.test)
                  00006858    0000001e     inv_mpu.o (.rodata.reg)
                  00006876    00000002     ti_msp_dl_config.o (.rodata.gI2C_OLEDClockConfig)
                  00006878    00000014     ti_msp_dl_config.o (.rodata.gTIMER_CALCTimerConfig)
                  0000688c    0000000c     inv_mpu.o (.rodata.hw)
                  00006898    00000008     ti_msp_dl_config.o (.rodata.gPWM_MOTORConfig)
                  000068a0    00000003     ti_msp_dl_config.o (.rodata.gPWM_MOTORClockConfig)
                  000068a3    00000003     ti_msp_dl_config.o (.rodata.gTIMER_CALCClockConfig)
                  000068a6    00000002     --HOLE-- [fill = 0]

.init_array 
*          0    00000000    00000000     UNINITIALIZED

.binit     0    00000000    00000000     

.bss       0    20200000    0000020b     UNINITIALIZED
                  20200000    000000bc     (.common:gPWM_MOTORBackup)
                  202000bc    000000bc     (.common:gTIMER_CALCBackup)
                  20200178    00000040     PID.o (.bss.pid_controllers)
                  202001b8    0000001c     (.common:motor_control)
                  202001d4    00000010     (.common:quat)
                  202001e4    00000006     (.common:accel)
                  202001ea    00000006     (.common:gyro)
                  202001f0    00000004     (.common:pitch)
                  202001f4    00000004     (.common:roll)
                  202001f8    00000004     (.common:sensor_timestamp)
                  202001fc    00000004     (.common:start_time)
                  20200200    00000004     (.common:tick_ms)
                  20200204    00000004     (.common:yaw)
                  20200208    00000002     (.common:sensors)
                  2020020a    00000001     (.common:more)

.data      0    2020020c    00000070     UNINITIALIZED
                  2020020c    0000002c     inv_mpu.o (.data.st)
                  20200238    00000010     inv_mpu_dmp_motion_driver.o (.data.dmp)
                  20200248    0000000e     mpu6050.o (.data.hal)
                  20200256    00000009     mpu6050.o (.data.gyro_orientation)
                  2020025f    00000001     Motor.o (.data.pwm_running)
                  20200260    00000008     Encoder.o (.data.encoder_count)
                  20200268    00000008     Encoder.o (.data.last_count)
                  20200270    00000008     Encoder.o (.data.motor_speed_pps)
                  20200278    00000004     libc.a : aeabi_portable.c.obj (.data.__aeabi_errno)

.stack     0    20207e00    00000200     UNINITIALIZED
                  20207e00    00000004     libc.a : boot_cortex_m.c.obj (.stack)
                  20207e04    000001fc     --HOLE--

__llvm_prf_cnts 
*          0    20200000    00000000     UNINITIALIZED

__llvm_prf_bits 
*          0    20200000    00000000     UNINITIALIZED

MODULE SUMMARY

       Module                         code    ro data   rw data
       ------                         ----    -------   -------
    .\
       ti_msp_dl_config.o             2234    78        376    
       startup_mspm0g350x_ticlang.o   8       192       0      
       main.o                         68      0         0      
    +--+------------------------------+-------+---------+---------+
       Total:                         2310    270       376    
                                                               
    .\Drivers\MPU6050\
       inv_mpu_dmp_motion_driver.o    3110    3062      16     
       inv_mpu.o                      4600    82        44     
       mspm0_i2c.o                    1320    0         0      
       mpu6050.o                      1224    0         70     
    +--+------------------------------+-------+---------+---------+
       Total:                         10254   3144      130    
                                                               
    .\Drivers\MSPM0\
       clock.o                        328     0         8      
       interrupt.o                    192     0         0      
    +--+------------------------------+-------+---------+---------+
       Total:                         520     0         8      
                                                               
    .\Drivers\Motor_Encoder_PID\
       Encoder.o                      818     0         24     
       Motor.o                        800     0         1      
       PID.o                          440     0         64     
       MotorControl.o                 358     0         28     
    +--+------------------------------+-------+---------+---------+
       Total:                         2416    0         117    
                                                               
    .\Drivers\OLED_Hardware_I2C\
       oled_hardware_i2c.o            1324    0         0      
    +--+------------------------------+-------+---------+---------+
       Total:                         1324    0         0      
                                                               
    C:/ti/mspm0_sdk_2_05_00_05/source/ti/driverlib/lib/ticlang/m0p/mspm0g1x0x_g3x0x/driverlib.a
       dl_timer.o                     588     0         0      
       dl_sysctl_mspm0g1x0x_g3x0x.o   288     0         0      
       dl_i2c.o                       192     0         0      
       dl_common.o                    10      0         0      
    +--+------------------------------+-------+---------+---------+
       Total:                         1078    0         0      
                                                               
    C:\ti\ccs2020\ccs\tools\compiler\ti-cgt-armllvm_4.0.3.LTS\lib\armv6m-ti-none-eabi/c/libc.a
       e_asin.c.obj                   908     0         0      
       s_atan.c.obj                   784     64        0      
       e_atan2.c.obj                  392     0         0      
       e_sqrt.c.obj                   368     0         0      
       copy_decompress_lzss.c.obj     124     0         0      
       autoinit.c.obj                 60      0         0      
       boot_cortex_m.c.obj            56      0         0      
       memcmp.c.obj                   32      0         0      
       copy_zero_init.c.obj           22      0         0      
       copy_decompress_none.c.obj     18      0         0      
       memcpy16.S.obj                 18      0         0      
       aeabi_portable.c.obj           8       0         4      
       exit.c.obj                     6       0         0      
       pre_init.c.obj                 4       0         0      
    +--+------------------------------+-------+---------+---------+
       Total:                         2800    64        4      
                                                               
    C:\ti\ccs2020\ccs\tools\compiler\ti-cgt-armllvm_4.0.3.LTS\lib\armv6m-ti-none-eabi/c/libsysbm.a
       hostexit.c.obj                 4       0         0      
    +--+------------------------------+-------+---------+---------+
       Total:                         4       0         0      
                                                               
    C:\ti\ccs2020\ccs\tools\compiler\ti-cgt-armllvm_4.0.3.LTS\lib\armv6m-ti-none-eabi/libclang_rt.builtins.a
       adddf3.S.obj                   418     0         0      
       divdf3.S.obj                   284     0         0      
       muldf3.S.obj                   244     0         0      
       comparedf2.c.obj               220     0         0      
       addsf3.S.obj                   216     0         0      
       mulsf3.S.obj                   140     0         0      
       divsf3.S.obj                   130     0         0      
       comparesf2.S.obj               118     0         0      
       truncdfsf2.S.obj               116     0         0      
       aeabi_dcmp.S.obj               98      0         0      
       aeabi_fcmp.S.obj               98      0         0      
       aeabi_idivmod.S.obj            86      0         0      
       aeabi_uidivmod.S.obj           64      0         0      
       extendsfdf2.S.obj              64      0         0      
       floatsisf.S.obj                60      0         0      
       muldsi3.S.obj                  58      0         0      
       fixsfsi.S.obj                  56      0         0      
       fixunssfsi.S.obj               50      0         0      
       floatunsisf.S.obj              40      0         0      
       aeabi_memcpy.S.obj             8       0         0      
       aeabi_div0.c.obj               2       0         0      
    +--+------------------------------+-------+---------+---------+
       Total:                         2570    0         0      
                                                               
       Stack:                         0       0         512    
       Linker Generated:              0       62        0      
    +--+------------------------------+-------+---------+---------+
       Grand Total:                   23276   3540      1147   


LINKER GENERATED COPY TABLES

__TI_cinit_table @ 000068d8 records: 2, size/record: 8, table size: 16
	.data: load addr=000068a8, load size=0000001a bytes, run addr=2020020c, run size=00000070 bytes, compression=lzss
	.bss: load addr=000068d0, load size=00000008 bytes, run addr=20200000, run size=0000020b bytes, compression=zero_init


LINKER GENERATED HANDLER TABLE

__TI_handler_table @ 000068c4 records: 3, size/record: 4, table size: 12
	index: 0, handler: __TI_decompress_lzss
	index: 1, handler: __TI_decompress_none
	index: 2, handler: __TI_zero_init


FAR CALL TRAMPOLINES

callee name               trampoline name
   callee addr  tramp addr   call addr  call info
--------------  -----------  ---------  ----------------
__aeabi_dmul              $Tramp$TT$L$PI$$__aeabi_dmul
   00002ae9     00005b28     00005b24   libc.a : e_asin.c.obj (.text.OUTLINED_FUNCTION_0)
                             00005b40          : s_atan.c.obj (.text.OUTLINED_FUNCTION_0)
                             00005b4a          : e_asin.c.obj (.text.OUTLINED_FUNCTION_1)
                             00005b78          : s_atan.c.obj (.text.OUTLINED_FUNCTION_2)
                             00005ba8          : e_asin.c.obj (.text.OUTLINED_FUNCTION_2)
__aeabi_ddiv              $Tramp$TT$L$PI$$__aeabi_ddiv
   00002415     00005b58     00005b54   libc.a : e_asin.c.obj (.text.OUTLINED_FUNCTION_3)
__aeabi_dadd              $Tramp$TT$L$PI$$__aeabi_dadd
   0000158b     00005b94     00005b90   libc.a : s_atan.c.obj (.text.OUTLINED_FUNCTION_1)
                             00005bb6          : e_asin.c.obj (.text.OUTLINED_FUNCTION_4)
_c_int00_noargs           $Tramp$TT$L$PI$$_c_int00_noargs
   00005255     00005bbc     00005bb8   startup_mspm0g350x_ticlang.o (.text.Reset_Handler)

[4 trampolines]
[9 trampoline calls]


GLOBAL SYMBOLS: SORTED ALPHABETICALLY BY Name 

address   name                                 
-------   ----                                 
00003eed  ADC0_IRQHandler                      
00003eed  ADC1_IRQHandler                      
00003eed  AES_IRQHandler                       
00005bb0  C$$EXIT                              
00003eed  CANFD0_IRQHandler                    
00003eed  DAC0_IRQHandler                      
00005b13  DL_Common_delayCycles                
0000449d  DL_I2C_fillControllerTXFIFO          
00004c6d  DL_I2C_flushControllerTXFIFO         
000052a3  DL_I2C_setClockConfig                
00002cb1  DL_SYSCTL_configSYSPLL               
00004921  DL_SYSCTL_switchMCLKfromSYSOSCtoHSCLK
00002629  DL_Timer_initFourCCPWMMode           
00002919  DL_Timer_initTimerMode               
00005559  DL_Timer_setCaptCompUpdateMethod     
00005895  DL_Timer_setCaptureCompareOutCtl     
00005ac9  DL_Timer_setCaptureCompareValue      
00005575  DL_Timer_setClockConfig              
00003eed  DMA_IRQHandler                       
00003eed  Default_Handler                      
00005021  Encoder_GetSpeed                     
00001715  Encoder_IRQHandler                   
00003fd9  Encoder_Init                         
0000411d  Encoder_Timer_IRQHandler             
00003eed  GROUP0_IRQHandler                    
000046bd  GROUP1_IRQHandler                    
00005bb1  HOSTexit                             
00003eed  HardFault_Handler                    
00003eed  I2C0_IRQHandler                      
00003eed  I2C1_IRQHandler                      
00001d0d  MPU6050_Init                         
000052f1  MotorControl_EnablePID_All           
00003e01  MotorControl_Init                    
000052c9  MotorControl_SetPIDParams_All        
000058dd  MotorControl_SetTargetSpeed_Dual     
00003959  MotorControl_Update                  
00005a59  Motor_Init                           
00005315  Motor_PWM_Start                      
00003191  Motor_Run                            
00002a01  Motor_SetDirection                   
00003839  Motor_SetPWM                         
00004045  Motor_Stop                           
00003eed  NMI_Handler                          
000040b1  OLED_Clear                           
00002305  OLED_Init                            
00003671  OLED_WR_Byte                         
0000330d  PID_Calculate                        
00003c89  PID_Init                             
00004ce5  PID_Reset                            
00004965  PID_SetParams                        
00003eed  PendSV_Handler                       
00003eed  RTC_IRQHandler                       
00000bcd  Read_Quad                            
00005bb9  Reset_Handler                        
00003eed  SPI0_IRQHandler                      
00003eed  SPI1_IRQHandler                      
00003eed  SVC_Handler                          
00001219  SYSCFG_DL_GPIO_init                  
000045b5  SYSCFG_DL_I2C_MPU6050_init           
0000460d  SYSCFG_DL_I2C_OLED_init              
000038c9  SYSCFG_DL_PWM_MOTOR_init             
00004801  SYSCFG_DL_SYSCTL_init                
00004ab9  SYSCFG_DL_TIMER_CALC_init            
00004f21  SYSCFG_DL_init                       
00003d09  SYSCFG_DL_initPower                  
00005ad9  SysTick_Handler                      
000058f5  SysTick_Init                         
00003eed  TIMA0_IRQHandler                     
00005b07  TIMA1_IRQHandler                     
00003eed  TIMG0_IRQHandler                     
00003eed  TIMG12_IRQHandler                    
00003eed  TIMG6_IRQHandler                     
00003eed  TIMG7_IRQHandler                     
00003eed  TIMG8_IRQHandler                     
00005a95  TI_memcpy_small                      
00003eed  UART0_IRQHandler                     
00003eed  UART1_IRQHandler                     
00003eed  UART2_IRQHandler                     
00003eed  UART3_IRQHandler                     
20208000  __STACK_END                          
00000200  __STACK_SIZE                         
00000000  __TI_ATRegion0_region_sz             
00000000  __TI_ATRegion0_src_addr              
00000000  __TI_ATRegion0_trg_addr              
00000000  __TI_ATRegion1_region_sz             
00000000  __TI_ATRegion1_src_addr              
00000000  __TI_ATRegion1_trg_addr              
00000000  __TI_ATRegion2_region_sz             
00000000  __TI_ATRegion2_src_addr              
00000000  __TI_ATRegion2_trg_addr              
000068d8  __TI_CINIT_Base                      
000068e8  __TI_CINIT_Limit                     
000068e8  __TI_CINIT_Warm                      
000068c4  __TI_Handler_Table_Base              
000068d0  __TI_Handler_Table_Limit             
00004d99  __TI_auto_init_nobinit_nopinit       
00003d85  __TI_decompress_lzss                 
00005aa7  __TI_decompress_none                 
ffffffff  __TI_pprof_out_hndl                  
ffffffff  __TI_prof_data_size                  
ffffffff  __TI_prof_data_start                 
00000000  __TI_static_base__                   
00005965  __TI_zero_init_nomemset              
0000158b  __adddf3                             
00002d97  __addsf3                             
00003ef1  __aeabi_d2f                          
0000158b  __aeabi_dadd                         
00004255  __aeabi_dcmpeq                       
00004291  __aeabi_dcmpge                       
000042a5  __aeabi_dcmpgt                       
0000427d  __aeabi_dcmple                       
00004269  __aeabi_dcmplt                       
00002415  __aeabi_ddiv                         
00002ae9  __aeabi_dmul                         
00001581  __aeabi_dsub                         
20200278  __aeabi_errno                        
00005b7d  __aeabi_errno_addr                   
00004b39  __aeabi_f2d                          
00004e4d  __aeabi_f2iz                         
00004f89  __aeabi_f2uiz                        
00002d97  __aeabi_fadd                         
000042b9  __aeabi_fcmpeq                       
000042f5  __aeabi_fcmpge                       
00004309  __aeabi_fcmpgt                       
000042e1  __aeabi_fcmple                       
000042cd  __aeabi_fcmplt                       
00003c05  __aeabi_fdiv                         
000039e5  __aeabi_fmul                         
00002d8d  __aeabi_fsub                         
00004d21  __aeabi_i2f                          
00004665  __aeabi_idiv                         
00001713  __aeabi_idiv0                        
00004665  __aeabi_idivmod                      
00005b85  __aeabi_memcpy                       
00005b85  __aeabi_memcpy4                      
00005b85  __aeabi_memcpy8                      
0000522d  __aeabi_ui2f                         
00004af9  __aeabi_uidiv                        
00004af9  __aeabi_uidivmod                     
ffffffff  __binit__                            
00004185  __cmpdf2                             
00004dd5  __cmpsf2                             
00002415  __divdf3                             
00003c05  __divsf3                             
00004185  __eqdf2                              
00004dd5  __eqsf2                              
00004b39  __extendsfdf2                        
00004e4d  __fixsfsi                            
00004f89  __fixunssfsi                         
00004d21  __floatsisf                          
0000522d  __floatunsisf                        
00003e79  __gedf2                              
00004d5d  __gesf2                              
00003e79  __gtdf2                              
00004d5d  __gtsf2                              
00004185  __ledf2                              
00004dd5  __lesf2                              
00004185  __ltdf2                              
00004dd5  __ltsf2                              
UNDEFED   __mpu_init                           
00002ae9  __muldf3                             
00004e11  __muldsi3                            
000039e5  __mulsf3                             
00004185  __nedf2                              
00004dd5  __nesf2                              
20207e00  __stack                              
20200000  __start___llvm_prf_bits              
20200000  __start___llvm_prf_cnts              
20200000  __stop___llvm_prf_bits               
20200000  __stop___llvm_prf_cnts               
00001581  __subdf3                             
00002d8d  __subsf3                             
00003ef1  __truncdfsf2                         
00005255  _c_int00_noargs                      
UNDEFED   _system_post_cinit                   
00005bcd  _system_pre_init                     
00005bab  abort                                
202001e4  accel                                
000000c1  asin                                 
000000c1  asinl                                
00000425  atan                                 
0000189d  atan2                                
0000189d  atan2l                               
00000425  atanl                                
ffffffff  binit                                
00005ae9  delay_ms                             
00004849  dmp_enable_6x_lp_quat                
0000071d  dmp_enable_feature                   
0000431d  dmp_enable_gyro_cal                  
00004891  dmp_enable_lp_quat                   
00005591  dmp_load_motion_driver_firmware      
00001025  dmp_read_fifo                        
00005a6d  dmp_register_android_orient_cb       
00005a81  dmp_register_tap_cb                  
00003709  dmp_set_fifo_rate                    
00001a25  dmp_set_orientation                  
000049a9  dmp_set_shake_reject_thresh          
00004fbb  dmp_set_shake_reject_time            
00004fed  dmp_set_shake_reject_timeout         
000041ed  dmp_set_tap_axes                     
000049ed  dmp_set_tap_count                    
00000995  dmp_set_tap_thresh                   
00005051  dmp_set_tap_time                     
00005081  dmp_set_tap_time_multi               
20200000  gPWM_MOTORBackup                     
202000bc  gTIMER_CALCBackup                    
202001ea  gyro                                 
0000688c  hw                                   
00000000  interruptVectors                     
00004a31  main                                 
00005379  memcmp                               
2020020a  more                                 
202001b8  motor_control                        
0000437d  mpu6050_i2c_sda_unlock               
00003251  mpu_configure_fifo                   
00003f65  mpu_get_accel_fsr                    
000043dd  mpu_get_gyro_fsr                     
00004f55  mpu_get_sample_rate                  
000020b9  mpu_init                             
000021e1  mpu_load_firmware                    
0000272d  mpu_lp_accel_mode                    
00002521  mpu_read_fifo_stream                 
0000347d  mpu_read_mem                         
00000df9  mpu_reset_fifo                       
00002bcd  mpu_set_accel_fsr                    
000013e1  mpu_set_bypass                       
000033c5  mpu_set_dmp_state                    
00003009  mpu_set_gyro_fsr                     
000035d5  mpu_set_int_latched                  
00002f39  mpu_set_lpf                          
0000282d  mpu_set_sample_rate                  
00001f89  mpu_set_sensors                      
00003529  mpu_write_mem                        
000050b1  mspm0_delay_ms                       
00005139  mspm0_get_clock_ms                   
00001e55  mspm0_i2c_read                       
000030cd  mspm0_i2c_write                      
0000443d  oled_i2c_sda_unlock                  
202001f0  pitch                                
202001d4  quat                                 
00006858  reg                                  
202001f4  roll                                 
202001f8  sensor_timestamp                     
20200208  sensors                              
00001b9d  sqrt                                 
00001b9d  sqrtl                                
202001fc  start_time                           
00006830  test                                 
20200200  tick_ms                              
20200204  yaw                                  


GLOBAL SYMBOLS: SORTED BY Symbol Address 

address   name                                 
-------   ----                                 
00000000  __TI_ATRegion0_region_sz             
00000000  __TI_ATRegion0_src_addr              
00000000  __TI_ATRegion0_trg_addr              
00000000  __TI_ATRegion1_region_sz             
00000000  __TI_ATRegion1_src_addr              
00000000  __TI_ATRegion1_trg_addr              
00000000  __TI_ATRegion2_region_sz             
00000000  __TI_ATRegion2_src_addr              
00000000  __TI_ATRegion2_trg_addr              
00000000  __TI_static_base__                   
00000000  interruptVectors                     
000000c1  asin                                 
000000c1  asinl                                
00000200  __STACK_SIZE                         
00000425  atan                                 
00000425  atanl                                
0000071d  dmp_enable_feature                   
00000995  dmp_set_tap_thresh                   
00000bcd  Read_Quad                            
00000df9  mpu_reset_fifo                       
00001025  dmp_read_fifo                        
00001219  SYSCFG_DL_GPIO_init                  
000013e1  mpu_set_bypass                       
00001581  __aeabi_dsub                         
00001581  __subdf3                             
0000158b  __adddf3                             
0000158b  __aeabi_dadd                         
00001713  __aeabi_idiv0                        
00001715  Encoder_IRQHandler                   
0000189d  atan2                                
0000189d  atan2l                               
00001a25  dmp_set_orientation                  
00001b9d  sqrt                                 
00001b9d  sqrtl                                
00001d0d  MPU6050_Init                         
00001e55  mspm0_i2c_read                       
00001f89  mpu_set_sensors                      
000020b9  mpu_init                             
000021e1  mpu_load_firmware                    
00002305  OLED_Init                            
00002415  __aeabi_ddiv                         
00002415  __divdf3                             
00002521  mpu_read_fifo_stream                 
00002629  DL_Timer_initFourCCPWMMode           
0000272d  mpu_lp_accel_mode                    
0000282d  mpu_set_sample_rate                  
00002919  DL_Timer_initTimerMode               
00002a01  Motor_SetDirection                   
00002ae9  __aeabi_dmul                         
00002ae9  __muldf3                             
00002bcd  mpu_set_accel_fsr                    
00002cb1  DL_SYSCTL_configSYSPLL               
00002d8d  __aeabi_fsub                         
00002d8d  __subsf3                             
00002d97  __addsf3                             
00002d97  __aeabi_fadd                         
00002f39  mpu_set_lpf                          
00003009  mpu_set_gyro_fsr                     
000030cd  mspm0_i2c_write                      
00003191  Motor_Run                            
00003251  mpu_configure_fifo                   
0000330d  PID_Calculate                        
000033c5  mpu_set_dmp_state                    
0000347d  mpu_read_mem                         
00003529  mpu_write_mem                        
000035d5  mpu_set_int_latched                  
00003671  OLED_WR_Byte                         
00003709  dmp_set_fifo_rate                    
00003839  Motor_SetPWM                         
000038c9  SYSCFG_DL_PWM_MOTOR_init             
00003959  MotorControl_Update                  
000039e5  __aeabi_fmul                         
000039e5  __mulsf3                             
00003c05  __aeabi_fdiv                         
00003c05  __divsf3                             
00003c89  PID_Init                             
00003d09  SYSCFG_DL_initPower                  
00003d85  __TI_decompress_lzss                 
00003e01  MotorControl_Init                    
00003e79  __gedf2                              
00003e79  __gtdf2                              
00003eed  ADC0_IRQHandler                      
00003eed  ADC1_IRQHandler                      
00003eed  AES_IRQHandler                       
00003eed  CANFD0_IRQHandler                    
00003eed  DAC0_IRQHandler                      
00003eed  DMA_IRQHandler                       
00003eed  Default_Handler                      
00003eed  GROUP0_IRQHandler                    
00003eed  HardFault_Handler                    
00003eed  I2C0_IRQHandler                      
00003eed  I2C1_IRQHandler                      
00003eed  NMI_Handler                          
00003eed  PendSV_Handler                       
00003eed  RTC_IRQHandler                       
00003eed  SPI0_IRQHandler                      
00003eed  SPI1_IRQHandler                      
00003eed  SVC_Handler                          
00003eed  TIMA0_IRQHandler                     
00003eed  TIMG0_IRQHandler                     
00003eed  TIMG12_IRQHandler                    
00003eed  TIMG6_IRQHandler                     
00003eed  TIMG7_IRQHandler                     
00003eed  TIMG8_IRQHandler                     
00003eed  UART0_IRQHandler                     
00003eed  UART1_IRQHandler                     
00003eed  UART2_IRQHandler                     
00003eed  UART3_IRQHandler                     
00003ef1  __aeabi_d2f                          
00003ef1  __truncdfsf2                         
00003f65  mpu_get_accel_fsr                    
00003fd9  Encoder_Init                         
00004045  Motor_Stop                           
000040b1  OLED_Clear                           
0000411d  Encoder_Timer_IRQHandler             
00004185  __cmpdf2                             
00004185  __eqdf2                              
00004185  __ledf2                              
00004185  __ltdf2                              
00004185  __nedf2                              
000041ed  dmp_set_tap_axes                     
00004255  __aeabi_dcmpeq                       
00004269  __aeabi_dcmplt                       
0000427d  __aeabi_dcmple                       
00004291  __aeabi_dcmpge                       
000042a5  __aeabi_dcmpgt                       
000042b9  __aeabi_fcmpeq                       
000042cd  __aeabi_fcmplt                       
000042e1  __aeabi_fcmple                       
000042f5  __aeabi_fcmpge                       
00004309  __aeabi_fcmpgt                       
0000431d  dmp_enable_gyro_cal                  
0000437d  mpu6050_i2c_sda_unlock               
000043dd  mpu_get_gyro_fsr                     
0000443d  oled_i2c_sda_unlock                  
0000449d  DL_I2C_fillControllerTXFIFO          
000045b5  SYSCFG_DL_I2C_MPU6050_init           
0000460d  SYSCFG_DL_I2C_OLED_init              
00004665  __aeabi_idiv                         
00004665  __aeabi_idivmod                      
000046bd  GROUP1_IRQHandler                    
00004801  SYSCFG_DL_SYSCTL_init                
00004849  dmp_enable_6x_lp_quat                
00004891  dmp_enable_lp_quat                   
00004921  DL_SYSCTL_switchMCLKfromSYSOSCtoHSCLK
00004965  PID_SetParams                        
000049a9  dmp_set_shake_reject_thresh          
000049ed  dmp_set_tap_count                    
00004a31  main                                 
00004ab9  SYSCFG_DL_TIMER_CALC_init            
00004af9  __aeabi_uidiv                        
00004af9  __aeabi_uidivmod                     
00004b39  __aeabi_f2d                          
00004b39  __extendsfdf2                        
00004c6d  DL_I2C_flushControllerTXFIFO         
00004ce5  PID_Reset                            
00004d21  __aeabi_i2f                          
00004d21  __floatsisf                          
00004d5d  __gesf2                              
00004d5d  __gtsf2                              
00004d99  __TI_auto_init_nobinit_nopinit       
00004dd5  __cmpsf2                             
00004dd5  __eqsf2                              
00004dd5  __lesf2                              
00004dd5  __ltsf2                              
00004dd5  __nesf2                              
00004e11  __muldsi3                            
00004e4d  __aeabi_f2iz                         
00004e4d  __fixsfsi                            
00004f21  SYSCFG_DL_init                       
00004f55  mpu_get_sample_rate                  
00004f89  __aeabi_f2uiz                        
00004f89  __fixunssfsi                         
00004fbb  dmp_set_shake_reject_time            
00004fed  dmp_set_shake_reject_timeout         
00005021  Encoder_GetSpeed                     
00005051  dmp_set_tap_time                     
00005081  dmp_set_tap_time_multi               
000050b1  mspm0_delay_ms                       
00005139  mspm0_get_clock_ms                   
0000522d  __aeabi_ui2f                         
0000522d  __floatunsisf                        
00005255  _c_int00_noargs                      
000052a3  DL_I2C_setClockConfig                
000052c9  MotorControl_SetPIDParams_All        
000052f1  MotorControl_EnablePID_All           
00005315  Motor_PWM_Start                      
00005379  memcmp                               
00005559  DL_Timer_setCaptCompUpdateMethod     
00005575  DL_Timer_setClockConfig              
00005591  dmp_load_motion_driver_firmware      
00005895  DL_Timer_setCaptureCompareOutCtl     
000058dd  MotorControl_SetTargetSpeed_Dual     
000058f5  SysTick_Init                         
00005965  __TI_zero_init_nomemset              
00005a59  Motor_Init                           
00005a6d  dmp_register_android_orient_cb       
00005a81  dmp_register_tap_cb                  
00005a95  TI_memcpy_small                      
00005aa7  __TI_decompress_none                 
00005ac9  DL_Timer_setCaptureCompareValue      
00005ad9  SysTick_Handler                      
00005ae9  delay_ms                             
00005b07  TIMA1_IRQHandler                     
00005b13  DL_Common_delayCycles                
00005b7d  __aeabi_errno_addr                   
00005b85  __aeabi_memcpy                       
00005b85  __aeabi_memcpy4                      
00005b85  __aeabi_memcpy8                      
00005bab  abort                                
00005bb0  C$$EXIT                              
00005bb1  HOSTexit                             
00005bb9  Reset_Handler                        
00005bcd  _system_pre_init                     
00006830  test                                 
00006858  reg                                  
0000688c  hw                                   
000068c4  __TI_Handler_Table_Base              
000068d0  __TI_Handler_Table_Limit             
000068d8  __TI_CINIT_Base                      
000068e8  __TI_CINIT_Limit                     
000068e8  __TI_CINIT_Warm                      
20200000  __start___llvm_prf_bits              
20200000  __start___llvm_prf_cnts              
20200000  __stop___llvm_prf_bits               
20200000  __stop___llvm_prf_cnts               
20200000  gPWM_MOTORBackup                     
202000bc  gTIMER_CALCBackup                    
202001b8  motor_control                        
202001d4  quat                                 
202001e4  accel                                
202001ea  gyro                                 
202001f0  pitch                                
202001f4  roll                                 
202001f8  sensor_timestamp                     
202001fc  start_time                           
20200200  tick_ms                              
20200204  yaw                                  
20200208  sensors                              
2020020a  more                                 
20200278  __aeabi_errno                        
20207e00  __stack                              
20208000  __STACK_END                          
ffffffff  __TI_pprof_out_hndl                  
ffffffff  __TI_prof_data_size                  
ffffffff  __TI_prof_data_start                 
ffffffff  __binit__                            
ffffffff  binit                                
UNDEFED   __mpu_init                           
UNDEFED   _system_post_cinit                   

[250 symbols]
