******************************************************************************
            TI ARM Clang Linker PC v4.0.3                      
******************************************************************************
>> Linked Fri Jul 25 11:32:08 2025

OUTPUT FILE NAME:   <mspm0-modules-car.out>
ENTRY POINT SYMBOL: "_c_int00_noargs"  address: 00003dfd


MEMORY CONFIGURATION

         name            origin    length      used     unused   attr    fill
----------------------  --------  ---------  --------  --------  ----  --------
  FLASH                 00000000   00020000  00005018  0001afe8  R  X
  SRAM                  20200000   00008000  00000484  00007b7c  RW X
  BCR_CONFIG            41c00000   000000ff  00000000  000000ff  R   
  BSL_CONFIG            41c00100   00000080  00000000  00000080  R   


SEGMENT ALLOCATION MAP

run origin  load origin   length   init length attrs members
----------  ----------- ---------- ----------- ----- -------
00000000    00000000    00005018   00005018    r-x
  00000000    00000000    000000c0   000000c0    r-- .intvecs
  000000c0    000000c0    00004600   00004600    r-x .text
  000046c0    000046c0    00000918   00000918    r-- .rodata
  00004fd8    00004fd8    00000040   00000040    r-- .cinit
20200000    20200000    00000285   00000000    rw-
  20200000    20200000    0000020b   00000000    rw- .bss
  2020020c    2020020c    00000079   00000000    rw- .data
20207e00    20207e00    00000200   00000000    rw-
  20207e00    20207e00    00000200   00000000    rw- .stack


SECTION ALLOCATION MAP

 output                                  attributes/
section   page    origin      length       input sections
--------  ----  ----------  ----------   ----------------
.intvecs   0    00000000    000000c0     
                  00000000    000000c0     startup_mspm0g350x_ticlang.o (.intvecs)

.text      0    000000c0    00004600     
                  000000c0    00000364     libc.a : e_asin.c.obj (.text.asin)
                  00000424    000002f8            : s_atan.c.obj (.text.atan)
                  0000071c    000002a4     test.o (.text.Test_DisplayEncoderData)
                  000009c0    0000022c     mpu6050.o (.text.Read_Quad)
                  00000bec    0000022c     inv_mpu.o (.text.mpu_reset_fifo)
                  00000e18    000001f4     inv_mpu_dmp_motion_driver.o (.text.dmp_read_fifo)
                  0000100c    000001c8     ti_msp_dl_config.o (.text.SYSCFG_DL_GPIO_init)
                  000011d4    000001b8     Encoder.o (.text.Encoder_IRQHandler)
                  0000138c    00000192     libclang_rt.builtins.a : adddf3.S.obj (.text.adddf3_subdf3)
                  0000151e    00000002                            : aeabi_div0.c.obj (.text.__aeabi_idiv0)
                  00001520    00000188     libc.a : e_atan2.c.obj (.text.atan2)
                  000016a8    00000170            : e_sqrt.c.obj (.text.sqrt)
                  00001818    00000134     mspm0_i2c.o (.text.mspm0_i2c_read)
                  0000194c    00000118     oled_hardware_i2c.o (.text.OLED_ShowChar)
                  00001a64    00000110     oled_hardware_i2c.o (.text.OLED_Init)
                  00001b74    0000010c     libclang_rt.builtins.a : divdf3.S.obj (.text.__divdf3)
                  00001c80    00000108     inv_mpu.o (.text.mpu_read_fifo_stream)
                  00001d88    00000104     driverlib.a : dl_timer.o (.text.DL_Timer_initFourCCPWMMode)
                  00001e8c    000000f6     oled_hardware_i2c.o (.text.OLED_ShowNum)
                  00001f82    00000002     --HOLE-- [fill = 0]
                  00001f84    000000e8     driverlib.a : dl_timer.o (.text.DL_Timer_initTimerMode)
                  0000206c    000000e8     Motor.o (.text.Motor_SetDirection)
                  00002154    000000e4     libclang_rt.builtins.a : muldf3.S.obj (.text.__muldf3)
                  00002238    000000dc     driverlib.a : dl_sysctl_mspm0g1x0x_g3x0x.o (.text.DL_SYSCTL_configSYSPLL)
                  00002314    000000d8     libclang_rt.builtins.a : addsf3.S.obj (.text)
                  000023ec    000000c4     mspm0_i2c.o (.text.mspm0_i2c_write)
                  000024b0    000000c0     Motor.o (.text.Motor_Run)
                  00002570    000000b8     PID.o (.text.PID_Calculate)
                  00002628    00000098     oled_hardware_i2c.o (.text.OLED_WR_Byte)
                  000026c0    00000090     Encoder.o (.text.Encoder_Timer_IRQHandler)
                  00002750    00000090     Motor.o (.text.Motor_SetPWM)
                  000027e0    00000090     ti_msp_dl_config.o (.text.SYSCFG_DL_PWM_MOTOR_init)
                  00002870    0000008c     MotorControl.o (.text.MotorControl_Update)
                  000028fc    0000008c     libclang_rt.builtins.a : mulsf3.S.obj (.text.__mulsf3)
                  00002988    0000008c     inv_mpu_dmp_motion_driver.o (.text.decode_gesture)
                  00002a14    00000084     clock.o (.text.__NVIC_SetPriority)
                  00002a98    00000084     ti_msp_dl_config.o (.text.__NVIC_SetPriority)
                  00002b1c    00000082     libclang_rt.builtins.a : divsf3.S.obj (.text.__divsf3)
                  00002b9e    00000002     --HOLE-- [fill = 0]
                  00002ba0    00000080     PID.o (.text.PID_Init)
                  00002c20    0000007c     ti_msp_dl_config.o (.text.SYSCFG_DL_initPower)
                  00002c9c    0000007c     libc.a : copy_decompress_lzss.c.obj (.text:decompress:lzss)
                  00002d18    00000078     MotorControl.o (.text.MotorControl_Init)
                  00002d90    00000074     libclang_rt.builtins.a : comparedf2.c.obj (.text.__gedf2)
                  00002e04    0000000c     interrupt.o (.text.TIMA1_IRQHandler)
                  00002e10    00000074     libclang_rt.builtins.a : truncdfsf2.S.obj (.text.__truncdfsf2)
                  00002e84    00000070     oled_hardware_i2c.o (.text.OLED_ShowString)
                  00002ef4    0000006c     Motor.o (.text.Motor_Stop)
                  00002f60    0000006a     oled_hardware_i2c.o (.text.OLED_Clear)
                  00002fca    00000002     --HOLE-- [fill = 0]
                  00002fcc    00000068     libclang_rt.builtins.a : comparedf2.c.obj (.text.__ledf2)
                  00003034    00000062                            : aeabi_dcmp.S.obj (.text.__aeabi_dcmp)
                  00003096    00000002     --HOLE-- [fill = 0]
                  00003098    00000062                            : aeabi_fcmp.S.obj (.text.__aeabi_fcmp)
                  000030fa    00000002     --HOLE-- [fill = 0]
                  000030fc    00000060     mspm0_i2c.o (.text.mpu6050_i2c_sda_unlock)
                  0000315c    00000060     oled_hardware_i2c.o (.text.oled_i2c_sda_unlock)
                  000031bc    0000005e     driverlib.a : dl_i2c.o (.text.DL_I2C_fillControllerTXFIFO)
                  0000321a    00000002     --HOLE-- [fill = 0]
                  0000321c    0000005c     mspm0_i2c.o (.text.mspm0_i2c_enable)
                  00003278    0000005c     oled_hardware_i2c.o (.text.mspm0_i2c_enable)
                  000032d4    00000058     ti_msp_dl_config.o (.text.SYSCFG_DL_I2C_MPU6050_init)
                  0000332c    00000058     ti_msp_dl_config.o (.text.SYSCFG_DL_I2C_OLED_init)
                  00003384    00000054     Encoder.o (.text.Encoder_Init)
                  000033d8    00000054     interrupt.o (.text.GROUP1_IRQHandler)
                  0000342c    00000050     mspm0_i2c.o (.text.DL_I2C_startControllerTransfer)
                  0000347c    00000050     oled_hardware_i2c.o (.text.DL_I2C_startControllerTransfer)
                  000034cc    00000050     clock.o (.text.SysTick_Config)
                  0000351c    0000004c     test.o (.text.Test_DualMotorLoop)
                  00003568    0000004c     test.o (.text.Test_DualMotorStart)
                  000035b4    00000048     ti_msp_dl_config.o (.text.SYSCFG_DL_SYSCTL_init)
                  000035fc    00000048     oled_hardware_i2c.o (.text.mspm0_i2c_disable)
                  00003644    00000044     driverlib.a : dl_sysctl_mspm0g1x0x_g3x0x.o (.text.DL_SYSCTL_switchMCLKfromSYSOSCtoHSCLK)
                  00003688    00000044     MotorControl.o (.text.MotorControl_Manual)
                  000036cc    00000044     mspm0_i2c.o (.text.mspm0_i2c_disable)
                  00003710    00000040     ti_msp_dl_config.o (.text.SYSCFG_DL_TIMER_CALC_init)
                  00003750    00000040     libclang_rt.builtins.a : aeabi_uidivmod.S.obj (.text.__aeabi_uidivmod)
                  00003790    00000040                            : extendsfdf2.S.obj (.text.__extendsfdf2)
                  000037d0    0000003c     mspm0_i2c.o (.text.DL_GPIO_initPeripheralInputFunctionFeatures)
                  0000380c    0000003c     oled_hardware_i2c.o (.text.DL_GPIO_initPeripheralInputFunctionFeatures)
                  00003848    0000003c     ti_msp_dl_config.o (.text.DL_GPIO_initPeripheralInputFunctionFeatures)
                  00003884    0000003c     driverlib.a : dl_i2c.o (.text.DL_I2C_flushControllerTXFIFO)
                  000038c0    0000003c     ti_msp_dl_config.o (.text.DL_Timer_setCounterControl)
                  000038fc    0000003c     oled_hardware_i2c.o (.text.OLED_Set_Pos)
                  00003938    0000003c     libclang_rt.builtins.a : floatsisf.S.obj (.text.__floatsisf)
                  00003974    0000003c                            : comparesf2.S.obj (.text.__gtsf2)
                  000039b0    0000003c     libc.a : autoinit.c.obj (.text:__TI_auto_init_nobinit_nopinit)
                  000039ec    0000003a     libclang_rt.builtins.a : comparesf2.S.obj (.text.__eqsf2)
                  00003a26    00000002     --HOLE-- [fill = 0]
                  00003a28    0000003a                            : muldsi3.S.obj (.text.__muldsi3)
                  00003a62    00000002     --HOLE-- [fill = 0]
                  00003a64    00000038                            : fixsfsi.S.obj (.text.__fixsfsi)
                  00003a9c    00000034     mspm0_i2c.o (.text.DL_GPIO_initDigitalInputFeatures)
                  00003ad0    00000034     oled_hardware_i2c.o (.text.DL_GPIO_initDigitalInputFeatures)
                  00003b04    00000034     ti_msp_dl_config.o (.text.DL_GPIO_initDigitalInputFeatures)
                  00003b38    00000034     ti_msp_dl_config.o (.text.SYSCFG_DL_init)
                  00003b6c    00000032     libclang_rt.builtins.a : fixunssfsi.S.obj (.text.__fixunssfsi)
                  00003b9e    00000002     --HOLE-- [fill = 0]
                  00003ba0    00000030     Encoder.o (.text.Encoder_GetCount)
                  00003bd0    00000030     Encoder.o (.text.Encoder_GetSpeed_PPS)
                  00003c00    00000030     clock.o (.text.mspm0_delay_ms)
                  00003c30    00000030     oled_hardware_i2c.o (.text.oled_pow)
                  00003c60    0000002c     Encoder.o (.text.__NVIC_EnableIRQ)
                  00003c8c    0000002c     clock.o (.text.mspm0_get_clock_ms)
                  00003cb8    0000002a     MotorControl.o (.text.MotorControl_GetEncoderCount)
                  00003ce2    00000028     mspm0_i2c.o (.text.DL_Common_updateReg)
                  00003d0a    00000028     oled_hardware_i2c.o (.text.DL_Common_updateReg)
                  00003d32    00000028     ti_msp_dl_config.o (.text.DL_Common_updateReg)
                  00003d5a    00000002     --HOLE-- [fill = 0]
                  00003d5c    00000028     ti_msp_dl_config.o (.text.DL_I2C_setControllerRXFIFOThreshold)
                  00003d84    00000028     ti_msp_dl_config.o (.text.DL_I2C_setControllerTXFIFOThreshold)
                  00003dac    00000028     test.o (.text.Test_Init)
                  00003dd4    00000028     libclang_rt.builtins.a : floatunsisf.S.obj (.text.__floatunsisf)
                  00003dfc    00000028     libc.a : boot_cortex_m.c.obj (.text:_c_int00_noargs)
                  00003e24    00000026     ti_msp_dl_config.o (.text.DL_I2C_setAnalogGlitchFilterPulseWidth)
                  00003e4a    00000026     driverlib.a : dl_i2c.o (.text.DL_I2C_setClockConfig)
                  00003e70    00000024     Motor.o (.text.Motor_PWM_Start)
                  00003e94    00000024     main.o (.text.main)
                  00003eb8    00000020     Encoder.o (.text.DL_Interrupt_getStatusGroup)
                  00003ed8    00000020     ti_msp_dl_config.o (.text.DL_SYSCTL_setFlashWaitState)
                  00003ef8    0000001c     Encoder.o (.text.DL_GPIO_clearInterruptStatus)
                  00003f14    0000001c     interrupt.o (.text.DL_GPIO_clearInterruptStatus)
                  00003f30    0000001c     ti_msp_dl_config.o (.text.DL_GPIO_clearInterruptStatus)
                  00003f4c    0000001c     mspm0_i2c.o (.text.DL_GPIO_enableHiZ)
                  00003f68    0000001c     oled_hardware_i2c.o (.text.DL_GPIO_enableHiZ)
                  00003f84    0000001c     ti_msp_dl_config.o (.text.DL_GPIO_enableHiZ)
                  00003fa0    0000001c     ti_msp_dl_config.o (.text.DL_GPIO_enableInterrupt)
                  00003fbc    0000001c     ti_msp_dl_config.o (.text.DL_GPIO_initPeripheralOutputFunction)
                  00003fd8    0000001c     ti_msp_dl_config.o (.text.DL_GPIO_setLowerPinsPolarity)
                  00003ff4    0000001c     oled_hardware_i2c.o (.text.DL_I2C_getSDAStatus)
                  00004010    0000001c     mspm0_i2c.o (.text.DL_I2C_isControllerRXFIFOEmpty)
                  0000402c    0000001c     interrupt.o (.text.DL_Interrupt_getPendingGroup)
                  00004048    0000001c     ti_msp_dl_config.o (.text.DL_SYSCTL_setSYSOSCFreq)
                  00004064    0000001c     ti_msp_dl_config.o (.text.DL_SYSCTL_setULPCLKDivider)
                  00004080    0000001c     ti_msp_dl_config.o (.text.DL_Timer_enableInterrupt)
                  0000409c    0000001c     driverlib.a : dl_timer.o (.text.DL_Timer_setCaptCompUpdateMethod)
                  000040b8    0000001c                 : dl_timer.o (.text.DL_Timer_setClockConfig)
                  000040d4    00000018     mspm0_i2c.o (.text.DL_GPIO_enableOutput)
                  000040ec    00000018     oled_hardware_i2c.o (.text.DL_GPIO_enableOutput)
                  00004104    00000018     ti_msp_dl_config.o (.text.DL_GPIO_enableOutput)
                  0000411c    00000018     ti_msp_dl_config.o (.text.DL_GPIO_enablePower)
                  00004134    00000018     Encoder.o (.text.DL_GPIO_getEnabledInterruptStatus)
                  0000414c    00000018     interrupt.o (.text.DL_GPIO_getEnabledInterruptStatus)
                  00004164    00000018     mspm0_i2c.o (.text.DL_GPIO_initDigitalOutput)
                  0000417c    00000018     oled_hardware_i2c.o (.text.DL_GPIO_initDigitalOutput)
                  00004194    00000018     ti_msp_dl_config.o (.text.DL_GPIO_initDigitalOutput)
                  000041ac    00000018     ti_msp_dl_config.o (.text.DL_GPIO_reset)
                  000041c4    00000018     Motor.o (.text.DL_GPIO_setPins)
                  000041dc    00000018     mspm0_i2c.o (.text.DL_GPIO_setPins)
                  000041f4    00000018     oled_hardware_i2c.o (.text.DL_GPIO_setPins)
                  0000420c    00000018     mspm0_i2c.o (.text.DL_I2C_clearInterruptStatus)
                  00004224    00000018     oled_hardware_i2c.o (.text.DL_I2C_clearInterruptStatus)
                  0000423c    00000018     ti_msp_dl_config.o (.text.DL_I2C_enableAnalogGlitchFilter)
                  00004254    00000018     ti_msp_dl_config.o (.text.DL_I2C_enableController)
                  0000426c    00000018     ti_msp_dl_config.o (.text.DL_I2C_enableControllerClockStretching)
                  00004284    00000018     mspm0_i2c.o (.text.DL_I2C_enablePower)
                  0000429c    00000018     oled_hardware_i2c.o (.text.DL_I2C_enablePower)
                  000042b4    00000018     ti_msp_dl_config.o (.text.DL_I2C_enablePower)
                  000042cc    00000018     mspm0_i2c.o (.text.DL_I2C_getRawInterruptStatus)
                  000042e4    00000018     oled_hardware_i2c.o (.text.DL_I2C_getRawInterruptStatus)
                  000042fc    00000018     mspm0_i2c.o (.text.DL_I2C_reset)
                  00004314    00000018     oled_hardware_i2c.o (.text.DL_I2C_reset)
                  0000432c    00000018     ti_msp_dl_config.o (.text.DL_I2C_reset)
                  00004344    00000018     ti_msp_dl_config.o (.text.DL_I2C_setTimerPeriod)
                  0000435c    00000018     ti_msp_dl_config.o (.text.DL_SYSCTL_setBORThreshold)
                  00004374    00000018     Encoder.o (.text.DL_Timer_clearInterruptStatus)
                  0000438c    00000018     ti_msp_dl_config.o (.text.DL_Timer_enablePower)
                  000043a4    00000018     ti_msp_dl_config.o (.text.DL_Timer_reset)
                  000043bc    00000018     driverlib.a : dl_timer.o (.text.DL_Timer_setCaptureCompareOutCtl)
                  000043d4    00000018     Encoder.o (.text.DL_Timer_startCounter)
                  000043ec    00000018     Motor.o (.text.DL_Timer_startCounter)
                  00004404    00000018     MotorControl.o (.text.MotorControl_DisablePID_All)
                  0000441c    00000018     clock.o (.text.SysTick_Init)
                  00004434    00000016     Encoder.o (.text.DL_GPIO_readPins)
                  0000444a    00000016     mspm0_i2c.o (.text.DL_GPIO_readPins)
                  00004460    00000016     oled_hardware_i2c.o (.text.DL_GPIO_readPins)
                  00004476    00000016     mspm0_i2c.o (.text.DL_I2C_transmitControllerData)
                  0000448c    00000016     libc.a : copy_zero_init.c.obj (.text:decompress:ZI:__TI_zero_init_nomemset)
                  000044a2    00000014     Motor.o (.text.DL_GPIO_clearPins)
                  000044b6    00000014     mspm0_i2c.o (.text.DL_GPIO_clearPins)
                  000044ca    00000014     oled_hardware_i2c.o (.text.DL_GPIO_clearPins)
                  000044de    00000014     ti_msp_dl_config.o (.text.DL_GPIO_clearPins)
                  000044f2    00000002     --HOLE-- [fill = 0]
                  000044f4    00000014     mspm0_i2c.o (.text.DL_I2C_getControllerStatus)
                  00004508    00000014     oled_hardware_i2c.o (.text.DL_I2C_getControllerStatus)
                  0000451c    00000014     mspm0_i2c.o (.text.DL_I2C_receiveControllerData)
                  00004530    00000014     ti_msp_dl_config.o (.text.DL_I2C_resetControllerTransfer)
                  00004544    00000014     ti_msp_dl_config.o (.text.DL_SYSCTL_disableSYSPLL)
                  00004558    00000014     ti_msp_dl_config.o (.text.DL_Timer_enableClock)
                  0000456c    00000014     ti_msp_dl_config.o (.text.DL_Timer_setCCPDirection)
                  00004580    00000014     Motor.o (.text.Motor_Init)
                  00004594    00000012     libc.a : memcpy16.S.obj (.text:TI_memcpy_small)
                  000045a6    00000012            : copy_decompress_none.c.obj (.text:decompress:none)
                  000045b8    00000010     ti_msp_dl_config.o (.text.DL_SYSCTL_disableHFXT)
                  000045c8    00000010     driverlib.a : dl_timer.o (.text.DL_Timer_setCaptureCompareValue)
                  000045d8    00000010     interrupt.o (.text.SysTick_Handler)
                  000045e8    00000010     oled_hardware_i2c.o (.text.delay_ms)
                  000045f8    0000000e     MotorControl.o (.text.MotorControl_Stop_All)
                  00004606    0000000a     driverlib.a : dl_common.o (.text.DL_Common_delayCycles)
                  00004610    0000000a     libc.a : e_asin.c.obj (.text.OUTLINED_FUNCTION_0)
                  0000461a    00000002     --HOLE-- [fill = 0]
                  0000461c    00000010     libclang_rt.builtins.a : muldf3.S.obj (.tramp.__aeabi_dmul.1)
                  0000462c    0000000a     libc.a : s_atan.c.obj (.text.OUTLINED_FUNCTION_0)
                  00004636    0000000a            : e_asin.c.obj (.text.OUTLINED_FUNCTION_1)
                  00004640    0000000a            : e_asin.c.obj (.text.OUTLINED_FUNCTION_3)
                  0000464a    00000002     --HOLE-- [fill = 0]
                  0000464c    00000010     libclang_rt.builtins.a : divdf3.S.obj (.tramp.__aeabi_ddiv.1)
                  0000465c    00000008     libc.a : s_atan.c.obj (.text.OUTLINED_FUNCTION_2)
                  00004664    00000008            : aeabi_portable.c.obj (.text.__aeabi_errno_addr)
                  0000466c    00000008     libclang_rt.builtins.a : aeabi_memcpy.S.obj (.text.__aeabi_memcpy)
                  00004674    00000006     libc.a : s_atan.c.obj (.text.OUTLINED_FUNCTION_1)
                  0000467a    00000002     --HOLE-- [fill = 0]
                  0000467c    00000010     libclang_rt.builtins.a : adddf3.S.obj (.tramp.__aeabi_dadd.1)
                  0000468c    00000006     libc.a : e_asin.c.obj (.text.OUTLINED_FUNCTION_2)
                  00004692    00000006            : exit.c.obj (.text:abort)
                  00004698    00000004     startup_mspm0g350x_ticlang.o (.text.Default_Handler)
                  0000469c    00000004     libsysbm.a : hostexit.c.obj (.text.HOSTexit)
                  000046a0    00000004     libc.a : e_asin.c.obj (.text.OUTLINED_FUNCTION_4)
                  000046a4    00000004     startup_mspm0g350x_ticlang.o (.text.Reset_Handler)
                  000046a8    00000010     libc.a : boot_cortex_m.c.obj (.tramp._c_int00_noargs.1)
                  000046b8    00000004            : pre_init.c.obj (.text._system_pre_init)
                  000046bc    00000004     --HOLE-- [fill = 0]

.cinit     0    00004fd8    00000040     
                  00004fd8    00000016     (.cinit..data.load) [load image, compression = lzss]
                  00004fee    00000002     --HOLE-- [fill = 0]
                  00004ff0    0000000c     (__TI_handler_table)
                  00004ffc    00000008     (.cinit..bss.load) [load image, compression = zero_init]
                  00005004    00000010     (__TI_cinit_table)
                  00005014    00000004     --HOLE-- [fill = 0]

.rodata    0    000046c0    00000918     
                  000046c0    000005f0     oled_hardware_i2c.o (.rodata.asc2_1608)
                  00004cb0    00000228     oled_hardware_i2c.o (.rodata.asc2_0806)
                  00004ed8    00000040     libc.a : s_atan.c.obj (.rodata.cst32)
                  00004f18    00000028     ti_msp_dl_config.o (.rodata.gSYSPLLConfig)
                  00004f40    00000028     inv_mpu.o (.rodata.test)
                  00004f68    0000001e     inv_mpu.o (.rodata.reg)
                  00004f86    00000002     ti_msp_dl_config.o (.rodata.gI2C_MPU6050ClockConfig)
                  00004f88    00000014     ti_msp_dl_config.o (.rodata.gTIMER_CALCTimerConfig)
                  00004f9c    00000010     test.o (.rodata.str1.13195311622662957337.1)
                  00004fac    0000000c     inv_mpu.o (.rodata.hw)
                  00004fb8    0000000c     test.o (.rodata.str1.4156556961043119304.1)
                  00004fc4    00000008     ti_msp_dl_config.o (.rodata.gPWM_MOTORConfig)
                  00004fcc    00000003     ti_msp_dl_config.o (.rodata.gPWM_MOTORClockConfig)
                  00004fcf    00000003     ti_msp_dl_config.o (.rodata.gTIMER_CALCClockConfig)
                  00004fd2    00000002     ti_msp_dl_config.o (.rodata.gI2C_OLEDClockConfig)
                  00004fd4    00000002     test.o (.rodata.str1.9731162403499759298.1)
                  00004fd6    00000002     --HOLE-- [fill = 0]

.init_array 
*          0    00000000    00000000     UNINITIALIZED

.binit     0    00000000    00000000     

.bss       0    20200000    0000020b     UNINITIALIZED
                  20200000    000000bc     (.common:gPWM_MOTORBackup)
                  202000bc    000000bc     (.common:gTIMER_CALCBackup)
                  20200178    00000040     PID.o (.bss.pid_controllers)
                  202001b8    0000001c     (.common:motor_control)
                  202001d4    00000010     (.common:quat)
                  202001e4    00000006     (.common:accel)
                  202001ea    00000006     (.common:gyro)
                  202001f0    00000004     (.common:pitch)
                  202001f4    00000004     (.common:roll)
                  202001f8    00000004     (.common:sensor_timestamp)
                  202001fc    00000004     (.common:start_time)
                  20200200    00000004     (.common:tick_ms)
                  20200204    00000004     (.common:yaw)
                  20200208    00000002     (.common:sensors)
                  2020020a    00000001     (.common:more)

.data      0    2020020c    00000079     UNINITIALIZED
                  2020020c    0000002c     inv_mpu.o (.data.st)
                  20200238    00000014     test.o (.data.motor_test)
                  2020024c    00000010     inv_mpu_dmp_motion_driver.o (.data.dmp)
                  2020025c    00000008     Encoder.o (.data.encoder_count)
                  20200264    00000008     Encoder.o (.data.last_count)
                  2020026c    00000008     Encoder.o (.data.motor_speed_pps)
                  20200274    00000008     Encoder.o (.data.motor_speed_rps)
                  2020027c    00000004     test.o (.data.Test_DualMotorLoop.safety_check_time)
                  20200280    00000004     libc.a : aeabi_portable.c.obj (.data.__aeabi_errno)
                  20200284    00000001     Motor.o (.data.pwm_running)

.stack     0    20207e00    00000200     UNINITIALIZED
                  20207e00    00000004     libc.a : boot_cortex_m.c.obj (.stack)
                  20207e04    000001fc     --HOLE--

__llvm_prf_cnts 
*          0    20200000    00000000     UNINITIALIZED

__llvm_prf_bits 
*          0    20200000    00000000     UNINITIALIZED

MODULE SUMMARY

       Module                         code    ro data   rw data
       ------                         ----    -------   -------
    .\
       ti_msp_dl_config.o             2234    78        376    
       startup_mspm0g350x_ticlang.o   8       192       0      
       main.o                         36      0         0      
    +--+------------------------------+-------+---------+---------+
       Total:                         2278    270       376    
                                                               
    .\Drivers\MPU6050\
       mspm0_i2c.o                    1320    0         0      
       inv_mpu.o                      820     82        44     
       inv_mpu_dmp_motion_driver.o    640     0         16     
       mpu6050.o                      556     0         47     
    +--+------------------------------+-------+---------+---------+
       Total:                         3336    82        107    
                                                               
    .\Drivers\MSPM0\
       clock.o                        328     0         8      
       interrupt.o                    192     0         0      
    +--+------------------------------+-------+---------+---------+
       Total:                         520     0         8      
                                                               
    .\Drivers\Motor_Encoder_PID\
       Encoder.o                      962     0         32     
       Motor.o                        800     0         1      
       MotorControl.o                 408     0         28     
       PID.o                          312     0         64     
    +--+------------------------------+-------+---------+---------+
       Total:                         2482    0         125    
                                                               
    .\Drivers\OLED_Hardware_I2C\
       oled_hardware_i2c.o            2070    2072      0      
    +--+------------------------------+-------+---------+---------+
       Total:                         2070    2072      0      
                                                               
    .\Test\
       test.o                         868     30        24     
    +--+------------------------------+-------+---------+---------+
       Total:                         868     30        24     
                                                               
    C:/ti/mspm0_sdk_2_05_00_05/source/ti/driverlib/lib/ticlang/m0p/mspm0g1x0x_g3x0x/driverlib.a
       dl_timer.o                     588     0         0      
       dl_sysctl_mspm0g1x0x_g3x0x.o   288     0         0      
       dl_i2c.o                       192     0         0      
       dl_common.o                    10      0         0      
    +--+------------------------------+-------+---------+---------+
       Total:                         1078    0         0      
                                                               
    C:\ti\ccs2020\ccs\tools\compiler\ti-cgt-armllvm_4.0.3.LTS\lib\armv6m-ti-none-eabi/c/libc.a
       e_asin.c.obj                   908     0         0      
       s_atan.c.obj                   784     64        0      
       e_atan2.c.obj                  392     0         0      
       e_sqrt.c.obj                   368     0         0      
       copy_decompress_lzss.c.obj     124     0         0      
       autoinit.c.obj                 60      0         0      
       boot_cortex_m.c.obj            56      0         0      
       copy_zero_init.c.obj           22      0         0      
       copy_decompress_none.c.obj     18      0         0      
       memcpy16.S.obj                 18      0         0      
       aeabi_portable.c.obj           8       0         4      
       exit.c.obj                     6       0         0      
       pre_init.c.obj                 4       0         0      
    +--+------------------------------+-------+---------+---------+
       Total:                         2768    64        4      
                                                               
    C:\ti\ccs2020\ccs\tools\compiler\ti-cgt-armllvm_4.0.3.LTS\lib\armv6m-ti-none-eabi/c/libsysbm.a
       hostexit.c.obj                 4       0         0      
    +--+------------------------------+-------+---------+---------+
       Total:                         4       0         0      
                                                               
    C:\ti\ccs2020\ccs\tools\compiler\ti-cgt-armllvm_4.0.3.LTS\lib\armv6m-ti-none-eabi/libclang_rt.builtins.a
       adddf3.S.obj                   418     0         0      
       divdf3.S.obj                   284     0         0      
       muldf3.S.obj                   244     0         0      
       comparedf2.c.obj               220     0         0      
       addsf3.S.obj                   216     0         0      
       mulsf3.S.obj                   140     0         0      
       divsf3.S.obj                   130     0         0      
       comparesf2.S.obj               118     0         0      
       truncdfsf2.S.obj               116     0         0      
       aeabi_dcmp.S.obj               98      0         0      
       aeabi_fcmp.S.obj               98      0         0      
       aeabi_uidivmod.S.obj           64      0         0      
       extendsfdf2.S.obj              64      0         0      
       floatsisf.S.obj                60      0         0      
       muldsi3.S.obj                  58      0         0      
       fixsfsi.S.obj                  56      0         0      
       fixunssfsi.S.obj               50      0         0      
       floatunsisf.S.obj              40      0         0      
       aeabi_memcpy.S.obj             8       0         0      
       aeabi_div0.c.obj               2       0         0      
    +--+------------------------------+-------+---------+---------+
       Total:                         2484    0         0      
                                                               
       Stack:                         0       0         512    
       Linker Generated:              0       58        0      
    +--+------------------------------+-------+---------+---------+
       Grand Total:                   17888   2576      1156   


LINKER GENERATED COPY TABLES

__TI_cinit_table @ 00005004 records: 2, size/record: 8, table size: 16
	.data: load addr=00004fd8, load size=00000016 bytes, run addr=2020020c, run size=00000079 bytes, compression=lzss
	.bss: load addr=00004ffc, load size=00000008 bytes, run addr=20200000, run size=0000020b bytes, compression=zero_init


LINKER GENERATED HANDLER TABLE

__TI_handler_table @ 00004ff0 records: 3, size/record: 4, table size: 12
	index: 0, handler: __TI_decompress_lzss
	index: 1, handler: __TI_decompress_none
	index: 2, handler: __TI_zero_init


FAR CALL TRAMPOLINES

callee name               trampoline name
   callee addr  tramp addr   call addr  call info
--------------  -----------  ---------  ----------------
__aeabi_dmul              $Tramp$TT$L$PI$$__aeabi_dmul
   00002155     0000461c     00004618   libc.a : e_asin.c.obj (.text.OUTLINED_FUNCTION_0)
                             00004634          : s_atan.c.obj (.text.OUTLINED_FUNCTION_0)
                             0000463e          : e_asin.c.obj (.text.OUTLINED_FUNCTION_1)
                             00004662          : s_atan.c.obj (.text.OUTLINED_FUNCTION_2)
                             00004690          : e_asin.c.obj (.text.OUTLINED_FUNCTION_2)
__aeabi_ddiv              $Tramp$TT$L$PI$$__aeabi_ddiv
   00001b75     0000464c     00004648   libc.a : e_asin.c.obj (.text.OUTLINED_FUNCTION_3)
__aeabi_dadd              $Tramp$TT$L$PI$$__aeabi_dadd
   00001397     0000467c     00004678   libc.a : s_atan.c.obj (.text.OUTLINED_FUNCTION_1)
                             000046a2          : e_asin.c.obj (.text.OUTLINED_FUNCTION_4)
_c_int00_noargs           $Tramp$TT$L$PI$$_c_int00_noargs
   00003dfd     000046a8     000046a4   startup_mspm0g350x_ticlang.o (.text.Reset_Handler)

[4 trampolines]
[9 trampoline calls]


GLOBAL SYMBOLS: SORTED ALPHABETICALLY BY Name 

address   name                                 
-------   ----                                 
00004699  ADC0_IRQHandler                      
00004699  ADC1_IRQHandler                      
00004699  AES_IRQHandler                       
0000469c  C$$EXIT                              
00004699  CANFD0_IRQHandler                    
00004699  DAC0_IRQHandler                      
00004607  DL_Common_delayCycles                
000031bd  DL_I2C_fillControllerTXFIFO          
00003885  DL_I2C_flushControllerTXFIFO         
00003e4b  DL_I2C_setClockConfig                
00002239  DL_SYSCTL_configSYSPLL               
00003645  DL_SYSCTL_switchMCLKfromSYSOSCtoHSCLK
00001d89  DL_Timer_initFourCCPWMMode           
00001f85  DL_Timer_initTimerMode               
0000409d  DL_Timer_setCaptCompUpdateMethod     
000043bd  DL_Timer_setCaptureCompareOutCtl     
000045c9  DL_Timer_setCaptureCompareValue      
000040b9  DL_Timer_setClockConfig              
00004699  DMA_IRQHandler                       
00004699  Default_Handler                      
00003ba1  Encoder_GetCount                     
00003bd1  Encoder_GetSpeed_PPS                 
000011d5  Encoder_IRQHandler                   
00003385  Encoder_Init                         
000026c1  Encoder_Timer_IRQHandler             
00004699  GROUP0_IRQHandler                    
000033d9  GROUP1_IRQHandler                    
0000469d  HOSTexit                             
00004699  HardFault_Handler                    
00004699  I2C0_IRQHandler                      
00004699  I2C1_IRQHandler                      
00004405  MotorControl_DisablePID_All          
00003cb9  MotorControl_GetEncoderCount         
00002d19  MotorControl_Init                    
00003689  MotorControl_Manual                  
000045f9  MotorControl_Stop_All                
00002871  MotorControl_Update                  
00004581  Motor_Init                           
00003e71  Motor_PWM_Start                      
000024b1  Motor_Run                            
0000206d  Motor_SetDirection                   
00002751  Motor_SetPWM                         
00002ef5  Motor_Stop                           
00004699  NMI_Handler                          
00002f61  OLED_Clear                           
00001a65  OLED_Init                            
000038fd  OLED_Set_Pos                         
0000194d  OLED_ShowChar                        
00001e8d  OLED_ShowNum                         
00002e85  OLED_ShowString                      
00002629  OLED_WR_Byte                         
00002571  PID_Calculate                        
00002ba1  PID_Init                             
00004699  PendSV_Handler                       
00004699  RTC_IRQHandler                       
000009c1  Read_Quad                            
000046a5  Reset_Handler                        
00004699  SPI0_IRQHandler                      
00004699  SPI1_IRQHandler                      
00004699  SVC_Handler                          
0000100d  SYSCFG_DL_GPIO_init                  
000032d5  SYSCFG_DL_I2C_MPU6050_init           
0000332d  SYSCFG_DL_I2C_OLED_init              
000027e1  SYSCFG_DL_PWM_MOTOR_init             
000035b5  SYSCFG_DL_SYSCTL_init                
00003711  SYSCFG_DL_TIMER_CALC_init            
00003b39  SYSCFG_DL_init                       
00002c21  SYSCFG_DL_initPower                  
000045d9  SysTick_Handler                      
0000441d  SysTick_Init                         
00004699  TIMA0_IRQHandler                     
00002e05  TIMA1_IRQHandler                     
00004699  TIMG0_IRQHandler                     
00004699  TIMG12_IRQHandler                    
00004699  TIMG6_IRQHandler                     
00004699  TIMG7_IRQHandler                     
00004699  TIMG8_IRQHandler                     
00004595  TI_memcpy_small                      
0000071d  Test_DisplayEncoderData              
0000351d  Test_DualMotorLoop                   
00003569  Test_DualMotorStart                  
00003dad  Test_Init                            
00004699  UART0_IRQHandler                     
00004699  UART1_IRQHandler                     
00004699  UART2_IRQHandler                     
00004699  UART3_IRQHandler                     
20208000  __STACK_END                          
00000200  __STACK_SIZE                         
00000000  __TI_ATRegion0_region_sz             
00000000  __TI_ATRegion0_src_addr              
00000000  __TI_ATRegion0_trg_addr              
00000000  __TI_ATRegion1_region_sz             
00000000  __TI_ATRegion1_src_addr              
00000000  __TI_ATRegion1_trg_addr              
00000000  __TI_ATRegion2_region_sz             
00000000  __TI_ATRegion2_src_addr              
00000000  __TI_ATRegion2_trg_addr              
00005004  __TI_CINIT_Base                      
00005014  __TI_CINIT_Limit                     
00005014  __TI_CINIT_Warm                      
00004ff0  __TI_Handler_Table_Base              
00004ffc  __TI_Handler_Table_Limit             
000039b1  __TI_auto_init_nobinit_nopinit       
00002c9d  __TI_decompress_lzss                 
000045a7  __TI_decompress_none                 
ffffffff  __TI_pprof_out_hndl                  
ffffffff  __TI_prof_data_size                  
ffffffff  __TI_prof_data_start                 
00000000  __TI_static_base__                   
0000448d  __TI_zero_init_nomemset              
00001397  __adddf3                             
0000231f  __addsf3                             
00002e11  __aeabi_d2f                          
00001397  __aeabi_dadd                         
00003035  __aeabi_dcmpeq                       
00003071  __aeabi_dcmpge                       
00003085  __aeabi_dcmpgt                       
0000305d  __aeabi_dcmple                       
00003049  __aeabi_dcmplt                       
00001b75  __aeabi_ddiv                         
00002155  __aeabi_dmul                         
0000138d  __aeabi_dsub                         
20200280  __aeabi_errno                        
00004665  __aeabi_errno_addr                   
00003791  __aeabi_f2d                          
00003a65  __aeabi_f2iz                         
00003b6d  __aeabi_f2uiz                        
0000231f  __aeabi_fadd                         
00003099  __aeabi_fcmpeq                       
000030d5  __aeabi_fcmpge                       
000030e9  __aeabi_fcmpgt                       
000030c1  __aeabi_fcmple                       
000030ad  __aeabi_fcmplt                       
00002b1d  __aeabi_fdiv                         
000028fd  __aeabi_fmul                         
00002315  __aeabi_fsub                         
00003939  __aeabi_i2f                          
0000151f  __aeabi_idiv0                        
0000466d  __aeabi_memcpy                       
0000466d  __aeabi_memcpy4                      
0000466d  __aeabi_memcpy8                      
00003dd5  __aeabi_ui2f                         
00003751  __aeabi_uidiv                        
00003751  __aeabi_uidivmod                     
ffffffff  __binit__                            
00002fcd  __cmpdf2                             
000039ed  __cmpsf2                             
00001b75  __divdf3                             
00002b1d  __divsf3                             
00002fcd  __eqdf2                              
000039ed  __eqsf2                              
00003791  __extendsfdf2                        
00003a65  __fixsfsi                            
00003b6d  __fixunssfsi                         
00003939  __floatsisf                          
00003dd5  __floatunsisf                        
00002d91  __gedf2                              
00003975  __gesf2                              
00002d91  __gtdf2                              
00003975  __gtsf2                              
00002fcd  __ledf2                              
000039ed  __lesf2                              
00002fcd  __ltdf2                              
000039ed  __ltsf2                              
UNDEFED   __mpu_init                           
00002155  __muldf3                             
00003a29  __muldsi3                            
000028fd  __mulsf3                             
00002fcd  __nedf2                              
000039ed  __nesf2                              
20207e00  __stack                              
20200000  __start___llvm_prf_bits              
20200000  __start___llvm_prf_cnts              
20200000  __stop___llvm_prf_bits               
20200000  __stop___llvm_prf_cnts               
0000138d  __subdf3                             
00002315  __subsf3                             
00002e11  __truncdfsf2                         
00003dfd  _c_int00_noargs                      
UNDEFED   _system_post_cinit                   
000046b9  _system_pre_init                     
00004693  abort                                
202001e4  accel                                
00004cb0  asc2_0806                            
000046c0  asc2_1608                            
000000c1  asin                                 
000000c1  asinl                                
00000425  atan                                 
00001521  atan2                                
00001521  atan2l                               
00000425  atanl                                
ffffffff  binit                                
000045e9  delay_ms                             
00000e19  dmp_read_fifo                        
20200000  gPWM_MOTORBackup                     
202000bc  gTIMER_CALCBackup                    
202001ea  gyro                                 
00004fac  hw                                   
00000000  interruptVectors                     
00003e95  main                                 
2020020a  more                                 
202001b8  motor_control                        
20200238  motor_test                           
000030fd  mpu6050_i2c_sda_unlock               
00001c81  mpu_read_fifo_stream                 
00000bed  mpu_reset_fifo                       
00003c01  mspm0_delay_ms                       
00003c8d  mspm0_get_clock_ms                   
00001819  mspm0_i2c_read                       
000023ed  mspm0_i2c_write                      
0000315d  oled_i2c_sda_unlock                  
00003c31  oled_pow                             
202001f0  pitch                                
202001d4  quat                                 
00004f68  reg                                  
202001f4  roll                                 
202001f8  sensor_timestamp                     
20200208  sensors                              
000016a9  sqrt                                 
000016a9  sqrtl                                
202001fc  start_time                           
00004f40  test                                 
20200200  tick_ms                              
20200204  yaw                                  


GLOBAL SYMBOLS: SORTED BY Symbol Address 

address   name                                 
-------   ----                                 
00000000  __TI_ATRegion0_region_sz             
00000000  __TI_ATRegion0_src_addr              
00000000  __TI_ATRegion0_trg_addr              
00000000  __TI_ATRegion1_region_sz             
00000000  __TI_ATRegion1_src_addr              
00000000  __TI_ATRegion1_trg_addr              
00000000  __TI_ATRegion2_region_sz             
00000000  __TI_ATRegion2_src_addr              
00000000  __TI_ATRegion2_trg_addr              
00000000  __TI_static_base__                   
00000000  interruptVectors                     
000000c1  asin                                 
000000c1  asinl                                
00000200  __STACK_SIZE                         
00000425  atan                                 
00000425  atanl                                
0000071d  Test_DisplayEncoderData              
000009c1  Read_Quad                            
00000bed  mpu_reset_fifo                       
00000e19  dmp_read_fifo                        
0000100d  SYSCFG_DL_GPIO_init                  
000011d5  Encoder_IRQHandler                   
0000138d  __aeabi_dsub                         
0000138d  __subdf3                             
00001397  __adddf3                             
00001397  __aeabi_dadd                         
0000151f  __aeabi_idiv0                        
00001521  atan2                                
00001521  atan2l                               
000016a9  sqrt                                 
000016a9  sqrtl                                
00001819  mspm0_i2c_read                       
0000194d  OLED_ShowChar                        
00001a65  OLED_Init                            
00001b75  __aeabi_ddiv                         
00001b75  __divdf3                             
00001c81  mpu_read_fifo_stream                 
00001d89  DL_Timer_initFourCCPWMMode           
00001e8d  OLED_ShowNum                         
00001f85  DL_Timer_initTimerMode               
0000206d  Motor_SetDirection                   
00002155  __aeabi_dmul                         
00002155  __muldf3                             
00002239  DL_SYSCTL_configSYSPLL               
00002315  __aeabi_fsub                         
00002315  __subsf3                             
0000231f  __addsf3                             
0000231f  __aeabi_fadd                         
000023ed  mspm0_i2c_write                      
000024b1  Motor_Run                            
00002571  PID_Calculate                        
00002629  OLED_WR_Byte                         
000026c1  Encoder_Timer_IRQHandler             
00002751  Motor_SetPWM                         
000027e1  SYSCFG_DL_PWM_MOTOR_init             
00002871  MotorControl_Update                  
000028fd  __aeabi_fmul                         
000028fd  __mulsf3                             
00002b1d  __aeabi_fdiv                         
00002b1d  __divsf3                             
00002ba1  PID_Init                             
00002c21  SYSCFG_DL_initPower                  
00002c9d  __TI_decompress_lzss                 
00002d19  MotorControl_Init                    
00002d91  __gedf2                              
00002d91  __gtdf2                              
00002e05  TIMA1_IRQHandler                     
00002e11  __aeabi_d2f                          
00002e11  __truncdfsf2                         
00002e85  OLED_ShowString                      
00002ef5  Motor_Stop                           
00002f61  OLED_Clear                           
00002fcd  __cmpdf2                             
00002fcd  __eqdf2                              
00002fcd  __ledf2                              
00002fcd  __ltdf2                              
00002fcd  __nedf2                              
00003035  __aeabi_dcmpeq                       
00003049  __aeabi_dcmplt                       
0000305d  __aeabi_dcmple                       
00003071  __aeabi_dcmpge                       
00003085  __aeabi_dcmpgt                       
00003099  __aeabi_fcmpeq                       
000030ad  __aeabi_fcmplt                       
000030c1  __aeabi_fcmple                       
000030d5  __aeabi_fcmpge                       
000030e9  __aeabi_fcmpgt                       
000030fd  mpu6050_i2c_sda_unlock               
0000315d  oled_i2c_sda_unlock                  
000031bd  DL_I2C_fillControllerTXFIFO          
000032d5  SYSCFG_DL_I2C_MPU6050_init           
0000332d  SYSCFG_DL_I2C_OLED_init              
00003385  Encoder_Init                         
000033d9  GROUP1_IRQHandler                    
0000351d  Test_DualMotorLoop                   
00003569  Test_DualMotorStart                  
000035b5  SYSCFG_DL_SYSCTL_init                
00003645  DL_SYSCTL_switchMCLKfromSYSOSCtoHSCLK
00003689  MotorControl_Manual                  
00003711  SYSCFG_DL_TIMER_CALC_init            
00003751  __aeabi_uidiv                        
00003751  __aeabi_uidivmod                     
00003791  __aeabi_f2d                          
00003791  __extendsfdf2                        
00003885  DL_I2C_flushControllerTXFIFO         
000038fd  OLED_Set_Pos                         
00003939  __aeabi_i2f                          
00003939  __floatsisf                          
00003975  __gesf2                              
00003975  __gtsf2                              
000039b1  __TI_auto_init_nobinit_nopinit       
000039ed  __cmpsf2                             
000039ed  __eqsf2                              
000039ed  __lesf2                              
000039ed  __ltsf2                              
000039ed  __nesf2                              
00003a29  __muldsi3                            
00003a65  __aeabi_f2iz                         
00003a65  __fixsfsi                            
00003b39  SYSCFG_DL_init                       
00003b6d  __aeabi_f2uiz                        
00003b6d  __fixunssfsi                         
00003ba1  Encoder_GetCount                     
00003bd1  Encoder_GetSpeed_PPS                 
00003c01  mspm0_delay_ms                       
00003c31  oled_pow                             
00003c8d  mspm0_get_clock_ms                   
00003cb9  MotorControl_GetEncoderCount         
00003dad  Test_Init                            
00003dd5  __aeabi_ui2f                         
00003dd5  __floatunsisf                        
00003dfd  _c_int00_noargs                      
00003e4b  DL_I2C_setClockConfig                
00003e71  Motor_PWM_Start                      
00003e95  main                                 
0000409d  DL_Timer_setCaptCompUpdateMethod     
000040b9  DL_Timer_setClockConfig              
000043bd  DL_Timer_setCaptureCompareOutCtl     
00004405  MotorControl_DisablePID_All          
0000441d  SysTick_Init                         
0000448d  __TI_zero_init_nomemset              
00004581  Motor_Init                           
00004595  TI_memcpy_small                      
000045a7  __TI_decompress_none                 
000045c9  DL_Timer_setCaptureCompareValue      
000045d9  SysTick_Handler                      
000045e9  delay_ms                             
000045f9  MotorControl_Stop_All                
00004607  DL_Common_delayCycles                
00004665  __aeabi_errno_addr                   
0000466d  __aeabi_memcpy                       
0000466d  __aeabi_memcpy4                      
0000466d  __aeabi_memcpy8                      
00004693  abort                                
00004699  ADC0_IRQHandler                      
00004699  ADC1_IRQHandler                      
00004699  AES_IRQHandler                       
00004699  CANFD0_IRQHandler                    
00004699  DAC0_IRQHandler                      
00004699  DMA_IRQHandler                       
00004699  Default_Handler                      
00004699  GROUP0_IRQHandler                    
00004699  HardFault_Handler                    
00004699  I2C0_IRQHandler                      
00004699  I2C1_IRQHandler                      
00004699  NMI_Handler                          
00004699  PendSV_Handler                       
00004699  RTC_IRQHandler                       
00004699  SPI0_IRQHandler                      
00004699  SPI1_IRQHandler                      
00004699  SVC_Handler                          
00004699  TIMA0_IRQHandler                     
00004699  TIMG0_IRQHandler                     
00004699  TIMG12_IRQHandler                    
00004699  TIMG6_IRQHandler                     
00004699  TIMG7_IRQHandler                     
00004699  TIMG8_IRQHandler                     
00004699  UART0_IRQHandler                     
00004699  UART1_IRQHandler                     
00004699  UART2_IRQHandler                     
00004699  UART3_IRQHandler                     
0000469c  C$$EXIT                              
0000469d  HOSTexit                             
000046a5  Reset_Handler                        
000046b9  _system_pre_init                     
000046c0  asc2_1608                            
00004cb0  asc2_0806                            
00004f40  test                                 
00004f68  reg                                  
00004fac  hw                                   
00004ff0  __TI_Handler_Table_Base              
00004ffc  __TI_Handler_Table_Limit             
00005004  __TI_CINIT_Base                      
00005014  __TI_CINIT_Limit                     
00005014  __TI_CINIT_Warm                      
20200000  __start___llvm_prf_bits              
20200000  __start___llvm_prf_cnts              
20200000  __stop___llvm_prf_bits               
20200000  __stop___llvm_prf_cnts               
20200000  gPWM_MOTORBackup                     
202000bc  gTIMER_CALCBackup                    
202001b8  motor_control                        
202001d4  quat                                 
202001e4  accel                                
202001ea  gyro                                 
202001f0  pitch                                
202001f4  roll                                 
202001f8  sensor_timestamp                     
202001fc  start_time                           
20200200  tick_ms                              
20200204  yaw                                  
20200208  sensors                              
2020020a  more                                 
20200238  motor_test                           
20200280  __aeabi_errno                        
20207e00  __stack                              
20208000  __STACK_END                          
ffffffff  __TI_pprof_out_hndl                  
ffffffff  __TI_prof_data_size                  
ffffffff  __TI_prof_data_start                 
ffffffff  __binit__                            
ffffffff  binit                                
UNDEFED   __mpu_init                           
UNDEFED   _system_post_cinit                   

[224 symbols]
