<?xml version="1.0" encoding="ISO-8859-1" ?>
<link_info>
   <banner>TI ARM Clang Linker PC v4.0.3.LTS</banner>
   <copyright>Copyright (c) 1996-2018 Texas Instruments Incorporated</copyright>
   <command_line>C:\ti\ccs2020\ccs\tools\compiler\ti-cgt-armllvm_4.0.3.LTS\bin\tiarmlnk -IC:\ti\ccs2020\ccs\tools\compiler\ti-cgt-armllvm_4.0.3.LTS\lib -o mspm0-modules-car.out -mmspm0-modules-car.map -iC:/ti/mspm0_sdk_2_05_00_05/source -iC:/Users/AkiRin/workspace_ccstheia/mspm0-modules-car -iC:/Users/AkiRin/workspace_ccstheia/mspm0-modules-car/Debug/syscfg -iC:/ti/ccs2020/ccs/tools/compiler/ti-cgt-armllvm_4.0.3.LTS/lib --diag_wrap=off --display_error_number --warn_sections --xml_link_info=mspm0-modules-car_linkInfo.xml --rom_model ./main.o ./ti_msp_dl_config.o ./startup_mspm0g350x_ticlang.o ./Drivers/LineTracker/linetracker.o ./Drivers/LineTracker/linetracker_test.o ./Drivers/MPU6050/inv_mpu.o ./Drivers/MPU6050/inv_mpu_dmp_motion_driver.o ./Drivers/MPU6050/mpu6050.o ./Drivers/MPU6050/mspm0_i2c.o ./Drivers/MSPM0/clock.o ./Drivers/MSPM0/interrupt.o ./Drivers/Motor_Encoder_PID/Encoder.o ./Drivers/Motor_Encoder_PID/Motor.o ./Drivers/Motor_Encoder_PID/motor_control.o ./Drivers/Motor_Encoder_PID/pid.o ./Drivers/OLED_Hardware_I2C/oled_hardware_i2c.o ./Test/test.o -l./device_linker.cmd -ldevice.cmd.genlibs -llibc.a -lC:/ti/mspm0_sdk_2_05_00_05/source/ti/driverlib/lib/ticlang/m0p/mspm0g1x0x_g3x0x/driverlib.a --start-group -llibc++.a -llibc++abi.a -llibc.a -llibsys.a -llibsysbm.a -llibclang_rt.builtins.a -llibclang_rt.profile.a --end-group --cg_opt_level=2</command_line>
   <link_time>0x68874b56</link_time>
   <link_errors>0x0</link_errors>
   <output_file>C:\Users\AkiRin\workspace_ccstheia\mspm0-modules-car\Debug\mspm0-modules-car.out</output_file>
   <entry_point>
      <name>_c_int00_noargs</name>
      <address>0x5385</address>
   </entry_point>
   <input_file_list>
      <input_file id="fl-1">
         <path>C:\Users\AkiRin\workspace_ccstheia\mspm0-modules-car\Debug\.\</path>
         <kind>object</kind>
         <file>main.o</file>
         <name>main.o</name>
      </input_file>
      <input_file id="fl-2">
         <path>C:\Users\AkiRin\workspace_ccstheia\mspm0-modules-car\Debug\.\</path>
         <kind>object</kind>
         <file>ti_msp_dl_config.o</file>
         <name>ti_msp_dl_config.o</name>
      </input_file>
      <input_file id="fl-3">
         <path>C:\Users\AkiRin\workspace_ccstheia\mspm0-modules-car\Debug\.\</path>
         <kind>object</kind>
         <file>startup_mspm0g350x_ticlang.o</file>
         <name>startup_mspm0g350x_ticlang.o</name>
      </input_file>
      <input_file id="fl-4">
         <path>C:\Users\AkiRin\workspace_ccstheia\mspm0-modules-car\Debug\.\Drivers\LineTracker\</path>
         <kind>object</kind>
         <file>linetracker.o</file>
         <name>linetracker.o</name>
      </input_file>
      <input_file id="fl-5">
         <path>C:\Users\AkiRin\workspace_ccstheia\mspm0-modules-car\Debug\.\Drivers\LineTracker\</path>
         <kind>object</kind>
         <file>linetracker_test.o</file>
         <name>linetracker_test.o</name>
      </input_file>
      <input_file id="fl-6">
         <path>C:\Users\AkiRin\workspace_ccstheia\mspm0-modules-car\Debug\.\Drivers\MPU6050\</path>
         <kind>object</kind>
         <file>inv_mpu.o</file>
         <name>inv_mpu.o</name>
      </input_file>
      <input_file id="fl-7">
         <path>C:\Users\AkiRin\workspace_ccstheia\mspm0-modules-car\Debug\.\Drivers\MPU6050\</path>
         <kind>object</kind>
         <file>inv_mpu_dmp_motion_driver.o</file>
         <name>inv_mpu_dmp_motion_driver.o</name>
      </input_file>
      <input_file id="fl-8">
         <path>C:\Users\AkiRin\workspace_ccstheia\mspm0-modules-car\Debug\.\Drivers\MPU6050\</path>
         <kind>object</kind>
         <file>mpu6050.o</file>
         <name>mpu6050.o</name>
      </input_file>
      <input_file id="fl-9">
         <path>C:\Users\AkiRin\workspace_ccstheia\mspm0-modules-car\Debug\.\Drivers\MPU6050\</path>
         <kind>object</kind>
         <file>mspm0_i2c.o</file>
         <name>mspm0_i2c.o</name>
      </input_file>
      <input_file id="fl-a">
         <path>C:\Users\AkiRin\workspace_ccstheia\mspm0-modules-car\Debug\.\Drivers\MSPM0\</path>
         <kind>object</kind>
         <file>clock.o</file>
         <name>clock.o</name>
      </input_file>
      <input_file id="fl-b">
         <path>C:\Users\AkiRin\workspace_ccstheia\mspm0-modules-car\Debug\.\Drivers\MSPM0\</path>
         <kind>object</kind>
         <file>interrupt.o</file>
         <name>interrupt.o</name>
      </input_file>
      <input_file id="fl-c">
         <path>C:\Users\AkiRin\workspace_ccstheia\mspm0-modules-car\Debug\.\Drivers\Motor_Encoder_PID\</path>
         <kind>object</kind>
         <file>Encoder.o</file>
         <name>Encoder.o</name>
      </input_file>
      <input_file id="fl-d">
         <path>C:\Users\AkiRin\workspace_ccstheia\mspm0-modules-car\Debug\.\Drivers\Motor_Encoder_PID\</path>
         <kind>object</kind>
         <file>Motor.o</file>
         <name>Motor.o</name>
      </input_file>
      <input_file id="fl-e">
         <path>C:\Users\AkiRin\workspace_ccstheia\mspm0-modules-car\Debug\.\Drivers\Motor_Encoder_PID\</path>
         <kind>object</kind>
         <file>motor_control.o</file>
         <name>motor_control.o</name>
      </input_file>
      <input_file id="fl-f">
         <path>C:\Users\AkiRin\workspace_ccstheia\mspm0-modules-car\Debug\.\Drivers\Motor_Encoder_PID\</path>
         <kind>object</kind>
         <file>pid.o</file>
         <name>pid.o</name>
      </input_file>
      <input_file id="fl-10">
         <path>C:\Users\AkiRin\workspace_ccstheia\mspm0-modules-car\Debug\.\Drivers\OLED_Hardware_I2C\</path>
         <kind>object</kind>
         <file>oled_hardware_i2c.o</file>
         <name>oled_hardware_i2c.o</name>
      </input_file>
      <input_file id="fl-11">
         <path>C:\Users\AkiRin\workspace_ccstheia\mspm0-modules-car\Debug\.\Test\</path>
         <kind>object</kind>
         <file>test.o</file>
         <name>test.o</name>
      </input_file>
      <input_file id="fl-1f">
         <path>C:\Users\AkiRin\workspace_ccstheia\mspm0-modules-car\Debug\</path>
         <kind>object</kind>
         <file>&lt;internal&gt;</file>
         <name>&lt;internal&gt;</name>
      </input_file>
      <input_file id="fl-20">
         <path>C:\ti\mspm0_sdk_2_05_00_05\source\ti\driverlib\lib\ticlang\m0p\mspm0g1x0x_g3x0x\</path>
         <kind>archive</kind>
         <file>driverlib.a</file>
         <name>dl_common.o</name>
      </input_file>
      <input_file id="fl-21">
         <path>C:\ti\mspm0_sdk_2_05_00_05\source\ti\driverlib\lib\ticlang\m0p\mspm0g1x0x_g3x0x\</path>
         <kind>archive</kind>
         <file>driverlib.a</file>
         <name>dl_i2c.o</name>
      </input_file>
      <input_file id="fl-22">
         <path>C:\ti\mspm0_sdk_2_05_00_05\source\ti\driverlib\lib\ticlang\m0p\mspm0g1x0x_g3x0x\</path>
         <kind>archive</kind>
         <file>driverlib.a</file>
         <name>dl_timer.o</name>
      </input_file>
      <input_file id="fl-23">
         <path>C:\ti\mspm0_sdk_2_05_00_05\source\ti\driverlib\lib\ticlang\m0p\mspm0g1x0x_g3x0x\</path>
         <kind>archive</kind>
         <file>driverlib.a</file>
         <name>dl_sysctl_mspm0g1x0x_g3x0x.o</name>
      </input_file>
      <input_file id="fl-3a">
         <path>C:\ti\ccs2020\ccs\tools\compiler\ti-cgt-armllvm_4.0.3.LTS\lib\armv6m-ti-none-eabi\c\</path>
         <kind>archive</kind>
         <file>libc.a</file>
         <name>printf.c.obj</name>
      </input_file>
      <input_file id="fl-3b">
         <path>C:\ti\ccs2020\ccs\tools\compiler\ti-cgt-armllvm_4.0.3.LTS\lib\armv6m-ti-none-eabi\c\</path>
         <kind>archive</kind>
         <file>libc.a</file>
         <name>_printfi.c.obj</name>
      </input_file>
      <input_file id="fl-3c">
         <path>C:\ti\ccs2020\ccs\tools\compiler\ti-cgt-armllvm_4.0.3.LTS\lib\armv6m-ti-none-eabi\c\</path>
         <kind>archive</kind>
         <file>libc.a</file>
         <name>sprintf.c.obj</name>
      </input_file>
      <input_file id="fl-3d">
         <path>C:\ti\ccs2020\ccs\tools\compiler\ti-cgt-armllvm_4.0.3.LTS\lib\armv6m-ti-none-eabi\c\</path>
         <kind>archive</kind>
         <file>libc.a</file>
         <name>fputc.c.obj</name>
      </input_file>
      <input_file id="fl-3e">
         <path>C:\ti\ccs2020\ccs\tools\compiler\ti-cgt-armllvm_4.0.3.LTS\lib\armv6m-ti-none-eabi\c\</path>
         <kind>archive</kind>
         <file>libc.a</file>
         <name>fputs.c.obj</name>
      </input_file>
      <input_file id="fl-3f">
         <path>C:\ti\ccs2020\ccs\tools\compiler\ti-cgt-armllvm_4.0.3.LTS\lib\armv6m-ti-none-eabi\c\</path>
         <kind>archive</kind>
         <file>libc.a</file>
         <name>_io_perm.c.obj</name>
      </input_file>
      <input_file id="fl-40">
         <path>C:\ti\ccs2020\ccs\tools\compiler\ti-cgt-armllvm_4.0.3.LTS\lib\armv6m-ti-none-eabi\c\</path>
         <kind>archive</kind>
         <file>libc.a</file>
         <name>setvbuf.c.obj</name>
      </input_file>
      <input_file id="fl-41">
         <path>C:\ti\ccs2020\ccs\tools\compiler\ti-cgt-armllvm_4.0.3.LTS\lib\armv6m-ti-none-eabi\c\</path>
         <kind>archive</kind>
         <file>libc.a</file>
         <name>e_asin.c.obj</name>
      </input_file>
      <input_file id="fl-42">
         <path>C:\ti\ccs2020\ccs\tools\compiler\ti-cgt-armllvm_4.0.3.LTS\lib\armv6m-ti-none-eabi\c\</path>
         <kind>archive</kind>
         <file>libc.a</file>
         <name>e_atan2.c.obj</name>
      </input_file>
      <input_file id="fl-43">
         <path>C:\ti\ccs2020\ccs\tools\compiler\ti-cgt-armllvm_4.0.3.LTS\lib\armv6m-ti-none-eabi\c\</path>
         <kind>archive</kind>
         <file>libc.a</file>
         <name>e_sqrt.c.obj</name>
      </input_file>
      <input_file id="fl-44">
         <path>C:\ti\ccs2020\ccs\tools\compiler\ti-cgt-armllvm_4.0.3.LTS\lib\armv6m-ti-none-eabi\c\</path>
         <kind>archive</kind>
         <file>libc.a</file>
         <name>s_atan.c.obj</name>
      </input_file>
      <input_file id="fl-45">
         <path>C:\ti\ccs2020\ccs\tools\compiler\ti-cgt-armllvm_4.0.3.LTS\lib\armv6m-ti-none-eabi\c\</path>
         <kind>archive</kind>
         <file>libc.a</file>
         <name>s_frexp.c.obj</name>
      </input_file>
      <input_file id="fl-46">
         <path>C:\ti\ccs2020\ccs\tools\compiler\ti-cgt-armllvm_4.0.3.LTS\lib\armv6m-ti-none-eabi\c\</path>
         <kind>archive</kind>
         <file>libc.a</file>
         <name>s_scalbn.c.obj</name>
      </input_file>
      <input_file id="fl-47">
         <path>C:\ti\ccs2020\ccs\tools\compiler\ti-cgt-armllvm_4.0.3.LTS\lib\armv6m-ti-none-eabi\c\</path>
         <kind>archive</kind>
         <file>libc.a</file>
         <name>wcslen.c.obj</name>
      </input_file>
      <input_file id="fl-48">
         <path>C:\ti\ccs2020\ccs\tools\compiler\ti-cgt-armllvm_4.0.3.LTS\lib\armv6m-ti-none-eabi\c\</path>
         <kind>archive</kind>
         <file>libc.a</file>
         <name>aeabi_portable.c.obj</name>
      </input_file>
      <input_file id="fl-49">
         <path>C:\ti\ccs2020\ccs\tools\compiler\ti-cgt-armllvm_4.0.3.LTS\lib\armv6m-ti-none-eabi\c\</path>
         <kind>archive</kind>
         <file>libc.a</file>
         <name>exit.c.obj</name>
      </input_file>
      <input_file id="fl-4a">
         <path>C:\ti\ccs2020\ccs\tools\compiler\ti-cgt-armllvm_4.0.3.LTS\lib\armv6m-ti-none-eabi\c\</path>
         <kind>archive</kind>
         <file>libc.a</file>
         <name>_lock.c.obj</name>
      </input_file>
      <input_file id="fl-4b">
         <path>C:\ti\ccs2020\ccs\tools\compiler\ti-cgt-armllvm_4.0.3.LTS\lib\armv6m-ti-none-eabi\c\</path>
         <kind>archive</kind>
         <file>libc.a</file>
         <name>_ltoa.c.obj</name>
      </input_file>
      <input_file id="fl-4c">
         <path>C:\ti\ccs2020\ccs\tools\compiler\ti-cgt-armllvm_4.0.3.LTS\lib\armv6m-ti-none-eabi\c\</path>
         <kind>archive</kind>
         <file>libc.a</file>
         <name>assert.c.obj</name>
      </input_file>
      <input_file id="fl-4d">
         <path>C:\ti\ccs2020\ccs\tools\compiler\ti-cgt-armllvm_4.0.3.LTS\lib\armv6m-ti-none-eabi\c\</path>
         <kind>archive</kind>
         <file>libc.a</file>
         <name>atoi.c.obj</name>
      </input_file>
      <input_file id="fl-4e">
         <path>C:\ti\ccs2020\ccs\tools\compiler\ti-cgt-armllvm_4.0.3.LTS\lib\armv6m-ti-none-eabi\c\</path>
         <kind>archive</kind>
         <file>libc.a</file>
         <name>defs.c.obj</name>
      </input_file>
      <input_file id="fl-4f">
         <path>C:\ti\ccs2020\ccs\tools\compiler\ti-cgt-armllvm_4.0.3.LTS\lib\armv6m-ti-none-eabi\c\</path>
         <kind>archive</kind>
         <file>libc.a</file>
         <name>memccpy.c.obj</name>
      </input_file>
      <input_file id="fl-50">
         <path>C:\ti\ccs2020\ccs\tools\compiler\ti-cgt-armllvm_4.0.3.LTS\lib\armv6m-ti-none-eabi\c\</path>
         <kind>archive</kind>
         <file>libc.a</file>
         <name>memory.c.obj</name>
      </input_file>
      <input_file id="fl-51">
         <path>C:\ti\ccs2020\ccs\tools\compiler\ti-cgt-armllvm_4.0.3.LTS\lib\armv6m-ti-none-eabi\c\</path>
         <kind>archive</kind>
         <file>libc.a</file>
         <name>boot_cortex_m.c.obj</name>
      </input_file>
      <input_file id="fl-52">
         <path>C:\ti\ccs2020\ccs\tools\compiler\ti-cgt-armllvm_4.0.3.LTS\lib\armv6m-ti-none-eabi\c\</path>
         <kind>archive</kind>
         <file>libc.a</file>
         <name>mathacl_init.c.obj</name>
      </input_file>
      <input_file id="fl-53">
         <path>C:\ti\ccs2020\ccs\tools\compiler\ti-cgt-armllvm_4.0.3.LTS\lib\armv6m-ti-none-eabi\c\</path>
         <kind>archive</kind>
         <file>libc.a</file>
         <name>autoinit.c.obj</name>
      </input_file>
      <input_file id="fl-54">
         <path>C:\ti\ccs2020\ccs\tools\compiler\ti-cgt-armllvm_4.0.3.LTS\lib\armv6m-ti-none-eabi\c\</path>
         <kind>archive</kind>
         <file>libc.a</file>
         <name>pre_init.c.obj</name>
      </input_file>
      <input_file id="fl-55">
         <path>C:\ti\ccs2020\ccs\tools\compiler\ti-cgt-armllvm_4.0.3.LTS\lib\armv6m-ti-none-eabi\c\</path>
         <kind>archive</kind>
         <file>libc.a</file>
         <name>cpy_tbl.c.obj</name>
      </input_file>
      <input_file id="fl-56">
         <path>C:\ti\ccs2020\ccs\tools\compiler\ti-cgt-armllvm_4.0.3.LTS\lib\armv6m-ti-none-eabi\c\</path>
         <kind>archive</kind>
         <file>libc.a</file>
         <name>copy_zero_init.c.obj</name>
      </input_file>
      <input_file id="fl-57">
         <path>C:\ti\ccs2020\ccs\tools\compiler\ti-cgt-armllvm_4.0.3.LTS\lib\armv6m-ti-none-eabi\c\</path>
         <kind>archive</kind>
         <file>libc.a</file>
         <name>copy_decompress_none.c.obj</name>
      </input_file>
      <input_file id="fl-58">
         <path>C:\ti\ccs2020\ccs\tools\compiler\ti-cgt-armllvm_4.0.3.LTS\lib\armv6m-ti-none-eabi\c\</path>
         <kind>archive</kind>
         <file>libc.a</file>
         <name>copy_decompress_lzss.c.obj</name>
      </input_file>
      <input_file id="fl-59">
         <path>C:\ti\ccs2020\ccs\tools\compiler\ti-cgt-armllvm_4.0.3.LTS\lib\armv6m-ti-none-eabi\c\</path>
         <kind>archive</kind>
         <file>libc.a</file>
         <name>fflush.c.obj</name>
      </input_file>
      <input_file id="fl-5a">
         <path>C:\ti\ccs2020\ccs\tools\compiler\ti-cgt-armllvm_4.0.3.LTS\lib\armv6m-ti-none-eabi\c\</path>
         <kind>archive</kind>
         <file>libc.a</file>
         <name>fopen.c.obj</name>
      </input_file>
      <input_file id="fl-5b">
         <path>C:\ti\ccs2020\ccs\tools\compiler\ti-cgt-armllvm_4.0.3.LTS\lib\armv6m-ti-none-eabi\c\</path>
         <kind>archive</kind>
         <file>libc.a</file>
         <name>fseek.c.obj</name>
      </input_file>
      <input_file id="fl-5c">
         <path>C:\ti\ccs2020\ccs\tools\compiler\ti-cgt-armllvm_4.0.3.LTS\lib\armv6m-ti-none-eabi\c\</path>
         <kind>archive</kind>
         <file>libc.a</file>
         <name>aeabi_ctype.S.obj</name>
      </input_file>
      <input_file id="fl-5d">
         <path>C:\ti\ccs2020\ccs\tools\compiler\ti-cgt-armllvm_4.0.3.LTS\lib\armv6m-ti-none-eabi\c\</path>
         <kind>archive</kind>
         <file>libc.a</file>
         <name>args_main.c.obj</name>
      </input_file>
      <input_file id="fl-5e">
         <path>C:\ti\ccs2020\ccs\tools\compiler\ti-cgt-armllvm_4.0.3.LTS\lib\armv6m-ti-none-eabi\c\</path>
         <kind>archive</kind>
         <file>libc.a</file>
         <name>fclose.c.obj</name>
      </input_file>
      <input_file id="fl-fe">
         <path>C:\ti\ccs2020\ccs\tools\compiler\ti-cgt-armllvm_4.0.3.LTS\lib\armv6m-ti-none-eabi\c\</path>
         <kind>archive</kind>
         <file>libsysbm.a</file>
         <name>hostexit.c.obj</name>
      </input_file>
      <input_file id="fl-ff">
         <path>C:\ti\ccs2020\ccs\tools\compiler\ti-cgt-armllvm_4.0.3.LTS\lib\armv6m-ti-none-eabi\c\</path>
         <kind>archive</kind>
         <file>libsysbm.a</file>
         <name>write.c.obj</name>
      </input_file>
      <input_file id="fl-100">
         <path>C:\ti\ccs2020\ccs\tools\compiler\ti-cgt-armllvm_4.0.3.LTS\lib\armv6m-ti-none-eabi\c\</path>
         <kind>archive</kind>
         <file>libsysbm.a</file>
         <name>host_device.c.obj</name>
      </input_file>
      <input_file id="fl-101">
         <path>C:\ti\ccs2020\ccs\tools\compiler\ti-cgt-armllvm_4.0.3.LTS\lib\armv6m-ti-none-eabi\c\</path>
         <kind>archive</kind>
         <file>libsysbm.a</file>
         <name>remove.c.obj</name>
      </input_file>
      <input_file id="fl-102">
         <path>C:\ti\ccs2020\ccs\tools\compiler\ti-cgt-armllvm_4.0.3.LTS\lib\armv6m-ti-none-eabi\c\</path>
         <kind>archive</kind>
         <file>libsysbm.a</file>
         <name>open.c.obj</name>
      </input_file>
      <input_file id="fl-103">
         <path>C:\ti\ccs2020\ccs\tools\compiler\ti-cgt-armllvm_4.0.3.LTS\lib\armv6m-ti-none-eabi\c\</path>
         <kind>archive</kind>
         <file>libsysbm.a</file>
         <name>lseek.c.obj</name>
      </input_file>
      <input_file id="fl-104">
         <path>C:\ti\ccs2020\ccs\tools\compiler\ti-cgt-armllvm_4.0.3.LTS\lib\armv6m-ti-none-eabi\c\</path>
         <kind>archive</kind>
         <file>libsysbm.a</file>
         <name>close.c.obj</name>
      </input_file>
      <input_file id="fl-105">
         <path>C:\ti\ccs2020\ccs\tools\compiler\ti-cgt-armllvm_4.0.3.LTS\lib\armv6m-ti-none-eabi\c\</path>
         <kind>archive</kind>
         <file>libsysbm.a</file>
         <name>unlink.c.obj</name>
      </input_file>
      <input_file id="fl-106">
         <path>C:\ti\ccs2020\ccs\tools\compiler\ti-cgt-armllvm_4.0.3.LTS\lib\armv6m-ti-none-eabi\c\</path>
         <kind>archive</kind>
         <file>libsysbm.a</file>
         <name>hostclose.c.obj</name>
      </input_file>
      <input_file id="fl-107">
         <path>C:\ti\ccs2020\ccs\tools\compiler\ti-cgt-armllvm_4.0.3.LTS\lib\armv6m-ti-none-eabi\c\</path>
         <kind>archive</kind>
         <file>libsysbm.a</file>
         <name>hostlseek.c.obj</name>
      </input_file>
      <input_file id="fl-108">
         <path>C:\ti\ccs2020\ccs\tools\compiler\ti-cgt-armllvm_4.0.3.LTS\lib\armv6m-ti-none-eabi\c\</path>
         <kind>archive</kind>
         <file>libsysbm.a</file>
         <name>hostopen.c.obj</name>
      </input_file>
      <input_file id="fl-109">
         <path>C:\ti\ccs2020\ccs\tools\compiler\ti-cgt-armllvm_4.0.3.LTS\lib\armv6m-ti-none-eabi\c\</path>
         <kind>archive</kind>
         <file>libsysbm.a</file>
         <name>hostread.c.obj</name>
      </input_file>
      <input_file id="fl-10a">
         <path>C:\ti\ccs2020\ccs\tools\compiler\ti-cgt-armllvm_4.0.3.LTS\lib\armv6m-ti-none-eabi\c\</path>
         <kind>archive</kind>
         <file>libsysbm.a</file>
         <name>hostrename.c.obj</name>
      </input_file>
      <input_file id="fl-10b">
         <path>C:\ti\ccs2020\ccs\tools\compiler\ti-cgt-armllvm_4.0.3.LTS\lib\armv6m-ti-none-eabi\c\</path>
         <kind>archive</kind>
         <file>libsysbm.a</file>
         <name>hostunlink.c.obj</name>
      </input_file>
      <input_file id="fl-10c">
         <path>C:\ti\ccs2020\ccs\tools\compiler\ti-cgt-armllvm_4.0.3.LTS\lib\armv6m-ti-none-eabi\c\</path>
         <kind>archive</kind>
         <file>libsysbm.a</file>
         <name>hostwrite.c.obj</name>
      </input_file>
      <input_file id="fl-10d">
         <path>C:\ti\ccs2020\ccs\tools\compiler\ti-cgt-armllvm_4.0.3.LTS\lib\armv6m-ti-none-eabi\c\</path>
         <kind>archive</kind>
         <file>libsysbm.a</file>
         <name>trgmsg.c.obj</name>
      </input_file>
      <input_file id="fl-10e">
         <path>C:\ti\ccs2020\ccs\tools\compiler\ti-cgt-armllvm_4.0.3.LTS\lib\armv6m-ti-none-eabi\</path>
         <kind>archive</kind>
         <file>libclang_rt.builtins.a</file>
         <name>addsf3.S.obj</name>
      </input_file>
      <input_file id="fl-10f">
         <path>C:\ti\ccs2020\ccs\tools\compiler\ti-cgt-armllvm_4.0.3.LTS\lib\armv6m-ti-none-eabi\</path>
         <kind>archive</kind>
         <file>libclang_rt.builtins.a</file>
         <name>adddf3.S.obj</name>
      </input_file>
      <input_file id="fl-110">
         <path>C:\ti\ccs2020\ccs\tools\compiler\ti-cgt-armllvm_4.0.3.LTS\lib\armv6m-ti-none-eabi\</path>
         <kind>archive</kind>
         <file>libclang_rt.builtins.a</file>
         <name>muldf3.S.obj</name>
      </input_file>
      <input_file id="fl-111">
         <path>C:\ti\ccs2020\ccs\tools\compiler\ti-cgt-armllvm_4.0.3.LTS\lib\armv6m-ti-none-eabi\</path>
         <kind>archive</kind>
         <file>libclang_rt.builtins.a</file>
         <name>muldsi3.S.obj</name>
      </input_file>
      <input_file id="fl-112">
         <path>C:\ti\ccs2020\ccs\tools\compiler\ti-cgt-armllvm_4.0.3.LTS\lib\armv6m-ti-none-eabi\</path>
         <kind>archive</kind>
         <file>libclang_rt.builtins.a</file>
         <name>mulsf3.S.obj</name>
      </input_file>
      <input_file id="fl-113">
         <path>C:\ti\ccs2020\ccs\tools\compiler\ti-cgt-armllvm_4.0.3.LTS\lib\armv6m-ti-none-eabi\</path>
         <kind>archive</kind>
         <file>libclang_rt.builtins.a</file>
         <name>divsf3.S.obj</name>
      </input_file>
      <input_file id="fl-114">
         <path>C:\ti\ccs2020\ccs\tools\compiler\ti-cgt-armllvm_4.0.3.LTS\lib\armv6m-ti-none-eabi\</path>
         <kind>archive</kind>
         <file>libclang_rt.builtins.a</file>
         <name>divdf3.S.obj</name>
      </input_file>
      <input_file id="fl-115">
         <path>C:\ti\ccs2020\ccs\tools\compiler\ti-cgt-armllvm_4.0.3.LTS\lib\armv6m-ti-none-eabi\</path>
         <kind>archive</kind>
         <file>libclang_rt.builtins.a</file>
         <name>extendsfdf2.S.obj</name>
      </input_file>
      <input_file id="fl-116">
         <path>C:\ti\ccs2020\ccs\tools\compiler\ti-cgt-armllvm_4.0.3.LTS\lib\armv6m-ti-none-eabi\</path>
         <kind>archive</kind>
         <file>libclang_rt.builtins.a</file>
         <name>fixdfsi.S.obj</name>
      </input_file>
      <input_file id="fl-117">
         <path>C:\ti\ccs2020\ccs\tools\compiler\ti-cgt-armllvm_4.0.3.LTS\lib\armv6m-ti-none-eabi\</path>
         <kind>archive</kind>
         <file>libclang_rt.builtins.a</file>
         <name>fixsfsi.S.obj</name>
      </input_file>
      <input_file id="fl-118">
         <path>C:\ti\ccs2020\ccs\tools\compiler\ti-cgt-armllvm_4.0.3.LTS\lib\armv6m-ti-none-eabi\</path>
         <kind>archive</kind>
         <file>libclang_rt.builtins.a</file>
         <name>fixunssfsi.S.obj</name>
      </input_file>
      <input_file id="fl-119">
         <path>C:\ti\ccs2020\ccs\tools\compiler\ti-cgt-armllvm_4.0.3.LTS\lib\armv6m-ti-none-eabi\</path>
         <kind>archive</kind>
         <file>libclang_rt.builtins.a</file>
         <name>floatsidf.S.obj</name>
      </input_file>
      <input_file id="fl-11a">
         <path>C:\ti\ccs2020\ccs\tools\compiler\ti-cgt-armllvm_4.0.3.LTS\lib\armv6m-ti-none-eabi\</path>
         <kind>archive</kind>
         <file>libclang_rt.builtins.a</file>
         <name>floatsisf.S.obj</name>
      </input_file>
      <input_file id="fl-11b">
         <path>C:\ti\ccs2020\ccs\tools\compiler\ti-cgt-armllvm_4.0.3.LTS\lib\armv6m-ti-none-eabi\</path>
         <kind>archive</kind>
         <file>libclang_rt.builtins.a</file>
         <name>floatunsisf.S.obj</name>
      </input_file>
      <input_file id="fl-11c">
         <path>C:\ti\ccs2020\ccs\tools\compiler\ti-cgt-armllvm_4.0.3.LTS\lib\armv6m-ti-none-eabi\</path>
         <kind>archive</kind>
         <file>libclang_rt.builtins.a</file>
         <name>muldi3.S.obj</name>
      </input_file>
      <input_file id="fl-11d">
         <path>C:\ti\ccs2020\ccs\tools\compiler\ti-cgt-armllvm_4.0.3.LTS\lib\armv6m-ti-none-eabi\</path>
         <kind>archive</kind>
         <file>libclang_rt.builtins.a</file>
         <name>truncdfsf2.S.obj</name>
      </input_file>
      <input_file id="fl-11e">
         <path>C:\ti\ccs2020\ccs\tools\compiler\ti-cgt-armllvm_4.0.3.LTS\lib\armv6m-ti-none-eabi\</path>
         <kind>archive</kind>
         <file>libclang_rt.builtins.a</file>
         <name>aeabi_dcmp.S.obj</name>
      </input_file>
      <input_file id="fl-11f">
         <path>C:\ti\ccs2020\ccs\tools\compiler\ti-cgt-armllvm_4.0.3.LTS\lib\armv6m-ti-none-eabi\</path>
         <kind>archive</kind>
         <file>libclang_rt.builtins.a</file>
         <name>aeabi_fcmp.S.obj</name>
      </input_file>
      <input_file id="fl-120">
         <path>C:\ti\ccs2020\ccs\tools\compiler\ti-cgt-armllvm_4.0.3.LTS\lib\armv6m-ti-none-eabi\</path>
         <kind>archive</kind>
         <file>libclang_rt.builtins.a</file>
         <name>aeabi_idivmod.S.obj</name>
      </input_file>
      <input_file id="fl-121">
         <path>C:\ti\ccs2020\ccs\tools\compiler\ti-cgt-armllvm_4.0.3.LTS\lib\armv6m-ti-none-eabi\</path>
         <kind>archive</kind>
         <file>libclang_rt.builtins.a</file>
         <name>aeabi_ldivmod.S.obj</name>
      </input_file>
      <input_file id="fl-122">
         <path>C:\ti\ccs2020\ccs\tools\compiler\ti-cgt-armllvm_4.0.3.LTS\lib\armv6m-ti-none-eabi\</path>
         <kind>archive</kind>
         <file>libclang_rt.builtins.a</file>
         <name>aeabi_memcpy.S.obj</name>
      </input_file>
      <input_file id="fl-123">
         <path>C:\ti\ccs2020\ccs\tools\compiler\ti-cgt-armllvm_4.0.3.LTS\lib\armv6m-ti-none-eabi\</path>
         <kind>archive</kind>
         <file>libclang_rt.builtins.a</file>
         <name>aeabi_memset.S.obj</name>
      </input_file>
      <input_file id="fl-124">
         <path>C:\ti\ccs2020\ccs\tools\compiler\ti-cgt-armllvm_4.0.3.LTS\lib\armv6m-ti-none-eabi\</path>
         <kind>archive</kind>
         <file>libclang_rt.builtins.a</file>
         <name>aeabi_uidivmod.S.obj</name>
      </input_file>
      <input_file id="fl-125">
         <path>C:\ti\ccs2020\ccs\tools\compiler\ti-cgt-armllvm_4.0.3.LTS\lib\armv6m-ti-none-eabi\</path>
         <kind>archive</kind>
         <file>libclang_rt.builtins.a</file>
         <name>aeabi_uldivmod.S.obj</name>
      </input_file>
      <input_file id="fl-126">
         <path>C:\ti\ccs2020\ccs\tools\compiler\ti-cgt-armllvm_4.0.3.LTS\lib\armv6m-ti-none-eabi\</path>
         <kind>archive</kind>
         <file>libclang_rt.builtins.a</file>
         <name>comparesf2.S.obj</name>
      </input_file>
      <input_file id="fl-127">
         <path>C:\ti\ccs2020\ccs\tools\compiler\ti-cgt-armllvm_4.0.3.LTS\lib\armv6m-ti-none-eabi\</path>
         <kind>archive</kind>
         <file>libclang_rt.builtins.a</file>
         <name>udivmoddi4.S.obj</name>
      </input_file>
      <input_file id="fl-128">
         <path>C:\ti\ccs2020\ccs\tools\compiler\ti-cgt-armllvm_4.0.3.LTS\lib\armv6m-ti-none-eabi\</path>
         <kind>archive</kind>
         <file>libclang_rt.builtins.a</file>
         <name>ashldi3.S.obj</name>
      </input_file>
      <input_file id="fl-129">
         <path>C:\ti\ccs2020\ccs\tools\compiler\ti-cgt-armllvm_4.0.3.LTS\lib\armv6m-ti-none-eabi\</path>
         <kind>archive</kind>
         <file>libclang_rt.builtins.a</file>
         <name>comparedf2.c.obj</name>
      </input_file>
      <input_file id="fl-12a">
         <path>C:\ti\ccs2020\ccs\tools\compiler\ti-cgt-armllvm_4.0.3.LTS\lib\armv6m-ti-none-eabi\</path>
         <kind>archive</kind>
         <file>libclang_rt.builtins.a</file>
         <name>divmoddi4.c.obj</name>
      </input_file>
      <input_file id="fl-12b">
         <path>C:\ti\ccs2020\ccs\tools\compiler\ti-cgt-armllvm_4.0.3.LTS\lib\armv6m-ti-none-eabi\</path>
         <kind>archive</kind>
         <file>libclang_rt.builtins.a</file>
         <name>aeabi_div0.c.obj</name>
      </input_file>
      <input_file id="fl-12c">
         <path>C:\ti\ccs2020\ccs\tools\compiler\ti-cgt-armllvm_4.0.3.LTS\lib\armv6m-ti-none-eabi\c\</path>
         <kind>archive</kind>
         <file>libc.a</file>
         <name>getdevice.c.obj</name>
      </input_file>
      <input_file id="fl-12d">
         <path>C:\ti\ccs2020\ccs\tools\compiler\ti-cgt-armllvm_4.0.3.LTS\lib\armv6m-ti-none-eabi\c\</path>
         <kind>archive</kind>
         <file>libc.a</file>
         <name>memcpy16.S.obj</name>
      </input_file>
      <input_file id="fl-12e">
         <path>C:\ti\ccs2020\ccs\tools\compiler\ti-cgt-armllvm_4.0.3.LTS\lib\armv6m-ti-none-eabi\c\</path>
         <kind>archive</kind>
         <file>libc.a</file>
         <name>memset16.S.obj</name>
      </input_file>
      <input_file id="fl-12f">
         <path>C:\ti\ccs2020\ccs\tools\compiler\ti-cgt-armllvm_4.0.3.LTS\lib\armv6m-ti-none-eabi\c\</path>
         <kind>archive</kind>
         <file>libc.a</file>
         <name>strcmp-armv6m.S.obj</name>
      </input_file>
   </input_file_list>
   <object_component_list>
      <object_component id="oc-18">
         <name>.intvecs</name>
         <load_address>0x0</load_address>
         <readonly>true</readonly>
         <run_address>0x0</run_address>
         <size>0xc0</size>
         <alignment>0x4</alignment>
         <input_file_ref idref="fl-3"/>
      </object_component>
      <object_component id="oc-ab">
         <name>.text.asin</name>
         <load_address>0xc0</load_address>
         <readonly>true</readonly>
         <executable>true</executable>
         <run_address>0xc0</run_address>
         <size>0x364</size>
         <alignment>0x4</alignment>
         <input_file_ref idref="fl-41"/>
      </object_component>
      <object_component id="oc-164">
         <name>.text.atan</name>
         <load_address>0x424</load_address>
         <readonly>true</readonly>
         <executable>true</executable>
         <run_address>0x424</run_address>
         <size>0x2f8</size>
         <alignment>0x4</alignment>
         <input_file_ref idref="fl-44"/>
      </object_component>
      <object_component id="oc-102">
         <name>.text.OLED_Init</name>
         <load_address>0x71c</load_address>
         <readonly>true</readonly>
         <executable>true</executable>
         <run_address>0x71c</run_address>
         <size>0x2c0</size>
         <alignment>0x4</alignment>
         <input_file_ref idref="fl-10"/>
      </object_component>
      <object_component id="oc-1b2">
         <name>.text.dmp_enable_feature</name>
         <load_address>0x9dc</load_address>
         <readonly>true</readonly>
         <executable>true</executable>
         <run_address>0x9dc</run_address>
         <size>0x2b0</size>
         <alignment>0x4</alignment>
         <input_file_ref idref="fl-7"/>
      </object_component>
      <object_component id="oc-e4">
         <name>.text.Motor_Set_Pwm</name>
         <load_address>0xc8c</load_address>
         <readonly>true</readonly>
         <executable>true</executable>
         <run_address>0xc8c</run_address>
         <size>0x240</size>
         <alignment>0x4</alignment>
         <input_file_ref idref="fl-d"/>
      </object_component>
      <object_component id="oc-6f">
         <name>.text.MotorControl_Update</name>
         <load_address>0xecc</load_address>
         <readonly>true</readonly>
         <executable>true</executable>
         <run_address>0xecc</run_address>
         <size>0x210</size>
         <alignment>0x4</alignment>
         <input_file_ref idref="fl-e"/>
      </object_component>
      <object_component id="oc-62">
         <name>.text.Read_Quad</name>
         <load_address>0x10dc</load_address>
         <readonly>true</readonly>
         <executable>true</executable>
         <run_address>0x10dc</run_address>
         <size>0x210</size>
         <alignment>0x4</alignment>
         <input_file_ref idref="fl-8"/>
      </object_component>
      <object_component id="oc-234">
         <name>.text.mpu_lp_accel_mode</name>
         <load_address>0x12ec</load_address>
         <readonly>true</readonly>
         <executable>true</executable>
         <run_address>0x12ec</run_address>
         <size>0x1e4</size>
         <alignment>0x4</alignment>
         <input_file_ref idref="fl-6"/>
      </object_component>
      <object_component id="oc-95">
         <name>.text.dmp_read_fifo</name>
         <load_address>0x14d0</load_address>
         <readonly>true</readonly>
         <executable>true</executable>
         <run_address>0x14d0</run_address>
         <size>0x1a8</size>
         <alignment>0x4</alignment>
         <input_file_ref idref="fl-7"/>
      </object_component>
      <object_component id="oc-14b">
         <name>.text.adddf3_subdf3</name>
         <load_address>0x1678</load_address>
         <readonly>true</readonly>
         <executable>true</executable>
         <run_address>0x1678</run_address>
         <size>0x192</size>
         <alignment>0x4</alignment>
         <input_file_ref idref="fl-10f"/>
      </object_component>
      <object_component id="oc-203">
         <name>.text.__aeabi_idiv0</name>
         <load_address>0x180a</load_address>
         <readonly>true</readonly>
         <executable>true</executable>
         <run_address>0x180a</run_address>
         <size>0x2</size>
         <alignment>0x2</alignment>
         <input_file_ref idref="fl-12b"/>
      </object_component>
      <object_component id="oc-d2">
         <name>.text.LineTracker_ReadSensors</name>
         <load_address>0x180c</load_address>
         <readonly>true</readonly>
         <executable>true</executable>
         <run_address>0x180c</run_address>
         <size>0x188</size>
         <alignment>0x4</alignment>
         <input_file_ref idref="fl-4"/>
      </object_component>
      <object_component id="oc-b9">
         <name>.text.atan2</name>
         <load_address>0x1994</load_address>
         <readonly>true</readonly>
         <executable>true</executable>
         <run_address>0x1994</run_address>
         <size>0x188</size>
         <alignment>0x4</alignment>
         <input_file_ref idref="fl-42"/>
      </object_component>
      <object_component id="oc-155">
         <name>.text.sqrt</name>
         <load_address>0x1b1c</load_address>
         <readonly>true</readonly>
         <executable>true</executable>
         <run_address>0x1b1c</run_address>
         <size>0x170</size>
         <alignment>0x4</alignment>
         <input_file_ref idref="fl-43"/>
      </object_component>
      <object_component id="oc-1e2">
         <name>.text.mspm0_i2c_read</name>
         <load_address>0x1c8c</load_address>
         <readonly>true</readonly>
         <executable>true</executable>
         <run_address>0x1c8c</run_address>
         <size>0x154</size>
         <alignment>0x4</alignment>
         <input_file_ref idref="fl-9"/>
      </object_component>
      <object_component id="oc-137">
         <name>.text.mpu_reset_fifo</name>
         <load_address>0x1de0</load_address>
         <readonly>true</readonly>
         <executable>true</executable>
         <run_address>0x1de0</run_address>
         <size>0x150</size>
         <alignment>0x4</alignment>
         <input_file_ref idref="fl-6"/>
      </object_component>
      <object_component id="oc-236">
         <name>.text.mpu_load_firmware</name>
         <load_address>0x1f30</load_address>
         <readonly>true</readonly>
         <executable>true</executable>
         <run_address>0x1f30</run_address>
         <size>0x148</size>
         <alignment>0x4</alignment>
         <input_file_ref idref="fl-6"/>
      </object_component>
      <object_component id="oc-10a">
         <name>.text.OLED_Clear</name>
         <load_address>0x2078</load_address>
         <readonly>true</readonly>
         <executable>true</executable>
         <run_address>0x2078</run_address>
         <size>0x144</size>
         <alignment>0x2</alignment>
         <input_file_ref idref="fl-10"/>
      </object_component>
      <object_component id="oc-1b8">
         <name>.text.OLED_WR_Byte</name>
         <load_address>0x21bc</load_address>
         <readonly>true</readonly>
         <executable>true</executable>
         <run_address>0x21bc</run_address>
         <size>0x134</size>
         <alignment>0x4</alignment>
         <input_file_ref idref="fl-10"/>
      </object_component>
      <object_component id="oc-23c">
         <name>.text.dmp_set_tap_thresh</name>
         <load_address>0x22f0</load_address>
         <readonly>true</readonly>
         <executable>true</executable>
         <run_address>0x22f0</run_address>
         <size>0x134</size>
         <alignment>0x4</alignment>
         <input_file_ref idref="fl-7"/>
      </object_component>
      <object_component id="oc-1ea">
         <name>.text.mspm0_i2c_write</name>
         <load_address>0x2424</load_address>
         <readonly>true</readonly>
         <executable>true</executable>
         <run_address>0x2424</run_address>
         <size>0x130</size>
         <alignment>0x4</alignment>
         <input_file_ref idref="fl-9"/>
      </object_component>
      <object_component id="oc-2ad">
         <name>.text.aligned_alloc</name>
         <load_address>0x2554</load_address>
         <readonly>true</readonly>
         <executable>true</executable>
         <run_address>0x2554</run_address>
         <size>0x114</size>
         <alignment>0x4</alignment>
         <input_file_ref idref="fl-50"/>
      </object_component>
      <object_component id="oc-15c">
         <name>.text.__divdf3</name>
         <load_address>0x2668</load_address>
         <readonly>true</readonly>
         <executable>true</executable>
         <run_address>0x2668</run_address>
         <size>0x10c</size>
         <alignment>0x4</alignment>
         <input_file_ref idref="fl-114"/>
      </object_component>
      <object_component id="oc-220">
         <name>.text.DL_Timer_initFourCCPWMMode</name>
         <load_address>0x2774</load_address>
         <readonly>true</readonly>
         <executable>true</executable>
         <run_address>0x2774</run_address>
         <size>0x104</size>
         <alignment>0x4</alignment>
         <input_file_ref idref="fl-22"/>
      </object_component>
      <object_component id="oc-d8">
         <name>.text.PID_Calculate</name>
         <load_address>0x2878</load_address>
         <readonly>true</readonly>
         <executable>true</executable>
         <run_address>0x2878</run_address>
         <size>0x100</size>
         <alignment>0x2</alignment>
         <input_file_ref idref="fl-f"/>
      </object_component>
      <object_component id="oc-240">
         <name>.text.fputs</name>
         <load_address>0x2978</load_address>
         <readonly>true</readonly>
         <executable>true</executable>
         <run_address>0x2978</run_address>
         <size>0xf8</size>
         <alignment>0x4</alignment>
         <input_file_ref idref="fl-3e"/>
      </object_component>
      <object_component id="oc-233">
         <name>.text.mpu_set_bypass</name>
         <load_address>0x2a70</load_address>
         <readonly>true</readonly>
         <executable>true</executable>
         <run_address>0x2a70</run_address>
         <size>0xf8</size>
         <alignment>0x4</alignment>
         <input_file_ref idref="fl-6"/>
      </object_component>
      <object_component id="oc-1a7">
         <name>.text.mpu_init</name>
         <load_address>0x2b68</load_address>
         <readonly>true</readonly>
         <executable>true</executable>
         <run_address>0x2b68</run_address>
         <size>0xf4</size>
         <alignment>0x4</alignment>
         <input_file_ref idref="fl-6"/>
      </object_component>
      <object_component id="oc-1af">
         <name>.text.dmp_set_orientation</name>
         <load_address>0x2c5c</load_address>
         <readonly>true</readonly>
         <executable>true</executable>
         <run_address>0x2c5c</run_address>
         <size>0xec</size>
         <alignment>0x4</alignment>
         <input_file_ref idref="fl-7"/>
      </object_component>
      <object_component id="oc-225">
         <name>.text.DL_Timer_initTimerMode</name>
         <load_address>0x2d48</load_address>
         <readonly>true</readonly>
         <executable>true</executable>
         <run_address>0x2d48</run_address>
         <size>0xe8</size>
         <alignment>0x4</alignment>
         <input_file_ref idref="fl-22"/>
      </object_component>
      <object_component id="oc-28f">
         <name>.text.free</name>
         <load_address>0x2e30</load_address>
         <readonly>true</readonly>
         <executable>true</executable>
         <run_address>0x2e30</run_address>
         <size>0xe8</size>
         <alignment>0x4</alignment>
         <input_file_ref idref="fl-50"/>
      </object_component>
      <object_component id="oc-b1">
         <name>.text.__muldf3</name>
         <load_address>0x2f18</load_address>
         <readonly>true</readonly>
         <executable>true</executable>
         <run_address>0x2f18</run_address>
         <size>0xe4</size>
         <alignment>0x4</alignment>
         <input_file_ref idref="fl-110"/>
      </object_component>
      <object_component id="oc-1aa">
         <name>.text.mpu_set_sample_rate</name>
         <load_address>0x2ffc</load_address>
         <readonly>true</readonly>
         <executable>true</executable>
         <run_address>0x2ffc</run_address>
         <size>0xe4</size>
         <alignment>0x4</alignment>
         <input_file_ref idref="fl-6"/>
      </object_component>
      <object_component id="oc-27f">
         <name>.text.setvbuf</name>
         <load_address>0x30e0</load_address>
         <readonly>true</readonly>
         <executable>true</executable>
         <run_address>0x30e0</run_address>
         <size>0xe0</size>
         <alignment>0x4</alignment>
         <input_file_ref idref="fl-40"/>
      </object_component>
      <object_component id="oc-217">
         <name>.text.DL_SYSCTL_configSYSPLL</name>
         <load_address>0x31c0</load_address>
         <readonly>true</readonly>
         <executable>true</executable>
         <run_address>0x31c0</run_address>
         <size>0xdc</size>
         <alignment>0x4</alignment>
         <input_file_ref idref="fl-23"/>
      </object_component>
      <object_component id="oc-1c5">
         <name>.text.OLED_ShowChar</name>
         <load_address>0x329c</load_address>
         <readonly>true</readonly>
         <executable>true</executable>
         <run_address>0x329c</run_address>
         <size>0xdc</size>
         <alignment>0x4</alignment>
         <input_file_ref idref="fl-10"/>
      </object_component>
      <object_component id="oc-1a8">
         <name>.text.mpu_set_sensors</name>
         <load_address>0x3378</load_address>
         <readonly>true</readonly>
         <executable>true</executable>
         <run_address>0x3378</run_address>
         <size>0xdc</size>
         <alignment>0x4</alignment>
         <input_file_ref idref="fl-6"/>
      </object_component>
      <object_component id="oc-a3">
         <name>.text</name>
         <load_address>0x3454</load_address>
         <readonly>true</readonly>
         <executable>true</executable>
         <run_address>0x3454</run_address>
         <size>0xd8</size>
         <alignment>0x4</alignment>
         <input_file_ref idref="fl-10e"/>
      </object_component>
      <object_component id="oc-1b4">
         <name>.text.mpu_set_dmp_state</name>
         <load_address>0x352c</load_address>
         <readonly>true</readonly>
         <executable>true</executable>
         <run_address>0x352c</run_address>
         <size>0xd0</size>
         <alignment>0x4</alignment>
         <input_file_ref idref="fl-6"/>
      </object_component>
      <object_component id="oc-196">
         <name>.text.SYSCFG_DL_GPIO_init</name>
         <load_address>0x35fc</load_address>
         <readonly>true</readonly>
         <executable>true</executable>
         <run_address>0x35fc</run_address>
         <size>0xcc</size>
         <alignment>0x4</alignment>
         <input_file_ref idref="fl-2"/>
      </object_component>
      <object_component id="oc-68">
         <name>.text.Encoder_IRQHandler</name>
         <load_address>0x36c8</load_address>
         <readonly>true</readonly>
         <executable>true</executable>
         <run_address>0x36c8</run_address>
         <size>0xc8</size>
         <alignment>0x4</alignment>
         <input_file_ref idref="fl-c"/>
      </object_component>
      <object_component id="oc-172">
         <name>.text.LineTracker_GetLineState</name>
         <load_address>0x3790</load_address>
         <readonly>true</readonly>
         <executable>true</executable>
         <run_address>0x3790</run_address>
         <size>0xc8</size>
         <alignment>0x4</alignment>
         <input_file_ref idref="fl-4"/>
      </object_component>
      <object_component id="oc-101">
         <name>.text.MPU6050_Init</name>
         <load_address>0x3858</load_address>
         <readonly>true</readonly>
         <executable>true</executable>
         <run_address>0x3858</run_address>
         <size>0xb8</size>
         <alignment>0x4</alignment>
         <input_file_ref idref="fl-8"/>
      </object_component>
      <object_component id="oc-ea">
         <name>.text.Motor_Stop</name>
         <load_address>0x3910</load_address>
         <readonly>true</readonly>
         <executable>true</executable>
         <run_address>0x3910</run_address>
         <size>0xb0</size>
         <alignment>0x4</alignment>
         <input_file_ref idref="fl-d"/>
      </object_component>
      <object_component id="oc-10d">
         <name>.text.Test_LineTracker</name>
         <load_address>0x39c0</load_address>
         <readonly>true</readonly>
         <executable>true</executable>
         <run_address>0x39c0</run_address>
         <size>0xb0</size>
         <alignment>0x4</alignment>
         <input_file_ref idref="fl-11"/>
      </object_component>
      <object_component id="oc-109">
         <name>.text.MotorControl_Init</name>
         <load_address>0x3a70</load_address>
         <readonly>true</readonly>
         <executable>true</executable>
         <run_address>0x3a70</run_address>
         <size>0xac</size>
         <alignment>0x4</alignment>
         <input_file_ref idref="fl-e"/>
      </object_component>
      <object_component id="oc-1a9">
         <name>.text.mpu_configure_fifo</name>
         <load_address>0x3b1c</load_address>
         <readonly>true</readonly>
         <executable>true</executable>
         <run_address>0x3b1c</run_address>
         <size>0xac</size>
         <alignment>0x4</alignment>
         <input_file_ref idref="fl-6"/>
      </object_component>
      <object_component id="oc-130">
         <name>.text.mpu_read_fifo_stream</name>
         <load_address>0x3bc8</load_address>
         <readonly>true</readonly>
         <executable>true</executable>
         <run_address>0x3bc8</run_address>
         <size>0xa4</size>
         <alignment>0x4</alignment>
         <input_file_ref idref="fl-6"/>
      </object_component>
      <object_component id="oc-f5">
         <name>.text:memcpy</name>
         <load_address>0x3c6c</load_address>
         <readonly>true</readonly>
         <executable>true</executable>
         <run_address>0x3c6c</run_address>
         <size>0x9a</size>
         <alignment>0x1</alignment>
         <input_file_ref idref="fl-12d"/>
      </object_component>
      <object_component id="oc-24b">
         <name>.text._nop</name>
         <load_address>0x3d06</load_address>
         <readonly>true</readonly>
         <executable>true</executable>
         <run_address>0x3d06</run_address>
         <size>0x2</size>
         <alignment>0x2</alignment>
         <input_file_ref idref="fl-4a"/>
      </object_component>
      <object_component id="oc-199">
         <name>.text.SYSCFG_DL_PWM_MOTOR_init</name>
         <load_address>0x3d08</load_address>
         <readonly>true</readonly>
         <executable>true</executable>
         <run_address>0x3d08</run_address>
         <size>0x90</size>
         <alignment>0x4</alignment>
         <input_file_ref idref="fl-2"/>
      </object_component>
      <object_component id="oc-9f">
         <name>.text.__mulsf3</name>
         <load_address>0x3d98</load_address>
         <readonly>true</readonly>
         <executable>true</executable>
         <run_address>0x3d98</run_address>
         <size>0x8c</size>
         <alignment>0x4</alignment>
         <input_file_ref idref="fl-112"/>
      </object_component>
      <object_component id="oc-1a1">
         <name>.text.mpu6050_i2c_sda_unlock</name>
         <load_address>0x3e24</load_address>
         <readonly>true</readonly>
         <executable>true</executable>
         <run_address>0x3e24</run_address>
         <size>0x8c</size>
         <alignment>0x4</alignment>
         <input_file_ref idref="fl-9"/>
      </object_component>
      <object_component id="oc-31d">
         <name>.text:strcmp</name>
         <load_address>0x3eb0</load_address>
         <readonly>true</readonly>
         <executable>true</executable>
         <run_address>0x3eb0</run_address>
         <size>0x88</size>
         <alignment>0x10</alignment>
         <input_file_ref idref="fl-12f"/>
      </object_component>
      <object_component id="oc-1c2">
         <name>.text.Motor_Init</name>
         <load_address>0x3f38</load_address>
         <readonly>true</readonly>
         <executable>true</executable>
         <run_address>0x3f38</run_address>
         <size>0x84</size>
         <alignment>0x4</alignment>
         <input_file_ref idref="fl-d"/>
      </object_component>
      <object_component id="oc-cb">
         <name>.text.__divsf3</name>
         <load_address>0x3fbc</load_address>
         <readonly>true</readonly>
         <executable>true</executable>
         <run_address>0x3fbc</run_address>
         <size>0x82</size>
         <alignment>0x4</alignment>
         <input_file_ref idref="fl-113"/>
      </object_component>
      <object_component id="oc-1b6">
         <name>.text.android_orient_cb</name>
         <load_address>0x403e</load_address>
         <readonly>true</readonly>
         <executable>true</executable>
         <run_address>0x403e</run_address>
         <size>0x2</size>
         <alignment>0x2</alignment>
         <input_file_ref idref="fl-8"/>
      </object_component>
      <object_component id="oc-2ae">
         <name>.text.__TI_closefile</name>
         <load_address>0x4040</load_address>
         <readonly>true</readonly>
         <executable>true</executable>
         <run_address>0x4040</run_address>
         <size>0x7c</size>
         <alignment>0x4</alignment>
         <input_file_ref idref="fl-5e"/>
      </object_component>
      <object_component id="oc-1c">
         <name>.text:decompress:lzss</name>
         <load_address>0x40bc</load_address>
         <readonly>true</readonly>
         <executable>true</executable>
         <run_address>0x40bc</run_address>
         <size>0x7c</size>
         <alignment>0x4</alignment>
         <input_file_ref idref="fl-58"/>
      </object_component>
      <object_component id="oc-10b">
         <name>.text.OLED_ShowString</name>
         <load_address>0x4138</load_address>
         <readonly>true</readonly>
         <executable>true</executable>
         <run_address>0x4138</run_address>
         <size>0x7a</size>
         <alignment>0x2</alignment>
         <input_file_ref idref="fl-10"/>
      </object_component>
      <object_component id="oc-1b5">
         <name>.text.tap_cb</name>
         <load_address>0x41b2</load_address>
         <readonly>true</readonly>
         <executable>true</executable>
         <run_address>0x41b2</run_address>
         <size>0x2</size>
         <alignment>0x2</alignment>
         <input_file_ref idref="fl-8"/>
      </object_component>
      <object_component id="oc-1f7">
         <name>.text.__gedf2</name>
         <load_address>0x41b4</load_address>
         <readonly>true</readonly>
         <executable>true</executable>
         <run_address>0x41b4</run_address>
         <size>0x74</size>
         <alignment>0x4</alignment>
         <input_file_ref idref="fl-129"/>
      </object_component>
      <object_component id="oc-146">
         <name>.text.__aeabi_errno_addr</name>
         <load_address>0x4228</load_address>
         <readonly>true</readonly>
         <executable>true</executable>
         <run_address>0x4228</run_address>
         <size>0x8</size>
         <alignment>0x4</alignment>
         <input_file_ref idref="fl-48"/>
      </object_component>
      <object_component id="oc-b5">
         <name>.text.__truncdfsf2</name>
         <load_address>0x4230</load_address>
         <readonly>true</readonly>
         <executable>true</executable>
         <run_address>0x4230</run_address>
         <size>0x74</size>
         <alignment>0x10</alignment>
         <input_file_ref idref="fl-11d"/>
      </object_component>
      <object_component id="oc-232">
         <name>.text.mpu_set_lpf</name>
         <load_address>0x42a4</load_address>
         <readonly>true</readonly>
         <executable>true</executable>
         <run_address>0x42a4</run_address>
         <size>0x74</size>
         <alignment>0x4</alignment>
         <input_file_ref idref="fl-6"/>
      </object_component>
      <object_component id="oc-197">
         <name>.text.SYSCFG_DL_SYSCTL_init</name>
         <load_address>0x4318</load_address>
         <readonly>true</readonly>
         <executable>true</executable>
         <run_address>0x4318</run_address>
         <size>0x70</size>
         <alignment>0x4</alignment>
         <input_file_ref idref="fl-2"/>
      </object_component>
      <object_component id="oc-6e">
         <name>.text.Encoder_Timer_IRQHandler</name>
         <load_address>0x4388</load_address>
         <readonly>true</readonly>
         <executable>true</executable>
         <run_address>0x4388</run_address>
         <size>0x6c</size>
         <alignment>0x4</alignment>
         <input_file_ref idref="fl-c"/>
      </object_component>
      <object_component id="oc-2c7">
         <name>.text.HOSTlseek</name>
         <load_address>0x43f4</load_address>
         <readonly>true</readonly>
         <executable>true</executable>
         <run_address>0x43f4</run_address>
         <size>0x6c</size>
         <alignment>0x4</alignment>
         <input_file_ref idref="fl-107"/>
      </object_component>
      <object_component id="oc-2cf">
         <name>.text.HOSTrename</name>
         <load_address>0x4460</load_address>
         <readonly>true</readonly>
         <executable>true</executable>
         <run_address>0x4460</run_address>
         <size>0x6c</size>
         <alignment>0x4</alignment>
         <input_file_ref idref="fl-10a"/>
      </object_component>
      <object_component id="oc-28c">
         <name>.text.fseeko</name>
         <load_address>0x44cc</load_address>
         <readonly>true</readonly>
         <executable>true</executable>
         <run_address>0x44cc</run_address>
         <size>0x6c</size>
         <alignment>0x4</alignment>
         <input_file_ref idref="fl-5b"/>
      </object_component>
      <object_component id="oc-311">
         <name>.text.getdevice</name>
         <load_address>0x4538</load_address>
         <readonly>true</readonly>
         <executable>true</executable>
         <run_address>0x4538</run_address>
         <size>0x6c</size>
         <alignment>0x4</alignment>
         <input_file_ref idref="fl-12c"/>
      </object_component>
      <object_component id="oc-238">
         <name>.text.mpu_write_mem</name>
         <load_address>0x45a4</load_address>
         <readonly>true</readonly>
         <executable>true</executable>
         <run_address>0x45a4</run_address>
         <size>0x6c</size>
         <alignment>0x4</alignment>
         <input_file_ref idref="fl-6"/>
      </object_component>
      <object_component id="oc-1f1">
         <name>.text.__ledf2</name>
         <load_address>0x4610</load_address>
         <readonly>true</readonly>
         <executable>true</executable>
         <run_address>0x4610</run_address>
         <size>0x68</size>
         <alignment>0x4</alignment>
         <input_file_ref idref="fl-129"/>
      </object_component>
      <object_component id="oc-1b3">
         <name>.text.dmp_set_fifo_rate</name>
         <load_address>0x4678</load_address>
         <readonly>true</readonly>
         <executable>true</executable>
         <run_address>0x4678</run_address>
         <size>0x68</size>
         <alignment>0x4</alignment>
         <input_file_ref idref="fl-7"/>
      </object_component>
      <object_component id="oc-82">
         <name>.text.main</name>
         <load_address>0x46e0</load_address>
         <readonly>true</readonly>
         <executable>true</executable>
         <run_address>0x46e0</run_address>
         <size>0x68</size>
         <alignment>0x4</alignment>
         <input_file_ref idref="fl-1"/>
      </object_component>
      <object_component id="oc-266">
         <name>.text.__TI_wrt_ok</name>
         <load_address>0x4748</load_address>
         <readonly>true</readonly>
         <executable>true</executable>
         <run_address>0x4748</run_address>
         <size>0x64</size>
         <alignment>0x2</alignment>
         <input_file_ref idref="fl-3f"/>
      </object_component>
      <object_component id="oc-2d9">
         <name>.text.split</name>
         <load_address>0x47ac</load_address>
         <readonly>true</readonly>
         <executable>true</executable>
         <run_address>0x47ac</run_address>
         <size>0x64</size>
         <alignment>0x4</alignment>
         <input_file_ref idref="fl-50"/>
      </object_component>
      <object_component id="oc-14f">
         <name>.text.__aeabi_dcmp</name>
         <load_address>0x4810</load_address>
         <readonly>true</readonly>
         <executable>true</executable>
         <run_address>0x4810</run_address>
         <size>0x62</size>
         <alignment>0x4</alignment>
         <input_file_ref idref="fl-11e"/>
      </object_component>
      <object_component id="oc-de">
         <name>.text.__aeabi_fcmp</name>
         <load_address>0x4874</load_address>
         <readonly>true</readonly>
         <executable>true</executable>
         <run_address>0x4874</run_address>
         <size>0x62</size>
         <alignment>0x4</alignment>
         <input_file_ref idref="fl-11f"/>
      </object_component>
      <object_component id="oc-194">
         <name>.text:memset</name>
         <load_address>0x48d6</load_address>
         <readonly>true</readonly>
         <executable>true</executable>
         <run_address>0x48d6</run_address>
         <size>0x62</size>
         <alignment>0x1</alignment>
         <input_file_ref idref="fl-12e"/>
      </object_component>
      <object_component id="oc-2b7">
         <name>.text.HOSTopen</name>
         <load_address>0x4938</load_address>
         <readonly>true</readonly>
         <executable>true</executable>
         <run_address>0x4938</run_address>
         <size>0x60</size>
         <alignment>0x4</alignment>
         <input_file_ref idref="fl-108"/>
      </object_component>
      <object_component id="oc-23f">
         <name>.text.DL_I2C_fillControllerTXFIFO</name>
         <load_address>0x4998</load_address>
         <readonly>true</readonly>
         <executable>true</executable>
         <run_address>0x4998</run_address>
         <size>0x5e</size>
         <alignment>0x2</alignment>
         <input_file_ref idref="fl-21"/>
      </object_component>
      <object_component id="oc-1c3">
         <name>.text.Encoder_Init</name>
         <load_address>0x49f8</load_address>
         <readonly>true</readonly>
         <executable>true</executable>
         <run_address>0x49f8</run_address>
         <size>0x5c</size>
         <alignment>0x4</alignment>
         <input_file_ref idref="fl-c"/>
      </object_component>
      <object_component id="oc-2bf">
         <name>.text.HOSTread</name>
         <load_address>0x4a54</load_address>
         <readonly>true</readonly>
         <executable>true</executable>
         <run_address>0x4a54</run_address>
         <size>0x58</size>
         <alignment>0x4</alignment>
         <input_file_ref idref="fl-109"/>
      </object_component>
      <object_component id="oc-2c3">
         <name>.text.HOSTwrite</name>
         <load_address>0x4aac</load_address>
         <readonly>true</readonly>
         <executable>true</executable>
         <run_address>0x4aac</run_address>
         <size>0x58</size>
         <alignment>0x4</alignment>
         <input_file_ref idref="fl-10c"/>
      </object_component>
      <object_component id="oc-16e">
         <name>.text.__aeabi_idivmod</name>
         <load_address>0x4b04</load_address>
         <readonly>true</readonly>
         <executable>true</executable>
         <run_address>0x4b04</run_address>
         <size>0x56</size>
         <alignment>0x4</alignment>
         <input_file_ref idref="fl-120"/>
      </object_component>
      <object_component id="oc-19b">
         <name>.text.SYSCFG_DL_I2C_MPU6050_init</name>
         <load_address>0x4b5c</load_address>
         <readonly>true</readonly>
         <executable>true</executable>
         <run_address>0x4b5c</run_address>
         <size>0x54</size>
         <alignment>0x4</alignment>
         <input_file_ref idref="fl-2"/>
      </object_component>
      <object_component id="oc-19c">
         <name>.text.SYSCFG_DL_I2C_OLED_init</name>
         <load_address>0x4bb0</load_address>
         <readonly>true</readonly>
         <executable>true</executable>
         <run_address>0x4bb0</run_address>
         <size>0x54</size>
         <alignment>0x4</alignment>
         <input_file_ref idref="fl-2"/>
      </object_component>
      <object_component id="oc-195">
         <name>.text.SYSCFG_DL_initPower</name>
         <load_address>0x4c04</load_address>
         <readonly>true</readonly>
         <executable>true</executable>
         <run_address>0x4c04</run_address>
         <size>0x54</size>
         <alignment>0x4</alignment>
         <input_file_ref idref="fl-2"/>
      </object_component>
      <object_component id="oc-270">
         <name>.text.__TI_doflush</name>
         <load_address>0x4c58</load_address>
         <readonly>true</readonly>
         <executable>true</executable>
         <run_address>0x4c58</run_address>
         <size>0x52</size>
         <alignment>0x2</alignment>
         <input_file_ref idref="fl-59"/>
      </object_component>
      <object_component id="oc-2db">
         <name>.text.close</name>
         <load_address>0x4cac</load_address>
         <readonly>true</readonly>
         <executable>true</executable>
         <run_address>0x4cac</run_address>
         <size>0x50</size>
         <alignment>0x4</alignment>
         <input_file_ref idref="fl-104"/>
      </object_component>
      <object_component id="oc-19a">
         <name>.text.SYSCFG_DL_TIMER_CALC_init</name>
         <load_address>0x4cfc</load_address>
         <readonly>true</readonly>
         <executable>true</executable>
         <run_address>0x4cfc</run_address>
         <size>0x4c</size>
         <alignment>0x4</alignment>
         <input_file_ref idref="fl-2"/>
      </object_component>
      <object_component id="oc-2bb">
         <name>.text.HOSTclose</name>
         <load_address>0x4d48</load_address>
         <readonly>true</readonly>
         <executable>true</executable>
         <run_address>0x4d48</run_address>
         <size>0x48</size>
         <alignment>0x4</alignment>
         <input_file_ref idref="fl-106"/>
      </object_component>
      <object_component id="oc-2cb">
         <name>.text.HOSTunlink</name>
         <load_address>0x4d90</load_address>
         <readonly>true</readonly>
         <executable>true</executable>
         <run_address>0x4d90</run_address>
         <size>0x48</size>
         <alignment>0x4</alignment>
         <input_file_ref idref="fl-10b"/>
      </object_component>
      <object_component id="oc-21d">
         <name>.text.DL_SYSCTL_switchMCLKfromSYSOSCtoHSCLK</name>
         <load_address>0x4dd8</load_address>
         <readonly>true</readonly>
         <executable>true</executable>
         <run_address>0x4dd8</run_address>
         <size>0x44</size>
         <alignment>0x4</alignment>
         <input_file_ref idref="fl-23"/>
      </object_component>
      <object_component id="oc-1e3">
         <name>.text.__aeabi_uidivmod</name>
         <load_address>0x4e1c</load_address>
         <readonly>true</readonly>
         <executable>true</executable>
         <run_address>0x4e1c</run_address>
         <size>0x40</size>
         <alignment>0x4</alignment>
         <input_file_ref idref="fl-124"/>
      </object_component>
      <object_component id="oc-a7">
         <name>.text.__extendsfdf2</name>
         <load_address>0x4e5c</load_address>
         <readonly>true</readonly>
         <executable>true</executable>
         <run_address>0x4e5c</run_address>
         <size>0x40</size>
         <alignment>0x4</alignment>
         <input_file_ref idref="fl-115"/>
      </object_component>
      <object_component id="oc-254">
         <name>.text.DL_I2C_flushControllerTXFIFO</name>
         <load_address>0x4e9c</load_address>
         <readonly>true</readonly>
         <executable>true</executable>
         <run_address>0x4e9c</run_address>
         <size>0x3c</size>
         <alignment>0x4</alignment>
         <input_file_ref idref="fl-21"/>
      </object_component>
      <object_component id="oc-9b">
         <name>.text.__floatsisf</name>
         <load_address>0x4ed8</load_address>
         <readonly>true</readonly>
         <executable>true</executable>
         <run_address>0x4ed8</run_address>
         <size>0x3c</size>
         <alignment>0x4</alignment>
         <input_file_ref idref="fl-11a"/>
      </object_component>
      <object_component id="oc-17c">
         <name>.text.__gtsf2</name>
         <load_address>0x4f14</load_address>
         <readonly>true</readonly>
         <executable>true</executable>
         <run_address>0x4f14</run_address>
         <size>0x3c</size>
         <alignment>0x4</alignment>
         <input_file_ref idref="fl-126"/>
      </object_component>
      <object_component id="oc-11e">
         <name>.text:__TI_auto_init_nobinit_nopinit</name>
         <load_address>0x4f50</load_address>
         <readonly>true</readonly>
         <executable>true</executable>
         <run_address>0x4f50</run_address>
         <size>0x3c</size>
         <alignment>0x4</alignment>
         <input_file_ref idref="fl-53"/>
      </object_component>
      <object_component id="oc-177">
         <name>.text.__eqsf2</name>
         <load_address>0x4f8c</load_address>
         <readonly>true</readonly>
         <executable>true</executable>
         <run_address>0x4f8c</run_address>
         <size>0x3a</size>
         <alignment>0x4</alignment>
         <input_file_ref idref="fl-126"/>
      </object_component>
      <object_component id="oc-13f">
         <name>.text.__muldsi3</name>
         <load_address>0x4fc8</load_address>
         <readonly>true</readonly>
         <executable>true</executable>
         <run_address>0x4fc8</run_address>
         <size>0x3a</size>
         <alignment>0x4</alignment>
         <input_file_ref idref="fl-111"/>
      </object_component>
      <object_component id="oc-39">
         <name>.text.GROUP1_IRQHandler</name>
         <load_address>0x5004</load_address>
         <readonly>true</readonly>
         <executable>true</executable>
         <run_address>0x5004</run_address>
         <size>0x38</size>
         <alignment>0x4</alignment>
         <input_file_ref idref="fl-b"/>
      </object_component>
      <object_component id="oc-1c7">
         <name>.text.MotorControl_SetMode</name>
         <load_address>0x503c</load_address>
         <readonly>true</readonly>
         <executable>true</executable>
         <run_address>0x503c</run_address>
         <size>0x38</size>
         <alignment>0x4</alignment>
         <input_file_ref idref="fl-e"/>
      </object_component>
      <object_component id="oc-ff">
         <name>.text.SysTick_Init</name>
         <load_address>0x5074</load_address>
         <readonly>true</readonly>
         <executable>true</executable>
         <run_address>0x5074</run_address>
         <size>0x38</size>
         <alignment>0x4</alignment>
         <input_file_ref idref="fl-a"/>
      </object_component>
      <object_component id="oc-20b">
         <name>.text.__fixsfsi</name>
         <load_address>0x50ac</load_address>
         <readonly>true</readonly>
         <executable>true</executable>
         <run_address>0x50ac</run_address>
         <size>0x38</size>
         <alignment>0x4</alignment>
         <input_file_ref idref="fl-117"/>
      </object_component>
      <object_component id="oc-fa">
         <name>.text.SYSCFG_DL_init</name>
         <load_address>0x50e4</load_address>
         <readonly>true</readonly>
         <executable>true</executable>
         <run_address>0x50e4</run_address>
         <size>0x34</size>
         <alignment>0x4</alignment>
         <input_file_ref idref="fl-2"/>
      </object_component>
      <object_component id="oc-296">
         <name>.text.__TI_cleanup</name>
         <load_address>0x5118</load_address>
         <readonly>true</readonly>
         <executable>true</executable>
         <run_address>0x5118</run_address>
         <size>0x34</size>
         <alignment>0x4</alignment>
         <input_file_ref idref="fl-5a"/>
      </object_component>
      <object_component id="oc-2ec">
         <name>.text.__TI_readmsg</name>
         <load_address>0x514c</load_address>
         <readonly>true</readonly>
         <executable>true</executable>
         <run_address>0x514c</run_address>
         <size>0x34</size>
         <alignment>0x4</alignment>
         <input_file_ref idref="fl-10d"/>
      </object_component>
      <object_component id="oc-2e6">
         <name>.text.__TI_writemsg</name>
         <load_address>0x5180</load_address>
         <readonly>true</readonly>
         <executable>true</executable>
         <run_address>0x5180</run_address>
         <size>0x34</size>
         <alignment>0x4</alignment>
         <input_file_ref idref="fl-10d"/>
      </object_component>
      <object_component id="oc-11c">
         <name>.text.exit</name>
         <load_address>0x51b4</load_address>
         <readonly>true</readonly>
         <executable>true</executable>
         <run_address>0x51b4</run_address>
         <size>0x34</size>
         <alignment>0x4</alignment>
         <input_file_ref idref="fl-49"/>
      </object_component>
      <object_component id="oc-31a">
         <name>.text.finddevice</name>
         <load_address>0x51e8</load_address>
         <readonly>true</readonly>
         <executable>true</executable>
         <run_address>0x51e8</run_address>
         <size>0x34</size>
         <alignment>0x4</alignment>
         <input_file_ref idref="fl-12c"/>
      </object_component>
      <object_component id="oc-1ad">
         <name>.text.mpu_get_accel_fsr</name>
         <load_address>0x521c</load_address>
         <readonly>true</readonly>
         <executable>true</executable>
         <run_address>0x521c</run_address>
         <size>0x34</size>
         <alignment>0x4</alignment>
         <input_file_ref idref="fl-6"/>
      </object_component>
      <object_component id="oc-1b7">
         <name>.text.mspm0_delay_ms</name>
         <load_address>0x5250</load_address>
         <readonly>true</readonly>
         <executable>true</executable>
         <run_address>0x5250</run_address>
         <size>0x34</size>
         <alignment>0x4</alignment>
         <input_file_ref idref="fl-a"/>
      </object_component>
      <object_component id="oc-182">
         <name>.text.__fixunssfsi</name>
         <load_address>0x5284</load_address>
         <readonly>true</readonly>
         <executable>true</executable>
         <run_address>0x5284</run_address>
         <size>0x32</size>
         <alignment>0x4</alignment>
         <input_file_ref idref="fl-118"/>
      </object_component>
      <object_component id="oc-307">
         <name>.text.unlink</name>
         <load_address>0x52b8</load_address>
         <readonly>true</readonly>
         <executable>true</executable>
         <run_address>0x52b8</run_address>
         <size>0x2c</size>
         <alignment>0x4</alignment>
         <input_file_ref idref="fl-105"/>
      </object_component>
      <object_component id="oc-17e">
         <name>.text.__floatunsisf</name>
         <load_address>0x52e4</load_address>
         <readonly>true</readonly>
         <executable>true</executable>
         <run_address>0x52e4</run_address>
         <size>0x28</size>
         <alignment>0x4</alignment>
         <input_file_ref idref="fl-11b"/>
      </object_component>
      <object_component id="oc-2a9">
         <name>.text.free_list_insert</name>
         <load_address>0x530c</load_address>
         <readonly>true</readonly>
         <executable>true</executable>
         <run_address>0x530c</run_address>
         <size>0x28</size>
         <alignment>0x4</alignment>
         <input_file_ref idref="fl-50"/>
      </object_component>
      <object_component id="oc-2a3">
         <name>.text.lseek</name>
         <load_address>0x5334</load_address>
         <readonly>true</readonly>
         <executable>true</executable>
         <run_address>0x5334</run_address>
         <size>0x28</size>
         <alignment>0x4</alignment>
         <input_file_ref idref="fl-103"/>
      </object_component>
      <object_component id="oc-26c">
         <name>.text.write</name>
         <load_address>0x535c</load_address>
         <readonly>true</readonly>
         <executable>true</executable>
         <run_address>0x535c</run_address>
         <size>0x28</size>
         <alignment>0x4</alignment>
         <input_file_ref idref="fl-ff"/>
      </object_component>
      <object_component id="oc-57">
         <name>.text:_c_int00_noargs</name>
         <load_address>0x5384</load_address>
         <readonly>true</readonly>
         <executable>true</executable>
         <run_address>0x5384</run_address>
         <size>0x28</size>
         <alignment>0x4</alignment>
         <input_file_ref idref="fl-51"/>
      </object_component>
      <object_component id="oc-228">
         <name>.text.DL_I2C_setClockConfig</name>
         <load_address>0x53ac</load_address>
         <readonly>true</readonly>
         <executable>true</executable>
         <run_address>0x53ac</run_address>
         <size>0x26</size>
         <alignment>0x2</alignment>
         <input_file_ref idref="fl-21"/>
      </object_component>
      <object_component id="oc-108">
         <name>.text.LineTracker_Init</name>
         <load_address>0x53d4</load_address>
         <readonly>true</readonly>
         <executable>true</executable>
         <run_address>0x53d4</run_address>
         <size>0x24</size>
         <alignment>0x4</alignment>
         <input_file_ref idref="fl-4"/>
      </object_component>
      <object_component id="oc-1bb">
         <name>.text.puts</name>
         <load_address>0x53f8</load_address>
         <readonly>true</readonly>
         <executable>true</executable>
         <run_address>0x53f8</run_address>
         <size>0x24</size>
         <alignment>0x4</alignment>
         <input_file_ref idref="fl-3e"/>
      </object_component>
      <object_component id="oc-1ac">
         <name>.text.mpu_get_gyro_fsr</name>
         <load_address>0x541c</load_address>
         <readonly>true</readonly>
         <executable>true</executable>
         <run_address>0x541c</run_address>
         <size>0x20</size>
         <alignment>0x4</alignment>
         <input_file_ref idref="fl-6"/>
      </object_component>
      <object_component id="oc-222">
         <name>.text.DL_Timer_setCaptCompUpdateMethod</name>
         <load_address>0x543c</load_address>
         <readonly>true</readonly>
         <executable>true</executable>
         <run_address>0x543c</run_address>
         <size>0x1c</size>
         <alignment>0x4</alignment>
         <input_file_ref idref="fl-22"/>
      </object_component>
      <object_component id="oc-21f">
         <name>.text.DL_Timer_setClockConfig</name>
         <load_address>0x5458</load_address>
         <readonly>true</readonly>
         <executable>true</executable>
         <run_address>0x5458</run_address>
         <size>0x1c</size>
         <alignment>0x4</alignment>
         <input_file_ref idref="fl-22"/>
      </object_component>
      <object_component id="oc-1c4">
         <name>.text.PID_Init</name>
         <load_address>0x5474</load_address>
         <readonly>true</readonly>
         <executable>true</executable>
         <run_address>0x5474</run_address>
         <size>0x1c</size>
         <alignment>0x2</alignment>
         <input_file_ref idref="fl-f"/>
      </object_component>
      <object_component id="oc-1ae">
         <name>.text.dmp_load_motion_driver_firmware</name>
         <load_address>0x5490</load_address>
         <readonly>true</readonly>
         <executable>true</executable>
         <run_address>0x5490</run_address>
         <size>0x1c</size>
         <alignment>0x4</alignment>
         <input_file_ref idref="fl-7"/>
      </object_component>
      <object_component id="oc-2a7">
         <name>.text.free_list_remove</name>
         <load_address>0x54ac</load_address>
         <readonly>true</readonly>
         <executable>true</executable>
         <run_address>0x54ac</run_address>
         <size>0x1c</size>
         <alignment>0x4</alignment>
         <input_file_ref idref="fl-50"/>
      </object_component>
      <object_component id="oc-1ab">
         <name>.text.mpu_get_sample_rate</name>
         <load_address>0x54c8</load_address>
         <readonly>true</readonly>
         <executable>true</executable>
         <run_address>0x54c8</run_address>
         <size>0x1c</size>
         <alignment>0x4</alignment>
         <input_file_ref idref="fl-6"/>
      </object_component>
      <object_component id="oc-221">
         <name>.text.DL_Timer_setCaptureCompareOutCtl</name>
         <load_address>0x54e4</load_address>
         <readonly>true</readonly>
         <executable>true</executable>
         <run_address>0x54e4</run_address>
         <size>0x18</size>
         <alignment>0x4</alignment>
         <input_file_ref idref="fl-22"/>
      </object_component>
      <object_component id="oc-136">
         <name>.text.mspm0_get_clock_ms</name>
         <load_address>0x54fc</load_address>
         <readonly>true</readonly>
         <executable>true</executable>
         <run_address>0x54fc</run_address>
         <size>0x18</size>
[...]
      </symbol>
      <symbol id="sm-2c5">
         <name>atan2</name>
         <value>0x1995</value>
         <object_component_ref idref="oc-b9"/>
      </symbol>
      <symbol id="sm-2c6">
         <name>atan2l</name>
         <value>0x1995</value>
         <object_component_ref idref="oc-b9"/>
      </symbol>
      <symbol id="sm-2d0">
         <name>sqrt</name>
         <value>0x1b1d</value>
         <object_component_ref idref="oc-155"/>
      </symbol>
      <symbol id="sm-2d1">
         <name>sqrtl</name>
         <value>0x1b1d</value>
         <object_component_ref idref="oc-155"/>
      </symbol>
      <symbol id="sm-2e8">
         <name>atan</name>
         <value>0x425</value>
         <object_component_ref idref="oc-164"/>
      </symbol>
      <symbol id="sm-2e9">
         <name>atanl</name>
         <value>0x425</value>
         <object_component_ref idref="oc-164"/>
      </symbol>
      <symbol id="sm-2f7">
         <name>__aeabi_errno_addr</name>
         <value>0x4229</value>
         <object_component_ref idref="oc-146"/>
      </symbol>
      <symbol id="sm-2f8">
         <name>__aeabi_errno</name>
         <value>0x20200e68</value>
         <object_component_ref idref="oc-1ec"/>
      </symbol>
      <symbol id="sm-306">
         <name>abort</name>
         <value>0x5697</value>
         <object_component_ref idref="oc-117"/>
      </symbol>
      <symbol id="sm-307">
         <name>__TI_cleanup_ptr</name>
         <value>0x20200e3c</value>
         <object_component_ref idref="oc-1da"/>
      </symbol>
      <symbol id="sm-308">
         <name>__TI_dtors_ptr</name>
         <value>0x20200e40</value>
         <object_component_ref idref="oc-1da"/>
      </symbol>
      <symbol id="sm-309">
         <name>exit</name>
         <value>0x51b5</value>
         <object_component_ref idref="oc-11c"/>
      </symbol>
      <symbol id="sm-312">
         <name>_nop</name>
         <value>0x3d07</value>
         <object_component_ref idref="oc-24b"/>
      </symbol>
      <symbol id="sm-313">
         <name>_lock</name>
         <value>0x20200e6c</value>
         <object_component_ref idref="oc-1d8"/>
      </symbol>
      <symbol id="sm-314">
         <name>_unlock</name>
         <value>0x20200e70</value>
         <object_component_ref idref="oc-1db"/>
      </symbol>
      <symbol id="sm-31c">
         <name>_ftable</name>
         <value>0x20200c58</value>
         <object_component_ref idref="oc-241"/>
      </symbol>
      <symbol id="sm-31d">
         <name>__TI_ft_end</name>
         <value>0x20200e64</value>
         <object_component_ref idref="oc-2b4"/>
      </symbol>
      <symbol id="sm-31e">
         <name>__TI_tmpnams</name>
         <value>0x20200b64</value>
         <object_component_ref idref="oc-2e3"/>
      </symbol>
      <symbol id="sm-342">
         <name>malloc</name>
         <value>0x55f1</value>
         <object_component_ref idref="oc-295"/>
      </symbol>
      <symbol id="sm-343">
         <name>aligned_alloc</name>
         <value>0x2555</value>
         <object_component_ref idref="oc-2ad"/>
      </symbol>
      <symbol id="sm-344">
         <name>free</name>
         <value>0x2e31</value>
         <object_component_ref idref="oc-28f"/>
      </symbol>
      <symbol id="sm-345">
         <name>_sys_memory</name>
         <value>0x20200000</value>
         <object_component_ref idref="oc-2aa"/>
      </symbol>
      <symbol id="sm-346">
         <name>memalign</name>
         <value>0x2555</value>
         <object_component_ref idref="oc-2ad"/>
      </symbol>
      <symbol id="sm-351">
         <name>_c_int00_noargs</name>
         <value>0x5385</value>
         <object_component_ref idref="oc-57"/>
      </symbol>
      <symbol id="sm-352">
         <name>__stack</name>
         <value>0x20207e00</value>
         <object_component_ref idref="oc-1a"/>
      </symbol>
      <symbol id="sm-35e">
         <name>__TI_auto_init_nobinit_nopinit</name>
         <value>0x4f51</value>
         <object_component_ref idref="oc-11e"/>
      </symbol>
      <symbol id="sm-366">
         <name>_system_pre_init</name>
         <value>0x56b1</value>
         <object_component_ref idref="oc-7e"/>
      </symbol>
      <symbol id="sm-371">
         <name>__TI_zero_init</name>
         <value>0x556d</value>
         <object_component_ref idref="oc-54"/>
      </symbol>
      <symbol id="sm-37a">
         <name>__TI_decompress_none</name>
         <value>0x553b</value>
         <object_component_ref idref="oc-20"/>
      </symbol>
      <symbol id="sm-385">
         <name>__TI_decompress_lzss</name>
         <value>0x40bd</value>
         <object_component_ref idref="oc-1c"/>
      </symbol>
      <symbol id="sm-38f">
         <name>__TI_doflush</name>
         <value>0x4c59</value>
         <object_component_ref idref="oc-270"/>
      </symbol>
      <symbol id="sm-39a">
         <name>__TI_cleanup</name>
         <value>0x5119</value>
         <object_component_ref idref="oc-296"/>
      </symbol>
      <symbol id="sm-3a7">
         <name>fseek</name>
         <value>0x5669</value>
         <object_component_ref idref="oc-279"/>
      </symbol>
      <symbol id="sm-3a8">
         <name>fseeko</name>
         <value>0x44cd</value>
         <object_component_ref idref="oc-28c"/>
      </symbol>
      <symbol id="sm-3b4">
         <name>__TI_closefile</name>
         <value>0x4041</value>
         <object_component_ref idref="oc-2ae"/>
      </symbol>
      <symbol id="sm-3bc">
         <name>HOSTexit</name>
         <value>0x56a1</value>
         <object_component_ref idref="oc-1d2"/>
      </symbol>
      <symbol id="sm-3bd">
         <name>C$$EXIT</name>
         <value>0x56a0</value>
         <object_component_ref idref="oc-1d2"/>
      </symbol>
      <symbol id="sm-3c7">
         <name>write</name>
         <value>0x535d</value>
         <object_component_ref idref="oc-26c"/>
      </symbol>
      <symbol id="sm-3cc">
         <name>_device</name>
         <value>0x20200d48</value>
         <object_component_ref idref="oc-29f"/>
      </symbol>
      <symbol id="sm-3cd">
         <name>_stream</name>
         <value>0x20200dc0</value>
         <object_component_ref idref="oc-285"/>
      </symbol>
      <symbol id="sm-3d6">
         <name>remove</name>
         <value>0x5671</value>
         <object_component_ref idref="oc-2df"/>
      </symbol>
      <symbol id="sm-3e1">
         <name>lseek</name>
         <value>0x5335</value>
         <object_component_ref idref="oc-2a3"/>
      </symbol>
      <symbol id="sm-3eb">
         <name>close</name>
         <value>0x4cad</value>
         <object_component_ref idref="oc-2db"/>
      </symbol>
      <symbol id="sm-3f5">
         <name>unlink</name>
         <value>0x52b9</value>
         <object_component_ref idref="oc-307"/>
      </symbol>
      <symbol id="sm-3ff">
         <name>HOSTclose</name>
         <value>0x4d49</value>
         <object_component_ref idref="oc-2bb"/>
      </symbol>
      <symbol id="sm-409">
         <name>HOSTlseek</name>
         <value>0x43f5</value>
         <object_component_ref idref="oc-2c7"/>
      </symbol>
      <symbol id="sm-413">
         <name>HOSTopen</name>
         <value>0x4939</value>
         <object_component_ref idref="oc-2b7"/>
      </symbol>
      <symbol id="sm-414">
         <name>parmbuf</name>
         <value>0x20200c22</value>
         <object_component_ref idref="oc-2ed"/>
      </symbol>
      <symbol id="sm-41e">
         <name>HOSTread</name>
         <value>0x4a55</value>
         <object_component_ref idref="oc-2bf"/>
      </symbol>
      <symbol id="sm-42f">
         <name>HOSTrename</name>
         <value>0x4461</value>
         <object_component_ref idref="oc-2cf"/>
      </symbol>
      <symbol id="sm-439">
         <name>HOSTunlink</name>
         <value>0x4d91</value>
         <object_component_ref idref="oc-2cb"/>
      </symbol>
      <symbol id="sm-443">
         <name>HOSTwrite</name>
         <value>0x4aad</value>
         <object_component_ref idref="oc-2c3"/>
      </symbol>
      <symbol id="sm-451">
         <name>C$$IO$$</name>
         <value>0x51ad</value>
         <object_component_ref idref="oc-2e6"/>
      </symbol>
      <symbol id="sm-452">
         <name>__TI_writemsg</name>
         <value>0x5181</value>
         <object_component_ref idref="oc-2e6"/>
      </symbol>
      <symbol id="sm-453">
         <name>__CIOBUF_</name>
         <value>0x20200800</value>
         <object_component_ref idref="oc-30e"/>
      </symbol>
      <symbol id="sm-454">
         <name>__TI_readmsg</name>
         <value>0x514d</value>
         <object_component_ref idref="oc-2ec"/>
      </symbol>
      <symbol id="sm-455">
         <name>_CIOBUF_</name>
         <value>0x20200800</value>
         <object_component_ref idref="oc-30e"/>
      </symbol>
      <symbol id="sm-45b">
         <name>__aeabi_fadd</name>
         <value>0x345f</value>
         <object_component_ref idref="oc-a3"/>
      </symbol>
      <symbol id="sm-45c">
         <name>__addsf3</name>
         <value>0x345f</value>
         <object_component_ref idref="oc-a3"/>
      </symbol>
      <symbol id="sm-45d">
         <name>__aeabi_fsub</name>
         <value>0x3455</value>
         <object_component_ref idref="oc-a3"/>
      </symbol>
      <symbol id="sm-45e">
         <name>__subsf3</name>
         <value>0x3455</value>
         <object_component_ref idref="oc-a3"/>
      </symbol>
      <symbol id="sm-464">
         <name>__aeabi_dadd</name>
         <value>0x1683</value>
         <object_component_ref idref="oc-14b"/>
      </symbol>
      <symbol id="sm-465">
         <name>__adddf3</name>
         <value>0x1683</value>
         <object_component_ref idref="oc-14b"/>
      </symbol>
      <symbol id="sm-466">
         <name>__aeabi_dsub</name>
         <value>0x1679</value>
         <object_component_ref idref="oc-14b"/>
      </symbol>
      <symbol id="sm-467">
         <name>__subdf3</name>
         <value>0x1679</value>
         <object_component_ref idref="oc-14b"/>
      </symbol>
      <symbol id="sm-470">
         <name>__aeabi_dmul</name>
         <value>0x2f19</value>
         <object_component_ref idref="oc-b1"/>
      </symbol>
      <symbol id="sm-471">
         <name>__muldf3</name>
         <value>0x2f19</value>
         <object_component_ref idref="oc-b1"/>
      </symbol>
      <symbol id="sm-47a">
         <name>__muldsi3</name>
         <value>0x4fc9</value>
         <object_component_ref idref="oc-13f"/>
      </symbol>
      <symbol id="sm-480">
         <name>__aeabi_fmul</name>
         <value>0x3d99</value>
         <object_component_ref idref="oc-9f"/>
      </symbol>
      <symbol id="sm-481">
         <name>__mulsf3</name>
         <value>0x3d99</value>
         <object_component_ref idref="oc-9f"/>
      </symbol>
      <symbol id="sm-487">
         <name>__aeabi_fdiv</name>
         <value>0x3fbd</value>
         <object_component_ref idref="oc-cb"/>
      </symbol>
      <symbol id="sm-488">
         <name>__divsf3</name>
         <value>0x3fbd</value>
         <object_component_ref idref="oc-cb"/>
      </symbol>
      <symbol id="sm-48e">
         <name>__aeabi_ddiv</name>
         <value>0x2669</value>
         <object_component_ref idref="oc-15c"/>
      </symbol>
      <symbol id="sm-48f">
         <name>__divdf3</name>
         <value>0x2669</value>
         <object_component_ref idref="oc-15c"/>
      </symbol>
      <symbol id="sm-498">
         <name>__aeabi_f2d</name>
         <value>0x4e5d</value>
         <object_component_ref idref="oc-a7"/>
      </symbol>
      <symbol id="sm-499">
         <name>__extendsfdf2</name>
         <value>0x4e5d</value>
         <object_component_ref idref="oc-a7"/>
      </symbol>
      <symbol id="sm-49f">
         <name>__aeabi_f2iz</name>
         <value>0x50ad</value>
         <object_component_ref idref="oc-20b"/>
      </symbol>
      <symbol id="sm-4a0">
         <name>__fixsfsi</name>
         <value>0x50ad</value>
         <object_component_ref idref="oc-20b"/>
      </symbol>
      <symbol id="sm-4a6">
         <name>__aeabi_f2uiz</name>
         <value>0x5285</value>
         <object_component_ref idref="oc-182"/>
      </symbol>
      <symbol id="sm-4a7">
         <name>__fixunssfsi</name>
         <value>0x5285</value>
         <object_component_ref idref="oc-182"/>
      </symbol>
      <symbol id="sm-4ad">
         <name>__aeabi_i2f</name>
         <value>0x4ed9</value>
         <object_component_ref idref="oc-9b"/>
      </symbol>
      <symbol id="sm-4ae">
         <name>__floatsisf</name>
         <value>0x4ed9</value>
         <object_component_ref idref="oc-9b"/>
      </symbol>
      <symbol id="sm-4b4">
         <name>__aeabi_ui2f</name>
         <value>0x52e5</value>
         <object_component_ref idref="oc-17e"/>
      </symbol>
      <symbol id="sm-4b5">
         <name>__floatunsisf</name>
         <value>0x52e5</value>
         <object_component_ref idref="oc-17e"/>
      </symbol>
      <symbol id="sm-4bc">
         <name>__aeabi_d2f</name>
         <value>0x4231</value>
         <object_component_ref idref="oc-b5"/>
      </symbol>
      <symbol id="sm-4bd">
         <name>__truncdfsf2</name>
         <value>0x4231</value>
         <object_component_ref idref="oc-b5"/>
      </symbol>
      <symbol id="sm-4c3">
         <name>__aeabi_dcmpeq</name>
         <value>0x4811</value>
         <object_component_ref idref="oc-14f"/>
      </symbol>
      <symbol id="sm-4c4">
         <name>__aeabi_dcmplt</name>
         <value>0x4825</value>
         <object_component_ref idref="oc-14f"/>
      </symbol>
      <symbol id="sm-4c5">
         <name>__aeabi_dcmple</name>
         <value>0x4839</value>
         <object_component_ref idref="oc-14f"/>
      </symbol>
      <symbol id="sm-4c6">
         <name>__aeabi_dcmpge</name>
         <value>0x484d</value>
         <object_component_ref idref="oc-14f"/>
      </symbol>
      <symbol id="sm-4c7">
         <name>__aeabi_dcmpgt</name>
         <value>0x4861</value>
         <object_component_ref idref="oc-14f"/>
      </symbol>
      <symbol id="sm-4cd">
         <name>__aeabi_fcmpeq</name>
         <value>0x4875</value>
         <object_component_ref idref="oc-de"/>
      </symbol>
      <symbol id="sm-4ce">
         <name>__aeabi_fcmplt</name>
         <value>0x4889</value>
         <object_component_ref idref="oc-de"/>
      </symbol>
      <symbol id="sm-4cf">
         <name>__aeabi_fcmple</name>
         <value>0x489d</value>
         <object_component_ref idref="oc-de"/>
      </symbol>
      <symbol id="sm-4d0">
         <name>__aeabi_fcmpge</name>
         <value>0x48b1</value>
         <object_component_ref idref="oc-de"/>
      </symbol>
      <symbol id="sm-4d1">
         <name>__aeabi_fcmpgt</name>
         <value>0x48c5</value>
         <object_component_ref idref="oc-de"/>
      </symbol>
      <symbol id="sm-4d7">
         <name>__aeabi_idiv</name>
         <value>0x4b05</value>
         <object_component_ref idref="oc-16e"/>
      </symbol>
      <symbol id="sm-4d8">
         <name>__aeabi_idivmod</name>
         <value>0x4b05</value>
         <object_component_ref idref="oc-16e"/>
      </symbol>
      <symbol id="sm-4de">
         <name>__aeabi_memcpy</name>
         <value>0x5659</value>
         <object_component_ref idref="oc-47"/>
      </symbol>
      <symbol id="sm-4df">
         <name>__aeabi_memcpy4</name>
         <value>0x5659</value>
         <object_component_ref idref="oc-47"/>
      </symbol>
      <symbol id="sm-4e0">
         <name>__aeabi_memcpy8</name>
         <value>0x5659</value>
         <object_component_ref idref="oc-47"/>
      </symbol>
      <symbol id="sm-4e7">
         <name>__aeabi_memclr</name>
         <value>0x55cd</value>
         <object_component_ref idref="oc-79"/>
      </symbol>
      <symbol id="sm-4e8">
         <name>__aeabi_memclr4</name>
         <value>0x55cd</value>
         <object_component_ref idref="oc-79"/>
      </symbol>
      <symbol id="sm-4e9">
         <name>__aeabi_memclr8</name>
         <value>0x55cd</value>
         <object_component_ref idref="oc-79"/>
      </symbol>
      <symbol id="sm-4ef">
         <name>__aeabi_uidiv</name>
         <value>0x4e1d</value>
         <object_component_ref idref="oc-1e3"/>
      </symbol>
      <symbol id="sm-4f0">
         <name>__aeabi_uidivmod</name>
         <value>0x4e1d</value>
         <object_component_ref idref="oc-1e3"/>
      </symbol>
      <symbol id="sm-4f9">
         <name>__eqsf2</name>
         <value>0x4f8d</value>
         <object_component_ref idref="oc-177"/>
      </symbol>
      <symbol id="sm-4fa">
         <name>__lesf2</name>
         <value>0x4f8d</value>
         <object_component_ref idref="oc-177"/>
      </symbol>
      <symbol id="sm-4fb">
         <name>__ltsf2</name>
         <value>0x4f8d</value>
         <object_component_ref idref="oc-177"/>
      </symbol>
      <symbol id="sm-4fc">
         <name>__nesf2</name>
         <value>0x4f8d</value>
         <object_component_ref idref="oc-177"/>
      </symbol>
      <symbol id="sm-4fd">
         <name>__cmpsf2</name>
         <value>0x4f8d</value>
         <object_component_ref idref="oc-177"/>
      </symbol>
      <symbol id="sm-4fe">
         <name>__gtsf2</name>
         <value>0x4f15</value>
         <object_component_ref idref="oc-17c"/>
      </symbol>
      <symbol id="sm-4ff">
         <name>__gesf2</name>
         <value>0x4f15</value>
         <object_component_ref idref="oc-17c"/>
      </symbol>
      <symbol id="sm-50d">
         <name>__ledf2</name>
         <value>0x4611</value>
         <object_component_ref idref="oc-1f1"/>
      </symbol>
      <symbol id="sm-50e">
         <name>__gedf2</name>
         <value>0x41b5</value>
         <object_component_ref idref="oc-1f7"/>
      </symbol>
      <symbol id="sm-50f">
         <name>__cmpdf2</name>
         <value>0x4611</value>
         <object_component_ref idref="oc-1f1"/>
      </symbol>
      <symbol id="sm-510">
         <name>__eqdf2</name>
         <value>0x4611</value>
         <object_component_ref idref="oc-1f1"/>
      </symbol>
      <symbol id="sm-511">
         <name>__ltdf2</name>
         <value>0x4611</value>
         <object_component_ref idref="oc-1f1"/>
      </symbol>
      <symbol id="sm-512">
         <name>__nedf2</name>
         <value>0x4611</value>
         <object_component_ref idref="oc-1f1"/>
      </symbol>
      <symbol id="sm-513">
         <name>__gtdf2</name>
         <value>0x41b5</value>
         <object_component_ref idref="oc-1f7"/>
      </symbol>
      <symbol id="sm-51e">
         <name>__aeabi_idiv0</name>
         <value>0x180b</value>
         <object_component_ref idref="oc-203"/>
      </symbol>
      <symbol id="sm-52c">
         <name>finddevice</name>
         <value>0x51e9</value>
         <object_component_ref idref="oc-31a"/>
      </symbol>
      <symbol id="sm-52d">
         <name>getdevice</name>
         <value>0x4539</value>
         <object_component_ref idref="oc-311"/>
      </symbol>
      <symbol id="sm-546">
         <name>memcpy</name>
         <value>0x3c6d</value>
         <object_component_ref idref="oc-f5"/>
      </symbol>
      <symbol id="sm-555">
         <name>memset</name>
         <value>0x48d7</value>
         <object_component_ref idref="oc-194"/>
      </symbol>
      <symbol id="sm-55d">
         <name>strcmp</name>
         <value>0x3eb1</value>
         <object_component_ref idref="oc-31d"/>
      </symbol>
      <symbol id="sm-55e">
         <name>__TI_static_base__</name>
         <value>0x0</value>
      </symbol>
      <symbol id="sm-562">
         <name>__mpu_init</name>
         <value>0x0</value>
      </symbol>
      <symbol id="sm-563">
         <name>_system_post_cinit</name>
         <value>0x0</value>
      </symbol>
   </symbol_table>
   <title>Link successful</title>
</link_info>
