******************************************************************************
            TI ARM Clang Linker PC v4.0.3                      
******************************************************************************
>> Linked Thu Jul 31 14:28:03 2025

OUTPUT FILE NAME:   <mspm0-modules-car.out>
ENTRY POINT SYMBOL: "_c_int00_noargs"  address: 00005bb1


MEMORY CONFIGURATION

         name            origin    length      used     unused   attr    fill
----------------------  --------  ---------  --------  --------  ----  --------
  FLASH                 00000000   00020000  00007690  00018970  R  X
  SRAM                  20200000   00008000  000010ca  00006f36  RW X
  BCR_CONFIG            41c00000   000000ff  00000000  000000ff  R   
  BSL_CONFIG            41c00100   00000080  00000000  00000080  R   


SEGMENT ALLOCATION MAP

run origin  load origin   length   init length attrs members
----------  ----------- ---------- ----------- ----- -------
00000000    00000000    00007690   00007690    r-x
  00000000    00000000    000000c0   000000c0    r-- .intvecs
  000000c0    000000c0    00005ec0   00005ec0    r-x .text
  00005f80    00005f80    00001670   00001670    r-- .rodata
  000075f0    000075f0    000000a0   000000a0    r-- .cinit
20200000    20200000    00000ecd   00000000    rw-
  20200000    20200000    00000800   00000000    rw- .sysmem
  20200800    20200800    00000499   00000000    rw- .bss
  20200c9c    20200c9c    00000231   00000000    rw- .data
20207e00    20207e00    00000200   00000000    rw-
  20207e00    20207e00    00000200   00000000    rw- .stack


SECTION ALLOCATION MAP

 output                                  attributes/
section   page    origin      length       input sections
--------  ----  ----------  ----------   ----------------
.intvecs   0    00000000    000000c0     
                  00000000    000000c0     startup_mspm0g350x_ticlang.o (.intvecs)

.text      0    000000c0    00005ec0     
                  000000c0    00000374     test.o (.text.Test_Square_Movement_Hybrid)
                  00000434    00000364     libc.a : e_asin.c.obj (.text.asin)
                  00000798    000002f8            : s_atan.c.obj (.text.atan)
                  00000a90    000002c0     oled_hardware_i2c.o (.text.OLED_Init)
                  00000d50    000002b0     inv_mpu_dmp_motion_driver.o (.text.dmp_enable_feature)
                  00001000    00000284     libc.a : _printfi.c.obj (.text:__TI_printfi_minimal)
                  00001284    00000240     Motor.o (.text.Motor_Set_Pwm)
                  000014c4    00000234     motor_control.o (.text.MotorControl_Update)
                  000016f8    00000210     mpu6050.o (.text.Read_Quad)
                  00001908    000001e4     inv_mpu.o (.text.mpu_lp_accel_mode)
                  00001aec    000001a8     inv_mpu_dmp_motion_driver.o (.text.dmp_read_fifo)
                  00001c94    00000192     libclang_rt.builtins.a : adddf3.S.obj (.text.adddf3_subdf3)
                  00001e26    00000002     startup_mspm0g350x_ticlang.o (.text.Default_Handler)
                  00001e28    00000188     linetracker.o (.text.LineTracker_ReadSensors)
                  00001fb0    00000188     libc.a : e_atan2.c.obj (.text.atan2)
                  00002138    00000170            : e_sqrt.c.obj (.text.sqrt)
                  000022a8    00000154     mspm0_i2c.o (.text.mspm0_i2c_read)
                  000023fc    00000150     inv_mpu.o (.text.mpu_reset_fifo)
                  0000254c    00000148     inv_mpu.o (.text.mpu_load_firmware)
                  00002694    00000144     oled_hardware_i2c.o (.text.OLED_Clear)
                  000027d8    00000134     oled_hardware_i2c.o (.text.OLED_WR_Byte)
                  0000290c    00000134     inv_mpu_dmp_motion_driver.o (.text.dmp_set_tap_thresh)
                  00002a40    00000130     mspm0_i2c.o (.text.mspm0_i2c_write)
                  00002b70    00000114     libc.a : memory.c.obj (.text.aligned_alloc)
                  00002c84    0000010c     libclang_rt.builtins.a : divdf3.S.obj (.text.__divdf3)
                  00002d90    00000104     driverlib.a : dl_timer.o (.text.DL_Timer_initFourCCPWMMode)
                  00002e94    00000100     pid.o (.text.PID_Calculate)
                  00002f94    000000f8     libc.a : fputs.c.obj (.text.fputs)
                  0000308c    000000f8     inv_mpu.o (.text.mpu_set_bypass)
                  00003184    000000f4     inv_mpu.o (.text.mpu_init)
                  00003278    000000ec     linetracker.o (.text.LineTracker_ReadSensors_Interrupt)
                  00003364    000000ec     inv_mpu_dmp_motion_driver.o (.text.dmp_set_orientation)
                  00003450    000000e8     driverlib.a : dl_timer.o (.text.DL_Timer_initTimerMode)
                  00003538    000000e8     libc.a : memory.c.obj (.text.free)
                  00003620    000000e4     libclang_rt.builtins.a : muldf3.S.obj (.text.__muldf3)
                  00003704    000000e4     inv_mpu.o (.text.mpu_set_sample_rate)
                  000037e8    000000e0     libc.a : setvbuf.c.obj (.text.setvbuf)
                  000038c8    000000dc     driverlib.a : dl_sysctl_mspm0g1x0x_g3x0x.o (.text.DL_SYSCTL_configSYSPLL)
                  000039a4    000000dc     oled_hardware_i2c.o (.text.OLED_ShowChar)
                  00003a80    000000dc     turn_detection.o (.text.TurnDetection_Update)
                  00003b5c    000000dc     inv_mpu.o (.text.mpu_set_sensors)
                  00003c38    000000d8     libclang_rt.builtins.a : addsf3.S.obj (.text)
                  00003d10    000000d0     inv_mpu.o (.text.mpu_set_dmp_state)
                  00003de0    000000cc     ti_msp_dl_config.o (.text.SYSCFG_DL_GPIO_init)
                  00003eac    000000c8     Encoder.o (.text.Encoder_IRQHandler)
                  00003f74    000000c8     linetracker.o (.text.LineTracker_GetLineState)
                  0000403c    000000b8     mpu6050.o (.text.MPU6050_Init)
                  000040f4    000000b4     motor_control.o (.text.MotorControl_Init)
                  000041a8    000000b0     Motor.o (.text.Motor_Stop)
                  00004258    000000ac     inv_mpu.o (.text.mpu_configure_fifo)
                  00004304    000000a4     inv_mpu.o (.text.mpu_read_fifo_stream)
                  000043a8    0000009a     libc.a : memcpy16.S.obj (.text:memcpy)
                  00004442    00000002     libclang_rt.builtins.a : aeabi_div0.c.obj (.text.__aeabi_idiv0)
                  00004444    00000090     ti_msp_dl_config.o (.text.SYSCFG_DL_PWM_MOTOR_init)
                  000044d4    0000008c     libclang_rt.builtins.a : mulsf3.S.obj (.text.__mulsf3)
                  00004560    0000008c     mspm0_i2c.o (.text.mpu6050_i2c_sda_unlock)
                  000045ec    00000004     libsysbm.a : hostexit.c.obj (.text.HOSTexit)
                  000045f0    00000088     libc.a : strcmp-armv6m.S.obj (.text:strcmp)
                  00004678    00000084     Motor.o (.text.Motor_Init)
                  000046fc    00000082     libclang_rt.builtins.a : divsf3.S.obj (.text.__divsf3)
                  0000477e    00000002     libc.a : _lock.c.obj (.text._nop)
                  00004780    0000007c            : fclose.c.obj (.text.__TI_closefile)
                  000047fc    0000007c            : copy_decompress_lzss.c.obj (.text:decompress:lzss)
                  00004878    0000007a     oled_hardware_i2c.o (.text.OLED_ShowString)
                  000048f2    00000002     mpu6050.o (.text.android_orient_cb)
                  000048f4    00000074     libclang_rt.builtins.a : comparedf2.c.obj (.text.__gedf2)
                  00004968    00000008     libc.a : aeabi_portable.c.obj (.text.__aeabi_errno_addr)
                  00004970    00000074     libclang_rt.builtins.a : truncdfsf2.S.obj (.text.__truncdfsf2)
                  000049e4    00000074     inv_mpu.o (.text.mpu_set_lpf)
                  00004a58    00000070     ti_msp_dl_config.o (.text.SYSCFG_DL_SYSCTL_init)
                  00004ac8    0000006c     libsysbm.a : hostlseek.c.obj (.text.HOSTlseek)
                  00004b34    0000006c                : hostrename.c.obj (.text.HOSTrename)
                  00004ba0    0000006c     libc.a : fseek.c.obj (.text.fseeko)
                  00004c0c    0000006c            : getdevice.c.obj (.text.getdevice)
                  00004c78    0000006c     main.o (.text.main)
                  00004ce4    0000006c     inv_mpu.o (.text.mpu_write_mem)
                  00004d50    00000068     libclang_rt.builtins.a : comparedf2.c.obj (.text.__ledf2)
                  00004db8    00000068     inv_mpu_dmp_motion_driver.o (.text.dmp_set_fifo_rate)
                  00004e20    00000064     libc.a : _io_perm.c.obj (.text.__TI_wrt_ok)
                  00004e84    00000064            : memory.c.obj (.text.split)
                  00004ee8    00000062     libclang_rt.builtins.a : aeabi_dcmp.S.obj (.text.__aeabi_dcmp)
                  00004f4a    00000002     mpu6050.o (.text.tap_cb)
                  00004f4c    00000062     libclang_rt.builtins.a : aeabi_fcmp.S.obj (.text.__aeabi_fcmp)
                  00004fae    00000062     libc.a : memset16.S.obj (.text:memset)
                  00005010    00000060     Encoder.o (.text.Encoder_Timer_IRQHandler)
                  00005070    00000060     libsysbm.a : hostopen.c.obj (.text.HOSTopen)
                  000050d0    00000060     ti_msp_dl_config.o (.text.SYSCFG_DL_initPower)
                  00005130    0000005e     driverlib.a : dl_i2c.o (.text.DL_I2C_fillControllerTXFIFO)
                  0000518e    00000002     --HOLE-- [fill = 0]
                  00005190    0000005c     Encoder.o (.text.Encoder_Init)
                  000051ec    00000058     libsysbm.a : hostread.c.obj (.text.HOSTread)
                  00005244    00000058                : hostwrite.c.obj (.text.HOSTwrite)
                  0000529c    00000056     libclang_rt.builtins.a : aeabi_idivmod.S.obj (.text.__aeabi_idivmod)
                  000052f2    00000002     --HOLE-- [fill = 0]
                  000052f4    00000054     ti_msp_dl_config.o (.text.SYSCFG_DL_I2C_MPU6050_init)
                  00005348    00000054     ti_msp_dl_config.o (.text.SYSCFG_DL_I2C_OLED_init)
                  0000539c    00000052     libc.a : fflush.c.obj (.text.__TI_doflush)
                  000053ee    00000002     --HOLE-- [fill = 0]
                  000053f0    00000050     libsysbm.a : close.c.obj (.text.close)
                  00005440    0000004c     ti_msp_dl_config.o (.text.SYSCFG_DL_TIMER_CALC_init)
                  0000548c    0000004c     ti_msp_dl_config.o (.text.SYSCFG_DL_TIMER_TRACKER_init)
                  000054d8    00000048     libsysbm.a : hostclose.c.obj (.text.HOSTclose)
                  00005520    00000048                : hostunlink.c.obj (.text.HOSTunlink)
                  00005568    00000044     driverlib.a : dl_sysctl_mspm0g1x0x_g3x0x.o (.text.DL_SYSCTL_switchMCLKfromSYSOSCtoHSCLK)
                  000055ac    00000040     libclang_rt.builtins.a : aeabi_uidivmod.S.obj (.text.__aeabi_uidivmod)
                  000055ec    00000040                            : extendsfdf2.S.obj (.text.__extendsfdf2)
                  0000562c    0000003c     driverlib.a : dl_i2c.o (.text.DL_I2C_flushControllerTXFIFO)
                  00005668    0000003c     libclang_rt.builtins.a : floatsisf.S.obj (.text.__floatsisf)
                  000056a4    0000003c                            : comparesf2.S.obj (.text.__gtsf2)
                  000056e0    0000003c     libc.a : autoinit.c.obj (.text:__TI_auto_init_nobinit_nopinit)
                  0000571c    0000003a     libclang_rt.builtins.a : comparesf2.S.obj (.text.__eqsf2)
                  00005756    00000002     --HOLE-- [fill = 0]
                  00005758    0000003a                            : muldsi3.S.obj (.text.__muldsi3)
                  00005792    00000002     --HOLE-- [fill = 0]
                  00005794    00000038     interrupt.o (.text.GROUP1_IRQHandler)
                  000057cc    00000038     motor_control.o (.text.MotorControl_SetMode)
                  00005804    00000038     ti_msp_dl_config.o (.text.SYSCFG_DL_init)
                  0000583c    00000038     clock.o (.text.SysTick_Init)
                  00005874    00000038     libclang_rt.builtins.a : fixsfsi.S.obj (.text.__fixsfsi)
                  000058ac    00000038     libc.a : sprintf.c.obj (.text.sprintf)
                  000058e4    00000034     motor_control.o (.text.MotorControl_SetBaseSpeed)
                  00005918    00000034     libc.a : fopen.c.obj (.text.__TI_cleanup)
                  0000594c    00000034     libsysbm.a : trgmsg.c.obj (.text.__TI_readmsg)
                  00005980    00000034                : trgmsg.c.obj (.text.__TI_writemsg)
                  000059b4    00000034     libc.a : exit.c.obj (.text.exit)
                  000059e8    00000034            : getdevice.c.obj (.text.finddevice)
                  00005a1c    00000034     inv_mpu.o (.text.mpu_get_accel_fsr)
                  00005a50    00000034     clock.o (.text.mspm0_delay_ms)
                  00005a84    00000032     libclang_rt.builtins.a : fixunssfsi.S.obj (.text.__fixunssfsi)
                  00005ab6    00000002     --HOLE-- [fill = 0]
                  00005ab8    0000002c     turn_detection.o (.text.TurnDetection_Init)
                  00005ae4    0000002c     libsysbm.a : unlink.c.obj (.text.unlink)
                  00005b10    00000028     libclang_rt.builtins.a : floatunsisf.S.obj (.text.__floatunsisf)
                  00005b38    00000028     libc.a : memory.c.obj (.text.free_list_insert)
                  00005b60    00000028     libsysbm.a : lseek.c.obj (.text.lseek)
                  00005b88    00000028                : write.c.obj (.text.write)
                  00005bb0    00000028     libc.a : boot_cortex_m.c.obj (.text:_c_int00_noargs)
                  00005bd8    00000026     driverlib.a : dl_i2c.o (.text.DL_I2C_setClockConfig)
                  00005bfe    00000002     --HOLE-- [fill = 0]
                  00005c00    00000024     linetracker.o (.text.LineTracker_Init)
                  00005c24    00000024     libc.a : fputs.c.obj (.text.puts)
                  00005c48    00000022            : memccpy.c.obj (.text.memccpy)
                  00005c6a    00000002     --HOLE-- [fill = 0]
                  00005c6c    00000020     turn_detection.o (.text.TurnDetection_Reset)
                  00005c8c    00000020     inv_mpu.o (.text.mpu_get_gyro_fsr)
                  00005cac    0000001c     driverlib.a : dl_timer.o (.text.DL_Timer_setCaptCompUpdateMethod)
                  00005cc8    0000001c                 : dl_timer.o (.text.DL_Timer_setClockConfig)
                  00005ce4    0000001c     pid.o (.text.PID_Init)
                  00005d00    0000001c     inv_mpu_dmp_motion_driver.o (.text.dmp_load_motion_driver_firmware)
                  00005d1c    0000001c     libc.a : memory.c.obj (.text.free_list_remove)
                  00005d38    0000001c     inv_mpu.o (.text.mpu_get_sample_rate)
                  00005d54    00000018     driverlib.a : dl_timer.o (.text.DL_Timer_setCaptureCompareOutCtl)
                  00005d6c    00000018     interrupt.o (.text.TIMA1_IRQHandler)
                  00005d84    00000018     libc.a : sprintf.c.obj (.text._outs)
                  00005d9c    00000018     clock.o (.text.mspm0_get_clock_ms)
                  00005db4    00000014     Encoder.o (.text.Encoder_GetSpeed_PPS)
                  00005dc8    00000014     interrupt.o (.text.TIMG8_IRQHandler)
                  00005ddc    00000012     pid.o (.text.PID_Reset)
                  00005dee    00000012     libc.a : copy_decompress_none.c.obj (.text:decompress:none)
                  00005e00    00000010     driverlib.a : dl_timer.o (.text.DL_Timer_setCaptureCompareValue)
                  00005e10    00000010     motor_control.o (.text.MotorControl_SetSpeedTarget)
                  00005e20    00000010     interrupt.o (.text.SysTick_Handler)
                  00005e30    00000010     libc.a : copy_zero_init.c.obj (.text:decompress:ZI)
                  00005e40    0000000e            : memory.c.obj (.text.OUTLINED_FUNCTION_0)
                  00005e4e    00000002     --HOLE-- [fill = 0]
                  00005e50    0000000e     libclang_rt.builtins.a : aeabi_memset.S.obj (.text.__aeabi_memset)
                  00005e5e    0000000e     libsysbm.a : hostrename.c.obj (.text.strcpy)
                  00005e6c    0000000e     libc.a : _printfi.c.obj (.text.strlen)
                  00005e7a    0000000e     libsysbm.a : hostrename.c.obj (.text.strlen)
                  00005e88    0000000c     turn_detection.o (.text.TurnDetection_IsTurnReady)
                  00005e94    0000000c     libclang_rt.builtins.a : aeabi_memset.S.obj (.text.__aeabi_memclr)
                  00005ea0    0000000c     inv_mpu_dmp_motion_driver.o (.text.dmp_register_android_orient_cb)
                  00005eac    0000000c     inv_mpu_dmp_motion_driver.o (.text.dmp_register_tap_cb)
                  00005eb8    0000000c     libc.a : memory.c.obj (.text.malloc)
                  00005ec4    0000000a     driverlib.a : dl_common.o (.text.DL_Common_delayCycles)
                  00005ece    0000000a     libc.a : e_asin.c.obj (.text.OUTLINED_FUNCTION_0)
                  00005ed8    00000010     libclang_rt.builtins.a : muldf3.S.obj (.tramp.__aeabi_dmul.1)
                  00005ee8    0000000a     libc.a : s_atan.c.obj (.text.OUTLINED_FUNCTION_0)
                  00005ef2    0000000a            : e_asin.c.obj (.text.OUTLINED_FUNCTION_1)
                  00005efc    0000000a            : e_asin.c.obj (.text.OUTLINED_FUNCTION_3)
                  00005f06    00000002     --HOLE-- [fill = 0]
                  00005f08    00000010     libclang_rt.builtins.a : divdf3.S.obj (.tramp.__aeabi_ddiv.1)
                  00005f18    0000000a     libc.a : sprintf.c.obj (.text._outc)
                  00005f22    00000008            : s_atan.c.obj (.text.OUTLINED_FUNCTION_2)
                  00005f2a    00000002     --HOLE-- [fill = 0]
                  00005f2c    00000008     libclang_rt.builtins.a : aeabi_memcpy.S.obj (.text.__aeabi_memcpy)
                  00005f34    00000008     oled_hardware_i2c.o (.text.delay_ms)
                  00005f3c    00000008     libc.a : fseek.c.obj (.text.fseek)
                  00005f44    00000008     libsysbm.a : remove.c.obj (.text.remove)
                  00005f4c    00000006     libc.a : s_atan.c.obj (.text.OUTLINED_FUNCTION_1)
                  00005f52    00000002     --HOLE-- [fill = 0]
                  00005f54    00000010     libclang_rt.builtins.a : adddf3.S.obj (.tramp.__aeabi_dadd.1)
                  00005f64    00000006     libc.a : e_asin.c.obj (.text.OUTLINED_FUNCTION_2)
                  00005f6a    00000006            : exit.c.obj (.text:abort)
                  00005f70    00000004            : e_asin.c.obj (.text.OUTLINED_FUNCTION_4)
                  00005f74    00000004     pid.o (.text.PID_SetTarget)
                  00005f78    00000004     startup_mspm0g350x_ticlang.o (.text.Reset_Handler)
                  00005f7c    00000004     libc.a : pre_init.c.obj (.text._system_pre_init)

.cinit     0    000075f0    000000a0     
                  000075f0    00000078     (.cinit..data.load) [load image, compression = lzss]
                  00007668    0000000c     (__TI_handler_table)
                  00007674    00000008     (.cinit..bss.load) [load image, compression = zero_init]
                  0000767c    00000010     (__TI_cinit_table)
                  0000768c    00000004     --HOLE-- [fill = 0]

.rodata    0    00005f80    00001670     
                  00005f80    00000bf6     inv_mpu_dmp_motion_driver.o (.rodata.dmp_memory)
                  00006b76    000005f0     oled_hardware_i2c.o (.rodata.asc2_1608)
                  00007166    00000228     oled_hardware_i2c.o (.rodata.asc2_0806)
                  0000738e    00000002     ti_msp_dl_config.o (.rodata.gI2C_MPU6050ClockConfig)
                  00007390    00000040     libc.a : s_atan.c.obj (.rodata.cst32)
                  000073d0    00000036     linetracker.o (.rodata.str1.14744177954753930382.1)
                  00007406    00000002     ti_msp_dl_config.o (.rodata.gI2C_OLEDClockConfig)
                  00007408    00000028     ti_msp_dl_config.o (.rodata.gSYSPLLConfig)
                  00007430    00000028     inv_mpu.o (.rodata.test)
                  00007458    0000001e     inv_mpu.o (.rodata.reg)
                  00007476    00000018     inv_mpu.o (.rodata.cst8)
                  0000748e    00000002     libc.a : fputs.c.obj (.rodata.str1.16607721268415185390.1)
                  00007490    00000014     ti_msp_dl_config.o (.rodata.gTIMER_CALCTimerConfig)
                  000074a4    00000014     ti_msp_dl_config.o (.rodata.gTIMER_TRACKERTimerConfig)
                  000074b8    00000012     test.o (.rodata.str1.16833763030739790347.1)
                  000074ca    00000011     libc.a : _printfi.c.obj (.rodata.str1.15363888844622738466.1)
                  000074db    00000011     main.o (.rodata.str1.17100691992556644108.1)
                  000074ec    00000011     test.o (.rodata.str1.7816247292303808047.1)
                  000074fd    0000000e     test.o (.rodata.str1.13195311622662957337.1)
                  0000750b    0000000d     main.o (.rodata.str1.8154729771448623357.1)
                  00007518    0000000c     inv_mpu.o (.rodata.hw)
                  00007524    0000000c     test.o (.rodata.str1.12645631988839392328.1)
                  00007530    0000000c     test.o (.rodata.str1.1335728812356649372.1)
                  0000753c    0000000c     test.o (.rodata.str1.14950463916809379384.1)
                  00007548    0000000c     main.o (.rodata.str1.15159059442110792349.1)
                  00007554    0000000c     test.o (.rodata.str1.9731162403499759298.1)
                  00007560    0000000b     test.o (.rodata.str1.4009026034208557851.1)
                  0000756b    0000000b     test.o (.rodata.str1.5026231590909624794.1)
                  00007576    0000000a     test.o (.rodata.str1.1101760038331724854.1)
                  00007580    0000000a     test.o (.rodata.str1.12662698740407545069.1)
                  0000758a    0000000a     test.o (.rodata.str1.4156556961043119304.1)
                  00007594    00000009     test.o (.rodata.str1.345270174974295811.1)
                  0000759d    00000009     test.o (.rodata.str1.4656267055032104863.1)
                  000075a6    00000009     test.o (.rodata.str1.9161419353102014124.1)
                  000075af    00000001     --HOLE-- [fill = 0]
                  000075b0    00000008     ti_msp_dl_config.o (.rodata.gPWM_MOTORConfig)
                  000075b8    00000008     test.o (.rodata.str1.2354853713941228107.1)
                  000075c0    00000008     test.o (.rodata.str1.8561413997158259161.1)
                  000075c8    00000007     test.o (.rodata.str1.1634639314254254172.1)
                  000075cf    00000007     test.o (.rodata.str1.18411810119755048747.1)
                  000075d6    00000006     test.o (.rodata.str1.17939510878530937229.1)
                  000075dc    00000003     inv_mpu_dmp_motion_driver.o (.rodata..L__const.dmp_set_orientation.accel_axes)
                  000075df    00000003     inv_mpu_dmp_motion_driver.o (.rodata..L__const.dmp_set_orientation.gyro_axes)
                  000075e2    00000003     ti_msp_dl_config.o (.rodata.gPWM_MOTORClockConfig)
                  000075e5    00000003     ti_msp_dl_config.o (.rodata.gTIMER_CALCClockConfig)
                  000075e8    00000003     ti_msp_dl_config.o (.rodata.gTIMER_TRACKERClockConfig)
                  000075eb    00000005     --HOLE-- [fill = 0]

.init_array 
*          0    00000000    00000000     UNINITIALIZED

.binit     0    00000000    00000000     

.sysmem    0    20200000    00000800     UNINITIALIZED
                  20200000    00000010     libc.a : memory.c.obj (.sysmem)
                  20200010    000007f0     --HOLE--

.bss       0    20200800    00000499     UNINITIALIZED
                  20200800    00000120     libsysbm.a : trgmsg.c.obj (.bss:_CIOBUF_)
                  20200920    000000d4     (.common:g_motorControl)
                  202009f4    000000bc     (.common:gPWM_MOTORBackup)
                  20200ab0    000000bc     (.common:gTIMER_CALCBackup)
                  20200b6c    000000a0     libc.a : defs.c.obj (.bss.__TI_tmpnams)
                  20200c0c    00000028     (.common:oled_buffer)
                  20200c34    00000014     (.common:g_turnDetection)
                  20200c48    00000010     (.common:quat)
                  20200c58    0000000e     (.common:g_lineTracker)
                  20200c66    00000008     libsysbm.a : hostopen.c.obj (.bss.parmbuf)
                  20200c6e    00000006     (.common:accel)
                  20200c74    00000006     (.common:gyro)
                  20200c7a    00000002     (.common:sensors)
                  20200c7c    00000004     libc.a : memory.c.obj (.bss.sys_free)
                  20200c80    00000004     (.common:pitch)
                  20200c84    00000004     (.common:roll)
                  20200c88    00000004     (.common:sensor_timestamp)
                  20200c8c    00000004     (.common:start_time)
                  20200c90    00000004     (.common:tick_ms)
                  20200c94    00000004     (.common:yaw)
                  20200c98    00000001     (.common:more)

.data      0    20200c9c    00000231     UNINITIALIZED
                  20200c9c    000000f0     libc.a : defs.c.obj (.data._ftable)
                  20200d8c    00000078     libsysbm.a : host_device.c.obj (.data._device)
                  20200e04    00000050                : host_device.c.obj (.data._stream)
                  20200e54    0000002c     inv_mpu.o (.data.st)
                  20200e80    00000008     libc.a : exit.c.obj (.data..L_MergedGlobals)
                  20200e88    00000008     Encoder.o (.data.encoder_count)
                  20200e90    00000008     Encoder.o (.data.last_count)
                  20200e98    00000008     Encoder.o (.data.motor_speed_pps)
                  20200ea0    00000008     Encoder.o (.data.motor_speed_rps)
                  20200ea8    00000004     libc.a : defs.c.obj (.data.__TI_ft_end)
                  20200eac    00000004            : aeabi_portable.c.obj (.data.__aeabi_errno)
                  20200eb0    00000004            : _lock.c.obj (.data._lock)
                  20200eb4    00000004            : _lock.c.obj (.data._unlock)
                  20200eb8    00000004     inv_mpu_dmp_motion_driver.o (.data.dmp.0)
                  20200ebc    00000004     inv_mpu_dmp_motion_driver.o (.data.dmp.1)
                  20200ec0    00000002     inv_mpu_dmp_motion_driver.o (.data.dmp.2)
                  20200ec2    00000001     inv_mpu_dmp_motion_driver.o (.data.dmp.5)
                  20200ec3    00000001     Motor.o (.data.pwm_running)
                  20200ec4    00000002     inv_mpu_dmp_motion_driver.o (.data.dmp.3)
                  20200ec6    00000002     --HOLE--
                  20200ec8    00000002     inv_mpu_dmp_motion_driver.o (.data.dmp.4)
                  20200eca    00000002     --HOLE--
                  20200ecc    00000001     libc.a : memory.c.obj (.data.memory_is_initialized)

.stack     0    20207e00    00000200     UNINITIALIZED
                  20207e00    00000004     libc.a : boot_cortex_m.c.obj (.stack)
                  20207e04    000001fc     --HOLE--

__llvm_prf_cnts 
*          0    20200000    00000000     UNINITIALIZED

__llvm_prf_bits 
*          0    20200000    00000000     UNINITIALIZED

MODULE SUMMARY

       Module                         code    ro data   rw data
       ------                         ----    -------   -------
    .\
       ti_msp_dl_config.o             932     101       376    
       startup_mspm0g350x_ticlang.o   6       192       0      
       main.o                         108     42        0      
    +--+------------------------------+-------+---------+---------+
       Total:                         1046    335       376    
                                                               
    .\Drivers\LineTracker\
       linetracker.o                  864     54        14     
       turn_detection.o               308     0         20     
    +--+------------------------------+-------+---------+---------+
       Total:                         1172    54        34     
                                                               
    .\Drivers\MPU6050\
       inv_mpu_dmp_motion_driver.o    1812    3068      15     
       inv_mpu.o                      2968    106       44     
       mspm0_i2c.o                    784     0         0      
       mpu6050.o                      716     0         47     
    +--+------------------------------+-------+---------+---------+
       Total:                         6280    3174      106    
                                                               
    .\Drivers\MSPM0\
       clock.o                        132     0         8      
       interrupt.o                    116     0         0      
    +--+------------------------------+-------+---------+---------+
       Total:                         248     0         8      
                                                               
    .\Drivers\Motor_Encoder_PID\
       motor_control.o                868     0         212    
       Motor.o                        884     0         1      
       Encoder.o                      408     0         32     
       pid.o                          306     0         0      
    +--+------------------------------+-------+---------+---------+
       Total:                         2466    0         245    
                                                               
    .\Drivers\OLED_Hardware_I2C\
       oled_hardware_i2c.o            1686    2072      0      
    +--+------------------------------+-------+---------+---------+
       Total:                         1686    2072      0      
                                                               
    .\Test\
       test.o                         884     212       40     
    +--+------------------------------+-------+---------+---------+
       Total:                         884     212       40     
                                                               
    C:/ti/mspm0_sdk_2_05_00_05/source/ti/driverlib/lib/ticlang/m0p/mspm0g1x0x_g3x0x/driverlib.a
       dl_timer.o                     588     0         0      
       dl_sysctl_mspm0g1x0x_g3x0x.o   288     0         0      
       dl_i2c.o                       192     0         0      
       dl_common.o                    10      0         0      
    +--+------------------------------+-------+---------+---------+
       Total:                         1078    0         0      
                                                               
    C:\ti\ccs2020\ccs\tools\compiler\ti-cgt-armllvm_4.0.3.LTS\lib\armv6m-ti-none-eabi/c/libc.a
       e_asin.c.obj                   908     0         0      
       s_atan.c.obj                   784     64        0      
       memory.c.obj                   702     0         5      
       _printfi.c.obj                 658     17        0      
       defs.c.obj                     0       0         404    
       e_atan2.c.obj                  392     0         0      
       e_sqrt.c.obj                   368     0         0      
       fputs.c.obj                    284     2         0      
       setvbuf.c.obj                  224     0         0      
       getdevice.c.obj                160     0         0      
       memcpy16.S.obj                 154     0         0      
       strcmp-armv6m.S.obj            136     0         0      
       copy_decompress_lzss.c.obj     124     0         0      
       fclose.c.obj                   124     0         0      
       fseek.c.obj                    116     0         0      
       _io_perm.c.obj                 100     0         0      
       memset16.S.obj                 98      0         0      
       sprintf.c.obj                  90      0         0      
       fflush.c.obj                   82      0         0      
       exit.c.obj                     58      0         8      
       autoinit.c.obj                 60      0         0      
       fopen.c.obj                    52      0         0      
       boot_cortex_m.c.obj            40      0         0      
       memccpy.c.obj                  34      0         0      
       copy_decompress_none.c.obj     18      0         0      
       copy_zero_init.c.obj           16      0         0      
       aeabi_portable.c.obj           8       0         4      
       _lock.c.obj                    2       0         8      
       pre_init.c.obj                 4       0         0      
    +--+------------------------------+-------+---------+---------+
       Total:                         5796    83        429    
                                                               
    C:\ti\ccs2020\ccs\tools\compiler\ti-cgt-armllvm_4.0.3.LTS\lib\armv6m-ti-none-eabi/c/libsysbm.a
       trgmsg.c.obj                   104     0         288    
       host_device.c.obj              0       0         200    
       hostrename.c.obj               136     0         0      
       hostlseek.c.obj                108     0         0      
       hostopen.c.obj                 96      0         8      
       hostread.c.obj                 88      0         0      
       hostwrite.c.obj                88      0         0      
       close.c.obj                    80      0         0      
       hostclose.c.obj                72      0         0      
       hostunlink.c.obj               72      0         0      
       unlink.c.obj                   44      0         0      
       lseek.c.obj                    40      0         0      
       write.c.obj                    40      0         0      
       remove.c.obj                   8       0         0      
       hostexit.c.obj                 4       0         0      
    +--+------------------------------+-------+---------+---------+
       Total:                         980     0         496    
                                                               
    C:\ti\ccs2020\ccs\tools\compiler\ti-cgt-armllvm_4.0.3.LTS\lib\armv6m-ti-none-eabi/libclang_rt.builtins.a
       adddf3.S.obj                   418     0         0      
       divdf3.S.obj                   284     0         0      
       muldf3.S.obj                   244     0         0      
       comparedf2.c.obj               220     0         0      
       addsf3.S.obj                   216     0         0      
       mulsf3.S.obj                   140     0         0      
       divsf3.S.obj                   130     0         0      
       comparesf2.S.obj               118     0         0      
       truncdfsf2.S.obj               116     0         0      
       aeabi_dcmp.S.obj               98      0         0      
       aeabi_fcmp.S.obj               98      0         0      
       aeabi_idivmod.S.obj            86      0         0      
       aeabi_uidivmod.S.obj           64      0         0      
       extendsfdf2.S.obj              64      0         0      
       floatsisf.S.obj                60      0         0      
       muldsi3.S.obj                  58      0         0      
       fixsfsi.S.obj                  56      0         0      
       fixunssfsi.S.obj               50      0         0      
       floatunsisf.S.obj              40      0         0      
       aeabi_memset.S.obj             26      0         0      
       aeabi_memcpy.S.obj             8       0         0      
       aeabi_div0.c.obj               2       0         0      
    +--+------------------------------+-------+---------+---------+
       Total:                         2596    0         0      
                                                               
       Heap:                          0       0         2048   
       Stack:                         0       0         512    
       Linker Generated:              0       156       0      
    +--+------------------------------+-------+---------+---------+
       Grand Total:                   24232   6086      4294   


LINKER GENERATED COPY TABLES

__TI_cinit_table @ 0000767c records: 2, size/record: 8, table size: 16
	.data: load addr=000075f0, load size=00000078 bytes, run addr=20200c9c, run size=00000231 bytes, compression=lzss
	.bss: load addr=00007674, load size=00000008 bytes, run addr=20200800, run size=00000499 bytes, compression=zero_init


LINKER GENERATED HANDLER TABLE

__TI_handler_table @ 00007668 records: 3, size/record: 4, table size: 12
	index: 0, handler: __TI_decompress_lzss
	index: 1, handler: __TI_decompress_none
	index: 2, handler: __TI_zero_init


FAR CALL TRAMPOLINES

callee name               trampoline name
   callee addr  tramp addr   call addr  call info
--------------  -----------  ---------  ----------------
__aeabi_dmul              $Tramp$TT$L$PI$$__aeabi_dmul
   00003621     00005ed8     00005ed6   libc.a : e_asin.c.obj (.text.OUTLINED_FUNCTION_0)
                             00005ef0          : s_atan.c.obj (.text.OUTLINED_FUNCTION_0)
                             00005efa          : e_asin.c.obj (.text.OUTLINED_FUNCTION_1)
                             00005f28          : s_atan.c.obj (.text.OUTLINED_FUNCTION_2)
                             00005f68          : e_asin.c.obj (.text.OUTLINED_FUNCTION_2)
__aeabi_ddiv              $Tramp$TT$L$PI$$__aeabi_ddiv
   00002c85     00005f08     00005f04   libc.a : e_asin.c.obj (.text.OUTLINED_FUNCTION_3)
__aeabi_dadd              $Tramp$TT$L$PI$$__aeabi_dadd
   00001c9f     00005f54     00005f50   libc.a : s_atan.c.obj (.text.OUTLINED_FUNCTION_1)
                             00005f72          : e_asin.c.obj (.text.OUTLINED_FUNCTION_4)

[3 trampolines]
[8 trampoline calls]


GLOBAL SYMBOLS: SORTED ALPHABETICALLY BY Name 

address   name                                 
-------   ----                                 
00001e27  ADC0_IRQHandler                      
00001e27  ADC1_IRQHandler                      
00001e27  AES_IRQHandler                       
000045ec  C$$EXIT                              
000059ad  C$$IO$$                              
00001e27  CANFD0_IRQHandler                    
00001e27  DAC0_IRQHandler                      
00005ec5  DL_Common_delayCycles                
00005131  DL_I2C_fillControllerTXFIFO          
0000562d  DL_I2C_flushControllerTXFIFO         
00005bd9  DL_I2C_setClockConfig                
000038c9  DL_SYSCTL_configSYSPLL               
00005569  DL_SYSCTL_switchMCLKfromSYSOSCtoHSCLK
00002d91  DL_Timer_initFourCCPWMMode           
00003451  DL_Timer_initTimerMode               
00005cad  DL_Timer_setCaptCompUpdateMethod     
00005d55  DL_Timer_setCaptureCompareOutCtl     
00005e01  DL_Timer_setCaptureCompareValue      
00005cc9  DL_Timer_setClockConfig              
00001e27  DMA_IRQHandler                       
00001e27  Default_Handler                      
00005db5  Encoder_GetSpeed_PPS                 
00003ead  Encoder_IRQHandler                   
00005191  Encoder_Init                         
00005011  Encoder_Timer_IRQHandler             
00001e27  GROUP0_IRQHandler                    
00005795  GROUP1_IRQHandler                    
000054d9  HOSTclose                            
000045ed  HOSTexit                             
00004ac9  HOSTlseek                            
00005071  HOSTopen                             
000051ed  HOSTread                             
00004b35  HOSTrename                           
00005521  HOSTunlink                           
00005245  HOSTwrite                            
00001e27  HardFault_Handler                    
00001e27  I2C0_IRQHandler                      
00001e27  I2C1_IRQHandler                      
00003f75  LineTracker_GetLineState             
00005c01  LineTracker_Init                     
00001e29  LineTracker_ReadSensors              
00003279  LineTracker_ReadSensors_Interrupt    
0000403d  MPU6050_Init                         
000040f5  MotorControl_Init                    
000058e5  MotorControl_SetBaseSpeed            
000057cd  MotorControl_SetMode                 
00005e11  MotorControl_SetSpeedTarget          
000014c5  MotorControl_Update                  
00004679  Motor_Init                           
00001285  Motor_Set_Pwm                        
000041a9  Motor_Stop                           
00001e27  NMI_Handler                          
00002695  OLED_Clear                           
00000a91  OLED_Init                            
000039a5  OLED_ShowChar                        
00004879  OLED_ShowString                      
000027d9  OLED_WR_Byte                         
00002e95  PID_Calculate                        
00005ce5  PID_Init                             
00005ddd  PID_Reset                            
00005f75  PID_SetTarget                        
00001e27  PendSV_Handler                       
00001e27  RTC_IRQHandler                       
000016f9  Read_Quad                            
00005f79  Reset_Handler                        
00001e27  SPI0_IRQHandler                      
00001e27  SPI1_IRQHandler                      
00001e27  SVC_Handler                          
00003de1  SYSCFG_DL_GPIO_init                  
000052f5  SYSCFG_DL_I2C_MPU6050_init           
00005349  SYSCFG_DL_I2C_OLED_init              
00004445  SYSCFG_DL_PWM_MOTOR_init             
00004a59  SYSCFG_DL_SYSCTL_init                
00005441  SYSCFG_DL_TIMER_CALC_init            
0000548d  SYSCFG_DL_TIMER_TRACKER_init         
00005805  SYSCFG_DL_init                       
000050d1  SYSCFG_DL_initPower                  
00005e21  SysTick_Handler                      
0000583d  SysTick_Init                         
00001e27  TIMA0_IRQHandler                     
00005d6d  TIMA1_IRQHandler                     
00001e27  TIMG0_IRQHandler                     
00001e27  TIMG12_IRQHandler                    
00001e27  TIMG6_IRQHandler                     
00001e27  TIMG7_IRQHandler                     
00005dc9  TIMG8_IRQHandler                     
000000c1  Test_Square_Movement_Hybrid          
00005ab9  TurnDetection_Init                   
00005e89  TurnDetection_IsTurnReady            
00005c6d  TurnDetection_Reset                  
00003a81  TurnDetection_Update                 
00001e27  UART0_IRQHandler                     
00001e27  UART1_IRQHandler                     
00001e27  UART2_IRQHandler                     
00001e27  UART3_IRQHandler                     
20200800  _CIOBUF_                             
20200800  __CIOBUF_                            
20208000  __STACK_END                          
00000200  __STACK_SIZE                         
00000800  __SYSMEM_SIZE                        
00000000  __TI_ATRegion0_region_sz             
00000000  __TI_ATRegion0_src_addr              
00000000  __TI_ATRegion0_trg_addr              
00000000  __TI_ATRegion1_region_sz             
00000000  __TI_ATRegion1_src_addr              
00000000  __TI_ATRegion1_trg_addr              
00000000  __TI_ATRegion2_region_sz             
00000000  __TI_ATRegion2_src_addr              
00000000  __TI_ATRegion2_trg_addr              
0000767c  __TI_CINIT_Base                      
0000768c  __TI_CINIT_Limit                     
0000768c  __TI_CINIT_Warm                      
00007668  __TI_Handler_Table_Base              
00007674  __TI_Handler_Table_Limit             
000056e1  __TI_auto_init_nobinit_nopinit       
00005919  __TI_cleanup                         
20200e80  __TI_cleanup_ptr                     
00004781  __TI_closefile                       
000047fd  __TI_decompress_lzss                 
00005def  __TI_decompress_none                 
0000539d  __TI_doflush                         
20200e84  __TI_dtors_ptr                       
20200ea8  __TI_ft_end                          
ffffffff  __TI_pprof_out_hndl                  
00001001  __TI_printfi_minimal                 
ffffffff  __TI_prof_data_size                  
ffffffff  __TI_prof_data_start                 
0000594d  __TI_readmsg                         
00000000  __TI_static_base__                   
20200b6c  __TI_tmpnams                         
00005981  __TI_writemsg                        
00004e21  __TI_wrt_ok                          
00005e31  __TI_zero_init                       
00001c9f  __adddf3                             
00003c43  __addsf3                             
00004971  __aeabi_d2f                          
00001c9f  __aeabi_dadd                         
00004ee9  __aeabi_dcmpeq                       
00004f25  __aeabi_dcmpge                       
00004f39  __aeabi_dcmpgt                       
00004f11  __aeabi_dcmple                       
00004efd  __aeabi_dcmplt                       
00002c85  __aeabi_ddiv                         
00003621  __aeabi_dmul                         
00001c95  __aeabi_dsub                         
20200eac  __aeabi_errno                        
00004969  __aeabi_errno_addr                   
000055ed  __aeabi_f2d                          
00005875  __aeabi_f2iz                         
00005a85  __aeabi_f2uiz                        
00003c43  __aeabi_fadd                         
00004f4d  __aeabi_fcmpeq                       
00004f89  __aeabi_fcmpge                       
00004f9d  __aeabi_fcmpgt                       
00004f75  __aeabi_fcmple                       
00004f61  __aeabi_fcmplt                       
000046fd  __aeabi_fdiv                         
000044d5  __aeabi_fmul                         
00003c39  __aeabi_fsub                         
00005669  __aeabi_i2f                          
0000529d  __aeabi_idiv                         
00004443  __aeabi_idiv0                        
0000529d  __aeabi_idivmod                      
00005e95  __aeabi_memclr                       
00005e95  __aeabi_memclr4                      
00005e95  __aeabi_memclr8                      
00005f2d  __aeabi_memcpy                       
00005f2d  __aeabi_memcpy4                      
00005f2d  __aeabi_memcpy8                      
00005e51  __aeabi_memset                       
00005e51  __aeabi_memset4                      
00005e51  __aeabi_memset8                      
00005b11  __aeabi_ui2f                         
000055ad  __aeabi_uidiv                        
000055ad  __aeabi_uidivmod                     
ffffffff  __binit__                            
00004d51  __cmpdf2                             
0000571d  __cmpsf2                             
00002c85  __divdf3                             
000046fd  __divsf3                             
00004d51  __eqdf2                              
0000571d  __eqsf2                              
000055ed  __extendsfdf2                        
00005875  __fixsfsi                            
00005a85  __fixunssfsi                         
00005669  __floatsisf                          
00005b11  __floatunsisf                        
000048f5  __gedf2                              
000056a5  __gesf2                              
000048f5  __gtdf2                              
000056a5  __gtsf2                              
00004d51  __ledf2                              
0000571d  __lesf2                              
00004d51  __ltdf2                              
0000571d  __ltsf2                              
UNDEFED   __mpu_init                           
00003621  __muldf3                             
00005759  __muldsi3                            
000044d5  __mulsf3                             
00004d51  __nedf2                              
0000571d  __nesf2                              
20207e00  __stack                              
20200000  __start___llvm_prf_bits              
20200000  __start___llvm_prf_cnts              
20200000  __stop___llvm_prf_bits               
20200000  __stop___llvm_prf_cnts               
00001c95  __subdf3                             
00003c39  __subsf3                             
00004971  __truncdfsf2                         
00005bb1  _c_int00_noargs                      
20200d8c  _device                              
20200c9c  _ftable                              
20200eb0  _lock                                
0000477f  _nop                                 
20200e04  _stream                              
20200000  _sys_memory                          
UNDEFED   _system_post_cinit                   
00005f7d  _system_pre_init                     
20200eb4  _unlock                              
00005f6b  abort                                
20200c6e  accel                                
00002b71  aligned_alloc                        
00007166  asc2_0806                            
00006b76  asc2_1608                            
00000435  asin                                 
00000435  asinl                                
00000799  atan                                 
00001fb1  atan2                                
00001fb1  atan2l                               
00000799  atanl                                
ffffffff  binit                                
000053f1  close                                
00005f35  delay_ms                             
00000d51  dmp_enable_feature                   
00005d01  dmp_load_motion_driver_firmware      
00001aed  dmp_read_fifo                        
00005ea1  dmp_register_android_orient_cb       
00005ead  dmp_register_tap_cb                  
00004db9  dmp_set_fifo_rate                    
00003365  dmp_set_orientation                  
0000290d  dmp_set_tap_thresh                   
000059b5  exit                                 
000059e9  finddevice                           
00002f95  fputs                                
00003539  free                                 
00005f3d  fseek                                
00004ba1  fseeko                               
202009f4  gPWM_MOTORBackup                     
20200ab0  gTIMER_CALCBackup                    
20200c58  g_lineTracker                        
20200920  g_motorControl                       
20200c34  g_turnDetection                      
00004c0d  getdevice                            
20200c74  gyro                                 
00007518  hw                                   
00000000  interruptVectors                     
00005b61  lseek                                
00004c79  main                                 
00005eb9  malloc                               
00002b71  memalign                             
00005c49  memccpy                              
000043a9  memcpy                               
00004faf  memset                               
20200c98  more                                 
00004561  mpu6050_i2c_sda_unlock               
00004259  mpu_configure_fifo                   
00005a1d  mpu_get_accel_fsr                    
00005c8d  mpu_get_gyro_fsr                     
00005d39  mpu_get_sample_rate                  
00003185  mpu_init                             
0000254d  mpu_load_firmware                    
00001909  mpu_lp_accel_mode                    
00004305  mpu_read_fifo_stream                 
000023fd  mpu_reset_fifo                       
0000308d  mpu_set_bypass                       
00003d11  mpu_set_dmp_state                    
000049e5  mpu_set_lpf                          
00003705  mpu_set_sample_rate                  
00003b5d  mpu_set_sensors                      
00004ce5  mpu_write_mem                        
00005a51  mspm0_delay_ms                       
00005d9d  mspm0_get_clock_ms                   
000022a9  mspm0_i2c_read                       
00002a41  mspm0_i2c_write                      
20200c0c  oled_buffer                          
20200c66  parmbuf                              
20200c80  pitch                                
00005c25  puts                                 
20200c48  quat                                 
00007458  reg                                  
00005f45  remove                               
20200c84  roll                                 
20200c88  sensor_timestamp                     
20200c7a  sensors                              
000037e9  setvbuf                              
000058ad  sprintf                              
00002139  sqrt                                 
00002139  sqrtl                                
20200c8c  start_time                           
000045f1  strcmp                               
00007430  test                                 
20200c90  tick_ms                              
00005ae5  unlink                               
00005b89  write                                
20200c94  yaw                                  


GLOBAL SYMBOLS: SORTED BY Symbol Address 

address   name                                 
-------   ----                                 
00000000  __TI_ATRegion0_region_sz             
00000000  __TI_ATRegion0_src_addr              
00000000  __TI_ATRegion0_trg_addr              
00000000  __TI_ATRegion1_region_sz             
00000000  __TI_ATRegion1_src_addr              
00000000  __TI_ATRegion1_trg_addr              
00000000  __TI_ATRegion2_region_sz             
00000000  __TI_ATRegion2_src_addr              
00000000  __TI_ATRegion2_trg_addr              
00000000  __TI_static_base__                   
00000000  interruptVectors                     
000000c1  Test_Square_Movement_Hybrid          
00000200  __STACK_SIZE                         
00000435  asin                                 
00000435  asinl                                
00000799  atan                                 
00000799  atanl                                
00000800  __SYSMEM_SIZE                        
00000a91  OLED_Init                            
00000d51  dmp_enable_feature                   
00001001  __TI_printfi_minimal                 
00001285  Motor_Set_Pwm                        
000014c5  MotorControl_Update                  
000016f9  Read_Quad                            
00001909  mpu_lp_accel_mode                    
00001aed  dmp_read_fifo                        
00001c95  __aeabi_dsub                         
00001c95  __subdf3                             
00001c9f  __adddf3                             
00001c9f  __aeabi_dadd                         
00001e27  ADC0_IRQHandler                      
00001e27  ADC1_IRQHandler                      
00001e27  AES_IRQHandler                       
00001e27  CANFD0_IRQHandler                    
00001e27  DAC0_IRQHandler                      
00001e27  DMA_IRQHandler                       
00001e27  Default_Handler                      
00001e27  GROUP0_IRQHandler                    
00001e27  HardFault_Handler                    
00001e27  I2C0_IRQHandler                      
00001e27  I2C1_IRQHandler                      
00001e27  NMI_Handler                          
00001e27  PendSV_Handler                       
00001e27  RTC_IRQHandler                       
00001e27  SPI0_IRQHandler                      
00001e27  SPI1_IRQHandler                      
00001e27  SVC_Handler                          
00001e27  TIMA0_IRQHandler                     
00001e27  TIMG0_IRQHandler                     
00001e27  TIMG12_IRQHandler                    
00001e27  TIMG6_IRQHandler                     
00001e27  TIMG7_IRQHandler                     
00001e27  UART0_IRQHandler                     
00001e27  UART1_IRQHandler                     
00001e27  UART2_IRQHandler                     
00001e27  UART3_IRQHandler                     
00001e29  LineTracker_ReadSensors              
00001fb1  atan2                                
00001fb1  atan2l                               
00002139  sqrt                                 
00002139  sqrtl                                
000022a9  mspm0_i2c_read                       
000023fd  mpu_reset_fifo                       
0000254d  mpu_load_firmware                    
00002695  OLED_Clear                           
000027d9  OLED_WR_Byte                         
0000290d  dmp_set_tap_thresh                   
00002a41  mspm0_i2c_write                      
00002b71  aligned_alloc                        
00002b71  memalign                             
00002c85  __aeabi_ddiv                         
00002c85  __divdf3                             
00002d91  DL_Timer_initFourCCPWMMode           
00002e95  PID_Calculate                        
00002f95  fputs                                
0000308d  mpu_set_bypass                       
00003185  mpu_init                             
00003279  LineTracker_ReadSensors_Interrupt    
00003365  dmp_set_orientation                  
00003451  DL_Timer_initTimerMode               
00003539  free                                 
00003621  __aeabi_dmul                         
00003621  __muldf3                             
00003705  mpu_set_sample_rate                  
000037e9  setvbuf                              
000038c9  DL_SYSCTL_configSYSPLL               
000039a5  OLED_ShowChar                        
00003a81  TurnDetection_Update                 
00003b5d  mpu_set_sensors                      
00003c39  __aeabi_fsub                         
00003c39  __subsf3                             
00003c43  __addsf3                             
00003c43  __aeabi_fadd                         
00003d11  mpu_set_dmp_state                    
00003de1  SYSCFG_DL_GPIO_init                  
00003ead  Encoder_IRQHandler                   
00003f75  LineTracker_GetLineState             
0000403d  MPU6050_Init                         
000040f5  MotorControl_Init                    
000041a9  Motor_Stop                           
00004259  mpu_configure_fifo                   
00004305  mpu_read_fifo_stream                 
000043a9  memcpy                               
00004443  __aeabi_idiv0                        
00004445  SYSCFG_DL_PWM_MOTOR_init             
000044d5  __aeabi_fmul                         
000044d5  __mulsf3                             
00004561  mpu6050_i2c_sda_unlock               
000045ec  C$$EXIT                              
000045ed  HOSTexit                             
000045f1  strcmp                               
00004679  Motor_Init                           
000046fd  __aeabi_fdiv                         
000046fd  __divsf3                             
0000477f  _nop                                 
00004781  __TI_closefile                       
000047fd  __TI_decompress_lzss                 
00004879  OLED_ShowString                      
000048f5  __gedf2                              
000048f5  __gtdf2                              
00004969  __aeabi_errno_addr                   
00004971  __aeabi_d2f                          
00004971  __truncdfsf2                         
000049e5  mpu_set_lpf                          
00004a59  SYSCFG_DL_SYSCTL_init                
00004ac9  HOSTlseek                            
00004b35  HOSTrename                           
00004ba1  fseeko                               
00004c0d  getdevice                            
00004c79  main                                 
00004ce5  mpu_write_mem                        
00004d51  __cmpdf2                             
00004d51  __eqdf2                              
00004d51  __ledf2                              
00004d51  __ltdf2                              
00004d51  __nedf2                              
00004db9  dmp_set_fifo_rate                    
00004e21  __TI_wrt_ok                          
00004ee9  __aeabi_dcmpeq                       
00004efd  __aeabi_dcmplt                       
00004f11  __aeabi_dcmple                       
00004f25  __aeabi_dcmpge                       
00004f39  __aeabi_dcmpgt                       
00004f4d  __aeabi_fcmpeq                       
00004f61  __aeabi_fcmplt                       
00004f75  __aeabi_fcmple                       
00004f89  __aeabi_fcmpge                       
00004f9d  __aeabi_fcmpgt                       
00004faf  memset                               
00005011  Encoder_Timer_IRQHandler             
00005071  HOSTopen                             
000050d1  SYSCFG_DL_initPower                  
00005131  DL_I2C_fillControllerTXFIFO          
00005191  Encoder_Init                         
000051ed  HOSTread                             
00005245  HOSTwrite                            
0000529d  __aeabi_idiv                         
0000529d  __aeabi_idivmod                      
000052f5  SYSCFG_DL_I2C_MPU6050_init           
00005349  SYSCFG_DL_I2C_OLED_init              
0000539d  __TI_doflush                         
000053f1  close                                
00005441  SYSCFG_DL_TIMER_CALC_init            
0000548d  SYSCFG_DL_TIMER_TRACKER_init         
000054d9  HOSTclose                            
00005521  HOSTunlink                           
00005569  DL_SYSCTL_switchMCLKfromSYSOSCtoHSCLK
000055ad  __aeabi_uidiv                        
000055ad  __aeabi_uidivmod                     
000055ed  __aeabi_f2d                          
000055ed  __extendsfdf2                        
0000562d  DL_I2C_flushControllerTXFIFO         
00005669  __aeabi_i2f                          
00005669  __floatsisf                          
000056a5  __gesf2                              
000056a5  __gtsf2                              
000056e1  __TI_auto_init_nobinit_nopinit       
0000571d  __cmpsf2                             
0000571d  __eqsf2                              
0000571d  __lesf2                              
0000571d  __ltsf2                              
0000571d  __nesf2                              
00005759  __muldsi3                            
00005795  GROUP1_IRQHandler                    
000057cd  MotorControl_SetMode                 
00005805  SYSCFG_DL_init                       
0000583d  SysTick_Init                         
00005875  __aeabi_f2iz                         
00005875  __fixsfsi                            
000058ad  sprintf                              
000058e5  MotorControl_SetBaseSpeed            
00005919  __TI_cleanup                         
0000594d  __TI_readmsg                         
00005981  __TI_writemsg                        
000059ad  C$$IO$$                              
000059b5  exit                                 
000059e9  finddevice                           
00005a1d  mpu_get_accel_fsr                    
00005a51  mspm0_delay_ms                       
00005a85  __aeabi_f2uiz                        
00005a85  __fixunssfsi                         
00005ab9  TurnDetection_Init                   
00005ae5  unlink                               
00005b11  __aeabi_ui2f                         
00005b11  __floatunsisf                        
00005b61  lseek                                
00005b89  write                                
00005bb1  _c_int00_noargs                      
00005bd9  DL_I2C_setClockConfig                
00005c01  LineTracker_Init                     
00005c25  puts                                 
00005c49  memccpy                              
00005c6d  TurnDetection_Reset                  
00005c8d  mpu_get_gyro_fsr                     
00005cad  DL_Timer_setCaptCompUpdateMethod     
00005cc9  DL_Timer_setClockConfig              
00005ce5  PID_Init                             
00005d01  dmp_load_motion_driver_firmware      
00005d39  mpu_get_sample_rate                  
00005d55  DL_Timer_setCaptureCompareOutCtl     
00005d6d  TIMA1_IRQHandler                     
00005d9d  mspm0_get_clock_ms                   
00005db5  Encoder_GetSpeed_PPS                 
00005dc9  TIMG8_IRQHandler                     
00005ddd  PID_Reset                            
00005def  __TI_decompress_none                 
00005e01  DL_Timer_setCaptureCompareValue      
00005e11  MotorControl_SetSpeedTarget          
00005e21  SysTick_Handler                      
00005e31  __TI_zero_init                       
00005e51  __aeabi_memset                       
00005e51  __aeabi_memset4                      
00005e51  __aeabi_memset8                      
00005e89  TurnDetection_IsTurnReady            
00005e95  __aeabi_memclr                       
00005e95  __aeabi_memclr4                      
00005e95  __aeabi_memclr8                      
00005ea1  dmp_register_android_orient_cb       
00005ead  dmp_register_tap_cb                  
00005eb9  malloc                               
00005ec5  DL_Common_delayCycles                
00005f2d  __aeabi_memcpy                       
00005f2d  __aeabi_memcpy4                      
00005f2d  __aeabi_memcpy8                      
00005f35  delay_ms                             
00005f3d  fseek                                
00005f45  remove                               
00005f6b  abort                                
00005f75  PID_SetTarget                        
00005f79  Reset_Handler                        
00005f7d  _system_pre_init                     
00006b76  asc2_1608                            
00007166  asc2_0806                            
00007430  test                                 
00007458  reg                                  
00007518  hw                                   
00007668  __TI_Handler_Table_Base              
00007674  __TI_Handler_Table_Limit             
0000767c  __TI_CINIT_Base                      
0000768c  __TI_CINIT_Limit                     
0000768c  __TI_CINIT_Warm                      
20200000  __start___llvm_prf_bits              
20200000  __start___llvm_prf_cnts              
20200000  __stop___llvm_prf_bits               
20200000  __stop___llvm_prf_cnts               
20200000  _sys_memory                          
20200800  _CIOBUF_                             
20200800  __CIOBUF_                            
20200920  g_motorControl                       
202009f4  gPWM_MOTORBackup                     
20200ab0  gTIMER_CALCBackup                    
20200b6c  __TI_tmpnams                         
20200c0c  oled_buffer                          
20200c34  g_turnDetection                      
20200c48  quat                                 
20200c58  g_lineTracker                        
20200c66  parmbuf                              
20200c6e  accel                                
20200c74  gyro                                 
20200c7a  sensors                              
20200c80  pitch                                
20200c84  roll                                 
20200c88  sensor_timestamp                     
20200c8c  start_time                           
20200c90  tick_ms                              
20200c94  yaw                                  
20200c98  more                                 
20200c9c  _ftable                              
20200d8c  _device                              
20200e04  _stream                              
20200e80  __TI_cleanup_ptr                     
20200e84  __TI_dtors_ptr                       
20200ea8  __TI_ft_end                          
20200eac  __aeabi_errno                        
20200eb0  _lock                                
20200eb4  _unlock                              
20207e00  __stack                              
20208000  __STACK_END                          
ffffffff  __TI_pprof_out_hndl                  
ffffffff  __TI_prof_data_size                  
ffffffff  __TI_prof_data_start                 
ffffffff  __binit__                            
ffffffff  binit                                
UNDEFED   __mpu_init                           
UNDEFED   _system_post_cinit                   

[305 symbols]
