******************************************************************************
            TI ARM Clang Linker PC v4.0.3                      
******************************************************************************
>> Linked Thu Jul 31 16:29:07 2025

OUTPUT FILE NAME:   <mspm0-modules-car.out>
ENTRY POINT SYMBOL: "_c_int00_noargs"  address: 00005b31


MEMORY CONFIGURATION

         name            origin    length      used     unused   attr    fill
----------------------  --------  ---------  --------  --------  ----  --------
  FLASH                 00000000   00020000  000075f0  00018a10  R  X
  SRAM                  20200000   00008000  000010ca  00006f36  RW X
  BCR_CONFIG            41c00000   000000ff  00000000  000000ff  R   
  BSL_CONFIG            41c00100   00000080  00000000  00000080  R   


SEGMENT ALLOCATION MAP

run origin  load origin   length   init length attrs members
----------  ----------- ---------- ----------- ----- -------
00000000    00000000    000075f0   000075f0    r-x
  00000000    00000000    000000c0   000000c0    r-- .intvecs
  000000c0    000000c0    00005e40   00005e40    r-x .text
  00005f00    00005f00    00001658   00001658    r-- .rodata
  00007558    00007558    00000098   00000098    r-- .cinit
20200000    20200000    00000ecd   00000000    rw-
  20200000    20200000    00000800   00000000    rw- .sysmem
  20200800    20200800    00000499   00000000    rw- .bss
  20200c9c    20200c9c    00000231   00000000    rw- .data
20207e00    20207e00    00000200   00000000    rw-
  20207e00    20207e00    00000200   00000000    rw- .stack


SECTION ALLOCATION MAP

 output                                  attributes/
section   page    origin      length       input sections
--------  ----  ----------  ----------   ----------------
.intvecs   0    00000000    000000c0     
                  00000000    000000c0     startup_mspm0g350x_ticlang.o (.intvecs)

.text      0    000000c0    00005e40     
                  000000c0    00000364     libc.a : e_asin.c.obj (.text.asin)
                  00000424    0000030c     test.o (.text.Test_Square_Movement_Hybrid)
                  00000730    000002f8     libc.a : s_atan.c.obj (.text.atan)
                  00000a28    000002c0     oled_hardware_i2c.o (.text.OLED_Init)
                  00000ce8    000002b0     inv_mpu_dmp_motion_driver.o (.text.dmp_enable_feature)
                  00000f98    00000284     libc.a : _printfi.c.obj (.text:__TI_printfi_minimal)
                  0000121c    00000240     Motor.o (.text.Motor_Set_Pwm)
                  0000145c    00000220     motor_control.o (.text.MotorControl_Update)
                  0000167c    00000210     mpu6050.o (.text.Read_Quad)
                  0000188c    000001e4     inv_mpu.o (.text.mpu_lp_accel_mode)
                  00001a70    000001a8     inv_mpu_dmp_motion_driver.o (.text.dmp_read_fifo)
                  00001c18    00000192     libclang_rt.builtins.a : adddf3.S.obj (.text.adddf3_subdf3)
                  00001daa    00000002     startup_mspm0g350x_ticlang.o (.text.Default_Handler)
                  00001dac    00000188     linetracker.o (.text.LineTracker_ReadSensors)
                  00001f34    00000188     libc.a : e_atan2.c.obj (.text.atan2)
                  000020bc    00000170            : e_sqrt.c.obj (.text.sqrt)
                  0000222c    00000154     mspm0_i2c.o (.text.mspm0_i2c_read)
                  00002380    00000150     inv_mpu.o (.text.mpu_reset_fifo)
                  000024d0    00000148     inv_mpu.o (.text.mpu_load_firmware)
                  00002618    00000144     oled_hardware_i2c.o (.text.OLED_Clear)
                  0000275c    00000134     oled_hardware_i2c.o (.text.OLED_WR_Byte)
                  00002890    00000134     inv_mpu_dmp_motion_driver.o (.text.dmp_set_tap_thresh)
                  000029c4    00000130     mspm0_i2c.o (.text.mspm0_i2c_write)
                  00002af4    00000114     libc.a : memory.c.obj (.text.aligned_alloc)
                  00002c08    0000010c     libclang_rt.builtins.a : divdf3.S.obj (.text.__divdf3)
                  00002d14    00000104     driverlib.a : dl_timer.o (.text.DL_Timer_initFourCCPWMMode)
                  00002e18    00000100     pid.o (.text.PID_Calculate)
                  00002f18    000000f8     libc.a : fputs.c.obj (.text.fputs)
                  00003010    000000f8     inv_mpu.o (.text.mpu_set_bypass)
                  00003108    000000f4     inv_mpu.o (.text.mpu_init)
                  000031fc    000000ec     linetracker.o (.text.LineTracker_ReadSensors_Interrupt)
                  000032e8    000000ec     inv_mpu_dmp_motion_driver.o (.text.dmp_set_orientation)
                  000033d4    000000e8     driverlib.a : dl_timer.o (.text.DL_Timer_initTimerMode)
                  000034bc    000000e8     libc.a : memory.c.obj (.text.free)
                  000035a4    000000e4     libclang_rt.builtins.a : muldf3.S.obj (.text.__muldf3)
                  00003688    000000e4     inv_mpu.o (.text.mpu_set_sample_rate)
                  0000376c    000000e0     libc.a : setvbuf.c.obj (.text.setvbuf)
                  0000384c    000000dc     driverlib.a : dl_sysctl_mspm0g1x0x_g3x0x.o (.text.DL_SYSCTL_configSYSPLL)
                  00003928    000000dc     oled_hardware_i2c.o (.text.OLED_ShowChar)
                  00003a04    000000dc     inv_mpu.o (.text.mpu_set_sensors)
                  00003ae0    000000d8     libclang_rt.builtins.a : addsf3.S.obj (.text)
                  00003bb8    000000d0     turn_detection.o (.text.TurnDetection_Update)
                  00003c88    000000d0     inv_mpu.o (.text.mpu_set_dmp_state)
                  00003d58    000000cc     ti_msp_dl_config.o (.text.SYSCFG_DL_GPIO_init)
                  00003e24    000000c8     Encoder.o (.text.Encoder_IRQHandler)
                  00003eec    000000c8     linetracker.o (.text.LineTracker_GetLineState)
                  00003fb4    000000b8     mpu6050.o (.text.MPU6050_Init)
                  0000406c    000000b4     motor_control.o (.text.MotorControl_Init)
                  00004120    000000b0     Motor.o (.text.Motor_Stop)
                  000041d0    000000ac     inv_mpu.o (.text.mpu_configure_fifo)
                  0000427c    000000a4     inv_mpu.o (.text.mpu_read_fifo_stream)
                  00004320    0000009a     libc.a : memcpy16.S.obj (.text:memcpy)
                  000043ba    00000002     libclang_rt.builtins.a : aeabi_div0.c.obj (.text.__aeabi_idiv0)
                  000043bc    00000090     ti_msp_dl_config.o (.text.SYSCFG_DL_PWM_MOTOR_init)
                  0000444c    0000008c     libclang_rt.builtins.a : mulsf3.S.obj (.text.__mulsf3)
                  000044d8    0000008c     mspm0_i2c.o (.text.mpu6050_i2c_sda_unlock)
                  00004564    0000000c     turn_detection.o (.text.TurnDetection_IsTurnReady)
                  00004570    00000088     libc.a : strcmp-armv6m.S.obj (.text:strcmp)
                  000045f8    00000084     Motor.o (.text.Motor_Init)
                  0000467c    00000082     libclang_rt.builtins.a : divsf3.S.obj (.text.__divsf3)
                  000046fe    00000002     libc.a : _lock.c.obj (.text._nop)
                  00004700    0000007c            : fclose.c.obj (.text.__TI_closefile)
                  0000477c    0000007c            : copy_decompress_lzss.c.obj (.text:decompress:lzss)
                  000047f8    0000007a     oled_hardware_i2c.o (.text.OLED_ShowString)
                  00004872    00000002     mpu6050.o (.text.android_orient_cb)
                  00004874    00000074     libclang_rt.builtins.a : comparedf2.c.obj (.text.__gedf2)
                  000048e8    00000008     libc.a : aeabi_portable.c.obj (.text.__aeabi_errno_addr)
                  000048f0    00000074     libclang_rt.builtins.a : truncdfsf2.S.obj (.text.__truncdfsf2)
                  00004964    00000074     inv_mpu.o (.text.mpu_set_lpf)
                  000049d8    00000070     ti_msp_dl_config.o (.text.SYSCFG_DL_SYSCTL_init)
                  00004a48    0000006c     libsysbm.a : hostlseek.c.obj (.text.HOSTlseek)
                  00004ab4    0000006c                : hostrename.c.obj (.text.HOSTrename)
                  00004b20    0000006c     libc.a : fseek.c.obj (.text.fseeko)
                  00004b8c    0000006c            : getdevice.c.obj (.text.getdevice)
                  00004bf8    0000006c     main.o (.text.main)
                  00004c64    0000006c     inv_mpu.o (.text.mpu_write_mem)
                  00004cd0    00000068     libclang_rt.builtins.a : comparedf2.c.obj (.text.__ledf2)
                  00004d38    00000068     inv_mpu_dmp_motion_driver.o (.text.dmp_set_fifo_rate)
                  00004da0    00000064     libc.a : _io_perm.c.obj (.text.__TI_wrt_ok)
                  00004e04    00000064            : memory.c.obj (.text.split)
                  00004e68    00000062     libclang_rt.builtins.a : aeabi_dcmp.S.obj (.text.__aeabi_dcmp)
                  00004eca    00000002     mpu6050.o (.text.tap_cb)
                  00004ecc    00000062     libclang_rt.builtins.a : aeabi_fcmp.S.obj (.text.__aeabi_fcmp)
                  00004f2e    00000062     libc.a : memset16.S.obj (.text:memset)
                  00004f90    00000060     Encoder.o (.text.Encoder_Timer_IRQHandler)
                  00004ff0    00000060     libsysbm.a : hostopen.c.obj (.text.HOSTopen)
                  00005050    00000060     ti_msp_dl_config.o (.text.SYSCFG_DL_initPower)
                  000050b0    0000005e     driverlib.a : dl_i2c.o (.text.DL_I2C_fillControllerTXFIFO)
                  0000510e    00000002     --HOLE-- [fill = 0]
                  00005110    0000005c     Encoder.o (.text.Encoder_Init)
                  0000516c    00000058     libsysbm.a : hostread.c.obj (.text.HOSTread)
                  000051c4    00000058                : hostwrite.c.obj (.text.HOSTwrite)
                  0000521c    00000056     libclang_rt.builtins.a : aeabi_idivmod.S.obj (.text.__aeabi_idivmod)
                  00005272    00000002     --HOLE-- [fill = 0]
                  00005274    00000054     ti_msp_dl_config.o (.text.SYSCFG_DL_I2C_MPU6050_init)
                  000052c8    00000054     ti_msp_dl_config.o (.text.SYSCFG_DL_I2C_OLED_init)
                  0000531c    00000052     libc.a : fflush.c.obj (.text.__TI_doflush)
                  0000536e    00000002     --HOLE-- [fill = 0]
                  00005370    00000050     libsysbm.a : close.c.obj (.text.close)
                  000053c0    0000004c     ti_msp_dl_config.o (.text.SYSCFG_DL_TIMER_CALC_init)
                  0000540c    0000004c     ti_msp_dl_config.o (.text.SYSCFG_DL_TIMER_TRACKER_init)
                  00005458    00000048     libsysbm.a : hostclose.c.obj (.text.HOSTclose)
                  000054a0    00000048                : hostunlink.c.obj (.text.HOSTunlink)
                  000054e8    00000044     driverlib.a : dl_sysctl_mspm0g1x0x_g3x0x.o (.text.DL_SYSCTL_switchMCLKfromSYSOSCtoHSCLK)
                  0000552c    00000040     libclang_rt.builtins.a : aeabi_uidivmod.S.obj (.text.__aeabi_uidivmod)
                  0000556c    00000040                            : extendsfdf2.S.obj (.text.__extendsfdf2)
                  000055ac    0000003c     driverlib.a : dl_i2c.o (.text.DL_I2C_flushControllerTXFIFO)
                  000055e8    0000003c     libclang_rt.builtins.a : floatsisf.S.obj (.text.__floatsisf)
                  00005624    0000003c                            : comparesf2.S.obj (.text.__gtsf2)
                  00005660    0000003c     libc.a : autoinit.c.obj (.text:__TI_auto_init_nobinit_nopinit)
                  0000569c    0000003a     libclang_rt.builtins.a : comparesf2.S.obj (.text.__eqsf2)
                  000056d6    00000002     --HOLE-- [fill = 0]
                  000056d8    0000003a                            : muldsi3.S.obj (.text.__muldsi3)
                  00005712    00000002     --HOLE-- [fill = 0]
                  00005714    00000038     interrupt.o (.text.GROUP1_IRQHandler)
                  0000574c    00000038     motor_control.o (.text.MotorControl_SetMode)
                  00005784    00000038     ti_msp_dl_config.o (.text.SYSCFG_DL_init)
                  000057bc    00000038     clock.o (.text.SysTick_Init)
                  000057f4    00000038     libclang_rt.builtins.a : fixsfsi.S.obj (.text.__fixsfsi)
                  0000582c    00000038     libc.a : sprintf.c.obj (.text.sprintf)
                  00005864    00000034     motor_control.o (.text.MotorControl_SetBaseSpeed)
                  00005898    00000034     libc.a : fopen.c.obj (.text.__TI_cleanup)
                  000058cc    00000034     libsysbm.a : trgmsg.c.obj (.text.__TI_readmsg)
                  00005900    00000034                : trgmsg.c.obj (.text.__TI_writemsg)
                  00005934    00000034     libc.a : exit.c.obj (.text.exit)
                  00005968    00000034            : getdevice.c.obj (.text.finddevice)
                  0000599c    00000034     inv_mpu.o (.text.mpu_get_accel_fsr)
                  000059d0    00000034     clock.o (.text.mspm0_delay_ms)
                  00005a04    00000032     libclang_rt.builtins.a : fixunssfsi.S.obj (.text.__fixunssfsi)
                  00005a36    00000002     --HOLE-- [fill = 0]
                  00005a38    0000002c     turn_detection.o (.text.TurnDetection_Init)
                  00005a64    0000002c     libsysbm.a : unlink.c.obj (.text.unlink)
                  00005a90    00000028     libclang_rt.builtins.a : floatunsisf.S.obj (.text.__floatunsisf)
                  00005ab8    00000028     libc.a : memory.c.obj (.text.free_list_insert)
                  00005ae0    00000028     libsysbm.a : lseek.c.obj (.text.lseek)
                  00005b08    00000028                : write.c.obj (.text.write)
                  00005b30    00000028     libc.a : boot_cortex_m.c.obj (.text:_c_int00_noargs)
                  00005b58    00000026     driverlib.a : dl_i2c.o (.text.DL_I2C_setClockConfig)
                  00005b7e    00000002     --HOLE-- [fill = 0]
                  00005b80    00000024     linetracker.o (.text.LineTracker_Init)
                  00005ba4    00000024     libc.a : fputs.c.obj (.text.puts)
                  00005bc8    00000022            : memccpy.c.obj (.text.memccpy)
                  00005bea    00000002     --HOLE-- [fill = 0]
                  00005bec    00000020     turn_detection.o (.text.TurnDetection_Reset)
                  00005c0c    00000020     inv_mpu.o (.text.mpu_get_gyro_fsr)
                  00005c2c    0000001c     driverlib.a : dl_timer.o (.text.DL_Timer_setCaptCompUpdateMethod)
                  00005c48    0000001c                 : dl_timer.o (.text.DL_Timer_setClockConfig)
                  00005c64    0000001c     pid.o (.text.PID_Init)
                  00005c80    0000001c     inv_mpu_dmp_motion_driver.o (.text.dmp_load_motion_driver_firmware)
                  00005c9c    0000001c     libc.a : memory.c.obj (.text.free_list_remove)
                  00005cb8    0000001c     inv_mpu.o (.text.mpu_get_sample_rate)
                  00005cd4    00000018     driverlib.a : dl_timer.o (.text.DL_Timer_setCaptureCompareOutCtl)
                  00005cec    00000018     interrupt.o (.text.TIMA1_IRQHandler)
                  00005d04    00000018     libc.a : sprintf.c.obj (.text._outs)
                  00005d1c    00000018     clock.o (.text.mspm0_get_clock_ms)
                  00005d34    00000014     Encoder.o (.text.Encoder_GetSpeed_PPS)
                  00005d48    00000014     interrupt.o (.text.TIMG8_IRQHandler)
                  00005d5c    00000012     pid.o (.text.PID_Reset)
                  00005d6e    00000012     libc.a : copy_decompress_none.c.obj (.text:decompress:none)
                  00005d80    00000010     driverlib.a : dl_timer.o (.text.DL_Timer_setCaptureCompareValue)
                  00005d90    00000010     motor_control.o (.text.MotorControl_SetSpeedTarget)
                  00005da0    00000010     interrupt.o (.text.SysTick_Handler)
                  00005db0    00000010     libc.a : copy_zero_init.c.obj (.text:decompress:ZI)
                  00005dc0    0000000e            : memory.c.obj (.text.OUTLINED_FUNCTION_0)
                  00005dce    00000002     --HOLE-- [fill = 0]
                  00005dd0    0000000e     libclang_rt.builtins.a : aeabi_memset.S.obj (.text.__aeabi_memset)
                  00005dde    0000000e     libsysbm.a : hostrename.c.obj (.text.strcpy)
                  00005dec    0000000e     libc.a : _printfi.c.obj (.text.strlen)
                  00005dfa    0000000e     libsysbm.a : hostrename.c.obj (.text.strlen)
                  00005e08    0000000c     libclang_rt.builtins.a : aeabi_memset.S.obj (.text.__aeabi_memclr)
                  00005e14    0000000c     inv_mpu_dmp_motion_driver.o (.text.dmp_register_android_orient_cb)
                  00005e20    0000000c     inv_mpu_dmp_motion_driver.o (.text.dmp_register_tap_cb)
                  00005e2c    0000000c     libc.a : memory.c.obj (.text.malloc)
                  00005e38    0000000a     driverlib.a : dl_common.o (.text.DL_Common_delayCycles)
                  00005e42    0000000a     libc.a : e_asin.c.obj (.text.OUTLINED_FUNCTION_0)
                  00005e4c    00000010     libclang_rt.builtins.a : muldf3.S.obj (.tramp.__aeabi_dmul.1)
                  00005e5c    0000000a     libc.a : s_atan.c.obj (.text.OUTLINED_FUNCTION_0)
                  00005e66    0000000a            : e_asin.c.obj (.text.OUTLINED_FUNCTION_1)
                  00005e70    0000000a            : e_asin.c.obj (.text.OUTLINED_FUNCTION_3)
                  00005e7a    00000002     --HOLE-- [fill = 0]
                  00005e7c    00000010     libclang_rt.builtins.a : divdf3.S.obj (.tramp.__aeabi_ddiv.1)
                  00005e8c    0000000a     libc.a : sprintf.c.obj (.text._outc)
                  00005e96    00000008            : s_atan.c.obj (.text.OUTLINED_FUNCTION_2)
                  00005e9e    00000002     --HOLE-- [fill = 0]
                  00005ea0    00000008     libclang_rt.builtins.a : aeabi_memcpy.S.obj (.text.__aeabi_memcpy)
                  00005ea8    00000008     oled_hardware_i2c.o (.text.delay_ms)
                  00005eb0    00000008     libc.a : fseek.c.obj (.text.fseek)
                  00005eb8    00000008     libsysbm.a : remove.c.obj (.text.remove)
                  00005ec0    00000006     libc.a : s_atan.c.obj (.text.OUTLINED_FUNCTION_1)
                  00005ec6    00000002     --HOLE-- [fill = 0]
                  00005ec8    00000010     libclang_rt.builtins.a : adddf3.S.obj (.tramp.__aeabi_dadd.1)
                  00005ed8    00000006     libc.a : e_asin.c.obj (.text.OUTLINED_FUNCTION_2)
                  00005ede    00000006            : exit.c.obj (.text:abort)
                  00005ee4    00000004     libsysbm.a : hostexit.c.obj (.text.HOSTexit)
                  00005ee8    00000004     libc.a : e_asin.c.obj (.text.OUTLINED_FUNCTION_4)
                  00005eec    00000004     pid.o (.text.PID_SetTarget)
                  00005ef0    00000004     startup_mspm0g350x_ticlang.o (.text.Reset_Handler)
                  00005ef4    00000004     libc.a : pre_init.c.obj (.text._system_pre_init)
                  00005ef8    00000008     --HOLE-- [fill = 0]

.cinit     0    00007558    00000098     
                  00007558    00000072     (.cinit..data.load) [load image, compression = lzss]
                  000075ca    00000002     --HOLE-- [fill = 0]
                  000075cc    0000000c     (__TI_handler_table)
                  000075d8    00000008     (.cinit..bss.load) [load image, compression = zero_init]
                  000075e0    00000010     (__TI_cinit_table)

.rodata    0    00005f00    00001658     
                  00005f00    00000bf6     inv_mpu_dmp_motion_driver.o (.rodata.dmp_memory)
                  00006af6    000005f0     oled_hardware_i2c.o (.rodata.asc2_1608)
                  000070e6    00000228     oled_hardware_i2c.o (.rodata.asc2_0806)
                  0000730e    00000002     ti_msp_dl_config.o (.rodata.gI2C_MPU6050ClockConfig)
                  00007310    00000040     libc.a : s_atan.c.obj (.rodata.cst32)
                  00007350    00000036     linetracker.o (.rodata.str1.14744177954753930382.1)
                  00007386    00000002     ti_msp_dl_config.o (.rodata.gI2C_OLEDClockConfig)
                  00007388    00000028     ti_msp_dl_config.o (.rodata.gSYSPLLConfig)
                  000073b0    00000028     inv_mpu.o (.rodata.test)
                  000073d8    0000001e     inv_mpu.o (.rodata.reg)
                  000073f6    00000018     inv_mpu.o (.rodata.cst8)
                  0000740e    00000002     libc.a : fputs.c.obj (.rodata.str1.16607721268415185390.1)
                  00007410    00000014     ti_msp_dl_config.o (.rodata.gTIMER_CALCTimerConfig)
                  00007424    00000014     ti_msp_dl_config.o (.rodata.gTIMER_TRACKERTimerConfig)
                  00007438    00000012     test.o (.rodata.str1.16833763030739790347.1)
                  0000744a    00000011     test.o (.rodata.str1.12645631988839392328.1)
                  0000745b    00000011     libc.a : _printfi.c.obj (.rodata.str1.15363888844622738466.1)
                  0000746c    00000011     main.o (.rodata.str1.17100691992556644108.1)
                  0000747d    0000000e     test.o (.rodata.str1.13195311622662957337.1)
                  0000748b    0000000d     main.o (.rodata.str1.8154729771448623357.1)
                  00007498    0000000c     inv_mpu.o (.rodata.hw)
                  000074a4    0000000c     test.o (.rodata.str1.1335728812356649372.1)
                  000074b0    0000000c     test.o (.rodata.str1.14950463916809379384.1)
                  000074bc    0000000c     main.o (.rodata.str1.15159059442110792349.1)
                  000074c8    0000000c     test.o (.rodata.str1.1634639314254254172.1)
                  000074d4    0000000c     test.o (.rodata.str1.9731162403499759298.1)
                  000074e0    0000000b     test.o (.rodata.str1.1101760038331724854.1)
                  000074eb    0000000b     test.o (.rodata.str1.4009026034208557851.1)
                  000074f6    0000000a     test.o (.rodata.str1.17939510878530937229.1)
                  00007500    0000000a     test.o (.rodata.str1.4156556961043119304.1)
                  0000750a    00000009     test.o (.rodata.str1.4656267055032104863.1)
                  00007513    00000009     test.o (.rodata.str1.5026231590909624794.1)
                  0000751c    00000008     ti_msp_dl_config.o (.rodata.gPWM_MOTORConfig)
                  00007524    00000008     test.o (.rodata.str1.2354853713941228107.1)
                  0000752c    00000008     test.o (.rodata.str1.8561413997158259161.1)
                  00007534    00000007     test.o (.rodata.str1.18411810119755048747.1)
                  0000753b    00000007     test.o (.rodata.str1.9161419353102014124.1)
                  00007542    00000006     test.o (.rodata.str1.12662698740407545069.1)
                  00007548    00000003     inv_mpu_dmp_motion_driver.o (.rodata..L__const.dmp_set_orientation.accel_axes)
                  0000754b    00000003     inv_mpu_dmp_motion_driver.o (.rodata..L__const.dmp_set_orientation.gyro_axes)
                  0000754e    00000003     ti_msp_dl_config.o (.rodata.gPWM_MOTORClockConfig)
                  00007551    00000003     ti_msp_dl_config.o (.rodata.gTIMER_CALCClockConfig)
                  00007554    00000003     ti_msp_dl_config.o (.rodata.gTIMER_TRACKERClockConfig)
                  00007557    00000001     --HOLE-- [fill = 0]

.init_array 
*          0    00000000    00000000     UNINITIALIZED

.binit     0    00000000    00000000     

.sysmem    0    20200000    00000800     UNINITIALIZED
                  20200000    00000010     libc.a : memory.c.obj (.sysmem)
                  20200010    000007f0     --HOLE--

.bss       0    20200800    00000499     UNINITIALIZED
                  20200800    00000120     libsysbm.a : trgmsg.c.obj (.bss:_CIOBUF_)
                  20200920    000000d4     (.common:g_motorControl)
                  202009f4    000000bc     (.common:gPWM_MOTORBackup)
                  20200ab0    000000bc     (.common:gTIMER_CALCBackup)
                  20200b6c    000000a0     libc.a : defs.c.obj (.bss.__TI_tmpnams)
                  20200c0c    00000028     (.common:oled_buffer)
                  20200c34    00000014     (.common:g_turnDetection)
                  20200c48    00000010     (.common:quat)
                  20200c58    0000000e     (.common:g_lineTracker)
                  20200c66    00000008     libsysbm.a : hostopen.c.obj (.bss.parmbuf)
                  20200c6e    00000006     (.common:accel)
                  20200c74    00000006     (.common:gyro)
                  20200c7a    00000002     (.common:sensors)
                  20200c7c    00000004     libc.a : memory.c.obj (.bss.sys_free)
                  20200c80    00000004     (.common:pitch)
                  20200c84    00000004     (.common:roll)
                  20200c88    00000004     (.common:sensor_timestamp)
                  20200c8c    00000004     (.common:start_time)
                  20200c90    00000004     (.common:tick_ms)
                  20200c94    00000004     (.common:yaw)
                  20200c98    00000001     (.common:more)

.data      0    20200c9c    00000231     UNINITIALIZED
                  20200c9c    000000f0     libc.a : defs.c.obj (.data._ftable)
                  20200d8c    00000078     libsysbm.a : host_device.c.obj (.data._device)
                  20200e04    00000050                : host_device.c.obj (.data._stream)
                  20200e54    0000002c     inv_mpu.o (.data.st)
                  20200e80    00000008     libc.a : exit.c.obj (.data..L_MergedGlobals)
                  20200e88    00000008     Encoder.o (.data.encoder_count)
                  20200e90    00000008     Encoder.o (.data.last_count)
                  20200e98    00000008     Encoder.o (.data.motor_speed_pps)
                  20200ea0    00000008     Encoder.o (.data.motor_speed_rps)
                  20200ea8    00000004     libc.a : defs.c.obj (.data.__TI_ft_end)
                  20200eac    00000004            : aeabi_portable.c.obj (.data.__aeabi_errno)
                  20200eb0    00000004            : _lock.c.obj (.data._lock)
                  20200eb4    00000004            : _lock.c.obj (.data._unlock)
                  20200eb8    00000004     inv_mpu_dmp_motion_driver.o (.data.dmp.0)
                  20200ebc    00000004     inv_mpu_dmp_motion_driver.o (.data.dmp.1)
                  20200ec0    00000002     inv_mpu_dmp_motion_driver.o (.data.dmp.2)
                  20200ec2    00000001     inv_mpu_dmp_motion_driver.o (.data.dmp.5)
                  20200ec3    00000001     Motor.o (.data.pwm_running)
                  20200ec4    00000002     inv_mpu_dmp_motion_driver.o (.data.dmp.3)
                  20200ec6    00000002     --HOLE--
                  20200ec8    00000002     inv_mpu_dmp_motion_driver.o (.data.dmp.4)
                  20200eca    00000002     --HOLE--
                  20200ecc    00000001     libc.a : memory.c.obj (.data.memory_is_initialized)

.stack     0    20207e00    00000200     UNINITIALIZED
                  20207e00    00000004     libc.a : boot_cortex_m.c.obj (.stack)
                  20207e04    000001fc     --HOLE--

__llvm_prf_cnts 
*          0    20200000    00000000     UNINITIALIZED

__llvm_prf_bits 
*          0    20200000    00000000     UNINITIALIZED

MODULE SUMMARY

       Module                         code    ro data   rw data
       ------                         ----    -------   -------
    .\
       ti_msp_dl_config.o             932     101       376    
       startup_mspm0g350x_ticlang.o   6       192       0      
       main.o                         108     42        0      
    +--+------------------------------+-------+---------+---------+
       Total:                         1046    335       376    
                                                               
    .\Drivers\LineTracker\
       linetracker.o                  864     54        14     
       turn_detection.o               296     0         20     
    +--+------------------------------+-------+---------+---------+
       Total:                         1160    54        34     
                                                               
    .\Drivers\MPU6050\
       inv_mpu_dmp_motion_driver.o    1812    3068      15     
       inv_mpu.o                      2968    106       44     
       mspm0_i2c.o                    784     0         0      
       mpu6050.o                      716     0         47     
    +--+------------------------------+-------+---------+---------+
       Total:                         6280    3174      106    
                                                               
    .\Drivers\MSPM0\
       clock.o                        132     0         8      
       interrupt.o                    116     0         0      
    +--+------------------------------+-------+---------+---------+
       Total:                         248     0         8      
                                                               
    .\Drivers\Motor_Encoder_PID\
       motor_control.o                848     0         212    
       Motor.o                        884     0         1      
       Encoder.o                      408     0         32     
       pid.o                          306     0         0      
    +--+------------------------------+-------+---------+---------+
       Total:                         2446    0         245    
                                                               
    .\Drivers\OLED_Hardware_I2C\
       oled_hardware_i2c.o            1686    2072      0      
    +--+------------------------------+-------+---------+---------+
       Total:                         1686    2072      0      
                                                               
    .\Test\
       test.o                         780     193       40     
    +--+------------------------------+-------+---------+---------+
       Total:                         780     193       40     
                                                               
    C:/ti/mspm0_sdk_2_05_00_05/source/ti/driverlib/lib/ticlang/m0p/mspm0g1x0x_g3x0x/driverlib.a
       dl_timer.o                     588     0         0      
       dl_sysctl_mspm0g1x0x_g3x0x.o   288     0         0      
       dl_i2c.o                       192     0         0      
       dl_common.o                    10      0         0      
    +--+------------------------------+-------+---------+---------+
       Total:                         1078    0         0      
                                                               
    C:\ti\ccs2020\ccs\tools\compiler\ti-cgt-armllvm_4.0.3.LTS\lib\armv6m-ti-none-eabi/c/libc.a
       e_asin.c.obj                   908     0         0      
       s_atan.c.obj                   784     64        0      
       memory.c.obj                   702     0         5      
       _printfi.c.obj                 658     17        0      
       defs.c.obj                     0       0         404    
       e_atan2.c.obj                  392     0         0      
       e_sqrt.c.obj                   368     0         0      
       fputs.c.obj                    284     2         0      
       setvbuf.c.obj                  224     0         0      
       getdevice.c.obj                160     0         0      
       memcpy16.S.obj                 154     0         0      
       strcmp-armv6m.S.obj            136     0         0      
       copy_decompress_lzss.c.obj     124     0         0      
       fclose.c.obj                   124     0         0      
       fseek.c.obj                    116     0         0      
       _io_perm.c.obj                 100     0         0      
       memset16.S.obj                 98      0         0      
       sprintf.c.obj                  90      0         0      
       fflush.c.obj                   82      0         0      
       exit.c.obj                     58      0         8      
       autoinit.c.obj                 60      0         0      
       fopen.c.obj                    52      0         0      
       boot_cortex_m.c.obj            40      0         0      
       memccpy.c.obj                  34      0         0      
       copy_decompress_none.c.obj     18      0         0      
       copy_zero_init.c.obj           16      0         0      
       aeabi_portable.c.obj           8       0         4      
       _lock.c.obj                    2       0         8      
       pre_init.c.obj                 4       0         0      
    +--+------------------------------+-------+---------+---------+
       Total:                         5796    83        429    
                                                               
    C:\ti\ccs2020\ccs\tools\compiler\ti-cgt-armllvm_4.0.3.LTS\lib\armv6m-ti-none-eabi/c/libsysbm.a
       trgmsg.c.obj                   104     0         288    
       host_device.c.obj              0       0         200    
       hostrename.c.obj               136     0         0      
       hostlseek.c.obj                108     0         0      
       hostopen.c.obj                 96      0         8      
       hostread.c.obj                 88      0         0      
       hostwrite.c.obj                88      0         0      
       close.c.obj                    80      0         0      
       hostclose.c.obj                72      0         0      
       hostunlink.c.obj               72      0         0      
       unlink.c.obj                   44      0         0      
       lseek.c.obj                    40      0         0      
       write.c.obj                    40      0         0      
       remove.c.obj                   8       0         0      
       hostexit.c.obj                 4       0         0      
    +--+------------------------------+-------+---------+---------+
       Total:                         980     0         496    
                                                               
    C:\ti\ccs2020\ccs\tools\compiler\ti-cgt-armllvm_4.0.3.LTS\lib\armv6m-ti-none-eabi/libclang_rt.builtins.a
       adddf3.S.obj                   418     0         0      
       divdf3.S.obj                   284     0         0      
       muldf3.S.obj                   244     0         0      
       comparedf2.c.obj               220     0         0      
       addsf3.S.obj                   216     0         0      
       mulsf3.S.obj                   140     0         0      
       divsf3.S.obj                   130     0         0      
       comparesf2.S.obj               118     0         0      
       truncdfsf2.S.obj               116     0         0      
       aeabi_dcmp.S.obj               98      0         0      
       aeabi_fcmp.S.obj               98      0         0      
       aeabi_idivmod.S.obj            86      0         0      
       aeabi_uidivmod.S.obj           64      0         0      
       extendsfdf2.S.obj              64      0         0      
       floatsisf.S.obj                60      0         0      
       muldsi3.S.obj                  58      0         0      
       fixsfsi.S.obj                  56      0         0      
       fixunssfsi.S.obj               50      0         0      
       floatunsisf.S.obj              40      0         0      
       aeabi_memset.S.obj             26      0         0      
       aeabi_memcpy.S.obj             8       0         0      
       aeabi_div0.c.obj               2       0         0      
    +--+------------------------------+-------+---------+---------+
       Total:                         2596    0         0      
                                                               
       Heap:                          0       0         2048   
       Stack:                         0       0         512    
       Linker Generated:              0       150       0      
    +--+------------------------------+-------+---------+---------+
       Grand Total:                   24096   6061      4294   


LINKER GENERATED COPY TABLES

__TI_cinit_table @ 000075e0 records: 2, size/record: 8, table size: 16
	.data: load addr=00007558, load size=00000072 bytes, run addr=20200c9c, run size=00000231 bytes, compression=lzss
	.bss: load addr=000075d8, load size=00000008 bytes, run addr=20200800, run size=00000499 bytes, compression=zero_init


LINKER GENERATED HANDLER TABLE

__TI_handler_table @ 000075cc records: 3, size/record: 4, table size: 12
	index: 0, handler: __TI_decompress_lzss
	index: 1, handler: __TI_decompress_none
	index: 2, handler: __TI_zero_init


FAR CALL TRAMPOLINES

callee name               trampoline name
   callee addr  tramp addr   call addr  call info
--------------  -----------  ---------  ----------------
__aeabi_dmul              $Tramp$TT$L$PI$$__aeabi_dmul
   000035a5     00005e4c     00005e4a   libc.a : e_asin.c.obj (.text.OUTLINED_FUNCTION_0)
                             00005e64          : s_atan.c.obj (.text.OUTLINED_FUNCTION_0)
                             00005e6e          : e_asin.c.obj (.text.OUTLINED_FUNCTION_1)
                             00005e9c          : s_atan.c.obj (.text.OUTLINED_FUNCTION_2)
                             00005edc          : e_asin.c.obj (.text.OUTLINED_FUNCTION_2)
__aeabi_ddiv              $Tramp$TT$L$PI$$__aeabi_ddiv
   00002c09     00005e7c     00005e78   libc.a : e_asin.c.obj (.text.OUTLINED_FUNCTION_3)
__aeabi_dadd              $Tramp$TT$L$PI$$__aeabi_dadd
   00001c23     00005ec8     00005ec4   libc.a : s_atan.c.obj (.text.OUTLINED_FUNCTION_1)
                             00005eea          : e_asin.c.obj (.text.OUTLINED_FUNCTION_4)

[3 trampolines]
[8 trampoline calls]


GLOBAL SYMBOLS: SORTED ALPHABETICALLY BY Name 

address   name                                 
-------   ----                                 
00001dab  ADC0_IRQHandler                      
00001dab  ADC1_IRQHandler                      
00001dab  AES_IRQHandler                       
00005ee4  C$$EXIT                              
0000592d  C$$IO$$                              
00001dab  CANFD0_IRQHandler                    
00001dab  DAC0_IRQHandler                      
00005e39  DL_Common_delayCycles                
000050b1  DL_I2C_fillControllerTXFIFO          
000055ad  DL_I2C_flushControllerTXFIFO         
00005b59  DL_I2C_setClockConfig                
0000384d  DL_SYSCTL_configSYSPLL               
000054e9  DL_SYSCTL_switchMCLKfromSYSOSCtoHSCLK
00002d15  DL_Timer_initFourCCPWMMode           
000033d5  DL_Timer_initTimerMode               
00005c2d  DL_Timer_setCaptCompUpdateMethod     
00005cd5  DL_Timer_setCaptureCompareOutCtl     
00005d81  DL_Timer_setCaptureCompareValue      
00005c49  DL_Timer_setClockConfig              
00001dab  DMA_IRQHandler                       
00001dab  Default_Handler                      
00005d35  Encoder_GetSpeed_PPS                 
00003e25  Encoder_IRQHandler                   
00005111  Encoder_Init                         
00004f91  Encoder_Timer_IRQHandler             
00001dab  GROUP0_IRQHandler                    
00005715  GROUP1_IRQHandler                    
00005459  HOSTclose                            
00005ee5  HOSTexit                             
00004a49  HOSTlseek                            
00004ff1  HOSTopen                             
0000516d  HOSTread                             
00004ab5  HOSTrename                           
000054a1  HOSTunlink                           
000051c5  HOSTwrite                            
00001dab  HardFault_Handler                    
00001dab  I2C0_IRQHandler                      
00001dab  I2C1_IRQHandler                      
00003eed  LineTracker_GetLineState             
00005b81  LineTracker_Init                     
00001dad  LineTracker_ReadSensors              
000031fd  LineTracker_ReadSensors_Interrupt    
00003fb5  MPU6050_Init                         
0000406d  MotorControl_Init                    
00005865  MotorControl_SetBaseSpeed            
0000574d  MotorControl_SetMode                 
00005d91  MotorControl_SetSpeedTarget          
0000145d  MotorControl_Update                  
000045f9  Motor_Init                           
0000121d  Motor_Set_Pwm                        
00004121  Motor_Stop                           
00001dab  NMI_Handler                          
00002619  OLED_Clear                           
00000a29  OLED_Init                            
00003929  OLED_ShowChar                        
000047f9  OLED_ShowString                      
0000275d  OLED_WR_Byte                         
00002e19  PID_Calculate                        
00005c65  PID_Init                             
00005d5d  PID_Reset                            
00005eed  PID_SetTarget                        
00001dab  PendSV_Handler                       
00001dab  RTC_IRQHandler                       
0000167d  Read_Quad                            
00005ef1  Reset_Handler                        
00001dab  SPI0_IRQHandler                      
00001dab  SPI1_IRQHandler                      
00001dab  SVC_Handler                          
00003d59  SYSCFG_DL_GPIO_init                  
00005275  SYSCFG_DL_I2C_MPU6050_init           
000052c9  SYSCFG_DL_I2C_OLED_init              
000043bd  SYSCFG_DL_PWM_MOTOR_init             
000049d9  SYSCFG_DL_SYSCTL_init                
000053c1  SYSCFG_DL_TIMER_CALC_init            
0000540d  SYSCFG_DL_TIMER_TRACKER_init         
00005785  SYSCFG_DL_init                       
00005051  SYSCFG_DL_initPower                  
00005da1  SysTick_Handler                      
000057bd  SysTick_Init                         
00001dab  TIMA0_IRQHandler                     
00005ced  TIMA1_IRQHandler                     
00001dab  TIMG0_IRQHandler                     
00001dab  TIMG12_IRQHandler                    
00001dab  TIMG6_IRQHandler                     
00001dab  TIMG7_IRQHandler                     
00005d49  TIMG8_IRQHandler                     
00000425  Test_Square_Movement_Hybrid          
00005a39  TurnDetection_Init                   
00004565  TurnDetection_IsTurnReady            
00005bed  TurnDetection_Reset                  
00003bb9  TurnDetection_Update                 
00001dab  UART0_IRQHandler                     
00001dab  UART1_IRQHandler                     
00001dab  UART2_IRQHandler                     
00001dab  UART3_IRQHandler                     
20200800  _CIOBUF_                             
20200800  __CIOBUF_                            
20208000  __STACK_END                          
00000200  __STACK_SIZE                         
00000800  __SYSMEM_SIZE                        
00000000  __TI_ATRegion0_region_sz             
00000000  __TI_ATRegion0_src_addr              
00000000  __TI_ATRegion0_trg_addr              
00000000  __TI_ATRegion1_region_sz             
00000000  __TI_ATRegion1_src_addr              
00000000  __TI_ATRegion1_trg_addr              
00000000  __TI_ATRegion2_region_sz             
00000000  __TI_ATRegion2_src_addr              
00000000  __TI_ATRegion2_trg_addr              
000075e0  __TI_CINIT_Base                      
000075f0  __TI_CINIT_Limit                     
000075f0  __TI_CINIT_Warm                      
000075cc  __TI_Handler_Table_Base              
000075d8  __TI_Handler_Table_Limit             
00005661  __TI_auto_init_nobinit_nopinit       
00005899  __TI_cleanup                         
20200e80  __TI_cleanup_ptr                     
00004701  __TI_closefile                       
0000477d  __TI_decompress_lzss                 
00005d6f  __TI_decompress_none                 
0000531d  __TI_doflush                         
20200e84  __TI_dtors_ptr                       
20200ea8  __TI_ft_end                          
ffffffff  __TI_pprof_out_hndl                  
00000f99  __TI_printfi_minimal                 
ffffffff  __TI_prof_data_size                  
ffffffff  __TI_prof_data_start                 
000058cd  __TI_readmsg                         
00000000  __TI_static_base__                   
20200b6c  __TI_tmpnams                         
00005901  __TI_writemsg                        
00004da1  __TI_wrt_ok                          
00005db1  __TI_zero_init                       
00001c23  __adddf3                             
00003aeb  __addsf3                             
000048f1  __aeabi_d2f                          
00001c23  __aeabi_dadd                         
00004e69  __aeabi_dcmpeq                       
00004ea5  __aeabi_dcmpge                       
00004eb9  __aeabi_dcmpgt                       
00004e91  __aeabi_dcmple                       
00004e7d  __aeabi_dcmplt                       
00002c09  __aeabi_ddiv                         
000035a5  __aeabi_dmul                         
00001c19  __aeabi_dsub                         
20200eac  __aeabi_errno                        
000048e9  __aeabi_errno_addr                   
0000556d  __aeabi_f2d                          
000057f5  __aeabi_f2iz                         
00005a05  __aeabi_f2uiz                        
00003aeb  __aeabi_fadd                         
00004ecd  __aeabi_fcmpeq                       
00004f09  __aeabi_fcmpge                       
00004f1d  __aeabi_fcmpgt                       
00004ef5  __aeabi_fcmple                       
00004ee1  __aeabi_fcmplt                       
0000467d  __aeabi_fdiv                         
0000444d  __aeabi_fmul                         
00003ae1  __aeabi_fsub                         
000055e9  __aeabi_i2f                          
0000521d  __aeabi_idiv                         
000043bb  __aeabi_idiv0                        
0000521d  __aeabi_idivmod                      
00005e09  __aeabi_memclr                       
00005e09  __aeabi_memclr4                      
00005e09  __aeabi_memclr8                      
00005ea1  __aeabi_memcpy                       
00005ea1  __aeabi_memcpy4                      
00005ea1  __aeabi_memcpy8                      
00005dd1  __aeabi_memset                       
00005dd1  __aeabi_memset4                      
00005dd1  __aeabi_memset8                      
00005a91  __aeabi_ui2f                         
0000552d  __aeabi_uidiv                        
0000552d  __aeabi_uidivmod                     
ffffffff  __binit__                            
00004cd1  __cmpdf2                             
0000569d  __cmpsf2                             
00002c09  __divdf3                             
0000467d  __divsf3                             
00004cd1  __eqdf2                              
0000569d  __eqsf2                              
0000556d  __extendsfdf2                        
000057f5  __fixsfsi                            
00005a05  __fixunssfsi                         
000055e9  __floatsisf                          
00005a91  __floatunsisf                        
00004875  __gedf2                              
00005625  __gesf2                              
00004875  __gtdf2                              
00005625  __gtsf2                              
00004cd1  __ledf2                              
0000569d  __lesf2                              
00004cd1  __ltdf2                              
0000569d  __ltsf2                              
UNDEFED   __mpu_init                           
000035a5  __muldf3                             
000056d9  __muldsi3                            
0000444d  __mulsf3                             
00004cd1  __nedf2                              
0000569d  __nesf2                              
20207e00  __stack                              
20200000  __start___llvm_prf_bits              
20200000  __start___llvm_prf_cnts              
20200000  __stop___llvm_prf_bits               
20200000  __stop___llvm_prf_cnts               
00001c19  __subdf3                             
00003ae1  __subsf3                             
000048f1  __truncdfsf2                         
00005b31  _c_int00_noargs                      
20200d8c  _device                              
20200c9c  _ftable                              
20200eb0  _lock                                
000046ff  _nop                                 
20200e04  _stream                              
20200000  _sys_memory                          
UNDEFED   _system_post_cinit                   
00005ef5  _system_pre_init                     
20200eb4  _unlock                              
00005edf  abort                                
20200c6e  accel                                
00002af5  aligned_alloc                        
000070e6  asc2_0806                            
00006af6  asc2_1608                            
000000c1  asin                                 
000000c1  asinl                                
00000731  atan                                 
00001f35  atan2                                
00001f35  atan2l                               
00000731  atanl                                
ffffffff  binit                                
00005371  close                                
00005ea9  delay_ms                             
00000ce9  dmp_enable_feature                   
00005c81  dmp_load_motion_driver_firmware      
00001a71  dmp_read_fifo                        
00005e15  dmp_register_android_orient_cb       
00005e21  dmp_register_tap_cb                  
00004d39  dmp_set_fifo_rate                    
000032e9  dmp_set_orientation                  
00002891  dmp_set_tap_thresh                   
00005935  exit                                 
00005969  finddevice                           
00002f19  fputs                                
000034bd  free                                 
00005eb1  fseek                                
00004b21  fseeko                               
202009f4  gPWM_MOTORBackup                     
20200ab0  gTIMER_CALCBackup                    
20200c58  g_lineTracker                        
20200920  g_motorControl                       
20200c34  g_turnDetection                      
00004b8d  getdevice                            
20200c74  gyro                                 
00007498  hw                                   
00000000  interruptVectors                     
00005ae1  lseek                                
00004bf9  main                                 
00005e2d  malloc                               
00002af5  memalign                             
00005bc9  memccpy                              
00004321  memcpy                               
00004f2f  memset                               
20200c98  more                                 
000044d9  mpu6050_i2c_sda_unlock               
000041d1  mpu_configure_fifo                   
0000599d  mpu_get_accel_fsr                    
00005c0d  mpu_get_gyro_fsr                     
00005cb9  mpu_get_sample_rate                  
00003109  mpu_init                             
000024d1  mpu_load_firmware                    
0000188d  mpu_lp_accel_mode                    
0000427d  mpu_read_fifo_stream                 
00002381  mpu_reset_fifo                       
00003011  mpu_set_bypass                       
00003c89  mpu_set_dmp_state                    
00004965  mpu_set_lpf                          
00003689  mpu_set_sample_rate                  
00003a05  mpu_set_sensors                      
00004c65  mpu_write_mem                        
000059d1  mspm0_delay_ms                       
00005d1d  mspm0_get_clock_ms                   
0000222d  mspm0_i2c_read                       
000029c5  mspm0_i2c_write                      
20200c0c  oled_buffer                          
20200c66  parmbuf                              
20200c80  pitch                                
00005ba5  puts                                 
20200c48  quat                                 
000073d8  reg                                  
00005eb9  remove                               
20200c84  roll                                 
20200c88  sensor_timestamp                     
20200c7a  sensors                              
0000376d  setvbuf                              
0000582d  sprintf                              
000020bd  sqrt                                 
000020bd  sqrtl                                
20200c8c  start_time                           
00004571  strcmp                               
000073b0  test                                 
20200c90  tick_ms                              
00005a65  unlink                               
00005b09  write                                
20200c94  yaw                                  


GLOBAL SYMBOLS: SORTED BY Symbol Address 

address   name                                 
-------   ----                                 
00000000  __TI_ATRegion0_region_sz             
00000000  __TI_ATRegion0_src_addr              
00000000  __TI_ATRegion0_trg_addr              
00000000  __TI_ATRegion1_region_sz             
00000000  __TI_ATRegion1_src_addr              
00000000  __TI_ATRegion1_trg_addr              
00000000  __TI_ATRegion2_region_sz             
00000000  __TI_ATRegion2_src_addr              
00000000  __TI_ATRegion2_trg_addr              
00000000  __TI_static_base__                   
00000000  interruptVectors                     
000000c1  asin                                 
000000c1  asinl                                
00000200  __STACK_SIZE                         
00000425  Test_Square_Movement_Hybrid          
00000731  atan                                 
00000731  atanl                                
00000800  __SYSMEM_SIZE                        
00000a29  OLED_Init                            
00000ce9  dmp_enable_feature                   
00000f99  __TI_printfi_minimal                 
0000121d  Motor_Set_Pwm                        
0000145d  MotorControl_Update                  
0000167d  Read_Quad                            
0000188d  mpu_lp_accel_mode                    
00001a71  dmp_read_fifo                        
00001c19  __aeabi_dsub                         
00001c19  __subdf3                             
00001c23  __adddf3                             
00001c23  __aeabi_dadd                         
00001dab  ADC0_IRQHandler                      
00001dab  ADC1_IRQHandler                      
00001dab  AES_IRQHandler                       
00001dab  CANFD0_IRQHandler                    
00001dab  DAC0_IRQHandler                      
00001dab  DMA_IRQHandler                       
00001dab  Default_Handler                      
00001dab  GROUP0_IRQHandler                    
00001dab  HardFault_Handler                    
00001dab  I2C0_IRQHandler                      
00001dab  I2C1_IRQHandler                      
00001dab  NMI_Handler                          
00001dab  PendSV_Handler                       
00001dab  RTC_IRQHandler                       
00001dab  SPI0_IRQHandler                      
00001dab  SPI1_IRQHandler                      
00001dab  SVC_Handler                          
00001dab  TIMA0_IRQHandler                     
00001dab  TIMG0_IRQHandler                     
00001dab  TIMG12_IRQHandler                    
00001dab  TIMG6_IRQHandler                     
00001dab  TIMG7_IRQHandler                     
00001dab  UART0_IRQHandler                     
00001dab  UART1_IRQHandler                     
00001dab  UART2_IRQHandler                     
00001dab  UART3_IRQHandler                     
00001dad  LineTracker_ReadSensors              
00001f35  atan2                                
00001f35  atan2l                               
000020bd  sqrt                                 
000020bd  sqrtl                                
0000222d  mspm0_i2c_read                       
00002381  mpu_reset_fifo                       
000024d1  mpu_load_firmware                    
00002619  OLED_Clear                           
0000275d  OLED_WR_Byte                         
00002891  dmp_set_tap_thresh                   
000029c5  mspm0_i2c_write                      
00002af5  aligned_alloc                        
00002af5  memalign                             
00002c09  __aeabi_ddiv                         
00002c09  __divdf3                             
00002d15  DL_Timer_initFourCCPWMMode           
00002e19  PID_Calculate                        
00002f19  fputs                                
00003011  mpu_set_bypass                       
00003109  mpu_init                             
000031fd  LineTracker_ReadSensors_Interrupt    
000032e9  dmp_set_orientation                  
000033d5  DL_Timer_initTimerMode               
000034bd  free                                 
000035a5  __aeabi_dmul                         
000035a5  __muldf3                             
00003689  mpu_set_sample_rate                  
0000376d  setvbuf                              
0000384d  DL_SYSCTL_configSYSPLL               
00003929  OLED_ShowChar                        
00003a05  mpu_set_sensors                      
00003ae1  __aeabi_fsub                         
00003ae1  __subsf3                             
00003aeb  __addsf3                             
00003aeb  __aeabi_fadd                         
00003bb9  TurnDetection_Update                 
00003c89  mpu_set_dmp_state                    
00003d59  SYSCFG_DL_GPIO_init                  
00003e25  Encoder_IRQHandler                   
00003eed  LineTracker_GetLineState             
00003fb5  MPU6050_Init                         
0000406d  MotorControl_Init                    
00004121  Motor_Stop                           
000041d1  mpu_configure_fifo                   
0000427d  mpu_read_fifo_stream                 
00004321  memcpy                               
000043bb  __aeabi_idiv0                        
000043bd  SYSCFG_DL_PWM_MOTOR_init             
0000444d  __aeabi_fmul                         
0000444d  __mulsf3                             
000044d9  mpu6050_i2c_sda_unlock               
00004565  TurnDetection_IsTurnReady            
00004571  strcmp                               
000045f9  Motor_Init                           
0000467d  __aeabi_fdiv                         
0000467d  __divsf3                             
000046ff  _nop                                 
00004701  __TI_closefile                       
0000477d  __TI_decompress_lzss                 
000047f9  OLED_ShowString                      
00004875  __gedf2                              
00004875  __gtdf2                              
000048e9  __aeabi_errno_addr                   
000048f1  __aeabi_d2f                          
000048f1  __truncdfsf2                         
00004965  mpu_set_lpf                          
000049d9  SYSCFG_DL_SYSCTL_init                
00004a49  HOSTlseek                            
00004ab5  HOSTrename                           
00004b21  fseeko                               
00004b8d  getdevice                            
00004bf9  main                                 
00004c65  mpu_write_mem                        
00004cd1  __cmpdf2                             
00004cd1  __eqdf2                              
00004cd1  __ledf2                              
00004cd1  __ltdf2                              
00004cd1  __nedf2                              
00004d39  dmp_set_fifo_rate                    
00004da1  __TI_wrt_ok                          
00004e69  __aeabi_dcmpeq                       
00004e7d  __aeabi_dcmplt                       
00004e91  __aeabi_dcmple                       
00004ea5  __aeabi_dcmpge                       
00004eb9  __aeabi_dcmpgt                       
00004ecd  __aeabi_fcmpeq                       
00004ee1  __aeabi_fcmplt                       
00004ef5  __aeabi_fcmple                       
00004f09  __aeabi_fcmpge                       
00004f1d  __aeabi_fcmpgt                       
00004f2f  memset                               
00004f91  Encoder_Timer_IRQHandler             
00004ff1  HOSTopen                             
00005051  SYSCFG_DL_initPower                  
000050b1  DL_I2C_fillControllerTXFIFO          
00005111  Encoder_Init                         
0000516d  HOSTread                             
000051c5  HOSTwrite                            
0000521d  __aeabi_idiv                         
0000521d  __aeabi_idivmod                      
00005275  SYSCFG_DL_I2C_MPU6050_init           
000052c9  SYSCFG_DL_I2C_OLED_init              
0000531d  __TI_doflush                         
00005371  close                                
000053c1  SYSCFG_DL_TIMER_CALC_init            
0000540d  SYSCFG_DL_TIMER_TRACKER_init         
00005459  HOSTclose                            
000054a1  HOSTunlink                           
000054e9  DL_SYSCTL_switchMCLKfromSYSOSCtoHSCLK
0000552d  __aeabi_uidiv                        
0000552d  __aeabi_uidivmod                     
0000556d  __aeabi_f2d                          
0000556d  __extendsfdf2                        
000055ad  DL_I2C_flushControllerTXFIFO         
000055e9  __aeabi_i2f                          
000055e9  __floatsisf                          
00005625  __gesf2                              
00005625  __gtsf2                              
00005661  __TI_auto_init_nobinit_nopinit       
0000569d  __cmpsf2                             
0000569d  __eqsf2                              
0000569d  __lesf2                              
0000569d  __ltsf2                              
0000569d  __nesf2                              
000056d9  __muldsi3                            
00005715  GROUP1_IRQHandler                    
0000574d  MotorControl_SetMode                 
00005785  SYSCFG_DL_init                       
000057bd  SysTick_Init                         
000057f5  __aeabi_f2iz                         
000057f5  __fixsfsi                            
0000582d  sprintf                              
00005865  MotorControl_SetBaseSpeed            
00005899  __TI_cleanup                         
000058cd  __TI_readmsg                         
00005901  __TI_writemsg                        
0000592d  C$$IO$$                              
00005935  exit                                 
00005969  finddevice                           
0000599d  mpu_get_accel_fsr                    
000059d1  mspm0_delay_ms                       
00005a05  __aeabi_f2uiz                        
00005a05  __fixunssfsi                         
00005a39  TurnDetection_Init                   
00005a65  unlink                               
00005a91  __aeabi_ui2f                         
00005a91  __floatunsisf                        
00005ae1  lseek                                
00005b09  write                                
00005b31  _c_int00_noargs                      
00005b59  DL_I2C_setClockConfig                
00005b81  LineTracker_Init                     
00005ba5  puts                                 
00005bc9  memccpy                              
00005bed  TurnDetection_Reset                  
00005c0d  mpu_get_gyro_fsr                     
00005c2d  DL_Timer_setCaptCompUpdateMethod     
00005c49  DL_Timer_setClockConfig              
00005c65  PID_Init                             
00005c81  dmp_load_motion_driver_firmware      
00005cb9  mpu_get_sample_rate                  
00005cd5  DL_Timer_setCaptureCompareOutCtl     
00005ced  TIMA1_IRQHandler                     
00005d1d  mspm0_get_clock_ms                   
00005d35  Encoder_GetSpeed_PPS                 
00005d49  TIMG8_IRQHandler                     
00005d5d  PID_Reset                            
00005d6f  __TI_decompress_none                 
00005d81  DL_Timer_setCaptureCompareValue      
00005d91  MotorControl_SetSpeedTarget          
00005da1  SysTick_Handler                      
00005db1  __TI_zero_init                       
00005dd1  __aeabi_memset                       
00005dd1  __aeabi_memset4                      
00005dd1  __aeabi_memset8                      
00005e09  __aeabi_memclr                       
00005e09  __aeabi_memclr4                      
00005e09  __aeabi_memclr8                      
00005e15  dmp_register_android_orient_cb       
00005e21  dmp_register_tap_cb                  
00005e2d  malloc                               
00005e39  DL_Common_delayCycles                
00005ea1  __aeabi_memcpy                       
00005ea1  __aeabi_memcpy4                      
00005ea1  __aeabi_memcpy8                      
00005ea9  delay_ms                             
00005eb1  fseek                                
00005eb9  remove                               
00005edf  abort                                
00005ee4  C$$EXIT                              
00005ee5  HOSTexit                             
00005eed  PID_SetTarget                        
00005ef1  Reset_Handler                        
00005ef5  _system_pre_init                     
00006af6  asc2_1608                            
000070e6  asc2_0806                            
000073b0  test                                 
000073d8  reg                                  
00007498  hw                                   
000075cc  __TI_Handler_Table_Base              
000075d8  __TI_Handler_Table_Limit             
000075e0  __TI_CINIT_Base                      
000075f0  __TI_CINIT_Limit                     
000075f0  __TI_CINIT_Warm                      
20200000  __start___llvm_prf_bits              
20200000  __start___llvm_prf_cnts              
20200000  __stop___llvm_prf_bits               
20200000  __stop___llvm_prf_cnts               
20200000  _sys_memory                          
20200800  _CIOBUF_                             
20200800  __CIOBUF_                            
20200920  g_motorControl                       
202009f4  gPWM_MOTORBackup                     
20200ab0  gTIMER_CALCBackup                    
20200b6c  __TI_tmpnams                         
20200c0c  oled_buffer                          
20200c34  g_turnDetection                      
20200c48  quat                                 
20200c58  g_lineTracker                        
20200c66  parmbuf                              
20200c6e  accel                                
20200c74  gyro                                 
20200c7a  sensors                              
20200c80  pitch                                
20200c84  roll                                 
20200c88  sensor_timestamp                     
20200c8c  start_time                           
20200c90  tick_ms                              
20200c94  yaw                                  
20200c98  more                                 
20200c9c  _ftable                              
20200d8c  _device                              
20200e04  _stream                              
20200e80  __TI_cleanup_ptr                     
20200e84  __TI_dtors_ptr                       
20200ea8  __TI_ft_end                          
20200eac  __aeabi_errno                        
20200eb0  _lock                                
20200eb4  _unlock                              
20207e00  __stack                              
20208000  __STACK_END                          
ffffffff  __TI_pprof_out_hndl                  
ffffffff  __TI_prof_data_size                  
ffffffff  __TI_prof_data_start                 
ffffffff  __binit__                            
ffffffff  binit                                
UNDEFED   __mpu_init                           
UNDEFED   _system_post_cinit                   

[305 symbols]
