<?xml version="1.0" encoding="ISO-8859-1" ?>
<link_info>
   <banner>TI ARM Clang Linker PC v4.0.3.LTS</banner>
   <copyright>Copyright (c) 1996-2018 Texas Instruments Incorporated</copyright>
   <command_line>C:\ti\ccs2020\ccs\tools\compiler\ti-cgt-armllvm_4.0.3.LTS\bin\tiarmlnk -IC:\ti\ccs2020\ccs\tools\compiler\ti-cgt-armllvm_4.0.3.LTS\lib -o mspm0-modules-car.out -mmspm0-modules-car.map -iC:/ti/mspm0_sdk_2_05_00_05/source -iC:/Users/AkiRin/workspace_ccstheia/mspm0-modules-car -iC:/Users/AkiRin/workspace_ccstheia/mspm0-modules-car/Debug/syscfg -iC:/ti/ccs2020/ccs/tools/compiler/ti-cgt-armllvm_4.0.3.LTS/lib --diag_wrap=off --display_error_number --warn_sections --xml_link_info=mspm0-modules-car_linkInfo.xml --rom_model ./main.o ./ti_msp_dl_config.o ./startup_mspm0g350x_ticlang.o ./Drivers/LineTracker/linetracker.o ./Drivers/LineTracker/linetracker_test.o ./Drivers/MPU6050/inv_mpu.o ./Drivers/MPU6050/inv_mpu_dmp_motion_driver.o ./Drivers/MPU6050/mpu6050.o ./Drivers/MPU6050/mspm0_i2c.o ./Drivers/MSPM0/clock.o ./Drivers/MSPM0/interrupt.o ./Drivers/Motor_Encoder_PID/Encoder.o ./Drivers/Motor_Encoder_PID/Motor.o ./Drivers/Motor_Encoder_PID/MotorControl.o ./Drivers/Motor_Encoder_PID/PID.o ./Drivers/OLED_Hardware_I2C/oled_hardware_i2c.o ./Test/test.o -l./device_linker.cmd -ldevice.cmd.genlibs -llibc.a -lC:/ti/mspm0_sdk_2_05_00_05/source/ti/driverlib/lib/ticlang/m0p/mspm0g1x0x_g3x0x/driverlib.a --start-group -llibc++.a -llibc++abi.a -llibc.a -llibsys.a -llibsysbm.a -llibclang_rt.builtins.a -llibclang_rt.profile.a --end-group --cg_opt_level=0</command_line>
   <link_time>0x6881dce0</link_time>
   <link_errors>0x0</link_errors>
   <output_file>C:\Users\AkiRin\workspace_ccstheia\mspm0-modules-car\Debug\mspm0-modules-car.out</output_file>
   <entry_point>
      <name>_c_int00_noargs</name>
      <address>0x3d01</address>
   </entry_point>
   <input_file_list>
      <input_file id="fl-1">
         <path>C:\Users\AkiRin\workspace_ccstheia\mspm0-modules-car\Debug\.\</path>
         <kind>object</kind>
         <file>main.o</file>
         <name>main.o</name>
      </input_file>
      <input_file id="fl-2">
         <path>C:\Users\AkiRin\workspace_ccstheia\mspm0-modules-car\Debug\.\</path>
         <kind>object</kind>
         <file>ti_msp_dl_config.o</file>
         <name>ti_msp_dl_config.o</name>
      </input_file>
      <input_file id="fl-3">
         <path>C:\Users\AkiRin\workspace_ccstheia\mspm0-modules-car\Debug\.\</path>
         <kind>object</kind>
         <file>startup_mspm0g350x_ticlang.o</file>
         <name>startup_mspm0g350x_ticlang.o</name>
      </input_file>
      <input_file id="fl-4">
         <path>C:\Users\AkiRin\workspace_ccstheia\mspm0-modules-car\Debug\.\Drivers\LineTracker\</path>
         <kind>object</kind>
         <file>linetracker.o</file>
         <name>linetracker.o</name>
      </input_file>
      <input_file id="fl-5">
         <path>C:\Users\AkiRin\workspace_ccstheia\mspm0-modules-car\Debug\.\Drivers\LineTracker\</path>
         <kind>object</kind>
         <file>linetracker_test.o</file>
         <name>linetracker_test.o</name>
      </input_file>
      <input_file id="fl-6">
         <path>C:\Users\AkiRin\workspace_ccstheia\mspm0-modules-car\Debug\.\Drivers\MPU6050\</path>
         <kind>object</kind>
         <file>inv_mpu.o</file>
         <name>inv_mpu.o</name>
      </input_file>
      <input_file id="fl-7">
         <path>C:\Users\AkiRin\workspace_ccstheia\mspm0-modules-car\Debug\.\Drivers\MPU6050\</path>
         <kind>object</kind>
         <file>inv_mpu_dmp_motion_driver.o</file>
         <name>inv_mpu_dmp_motion_driver.o</name>
      </input_file>
      <input_file id="fl-8">
         <path>C:\Users\AkiRin\workspace_ccstheia\mspm0-modules-car\Debug\.\Drivers\MPU6050\</path>
         <kind>object</kind>
         <file>mpu6050.o</file>
         <name>mpu6050.o</name>
      </input_file>
      <input_file id="fl-9">
         <path>C:\Users\AkiRin\workspace_ccstheia\mspm0-modules-car\Debug\.\Drivers\MPU6050\</path>
         <kind>object</kind>
         <file>mspm0_i2c.o</file>
         <name>mspm0_i2c.o</name>
      </input_file>
      <input_file id="fl-a">
         <path>C:\Users\AkiRin\workspace_ccstheia\mspm0-modules-car\Debug\.\Drivers\MSPM0\</path>
         <kind>object</kind>
         <file>clock.o</file>
         <name>clock.o</name>
      </input_file>
      <input_file id="fl-b">
         <path>C:\Users\AkiRin\workspace_ccstheia\mspm0-modules-car\Debug\.\Drivers\MSPM0\</path>
         <kind>object</kind>
         <file>interrupt.o</file>
         <name>interrupt.o</name>
      </input_file>
      <input_file id="fl-c">
         <path>C:\Users\AkiRin\workspace_ccstheia\mspm0-modules-car\Debug\.\Drivers\Motor_Encoder_PID\</path>
         <kind>object</kind>
         <file>Encoder.o</file>
         <name>Encoder.o</name>
      </input_file>
      <input_file id="fl-d">
         <path>C:\Users\AkiRin\workspace_ccstheia\mspm0-modules-car\Debug\.\Drivers\Motor_Encoder_PID\</path>
         <kind>object</kind>
         <file>Motor.o</file>
         <name>Motor.o</name>
      </input_file>
      <input_file id="fl-e">
         <path>C:\Users\AkiRin\workspace_ccstheia\mspm0-modules-car\Debug\.\Drivers\Motor_Encoder_PID\</path>
         <kind>object</kind>
         <file>MotorControl.o</file>
         <name>MotorControl.o</name>
      </input_file>
      <input_file id="fl-f">
         <path>C:\Users\AkiRin\workspace_ccstheia\mspm0-modules-car\Debug\.\Drivers\Motor_Encoder_PID\</path>
         <kind>object</kind>
         <file>PID.o</file>
         <name>PID.o</name>
      </input_file>
      <input_file id="fl-10">
         <path>C:\Users\AkiRin\workspace_ccstheia\mspm0-modules-car\Debug\.\Drivers\OLED_Hardware_I2C\</path>
         <kind>object</kind>
         <file>oled_hardware_i2c.o</file>
         <name>oled_hardware_i2c.o</name>
      </input_file>
      <input_file id="fl-11">
         <path>C:\Users\AkiRin\workspace_ccstheia\mspm0-modules-car\Debug\.\Test\</path>
         <kind>object</kind>
         <file>test.o</file>
         <name>test.o</name>
      </input_file>
      <input_file id="fl-1f">
         <path>C:\Users\AkiRin\workspace_ccstheia\mspm0-modules-car\Debug\</path>
         <kind>object</kind>
         <file>&lt;internal&gt;</file>
         <name>&lt;internal&gt;</name>
      </input_file>
      <input_file id="fl-20">
         <path>C:\ti\mspm0_sdk_2_05_00_05\source\ti\driverlib\lib\ticlang\m0p\mspm0g1x0x_g3x0x\</path>
         <kind>archive</kind>
         <file>driverlib.a</file>
         <name>dl_common.o</name>
      </input_file>
      <input_file id="fl-21">
         <path>C:\ti\mspm0_sdk_2_05_00_05\source\ti\driverlib\lib\ticlang\m0p\mspm0g1x0x_g3x0x\</path>
         <kind>archive</kind>
         <file>driverlib.a</file>
         <name>dl_i2c.o</name>
      </input_file>
      <input_file id="fl-22">
         <path>C:\ti\mspm0_sdk_2_05_00_05\source\ti\driverlib\lib\ticlang\m0p\mspm0g1x0x_g3x0x\</path>
         <kind>archive</kind>
         <file>driverlib.a</file>
         <name>dl_timer.o</name>
      </input_file>
      <input_file id="fl-23">
         <path>C:\ti\mspm0_sdk_2_05_00_05\source\ti\driverlib\lib\ticlang\m0p\mspm0g1x0x_g3x0x\</path>
         <kind>archive</kind>
         <file>driverlib.a</file>
         <name>dl_sysctl_mspm0g1x0x_g3x0x.o</name>
      </input_file>
      <input_file id="fl-3a">
         <path>C:\ti\ccs2020\ccs\tools\compiler\ti-cgt-armllvm_4.0.3.LTS\lib\armv6m-ti-none-eabi\c\</path>
         <kind>archive</kind>
         <file>libc.a</file>
         <name>printf.c.obj</name>
      </input_file>
      <input_file id="fl-3b">
         <path>C:\ti\ccs2020\ccs\tools\compiler\ti-cgt-armllvm_4.0.3.LTS\lib\armv6m-ti-none-eabi\c\</path>
         <kind>archive</kind>
         <file>libc.a</file>
         <name>_printfi.c.obj</name>
      </input_file>
      <input_file id="fl-3c">
         <path>C:\ti\ccs2020\ccs\tools\compiler\ti-cgt-armllvm_4.0.3.LTS\lib\armv6m-ti-none-eabi\c\</path>
         <kind>archive</kind>
         <file>libc.a</file>
         <name>sprintf.c.obj</name>
      </input_file>
      <input_file id="fl-3d">
         <path>C:\ti\ccs2020\ccs\tools\compiler\ti-cgt-armllvm_4.0.3.LTS\lib\armv6m-ti-none-eabi\c\</path>
         <kind>archive</kind>
         <file>libc.a</file>
         <name>fputc.c.obj</name>
      </input_file>
      <input_file id="fl-3e">
         <path>C:\ti\ccs2020\ccs\tools\compiler\ti-cgt-armllvm_4.0.3.LTS\lib\armv6m-ti-none-eabi\c\</path>
         <kind>archive</kind>
         <file>libc.a</file>
         <name>fputs.c.obj</name>
      </input_file>
      <input_file id="fl-3f">
         <path>C:\ti\ccs2020\ccs\tools\compiler\ti-cgt-armllvm_4.0.3.LTS\lib\armv6m-ti-none-eabi\c\</path>
         <kind>archive</kind>
         <file>libc.a</file>
         <name>_io_perm.c.obj</name>
      </input_file>
      <input_file id="fl-40">
         <path>C:\ti\ccs2020\ccs\tools\compiler\ti-cgt-armllvm_4.0.3.LTS\lib\armv6m-ti-none-eabi\c\</path>
         <kind>archive</kind>
         <file>libc.a</file>
         <name>setvbuf.c.obj</name>
      </input_file>
      <input_file id="fl-41">
         <path>C:\ti\ccs2020\ccs\tools\compiler\ti-cgt-armllvm_4.0.3.LTS\lib\armv6m-ti-none-eabi\c\</path>
         <kind>archive</kind>
         <file>libc.a</file>
         <name>e_asin.c.obj</name>
      </input_file>
      <input_file id="fl-42">
         <path>C:\ti\ccs2020\ccs\tools\compiler\ti-cgt-armllvm_4.0.3.LTS\lib\armv6m-ti-none-eabi\c\</path>
         <kind>archive</kind>
         <file>libc.a</file>
         <name>e_atan2.c.obj</name>
      </input_file>
      <input_file id="fl-43">
         <path>C:\ti\ccs2020\ccs\tools\compiler\ti-cgt-armllvm_4.0.3.LTS\lib\armv6m-ti-none-eabi\c\</path>
         <kind>archive</kind>
         <file>libc.a</file>
         <name>e_sqrt.c.obj</name>
      </input_file>
      <input_file id="fl-44">
         <path>C:\ti\ccs2020\ccs\tools\compiler\ti-cgt-armllvm_4.0.3.LTS\lib\armv6m-ti-none-eabi\c\</path>
         <kind>archive</kind>
         <file>libc.a</file>
         <name>s_atan.c.obj</name>
      </input_file>
      <input_file id="fl-45">
         <path>C:\ti\ccs2020\ccs\tools\compiler\ti-cgt-armllvm_4.0.3.LTS\lib\armv6m-ti-none-eabi\c\</path>
         <kind>archive</kind>
         <file>libc.a</file>
         <name>s_frexp.c.obj</name>
      </input_file>
      <input_file id="fl-46">
         <path>C:\ti\ccs2020\ccs\tools\compiler\ti-cgt-armllvm_4.0.3.LTS\lib\armv6m-ti-none-eabi\c\</path>
         <kind>archive</kind>
         <file>libc.a</file>
         <name>s_scalbn.c.obj</name>
      </input_file>
      <input_file id="fl-47">
         <path>C:\ti\ccs2020\ccs\tools\compiler\ti-cgt-armllvm_4.0.3.LTS\lib\armv6m-ti-none-eabi\c\</path>
         <kind>archive</kind>
         <file>libc.a</file>
         <name>wcslen.c.obj</name>
      </input_file>
      <input_file id="fl-48">
         <path>C:\ti\ccs2020\ccs\tools\compiler\ti-cgt-armllvm_4.0.3.LTS\lib\armv6m-ti-none-eabi\c\</path>
         <kind>archive</kind>
         <file>libc.a</file>
         <name>aeabi_portable.c.obj</name>
      </input_file>
      <input_file id="fl-49">
         <path>C:\ti\ccs2020\ccs\tools\compiler\ti-cgt-armllvm_4.0.3.LTS\lib\armv6m-ti-none-eabi\c\</path>
         <kind>archive</kind>
         <file>libc.a</file>
         <name>exit.c.obj</name>
      </input_file>
      <input_file id="fl-4a">
         <path>C:\ti\ccs2020\ccs\tools\compiler\ti-cgt-armllvm_4.0.3.LTS\lib\armv6m-ti-none-eabi\c\</path>
         <kind>archive</kind>
         <file>libc.a</file>
         <name>_lock.c.obj</name>
      </input_file>
      <input_file id="fl-4b">
         <path>C:\ti\ccs2020\ccs\tools\compiler\ti-cgt-armllvm_4.0.3.LTS\lib\armv6m-ti-none-eabi\c\</path>
         <kind>archive</kind>
         <file>libc.a</file>
         <name>_ltoa.c.obj</name>
      </input_file>
      <input_file id="fl-4c">
         <path>C:\ti\ccs2020\ccs\tools\compiler\ti-cgt-armllvm_4.0.3.LTS\lib\armv6m-ti-none-eabi\c\</path>
         <kind>archive</kind>
         <file>libc.a</file>
         <name>assert.c.obj</name>
      </input_file>
      <input_file id="fl-4d">
         <path>C:\ti\ccs2020\ccs\tools\compiler\ti-cgt-armllvm_4.0.3.LTS\lib\armv6m-ti-none-eabi\c\</path>
         <kind>archive</kind>
         <file>libc.a</file>
         <name>atoi.c.obj</name>
      </input_file>
      <input_file id="fl-4e">
         <path>C:\ti\ccs2020\ccs\tools\compiler\ti-cgt-armllvm_4.0.3.LTS\lib\armv6m-ti-none-eabi\c\</path>
         <kind>archive</kind>
         <file>libc.a</file>
         <name>defs.c.obj</name>
      </input_file>
      <input_file id="fl-4f">
         <path>C:\ti\ccs2020\ccs\tools\compiler\ti-cgt-armllvm_4.0.3.LTS\lib\armv6m-ti-none-eabi\c\</path>
         <kind>archive</kind>
         <file>libc.a</file>
         <name>memccpy.c.obj</name>
      </input_file>
      <input_file id="fl-50">
         <path>C:\ti\ccs2020\ccs\tools\compiler\ti-cgt-armllvm_4.0.3.LTS\lib\armv6m-ti-none-eabi\c\</path>
         <kind>archive</kind>
         <file>libc.a</file>
         <name>memcmp.c.obj</name>
      </input_file>
      <input_file id="fl-51">
         <path>C:\ti\ccs2020\ccs\tools\compiler\ti-cgt-armllvm_4.0.3.LTS\lib\armv6m-ti-none-eabi\c\</path>
         <kind>archive</kind>
         <file>libc.a</file>
         <name>memory.c.obj</name>
      </input_file>
      <input_file id="fl-52">
         <path>C:\ti\ccs2020\ccs\tools\compiler\ti-cgt-armllvm_4.0.3.LTS\lib\armv6m-ti-none-eabi\c\</path>
         <kind>archive</kind>
         <file>libc.a</file>
         <name>boot_cortex_m.c.obj</name>
      </input_file>
      <input_file id="fl-53">
         <path>C:\ti\ccs2020\ccs\tools\compiler\ti-cgt-armllvm_4.0.3.LTS\lib\armv6m-ti-none-eabi\c\</path>
         <kind>archive</kind>
         <file>libc.a</file>
         <name>mathacl_init.c.obj</name>
      </input_file>
      <input_file id="fl-54">
         <path>C:\ti\ccs2020\ccs\tools\compiler\ti-cgt-armllvm_4.0.3.LTS\lib\armv6m-ti-none-eabi\c\</path>
         <kind>archive</kind>
         <file>libc.a</file>
         <name>autoinit.c.obj</name>
      </input_file>
      <input_file id="fl-55">
         <path>C:\ti\ccs2020\ccs\tools\compiler\ti-cgt-armllvm_4.0.3.LTS\lib\armv6m-ti-none-eabi\c\</path>
         <kind>archive</kind>
         <file>libc.a</file>
         <name>pre_init.c.obj</name>
      </input_file>
      <input_file id="fl-56">
         <path>C:\ti\ccs2020\ccs\tools\compiler\ti-cgt-armllvm_4.0.3.LTS\lib\armv6m-ti-none-eabi\c\</path>
         <kind>archive</kind>
         <file>libc.a</file>
         <name>cpy_tbl.c.obj</name>
      </input_file>
      <input_file id="fl-57">
         <path>C:\ti\ccs2020\ccs\tools\compiler\ti-cgt-armllvm_4.0.3.LTS\lib\armv6m-ti-none-eabi\c\</path>
         <kind>archive</kind>
         <file>libc.a</file>
         <name>copy_zero_init.c.obj</name>
      </input_file>
      <input_file id="fl-58">
         <path>C:\ti\ccs2020\ccs\tools\compiler\ti-cgt-armllvm_4.0.3.LTS\lib\armv6m-ti-none-eabi\c\</path>
         <kind>archive</kind>
         <file>libc.a</file>
         <name>copy_decompress_none.c.obj</name>
      </input_file>
      <input_file id="fl-59">
         <path>C:\ti\ccs2020\ccs\tools\compiler\ti-cgt-armllvm_4.0.3.LTS\lib\armv6m-ti-none-eabi\c\</path>
         <kind>archive</kind>
         <file>libc.a</file>
         <name>copy_decompress_lzss.c.obj</name>
      </input_file>
      <input_file id="fl-5a">
         <path>C:\ti\ccs2020\ccs\tools\compiler\ti-cgt-armllvm_4.0.3.LTS\lib\armv6m-ti-none-eabi\c\</path>
         <kind>archive</kind>
         <file>libc.a</file>
         <name>fflush.c.obj</name>
      </input_file>
      <input_file id="fl-5b">
         <path>C:\ti\ccs2020\ccs\tools\compiler\ti-cgt-armllvm_4.0.3.LTS\lib\armv6m-ti-none-eabi\c\</path>
         <kind>archive</kind>
         <file>libc.a</file>
         <name>fopen.c.obj</name>
      </input_file>
      <input_file id="fl-5c">
         <path>C:\ti\ccs2020\ccs\tools\compiler\ti-cgt-armllvm_4.0.3.LTS\lib\armv6m-ti-none-eabi\c\</path>
         <kind>archive</kind>
         <file>libc.a</file>
         <name>fseek.c.obj</name>
      </input_file>
      <input_file id="fl-5d">
         <path>C:\ti\ccs2020\ccs\tools\compiler\ti-cgt-armllvm_4.0.3.LTS\lib\armv6m-ti-none-eabi\c\</path>
         <kind>archive</kind>
         <file>libc.a</file>
         <name>aeabi_ctype.S.obj</name>
      </input_file>
      <input_file id="fl-5e">
         <path>C:\ti\ccs2020\ccs\tools\compiler\ti-cgt-armllvm_4.0.3.LTS\lib\armv6m-ti-none-eabi\c\</path>
         <kind>archive</kind>
         <file>libc.a</file>
         <name>args_main.c.obj</name>
      </input_file>
      <input_file id="fl-5f">
         <path>C:\ti\ccs2020\ccs\tools\compiler\ti-cgt-armllvm_4.0.3.LTS\lib\armv6m-ti-none-eabi\c\</path>
         <kind>archive</kind>
         <file>libc.a</file>
         <name>fclose.c.obj</name>
      </input_file>
      <input_file id="fl-ff">
         <path>C:\ti\ccs2020\ccs\tools\compiler\ti-cgt-armllvm_4.0.3.LTS\lib\armv6m-ti-none-eabi\c\</path>
         <kind>archive</kind>
         <file>libsysbm.a</file>
         <name>hostexit.c.obj</name>
      </input_file>
      <input_file id="fl-100">
         <path>C:\ti\ccs2020\ccs\tools\compiler\ti-cgt-armllvm_4.0.3.LTS\lib\armv6m-ti-none-eabi\c\</path>
         <kind>archive</kind>
         <file>libsysbm.a</file>
         <name>write.c.obj</name>
      </input_file>
      <input_file id="fl-101">
         <path>C:\ti\ccs2020\ccs\tools\compiler\ti-cgt-armllvm_4.0.3.LTS\lib\armv6m-ti-none-eabi\c\</path>
         <kind>archive</kind>
         <file>libsysbm.a</file>
         <name>host_device.c.obj</name>
      </input_file>
      <input_file id="fl-102">
         <path>C:\ti\ccs2020\ccs\tools\compiler\ti-cgt-armllvm_4.0.3.LTS\lib\armv6m-ti-none-eabi\c\</path>
         <kind>archive</kind>
         <file>libsysbm.a</file>
         <name>remove.c.obj</name>
      </input_file>
      <input_file id="fl-103">
         <path>C:\ti\ccs2020\ccs\tools\compiler\ti-cgt-armllvm_4.0.3.LTS\lib\armv6m-ti-none-eabi\c\</path>
         <kind>archive</kind>
         <file>libsysbm.a</file>
         <name>open.c.obj</name>
      </input_file>
      <input_file id="fl-104">
         <path>C:\ti\ccs2020\ccs\tools\compiler\ti-cgt-armllvm_4.0.3.LTS\lib\armv6m-ti-none-eabi\c\</path>
         <kind>archive</kind>
         <file>libsysbm.a</file>
         <name>lseek.c.obj</name>
      </input_file>
      <input_file id="fl-105">
         <path>C:\ti\ccs2020\ccs\tools\compiler\ti-cgt-armllvm_4.0.3.LTS\lib\armv6m-ti-none-eabi\c\</path>
         <kind>archive</kind>
         <file>libsysbm.a</file>
         <name>close.c.obj</name>
      </input_file>
      <input_file id="fl-106">
         <path>C:\ti\ccs2020\ccs\tools\compiler\ti-cgt-armllvm_4.0.3.LTS\lib\armv6m-ti-none-eabi\c\</path>
         <kind>archive</kind>
         <file>libsysbm.a</file>
         <name>unlink.c.obj</name>
      </input_file>
      <input_file id="fl-107">
         <path>C:\ti\ccs2020\ccs\tools\compiler\ti-cgt-armllvm_4.0.3.LTS\lib\armv6m-ti-none-eabi\c\</path>
         <kind>archive</kind>
         <file>libsysbm.a</file>
         <name>hostclose.c.obj</name>
      </input_file>
      <input_file id="fl-108">
         <path>C:\ti\ccs2020\ccs\tools\compiler\ti-cgt-armllvm_4.0.3.LTS\lib\armv6m-ti-none-eabi\c\</path>
         <kind>archive</kind>
         <file>libsysbm.a</file>
         <name>hostlseek.c.obj</name>
      </input_file>
      <input_file id="fl-109">
         <path>C:\ti\ccs2020\ccs\tools\compiler\ti-cgt-armllvm_4.0.3.LTS\lib\armv6m-ti-none-eabi\c\</path>
         <kind>archive</kind>
         <file>libsysbm.a</file>
         <name>hostopen.c.obj</name>
      </input_file>
      <input_file id="fl-10a">
         <path>C:\ti\ccs2020\ccs\tools\compiler\ti-cgt-armllvm_4.0.3.LTS\lib\armv6m-ti-none-eabi\c\</path>
         <kind>archive</kind>
         <file>libsysbm.a</file>
         <name>hostread.c.obj</name>
      </input_file>
      <input_file id="fl-10b">
         <path>C:\ti\ccs2020\ccs\tools\compiler\ti-cgt-armllvm_4.0.3.LTS\lib\armv6m-ti-none-eabi\c\</path>
         <kind>archive</kind>
         <file>libsysbm.a</file>
         <name>hostrename.c.obj</name>
      </input_file>
      <input_file id="fl-10c">
         <path>C:\ti\ccs2020\ccs\tools\compiler\ti-cgt-armllvm_4.0.3.LTS\lib\armv6m-ti-none-eabi\c\</path>
         <kind>archive</kind>
         <file>libsysbm.a</file>
         <name>hostunlink.c.obj</name>
      </input_file>
      <input_file id="fl-10d">
         <path>C:\ti\ccs2020\ccs\tools\compiler\ti-cgt-armllvm_4.0.3.LTS\lib\armv6m-ti-none-eabi\c\</path>
         <kind>archive</kind>
         <file>libsysbm.a</file>
         <name>hostwrite.c.obj</name>
      </input_file>
      <input_file id="fl-10e">
         <path>C:\ti\ccs2020\ccs\tools\compiler\ti-cgt-armllvm_4.0.3.LTS\lib\armv6m-ti-none-eabi\c\</path>
         <kind>archive</kind>
         <file>libsysbm.a</file>
         <name>trgmsg.c.obj</name>
      </input_file>
      <input_file id="fl-10f">
         <path>C:\ti\ccs2020\ccs\tools\compiler\ti-cgt-armllvm_4.0.3.LTS\lib\armv6m-ti-none-eabi\</path>
         <kind>archive</kind>
         <file>libclang_rt.builtins.a</file>
         <name>addsf3.S.obj</name>
      </input_file>
      <input_file id="fl-110">
         <path>C:\ti\ccs2020\ccs\tools\compiler\ti-cgt-armllvm_4.0.3.LTS\lib\armv6m-ti-none-eabi\</path>
         <kind>archive</kind>
         <file>libclang_rt.builtins.a</file>
         <name>adddf3.S.obj</name>
      </input_file>
      <input_file id="fl-111">
         <path>C:\ti\ccs2020\ccs\tools\compiler\ti-cgt-armllvm_4.0.3.LTS\lib\armv6m-ti-none-eabi\</path>
         <kind>archive</kind>
         <file>libclang_rt.builtins.a</file>
         <name>muldf3.S.obj</name>
      </input_file>
      <input_file id="fl-112">
         <path>C:\ti\ccs2020\ccs\tools\compiler\ti-cgt-armllvm_4.0.3.LTS\lib\armv6m-ti-none-eabi\</path>
         <kind>archive</kind>
         <file>libclang_rt.builtins.a</file>
         <name>muldsi3.S.obj</name>
      </input_file>
      <input_file id="fl-113">
         <path>C:\ti\ccs2020\ccs\tools\compiler\ti-cgt-armllvm_4.0.3.LTS\lib\armv6m-ti-none-eabi\</path>
         <kind>archive</kind>
         <file>libclang_rt.builtins.a</file>
         <name>mulsf3.S.obj</name>
      </input_file>
      <input_file id="fl-114">
         <path>C:\ti\ccs2020\ccs\tools\compiler\ti-cgt-armllvm_4.0.3.LTS\lib\armv6m-ti-none-eabi\</path>
         <kind>archive</kind>
         <file>libclang_rt.builtins.a</file>
         <name>divsf3.S.obj</name>
      </input_file>
      <input_file id="fl-115">
         <path>C:\ti\ccs2020\ccs\tools\compiler\ti-cgt-armllvm_4.0.3.LTS\lib\armv6m-ti-none-eabi\</path>
         <kind>archive</kind>
         <file>libclang_rt.builtins.a</file>
         <name>divdf3.S.obj</name>
      </input_file>
      <input_file id="fl-116">
         <path>C:\ti\ccs2020\ccs\tools\compiler\ti-cgt-armllvm_4.0.3.LTS\lib\armv6m-ti-none-eabi\</path>
         <kind>archive</kind>
         <file>libclang_rt.builtins.a</file>
         <name>extendsfdf2.S.obj</name>
      </input_file>
      <input_file id="fl-117">
         <path>C:\ti\ccs2020\ccs\tools\compiler\ti-cgt-armllvm_4.0.3.LTS\lib\armv6m-ti-none-eabi\</path>
         <kind>archive</kind>
         <file>libclang_rt.builtins.a</file>
         <name>fixdfsi.S.obj</name>
      </input_file>
      <input_file id="fl-118">
         <path>C:\ti\ccs2020\ccs\tools\compiler\ti-cgt-armllvm_4.0.3.LTS\lib\armv6m-ti-none-eabi\</path>
         <kind>archive</kind>
         <file>libclang_rt.builtins.a</file>
         <name>fixsfsi.S.obj</name>
      </input_file>
      <input_file id="fl-119">
         <path>C:\ti\ccs2020\ccs\tools\compiler\ti-cgt-armllvm_4.0.3.LTS\lib\armv6m-ti-none-eabi\</path>
         <kind>archive</kind>
         <file>libclang_rt.builtins.a</file>
         <name>fixunssfsi.S.obj</name>
      </input_file>
      <input_file id="fl-11a">
         <path>C:\ti\ccs2020\ccs\tools\compiler\ti-cgt-armllvm_4.0.3.LTS\lib\armv6m-ti-none-eabi\</path>
         <kind>archive</kind>
         <file>libclang_rt.builtins.a</file>
         <name>floatsidf.S.obj</name>
      </input_file>
      <input_file id="fl-11b">
         <path>C:\ti\ccs2020\ccs\tools\compiler\ti-cgt-armllvm_4.0.3.LTS\lib\armv6m-ti-none-eabi\</path>
         <kind>archive</kind>
         <file>libclang_rt.builtins.a</file>
         <name>floatsisf.S.obj</name>
      </input_file>
      <input_file id="fl-11c">
         <path>C:\ti\ccs2020\ccs\tools\compiler\ti-cgt-armllvm_4.0.3.LTS\lib\armv6m-ti-none-eabi\</path>
         <kind>archive</kind>
         <file>libclang_rt.builtins.a</file>
         <name>floatunsisf.S.obj</name>
      </input_file>
      <input_file id="fl-11d">
         <path>C:\ti\ccs2020\ccs\tools\compiler\ti-cgt-armllvm_4.0.3.LTS\lib\armv6m-ti-none-eabi\</path>
         <kind>archive</kind>
         <file>libclang_rt.builtins.a</file>
         <name>muldi3.S.obj</name>
      </input_file>
      <input_file id="fl-11e">
         <path>C:\ti\ccs2020\ccs\tools\compiler\ti-cgt-armllvm_4.0.3.LTS\lib\armv6m-ti-none-eabi\</path>
         <kind>archive</kind>
         <file>libclang_rt.builtins.a</file>
         <name>truncdfsf2.S.obj</name>
      </input_file>
      <input_file id="fl-11f">
         <path>C:\ti\ccs2020\ccs\tools\compiler\ti-cgt-armllvm_4.0.3.LTS\lib\armv6m-ti-none-eabi\</path>
         <kind>archive</kind>
         <file>libclang_rt.builtins.a</file>
         <name>aeabi_dcmp.S.obj</name>
      </input_file>
      <input_file id="fl-120">
         <path>C:\ti\ccs2020\ccs\tools\compiler\ti-cgt-armllvm_4.0.3.LTS\lib\armv6m-ti-none-eabi\</path>
         <kind>archive</kind>
         <file>libclang_rt.builtins.a</file>
         <name>aeabi_fcmp.S.obj</name>
      </input_file>
      <input_file id="fl-121">
         <path>C:\ti\ccs2020\ccs\tools\compiler\ti-cgt-armllvm_4.0.3.LTS\lib\armv6m-ti-none-eabi\</path>
         <kind>archive</kind>
         <file>libclang_rt.builtins.a</file>
         <name>aeabi_idivmod.S.obj</name>
      </input_file>
      <input_file id="fl-122">
         <path>C:\ti\ccs2020\ccs\tools\compiler\ti-cgt-armllvm_4.0.3.LTS\lib\armv6m-ti-none-eabi\</path>
         <kind>archive</kind>
         <file>libclang_rt.builtins.a</file>
         <name>aeabi_ldivmod.S.obj</name>
      </input_file>
      <input_file id="fl-123">
         <path>C:\ti\ccs2020\ccs\tools\compiler\ti-cgt-armllvm_4.0.3.LTS\lib\armv6m-ti-none-eabi\</path>
         <kind>archive</kind>
         <file>libclang_rt.builtins.a</file>
         <name>aeabi_memcpy.S.obj</name>
      </input_file>
      <input_file id="fl-124">
         <path>C:\ti\ccs2020\ccs\tools\compiler\ti-cgt-armllvm_4.0.3.LTS\lib\armv6m-ti-none-eabi\</path>
         <kind>archive</kind>
         <file>libclang_rt.builtins.a</file>
         <name>aeabi_memset.S.obj</name>
      </input_file>
      <input_file id="fl-125">
         <path>C:\ti\ccs2020\ccs\tools\compiler\ti-cgt-armllvm_4.0.3.LTS\lib\armv6m-ti-none-eabi\</path>
         <kind>archive</kind>
         <file>libclang_rt.builtins.a</file>
         <name>aeabi_uidivmod.S.obj</name>
      </input_file>
      <input_file id="fl-126">
         <path>C:\ti\ccs2020\ccs\tools\compiler\ti-cgt-armllvm_4.0.3.LTS\lib\armv6m-ti-none-eabi\</path>
         <kind>archive</kind>
         <file>libclang_rt.builtins.a</file>
         <name>aeabi_uldivmod.S.obj</name>
      </input_file>
      <input_file id="fl-127">
         <path>C:\ti\ccs2020\ccs\tools\compiler\ti-cgt-armllvm_4.0.3.LTS\lib\armv6m-ti-none-eabi\</path>
         <kind>archive</kind>
         <file>libclang_rt.builtins.a</file>
         <name>comparesf2.S.obj</name>
      </input_file>
      <input_file id="fl-128">
         <path>C:\ti\ccs2020\ccs\tools\compiler\ti-cgt-armllvm_4.0.3.LTS\lib\armv6m-ti-none-eabi\</path>
         <kind>archive</kind>
         <file>libclang_rt.builtins.a</file>
         <name>udivmoddi4.S.obj</name>
      </input_file>
      <input_file id="fl-129">
         <path>C:\ti\ccs2020\ccs\tools\compiler\ti-cgt-armllvm_4.0.3.LTS\lib\armv6m-ti-none-eabi\</path>
         <kind>archive</kind>
         <file>libclang_rt.builtins.a</file>
         <name>ashldi3.S.obj</name>
      </input_file>
      <input_file id="fl-12a">
         <path>C:\ti\ccs2020\ccs\tools\compiler\ti-cgt-armllvm_4.0.3.LTS\lib\armv6m-ti-none-eabi\</path>
         <kind>archive</kind>
         <file>libclang_rt.builtins.a</file>
         <name>comparedf2.c.obj</name>
      </input_file>
      <input_file id="fl-12b">
         <path>C:\ti\ccs2020\ccs\tools\compiler\ti-cgt-armllvm_4.0.3.LTS\lib\armv6m-ti-none-eabi\</path>
         <kind>archive</kind>
         <file>libclang_rt.builtins.a</file>
         <name>divmoddi4.c.obj</name>
      </input_file>
      <input_file id="fl-12c">
         <path>C:\ti\ccs2020\ccs\tools\compiler\ti-cgt-armllvm_4.0.3.LTS\lib\armv6m-ti-none-eabi\</path>
         <kind>archive</kind>
         <file>libclang_rt.builtins.a</file>
         <name>aeabi_div0.c.obj</name>
      </input_file>
      <input_file id="fl-12d">
         <path>C:\ti\ccs2020\ccs\tools\compiler\ti-cgt-armllvm_4.0.3.LTS\lib\armv6m-ti-none-eabi\c\</path>
         <kind>archive</kind>
         <file>libc.a</file>
         <name>getdevice.c.obj</name>
      </input_file>
      <input_file id="fl-12e">
         <path>C:\ti\ccs2020\ccs\tools\compiler\ti-cgt-armllvm_4.0.3.LTS\lib\armv6m-ti-none-eabi\c\</path>
         <kind>archive</kind>
         <file>libc.a</file>
         <name>memcpy16.S.obj</name>
      </input_file>
      <input_file id="fl-12f">
         <path>C:\ti\ccs2020\ccs\tools\compiler\ti-cgt-armllvm_4.0.3.LTS\lib\armv6m-ti-none-eabi\c\</path>
         <kind>archive</kind>
         <file>libc.a</file>
         <name>memset16.S.obj</name>
      </input_file>
      <input_file id="fl-130">
         <path>C:\ti\ccs2020\ccs\tools\compiler\ti-cgt-armllvm_4.0.3.LTS\lib\armv6m-ti-none-eabi\c\</path>
         <kind>archive</kind>
         <file>libc.a</file>
         <name>strcmp-armv6m.S.obj</name>
      </input_file>
   </input_file_list>
   <object_component_list>
      <object_component id="oc-18">
         <name>.intvecs</name>
         <load_address>0x0</load_address>
         <readonly>true</readonly>
         <run_address>0x0</run_address>
         <size>0xc0</size>
         <alignment>0x4</alignment>
         <input_file_ref idref="fl-3"/>
      </object_component>
      <object_component id="oc-ac">
         <name>.text.asin</name>
         <load_address>0xc0</load_address>
         <readonly>true</readonly>
         <executable>true</executable>
         <run_address>0xc0</run_address>
         <size>0x364</size>
         <alignment>0x4</alignment>
         <input_file_ref idref="fl-41"/>
      </object_component>
      <object_component id="oc-14a">
         <name>.text.atan</name>
         <load_address>0x424</load_address>
         <readonly>true</readonly>
         <executable>true</executable>
         <run_address>0x424</run_address>
         <size>0x2f8</size>
         <alignment>0x4</alignment>
         <input_file_ref idref="fl-44"/>
      </object_component>
      <object_component id="oc-63">
         <name>.text.Read_Quad</name>
         <load_address>0x71c</load_address>
         <readonly>true</readonly>
         <executable>true</executable>
         <run_address>0x71c</run_address>
         <size>0x22c</size>
         <alignment>0x4</alignment>
         <input_file_ref idref="fl-8"/>
      </object_component>
      <object_component id="oc-11d">
         <name>.text.mpu_reset_fifo</name>
         <load_address>0x948</load_address>
         <readonly>true</readonly>
         <executable>true</executable>
         <run_address>0x948</run_address>
         <size>0x22c</size>
         <alignment>0x4</alignment>
         <input_file_ref idref="fl-6"/>
      </object_component>
      <object_component id="oc-93">
         <name>.text.dmp_read_fifo</name>
         <load_address>0xb74</load_address>
         <readonly>true</readonly>
         <executable>true</executable>
         <run_address>0xb74</run_address>
         <size>0x1f4</size>
         <alignment>0x4</alignment>
         <input_file_ref idref="fl-7"/>
      </object_component>
      <object_component id="oc-169">
         <name>.text.SYSCFG_DL_GPIO_init</name>
         <load_address>0xd68</load_address>
         <readonly>true</readonly>
         <executable>true</executable>
         <run_address>0xd68</run_address>
         <size>0x1c8</size>
         <alignment>0x4</alignment>
         <input_file_ref idref="fl-2"/>
      </object_component>
      <object_component id="oc-187">
         <name>.text.Test_DisplayEncoderData</name>
         <load_address>0xf30</load_address>
         <readonly>true</readonly>
         <executable>true</executable>
         <run_address>0xf30</run_address>
         <size>0x1b8</size>
         <alignment>0x4</alignment>
         <input_file_ref idref="fl-11"/>
      </object_component>
      <object_component id="oc-131">
         <name>.text.adddf3_subdf3</name>
         <load_address>0x10e8</load_address>
         <readonly>true</readonly>
         <executable>true</executable>
         <run_address>0x10e8</run_address>
         <size>0x192</size>
         <alignment>0x4</alignment>
         <input_file_ref idref="fl-110"/>
      </object_component>
      <object_component id="oc-244">
         <name>.text.__aeabi_idiv0</name>
         <load_address>0x127a</load_address>
         <readonly>true</readonly>
         <executable>true</executable>
         <run_address>0x127a</run_address>
         <size>0x2</size>
         <alignment>0x2</alignment>
         <input_file_ref idref="fl-12c"/>
      </object_component>
      <object_component id="oc-69">
         <name>.text.Encoder_IRQHandler</name>
         <load_address>0x127c</load_address>
         <readonly>true</readonly>
         <executable>true</executable>
         <run_address>0x127c</run_address>
         <size>0x188</size>
         <alignment>0x4</alignment>
         <input_file_ref idref="fl-c"/>
      </object_component>
      <object_component id="oc-ba">
         <name>.text.atan2</name>
         <load_address>0x1404</load_address>
         <readonly>true</readonly>
         <executable>true</executable>
         <run_address>0x1404</run_address>
         <size>0x188</size>
         <alignment>0x4</alignment>
         <input_file_ref idref="fl-42"/>
      </object_component>
      <object_component id="oc-13b">
         <name>.text.sqrt</name>
         <load_address>0x158c</load_address>
         <readonly>true</readonly>
         <executable>true</executable>
         <run_address>0x158c</run_address>
         <size>0x170</size>
         <alignment>0x4</alignment>
         <input_file_ref idref="fl-43"/>
      </object_component>
      <object_component id="oc-199">
         <name>.text.mspm0_i2c_read</name>
         <load_address>0x16fc</load_address>
         <readonly>true</readonly>
         <executable>true</executable>
         <run_address>0x16fc</run_address>
         <size>0x134</size>
         <alignment>0x4</alignment>
         <input_file_ref idref="fl-9"/>
      </object_component>
      <object_component id="oc-225">
         <name>.text.OLED_ShowChar</name>
         <load_address>0x1830</load_address>
         <readonly>true</readonly>
         <executable>true</executable>
         <run_address>0x1830</run_address>
         <size>0x118</size>
         <alignment>0x4</alignment>
         <input_file_ref idref="fl-10"/>
      </object_component>
      <object_component id="oc-f1">
         <name>.text.OLED_Init</name>
         <load_address>0x1948</load_address>
         <readonly>true</readonly>
         <executable>true</executable>
         <run_address>0x1948</run_address>
         <size>0x110</size>
         <alignment>0x4</alignment>
         <input_file_ref idref="fl-10"/>
      </object_component>
      <object_component id="oc-142">
         <name>.text.__divdf3</name>
         <load_address>0x1a58</load_address>
         <readonly>true</readonly>
         <executable>true</executable>
         <run_address>0x1a58</run_address>
         <size>0x10c</size>
         <alignment>0x4</alignment>
         <input_file_ref idref="fl-115"/>
      </object_component>
      <object_component id="oc-118">
         <name>.text.mpu_read_fifo_stream</name>
         <load_address>0x1b64</load_address>
         <readonly>true</readonly>
         <executable>true</executable>
         <run_address>0x1b64</run_address>
         <size>0x108</size>
         <alignment>0x4</alignment>
         <input_file_ref idref="fl-6"/>
      </object_component>
      <object_component id="oc-1fb">
         <name>.text.DL_Timer_initFourCCPWMMode</name>
         <load_address>0x1c6c</load_address>
         <readonly>true</readonly>
         <executable>true</executable>
         <run_address>0x1c6c</run_address>
         <size>0x104</size>
         <alignment>0x4</alignment>
         <input_file_ref idref="fl-22"/>
      </object_component>
      <object_component id="oc-228">
         <name>.text.OLED_ShowNum</name>
         <load_address>0x1d70</load_address>
         <readonly>true</readonly>
         <executable>true</executable>
         <run_address>0x1d70</run_address>
         <size>0xf6</size>
         <alignment>0x2</alignment>
         <input_file_ref idref="fl-10"/>
      </object_component>
      <object_component id="oc-203">
         <name>.text.DL_Timer_initTimerMode</name>
         <load_address>0x1e68</load_address>
         <readonly>true</readonly>
         <executable>true</executable>
         <run_address>0x1e68</run_address>
         <size>0xe8</size>
         <alignment>0x4</alignment>
         <input_file_ref idref="fl-22"/>
      </object_component>
      <object_component id="oc-15c">
         <name>.text.Motor_SetDirection</name>
         <load_address>0x1f50</load_address>
         <readonly>true</readonly>
         <executable>true</executable>
         <run_address>0x1f50</run_address>
         <size>0xe8</size>
         <alignment>0x4</alignment>
         <input_file_ref idref="fl-d"/>
      </object_component>
      <object_component id="oc-b2">
         <name>.text.__muldf3</name>
         <load_address>0x2038</load_address>
         <readonly>true</readonly>
         <executable>true</executable>
         <run_address>0x2038</run_address>
         <size>0xe4</size>
         <alignment>0x4</alignment>
         <input_file_ref idref="fl-111"/>
      </object_component>
      <object_component id="oc-1f0">
         <name>.text.DL_SYSCTL_configSYSPLL</name>
         <load_address>0x211c</load_address>
         <readonly>true</readonly>
         <executable>true</executable>
         <run_address>0x211c</run_address>
         <size>0xdc</size>
         <alignment>0x4</alignment>
         <input_file_ref idref="fl-23"/>
      </object_component>
      <object_component id="oc-a4">
         <name>.text</name>
         <load_address>0x21f8</load_address>
         <readonly>true</readonly>
         <executable>true</executable>
         <run_address>0x21f8</run_address>
         <size>0xd8</size>
         <alignment>0x4</alignment>
         <input_file_ref idref="fl-10f"/>
      </object_component>
      <object_component id="oc-1a5">
         <name>.text.mspm0_i2c_write</name>
         <load_address>0x22d0</load_address>
         <readonly>true</readonly>
         <executable>true</executable>
         <run_address>0x22d0</run_address>
         <size>0xc4</size>
         <alignment>0x4</alignment>
         <input_file_ref idref="fl-9"/>
      </object_component>
      <object_component id="oc-d8">
         <name>.text.Motor_Run</name>
         <load_address>0x2394</load_address>
         <readonly>true</readonly>
         <executable>true</executable>
         <run_address>0x2394</run_address>
         <size>0xc0</size>
         <alignment>0x4</alignment>
         <input_file_ref idref="fl-d"/>
      </object_component>
      <object_component id="oc-d3">
         <name>.text.PID_Calculate</name>
         <load_address>0x2454</load_address>
         <readonly>true</readonly>
         <executable>true</executable>
         <run_address>0x2454</run_address>
         <size>0xb8</size>
         <alignment>0x4</alignment>
         <input_file_ref idref="fl-f"/>
      </object_component>
      <object_component id="oc-178">
         <name>.text.OLED_WR_Byte</name>
         <load_address>0x250c</load_address>
         <readonly>true</readonly>
         <executable>true</executable>
         <run_address>0x250c</run_address>
         <size>0x98</size>
         <alignment>0x4</alignment>
         <input_file_ref idref="fl-10"/>
      </object_component>
      <object_component id="oc-15d">
         <name>.text.Motor_SetPWM</name>
         <load_address>0x25a4</load_address>
         <readonly>true</readonly>
         <executable>true</executable>
         <run_address>0x25a4</run_address>
         <size>0x90</size>
         <alignment>0x4</alignment>
         <input_file_ref idref="fl-d"/>
      </object_component>
      <object_component id="oc-16b">
         <name>.text.SYSCFG_DL_PWM_MOTOR_init</name>
         <load_address>0x2634</load_address>
         <readonly>true</readonly>
         <executable>true</executable>
         <run_address>0x2634</run_address>
         <size>0x90</size>
         <alignment>0x4</alignment>
         <input_file_ref idref="fl-2"/>
      </object_component>
      <object_component id="oc-6f">
         <name>.text.MotorControl_Update</name>
         <load_address>0x26c4</load_address>
         <readonly>true</readonly>
         <executable>true</executable>
         <run_address>0x26c4</run_address>
         <size>0x8c</size>
         <alignment>0x4</alignment>
         <input_file_ref idref="fl-e"/>
      </object_component>
      <object_component id="oc-a0">
         <name>.text.__mulsf3</name>
         <load_address>0x2750</load_address>
         <readonly>true</readonly>
         <executable>true</executable>
         <run_address>0x2750</run_address>
         <size>0x8c</size>
         <alignment>0x4</alignment>
         <input_file_ref idref="fl-113"/>
      </object_component>
      <object_component id="oc-11e">
         <name>.text.decode_gesture</name>
         <load_address>0x27dc</load_address>
         <readonly>true</readonly>
         <executable>true</executable>
         <run_address>0x27dc</run_address>
         <size>0x8c</size>
         <alignment>0x4</alignment>
         <input_file_ref idref="fl-7"/>
      </object_component>
      <object_component id="oc-174">
         <name>.text.__NVIC_SetPriority</name>
         <load_address>0x2868</load_address>
         <readonly>true</readonly>
         <executable>true</executable>
         <run_address>0x2868</run_address>
         <size>0x84</size>
         <alignment>0x4</alignment>
         <input_file_ref idref="fl-a"/>
      </object_component>
      <object_component id="oc-1f8">
         <name>.text.__NVIC_SetPriority</name>
         <load_address>0x28ec</load_address>
         <readonly>true</readonly>
         <executable>true</executable>
         <run_address>0x28ec</run_address>
         <size>0x84</size>
         <alignment>0x4</alignment>
         <input_file_ref idref="fl-2"/>
      </object_component>
      <object_component id="oc-9c">
         <name>.text.__divsf3</name>
         <load_address>0x2970</load_address>
         <readonly>true</readonly>
         <executable>true</executable>
         <run_address>0x2970</run_address>
         <size>0x82</size>
         <alignment>0x4</alignment>
         <input_file_ref idref="fl-114"/>
      </object_component>
      <object_component id="oc-223">
         <name>.text.PID_Init</name>
         <load_address>0x29f4</load_address>
         <readonly>true</readonly>
         <executable>true</executable>
         <run_address>0x29f4</run_address>
         <size>0x80</size>
         <alignment>0x4</alignment>
         <input_file_ref idref="fl-f"/>
      </object_component>
      <object_component id="oc-168">
         <name>.text.SYSCFG_DL_initPower</name>
         <load_address>0x2a74</load_address>
         <readonly>true</readonly>
         <executable>true</executable>
         <run_address>0x2a74</run_address>
         <size>0x7c</size>
         <alignment>0x4</alignment>
         <input_file_ref idref="fl-2"/>
      </object_component>
      <object_component id="oc-1c">
         <name>.text:decompress:lzss</name>
         <load_address>0x2af0</load_address>
         <readonly>true</readonly>
         <executable>true</executable>
         <run_address>0x2af0</run_address>
         <size>0x7c</size>
         <alignment>0x4</alignment>
         <input_file_ref idref="fl-59"/>
      </object_component>
      <object_component id="oc-17c">
         <name>.text.MotorControl_Init</name>
         <load_address>0x2b6c</load_address>
         <readonly>true</readonly>
         <executable>true</executable>
         <run_address>0x2b6c</run_address>
         <size>0x78</size>
         <alignment>0x4</alignment>
         <input_file_ref idref="fl-e"/>
      </object_component>
      <object_component id="oc-1b2">
         <name>.text.__gedf2</name>
         <load_address>0x2be4</load_address>
         <readonly>true</readonly>
         <executable>true</executable>
         <run_address>0x2be4</run_address>
         <size>0x74</size>
         <alignment>0x4</alignment>
         <input_file_ref idref="fl-12a"/>
      </object_component>
      <object_component id="oc-12c">
         <name>.text.__aeabi_errno_addr</name>
         <load_address>0x2c58</load_address>
         <readonly>true</readonly>
         <executable>true</executable>
         <run_address>0x2c58</run_address>
         <size>0x8</size>
         <alignment>0x4</alignment>
         <input_file_ref idref="fl-48"/>
      </object_component>
      <object_component id="oc-b6">
         <name>.text.__truncdfsf2</name>
         <load_address>0x2c60</load_address>
         <readonly>true</readonly>
         <executable>true</executable>
         <run_address>0x2c60</run_address>
         <size>0x74</size>
         <alignment>0x10</alignment>
         <input_file_ref idref="fl-11e"/>
      </object_component>
      <object_component id="oc-183">
         <name>.text.OLED_ShowString</name>
         <load_address>0x2cd4</load_address>
         <readonly>true</readonly>
         <executable>true</executable>
         <run_address>0x2cd4</run_address>
         <size>0x70</size>
         <alignment>0x2</alignment>
         <input_file_ref idref="fl-10"/>
      </object_component>
      <object_component id="oc-222">
         <name>.text.Encoder_Init</name>
         <load_address>0x2d44</load_address>
         <readonly>true</readonly>
         <executable>true</executable>
         <run_address>0x2d44</run_address>
         <size>0x6c</size>
         <alignment>0x4</alignment>
         <input_file_ref idref="fl-c"/>
      </object_component>
      <object_component id="oc-15a">
         <name>.text.Motor_Stop</name>
         <load_address>0x2db0</load_address>
         <readonly>true</readonly>
         <executable>true</executable>
         <run_address>0x2db0</run_address>
         <size>0x6c</size>
         <alignment>0x2</alignment>
         <input_file_ref idref="fl-d"/>
      </object_component>
      <object_component id="oc-179">
         <name>.text.OLED_Clear</name>
         <load_address>0x2e1c</load_address>
         <readonly>true</readonly>
         <executable>true</executable>
         <run_address>0x2e1c</run_address>
         <size>0x6a</size>
         <alignment>0x2</alignment>
         <input_file_ref idref="fl-10"/>
      </object_component>
      <object_component id="oc-6e">
         <name>.text.Encoder_Timer_IRQHandler</name>
         <load_address>0x2e88</load_address>
         <readonly>true</readonly>
         <executable>true</executable>
         <run_address>0x2e88</run_address>
         <size>0x68</size>
         <alignment>0x4</alignment>
         <input_file_ref idref="fl-c"/>
      </object_component>
      <object_component id="oc-1ac">
         <name>.text.__ledf2</name>
         <load_address>0x2ef0</load_address>
         <readonly>true</readonly>
         <executable>true</executable>
         <run_address>0x2ef0</run_address>
         <size>0x68</size>
         <alignment>0x4</alignment>
         <input_file_ref idref="fl-12a"/>
      </object_component>
      <object_component id="oc-135">
         <name>.text.__aeabi_dcmp</name>
         <load_address>0x2f58</load_address>
         <readonly>true</readonly>
         <executable>true</executable>
         <run_address>0x2f58</run_address>
         <size>0x62</size>
         <alignment>0x4</alignment>
         <input_file_ref idref="fl-11f"/>
      </object_component>
      <object_component id="oc-153">
         <name>.text.__aeabi_fcmp</name>
         <load_address>0x2fbc</load_address>
         <readonly>true</readonly>
         <executable>true</executable>
         <run_address>0x2fbc</run_address>
         <size>0x62</size>
         <alignment>0x4</alignment>
         <input_file_ref idref="fl-120"/>
      </object_component>
      <object_component id="oc-23f">
         <name>.text.mpu6050_i2c_sda_unlock</name>
         <load_address>0x3020</load_address>
         <readonly>true</readonly>
         <executable>true</executable>
         <run_address>0x3020</run_address>
         <size>0x60</size>
         <alignment>0x4</alignment>
         <input_file_ref idref="fl-9"/>
      </object_component>
      <object_component id="oc-176">
         <name>.text.oled_i2c_sda_unlock</name>
         <load_address>0x3080</load_address>
         <readonly>true</readonly>
         <executable>true</executable>
         <run_address>0x3080</run_address>
         <size>0x60</size>
         <alignment>0x4</alignment>
         <input_file_ref idref="fl-10"/>
      </object_component>
      <object_component id="oc-21c">
         <name>.text.DL_I2C_fillControllerTXFIFO</name>
         <load_address>0x30e0</load_address>
         <readonly>true</readonly>
         <executable>true</executable>
         <run_address>0x30e0</run_address>
         <size>0x5e</size>
         <alignment>0x2</alignment>
         <input_file_ref idref="fl-21"/>
      </object_component>
      <object_component id="oc-271">
         <name>.text.mspm0_i2c_enable</name>
         <load_address>0x3140</load_address>
         <readonly>true</readonly>
         <executable>true</executable>
         <run_address>0x3140</run_address>
         <size>0x5c</size>
         <alignment>0x4</alignment>
         <input_file_ref idref="fl-9"/>
      </object_component>
      <object_component id="oc-21b">
         <name>.text.mspm0_i2c_enable</name>
         <load_address>0x319c</load_address>
         <readonly>true</readonly>
         <executable>true</executable>
         <run_address>0x319c</run_address>
         <size>0x5c</size>
         <alignment>0x4</alignment>
         <input_file_ref idref="fl-10"/>
      </object_component>
      <object_component id="oc-16d">
         <name>.text.SYSCFG_DL_I2C_MPU6050_init</name>
         <load_address>0x31f8</load_address>
         <readonly>true</readonly>
         <executable>true</executable>
         <run_address>0x31f8</run_address>
         <size>0x58</size>
         <alignment>0x4</alignment>
         <input_file_ref idref="fl-2"/>
      </object_component>
      <object_component id="oc-16e">
         <name>.text.SYSCFG_DL_I2C_OLED_init</name>
         <load_address>0x3250</load_address>
         <readonly>true</readonly>
         <executable>true</executable>
         <run_address>0x3250</run_address>
         <size>0x58</size>
         <alignment>0x4</alignment>
         <input_file_ref idref="fl-2"/>
      </object_component>
      <object_component id="oc-39">
         <name>.text.GROUP1_IRQHandler</name>
         <load_address>0x32a8</load_address>
         <readonly>true</readonly>
         <executable>true</executable>
         <run_address>0x32a8</run_address>
         <size>0x54</size>
         <alignment>0x4</alignment>
         <input_file_ref idref="fl-b"/>
      </object_component>
      <object_component id="oc-23c">
         <name>.text.DL_I2C_startControllerTransfer</name>
         <load_address>0x32fc</load_address>
         <readonly>true</readonly>
         <executable>true</executable>
         <run_address>0x32fc</run_address>
         <size>0x50</size>
         <alignment>0x4</alignment>
         <input_file_ref idref="fl-9"/>
      </object_component>
      <object_component id="oc-21f">
         <name>.text.DL_I2C_startControllerTransfer</name>
         <load_address>0x334c</load_address>
         <readonly>true</readonly>
         <executable>true</executable>
         <run_address>0x334c</run_address>
         <size>0x50</size>
         <alignment>0x4</alignment>
         <input_file_ref idref="fl-10"/>
      </object_component>
      <object_component id="oc-173">
         <name>.text.SysTick_Config</name>
         <load_address>0x339c</load_address>
         <readonly>true</readonly>
         <executable>true</executable>
         <run_address>0x339c</run_address>
         <size>0x50</size>
         <alignment>0x4</alignment>
         <input_file_ref idref="fl-a"/>
      </object_component>
      <object_component id="oc-fc">
         <name>.text.Test_DualMotorLoop</name>
         <load_address>0x33ec</load_address>
         <readonly>true</readonly>
         <executable>true</executable>
         <run_address>0x33ec</run_address>
         <size>0x4c</size>
         <alignment>0x4</alignment>
         <input_file_ref idref="fl-11"/>
      </object_component>
      <object_component id="oc-fb">
         <name>.text.Test_DualMotorStart</name>
         <load_address>0x3438</load_address>
         <readonly>true</readonly>
         <executable>true</executable>
         <run_address>0x3438</run_address>
         <size>0x4c</size>
         <alignment>0x4</alignment>
         <input_file_ref idref="fl-11"/>
      </object_component>
      <object_component id="oc-16a">
         <name>.text.SYSCFG_DL_SYSCTL_init</name>
         <load_address>0x3484</load_address>
         <readonly>true</readonly>
         <executable>true</executable>
         <run_address>0x3484</run_address>
         <size>0x48</size>
         <alignment>0x4</alignment>
         <input_file_ref idref="fl-2"/>
      </object_component>
      <object_component id="oc-217">
         <name>.text.mspm0_i2c_disable</name>
         <load_address>0x34cc</load_address>
         <readonly>true</readonly>
         <executable>true</executable>
         <run_address>0x34cc</run_address>
         <size>0x48</size>
         <alignment>0x4</alignment>
         <input_file_ref idref="fl-10"/>
      </object_component>
      <object_component id="oc-1f7">
         <name>.text.DL_SYSCTL_switchMCLKfromSYSOSCtoHSCLK</name>
         <load_address>0x3514</load_address>
         <readonly>true</readonly>
         <executable>true</executable>
         <run_address>0x3514</run_address>
         <size>0x44</size>
         <alignment>0x4</alignment>
         <input_file_ref idref="fl-23"/>
      </object_component>
      <object_component id="oc-184">
         <name>.text.MotorControl_Manual</name>
         <load_address>0x3558</load_address>
         <readonly>true</readonly>
         <executable>true</executable>
         <run_address>0x3558</run_address>
         <size>0x44</size>
         <alignment>0x4</alignment>
         <input_file_ref idref="fl-e"/>
      </object_component>
      <object_component id="oc-26d">
         <name>.text.mspm0_i2c_disable</name>
         <load_address>0x359c</load_address>
         <readonly>true</readonly>
         <executable>true</executable>
         <run_address>0x359c</run_address>
         <size>0x44</size>
         <alignment>0x4</alignment>
         <input_file_ref idref="fl-9"/>
      </object_component>
      <object_component id="oc-16c">
         <name>.text.SYSCFG_DL_TIMER_CALC_init</name>
         <load_address>0x35e0</load_address>
         <readonly>true</readonly>
         <executable>true</executable>
         <run_address>0x35e0</run_address>
         <size>0x40</size>
         <alignment>0x4</alignment>
         <input_file_ref idref="fl-2"/>
      </object_component>
      <object_component id="oc-19e">
         <name>.text.__aeabi_uidivmod</name>
         <load_address>0x3620</load_address>
         <readonly>true</readonly>
         <executable>true</executable>
         <run_address>0x3620</run_address>
         <size>0x40</size>
         <alignment>0x4</alignment>
         <input_file_ref idref="fl-125"/>
      </object_component>
      <object_component id="oc-a8">
         <name>.text.__extendsfdf2</name>
         <load_address>0x3660</load_address>
         <readonly>true</readonly>
         <executable>true</executable>
         <run_address>0x3660</run_address>
         <size>0x40</size>
         <alignment>0x4</alignment>
         <input_file_ref idref="fl-116"/>
      </object_component>
      <object_component id="oc-279">
         <name>.text.DL_GPIO_initPeripheralInputFunctionFeatures</name>
         <load_address>0x36a0</load_address>
         <readonly>true</readonly>
         <executable>true</executable>
         <run_address>0x36a0</run_address>
         <size>0x3c</size>
         <alignment>0x4</alignment>
         <input_file_ref idref="fl-9"/>
      </object_component>
      <object_component id="oc-260">
         <name>.text.DL_GPIO_initPeripheralInputFunctionFeatures</name>
         <load_address>0x36dc</load_address>
         <readonly>true</readonly>
         <executable>true</executable>
         <run_address>0x36dc</run_address>
         <size>0x3c</size>
         <alignment>0x4</alignment>
         <input_file_ref idref="fl-10"/>
      </object_component>
      <object_component id="oc-1e3">
         <name>.text.DL_GPIO_initPeripheralInputFunctionFeatures</name>
         <load_address>0x3718</load_address>
         <readonly>true</readonly>
         <executable>true</executable>
         <run_address>0x3718</run_address>
         <size>0x3c</size>
         <alignment>0x4</alignment>
         <input_file_ref idref="fl-2"/>
      </object_component>
      <object_component id="oc-241">
         <name>.text.DL_I2C_flushControllerTXFIFO</name>
         <load_address>0x3754</load_address>
         <readonly>true</readonly>
         <executable>true</executable>
         <run_address>0x3754</run_address>
         <size>0x3c</size>
         <alignment>0x4</alignment>
         <input_file_ref idref="fl-21"/>
      </object_component>
      <object_component id="oc-1fc">
         <name>.text.DL_Timer_setCounterControl</name>
         <load_address>0x3790</load_address>
         <readonly>true</readonly>
         <executable>true</executable>
         <run_address>0x3790</run_address>
         <size>0x3c</size>
         <alignment>0x4</alignment>
         <input_file_ref idref="fl-2"/>
      </object_component>
      <object_component id="oc-266">
         <name>.text.OLED_Set_Pos</name>
         <load_address>0x37cc</load_address>
         <readonly>true</readonly>
         <executable>true</executable>
         <run_address>0x37cc</run_address>
         <size>0x3c</size>
         <alignment>0x2</alignment>
         <input_file_ref idref="fl-10"/>
      </object_component>
      <object_component id="oc-98">
         <name>.text.__floatsisf</name>
         <load_address>0x3808</load_address>
         <readonly>true</readonly>
         <executable>true</executable>
         <run_address>0x3808</run_address>
         <size>0x3c</size>
         <alignment>0x4</alignment>
         <input_file_ref idref="fl-11b"/>
      </object_component>
      <object_component id="oc-1c3">
         <name>.text.__gtsf2</name>
         <load_address>0x3844</load_address>
         <readonly>true</readonly>
         <executable>true</executable>
         <run_address>0x3844</run_address>
         <size>0x3c</size>
         <alignment>0x4</alignment>
         <input_file_ref idref="fl-127"/>
      </object_component>
      <object_component id="oc-106">
         <name>.text:__TI_auto_init_nobinit_nopinit</name>
         <load_address>0x3880</load_address>
         <readonly>true</readonly>
         <executable>true</executable>
         <run_address>0x3880</run_address>
         <size>0x3c</size>
         <alignment>0x4</alignment>
         <input_file_ref idref="fl-54"/>
      </object_component>
      <object_component id="oc-1be">
         <name>.text.__eqsf2</name>
         <load_address>0x38bc</load_address>
         <readonly>true</readonly>
         <executable>true</executable>
         <run_address>0x38bc</run_address>
         <size>0x3a</size>
         <alignment>0x4</alignment>
         <input_file_ref idref="fl-127"/>
      </object_component>
      <object_component id="oc-125">
         <name>.text.__muldsi3</name>
         <load_address>0x38f8</load_address>
         <readonly>true</readonly>
         <executable>true</executable>
         <run_address>0x38f8</run_address>
         <size>0x3a</size>
         <alignment>0x4</alignment>
         <input_file_ref idref="fl-112"/>
      </object_component>
      <object_component id="oc-229">
         <name>.text.__fixsfsi</name>
         <load_address>0x3934</load_address>
         <readonly>true</readonly>
         <executable>true</executable>
         <run_address>0x3934</run_address>
         <size>0x38</size>
         <alignment>0x4</alignment>
         <input_file_ref idref="fl-118"/>
      </object_component>
      <object_component id="oc-277">
         <name>.text.DL_GPIO_initDigitalInputFeatures</name>
         <load_address>0x396c</load_address>
         <readonly>true</readonly>
         <executable>true</executable>
         <run_address>0x396c</run_address>
         <size>0x34</size>
         <alignment>0x4</alignment>
         <input_file_ref idref="fl-9"/>
      </object_component>
      <object_component id="oc-25e">
         <name>.text.DL_GPIO_initDigitalInputFeatures</name>
         <load_address>0x39a0</load_address>
         <readonly>true</readonly>
         <executable>true</executable>
         <run_address>0x39a0</run_address>
         <size>0x34</size>
         <alignment>0x4</alignment>
         <input_file_ref idref="fl-10"/>
      </object_component>
      <object_component id="oc-1e5">
         <name>.text.DL_GPIO_initDigitalInputFeatures</name>
         <load_address>0x39d4</load_address>
         <readonly>true</readonly>
         <executable>true</executable>
         <run_address>0x39d4</run_address>
         <size>0x34</size>
         <alignment>0x4</alignment>
         <input_file_ref idref="fl-2"/>
      </object_component>
      <object_component id="oc-227">
         <name>.text.MotorControl_GetCurrentSpeed</name>
         <load_address>0x3a08</load_address>
         <readonly>true</readonly>
         <executable>true</executable>
         <run_address>0x3a08</run_address>
         <size>0x34</size>
         <alignment>0x4</alignment>
         <input_file_ref idref="fl-e"/>
      </object_component>
      <object_component id="oc-ea">
         <name>.text.SYSCFG_DL_init</name>
         <load_address>0x3a3c</load_address>
         <readonly>true</readonly>
         <executable>true</executable>
         <run_address>0x3a3c</run_address>
         <size>0x34</size>
         <alignment>0x4</alignment>
         <input_file_ref idref="fl-2"/>
      </object_component>
      <object_component id="oc-1cc">
         <name>.text.__fixunssfsi</name>
         <load_address>0x3a70</load_address>
         <readonly>true</readonly>
         <executable>true</executable>
         <run_address>0x3a70</run_address>
         <size>0x32</size>
         <alignment>0x4</alignment>
         <input_file_ref idref="fl-119"/>
      </object_component>
      <object_component id="oc-269">
         <name>.text.Encoder_GetCount</name>
         <load_address>0x3aa4</load_address>
         <readonly>true</readonly>
         <executable>true</executable>
         <run_address>0x3aa4</run_address>
         <size>0x30</size>
         <alignment>0x4</alignment>
         <input_file_ref idref="fl-c"/>
      </object_component>
      <object_component id="oc-d2">
         <name>.text.Encoder_GetSpeed</name>
         <load_address>0x3ad4</load_address>
         <readonly>true</readonly>
         <executable>true</executable>
         <run_address>0x3ad4</run_address>
         <size>0x30</size>
         <alignment>0x4</alignment>
         <input_file_ref idref="fl-c"/>
      </object_component>
      <object_component id="oc-17f">
         <name>.text.mspm0_delay_ms</name>
         <load_address>0x3b04</load_address>
         <readonly>true</readonly>
         <executable>true</executable>
         <run_address>0x3b04</run_address>
         <size>0x30</size>
         <alignment>0x4</alignment>
         <input_file_ref idref="fl-a"/>
      </object_component>
      <object_component id="oc-26a">
         <name>.text.oled_pow</name>
         <load_address>0x3b34</load_address>
         <readonly>true</readonly>
         <executable>true</executable>
         <run_address>0x3b34</run_address>
         <size>0x30</size>
         <alignment>0x2</alignment>
         <input_file_ref idref="fl-10"/>
      </object_component>
      <object_component id="oc-264">
         <name>.text.__NVIC_EnableIRQ</name>
         <load_address>0x3b64</load_address>
         <readonly>true</readonly>
         <executable>true</executable>
         <run_address>0x3b64</run_address>
         <size>0x2c</size>
         <alignment>0x4</alignment>
         <input_file_ref idref="fl-c"/>
      </object_component>
      <object_component id="oc-11f">
         <name>.text.mspm0_get_clock_ms</name>
         <load_address>0x3b90</load_address>
         <readonly>true</readonly>
         <executable>true</executable>
         <run_address>0x3b90</run_address>
         <size>0x2c</size>
         <alignment>0x4</alignment>
         <input_file_ref idref="fl-a"/>
      </object_component>
      <object_component id="oc-226">
         <name>.text.MotorControl_GetEncoderCount</name>
         <load_address>0x3bbc</load_address>
         <readonly>true</readonly>
         <executable>true</executable>
         <run_address>0x3bbc</run_address>
         <size>0x2a</size>
         <alignment>0x2</alignment>
         <input_file_ref idref="fl-e"/>
      </object_component>
      <object_component id="oc-26c">
         <name>.text.DL_Common_updateReg</name>
         <load_address>0x3be6</load_address>
         <readonly>true</readonly>
         <executable>true</executable>
         <run_address>0x3be6</run_address>
         <size>0x28</size>
         <alignment>0x2</alignment>
         <input_file_ref idref="fl-9"/>
      </object_component>
      <object_component id="oc-263">
         <name>.text.DL_Common_updateReg</name>
         <load_address>0x3c0e</load_address>
         <readonly>true</readonly>
         <executable>true</executable>
         <run_address>0x3c0e</run_address>
         <size>0x28</size>
         <alignment>0x2</alignment>
         <input_file_ref idref="fl-10"/>
      </object_component>
      <object_component id="oc-257">
         <name>.text.DL_Common_updateReg</name>
         <load_address>0x3c36</load_address>
         <readonly>true</readonly>
         <executable>true</executable>
         <run_address>0x3c36</run_address>
         <size>0x28</size>
         <alignment>0x2</alignment>
         <input_file_ref idref="fl-2"/>
      </object_component>
      <object_component id="oc-212">
         <name>.text.DL_I2C_setControllerRXFIFOThreshold</name>
         <load_address>0x3c60</load_address>
         <readonly>true</readonly>
         <executable>true</executable>
         <run_address>0x3c60</run_address>
         <size>0x28</size>
         <alignment>0x4</alignment>
         <input_file_ref idref="fl-2"/>
      </object_component>
      <object_component id="oc-211">
         <name>.text.DL_I2C_setControllerTXFIFOThreshold</name>
         <load_address>0x3c88</load_address>
         <readonly>true</readonly>
         <executable>true</executable>
         <run_address>0x3c88</run_address>
         <size>0x28</size>
         <alignment>0x4</alignment>
         <input_file_ref idref="fl-2"/>
      </object_component>
      <object_component id="oc-f6">
         <name>.text.Test_Init</name>
         <load_address>0x3cb0</load_address>
         <readonly>true</readonly>
         <executable>true</executable>
         <run_address>0x3cb0</run_address>
         <size>0x28</size>
         <alignment>0x4</alignment>
         <input_file_ref idref="fl-11"/>
      </object_component>
      <object_component id="oc-1c8">
         <name>.text.__floatunsisf</name>
         <load_address>0x3cd8</load_address>
         <readonly>true</readonly>
         <executable>true</executable>
         <run_address>0x3cd8</run_address>
         <size>0x28</size>
         <alignment>0x4</alignment>
         <input_file_ref idref="fl-11c"/>
      </object_component>
      <object_component id="oc-56">
         <name>.text:_c_int00_noargs</name>
         <load_address>0x3d00</load_address>
         <readonly>true</readonly>
         <executable>true</executable>
         <run_address>0x3d00</run_address>
         <size>0x28</size>
         <alignment>0x4</alignment>
         <input_file_ref idref="fl-52"/>
      </object_component>
      <object_component id="oc-20d">
         <name>.text.DL_I2C_setAnalogGlitchFilterPulseWidth</name>
         <load_address>0x3d28</load_address>
         <readonly>true</readonly>
         <executable>true</executable>
         <run_address>0x3d28</run_address>
         <size>0x26</size>
         <alignment>0x2</alignment>
         <input_file_ref idref="fl-2"/>
      </object_component>
      <object_component id="oc-207">
         <name>.text.DL_I2C_setClockConfig</name>
         <load_address>0x3d4e</load_address>
         <readonly>true</readonly>
         <executable>true</executable>
         <run_address>0x3d4e</run_address>
         <size>0x26</size>
         <alignment>0x2</alignment>
         <input_file_ref idref="fl-21"/>
      </object_component>
      <object_component id="oc-15b">
         <name>.text.Motor_PWM_Start</name>
         <load_address>0x3d74</load_address>
         <readonly>true</readonly>
         <executable>true</executable>
         <run_address>0x3d74</run_address>
         <size>0x24</size>
         <alignment>0x4</alignment>
         <input_file_ref idref="fl-d"/>
      </object_component>
      <object_component id="oc-81">
         <name>.text.main</name>
         <load_address>0x3d98</load_address>
         <readonly>true</readonly>
         <executable>true</executable>
         <run_address>0x3d98</run_address>
         <size>0x24</size>
         <alignment>0x2</alignment>
         <input_file_ref idref="fl-1"/>
      </object_component>
      <object_component id="oc-1ec">
         <name>.text.DL_SYSCTL_setFlashWaitState</name>
         <load_address>0x3dbc</load_address>
         <readonly>true</readonly>
         <executable>true</executable>
         <run_address>0x3dbc</run_address>
         <size>0x20</size>
         <alignment>0x4</alignment>
         <input_file_ref idref="fl-2"/>
      </object_component>
      <object_component id="oc-cb">
         <name>.text.DL_GPIO_clearInterruptStatus</name>
         <load_address>0x3ddc</load_address>
         <readonly>true</readonly>
         <executable>true</executable>
         <run_address>0x3ddc</run_address>
         <size>0x1c</size>
         <alignment>0x4</alignment>
         <input_file_ref idref="fl-c"/>
      </object_component>
      <object_component id="oc-68">
         <name>.text.DL_GPIO_clearInterruptStatus</name>
         <load_address>0x3df8</load_address>
         <readonly>true</readonly>
         <executable>true</executable>
         <run_address>0x3df8</run_address>
         <size>0x1c</size>
         <alignment>0x4</alignment>
         <input_file_ref idref="fl-b"/>
      </object_component>
      <object_component id="oc-1e9">
         <name>.text.DL_GPIO_clearInterruptStatus</name>
         <load_address>0x3e14</load_address>
         <readonly>true</readonly>
         <executable>true</executable>
         <run_address>0x3e14</run_address>
         <size>0x1c</size>
         <alignment>0x4</alignment>
         <input_file_ref idref="fl-2"/>
      </object_component>
      <object_component id="oc-27a">
         <name>.text.DL_GPIO_enableHiZ</name>
         <load_address>0x3e30</load_address>
         <readonly>true</readonly>
         <executable>true</executable>
         <run_address>0x3e30</run_address>
         <size>0x1c</size>
         <alignment>0x4</alignment>
         <input_file_ref idref="fl-9"/>
      </object_component>
      <object_component id="oc-261">
         <name>.text.DL_GPIO_enableHiZ</name>
         <load_address>0x3e4c</load_address>
         <readonly>true</readonly>
         <executable>true</executable>
         <run_address>0x3e4c</run_address>
         <size>0x1c</size>
         <alignment>0x4</alignment>
         <input_file_ref idref="fl-10"/>
      </object_component>
      <object_component id="oc-1e4">
         <name>.text.DL_GPIO_enableHiZ</name>
         <load_address>0x3e68</load_address>
         <readonly>true</readonly>
         <executable>true</executable>
         <run_address>0x3e68</run_address>
         <size>0x1c</size>
         <alignment>0x4</alignment>
         <input_file_ref idref="fl-2"/>
      </object_component>
      <object_component id="oc-1ea">
         <name>.text.DL_GPIO_enableInterrupt</name>
         <load_address>0x3e84</load_address>
         <readonly>true</readonly>
         <executable>true</executable>
         <run_address>0x3e84</run_address>
         <size>0x1c</size>
         <alignment>0x4</alignment>
         <input_file_ref idref="fl-2"/>
      </object_component>
      <object_component id="oc-1e1">
         <name>.text.DL_GPIO_initPeripheralOutputFunction</name>
         <load_address>0x3ea0</load_address>
         <readonly>true</readonly>
         <executable>true</executable>
         <run_address>0x3ea0</run_address>
         <size>0x1c</size>
         <alignment>0x4</alignment>
         <input_file_ref idref="fl-2"/>
      </object_component>
      <object_component id="oc-1e8">
         <name>.text.DL_GPIO_setLowerPinsPolarity</name>
         <load_address>0x3ebc</load_address>
         <readonly>true</readonly>
         <executable>true</executable>
         <run_address>0x3ebc</run_address>
         <size>0x1c</size>
         <alignment>0x4</alignment>
         <input_file_ref idref="fl-2"/>
      </object_component>
      <object_component id="oc-175">
         <name>.text.DL_I2C_getSDAStatus</name>
         <load_address>0x3ed8</load_address>
         <readonly>true</readonly>
         <executable>true</executable>
         <run_address>0x3ed8</run_address>
         <size>0x1c</size>
         <alignment>0x4</alignment>
         <input_file_ref idref="fl-10"/>
      </object_component>
      <object_component id="oc-23d">
         <name>.text.DL_I2C_isControllerRXFIFOEmpty</name>
         <load_address>0x3ef4</load_address>
         <readonly>true</readonly>
         <executable>true</executable>
         <run_address>0x3ef4</run_address>
         <size>0x1c</size>
         <alignment>0x4</alignment>
         <input_file_ref idref="fl-9"/>
      </object_component>
      <object_component id="oc-61">
         <name>.text.DL_Interrupt_getPendingGroup</name>
         <load_address>0x3f10</load_address>
         <readonly>true</readonly>
         <executable>true</executable>
         <run_address>0x3f10</run_address>
         <size>0x1c</size>
         <alignment>0x4</alignment>
         <input_file_ref idref="fl-b"/>
      </object_component>
      <object_component id="oc-1ed">
         <name>.text.DL_SYSCTL_setSYSOSCFreq</name>
         <load_address>0x3f2c</load_address>
         <readonly>true</readonly>
         <executable>true</executable>
         <run_address>0x3f2c</run_address>
         <size>0x1c</size>
         <alignment>0x4</alignment>
         <input_file_ref idref="fl-2"/>
      </object_component>
      <object_component id="oc-1f6">
         <name>.text.DL_SYSCTL_setULPCLKDivider</name>
         <load_address>0x3f48</load_address>
         <readonly>true</readonly>
         <executable>true</executable>
         <run_address>0x3f48</run_address>
         <size>0x1c</size>
         <alignment>0x4</alignment>
         <input_file_ref idref="fl-2"/>
      </object_component>
      <object_component id="oc-204">
         <name>.text.DL_Timer_enableInterrupt</name>
         <load_address>0x3f64</load_address>
         <readonly>true</readonly>
         <executable>true</executable>
         <run_address>0x3f64</run_address>
         <size>0x1c</size>
         <alignment>0x4</alignment>
         <input_file_ref idref="fl-2"/>
      </object_component>
      <object_component id="oc-1fe">
         <name>.text.DL_Timer_setCaptCompUpdateMethod</name>
         <load_address>0x3f80</load_address>
         <readonly>true</readonly>
         <executable>true</executable>
         <run_address>0x3f80</run_address>
         <size>0x1c</size>
         <alignment>0x4</alignment>
         <input_file_ref idref="fl-22"/>
      </object_component>
      <object_component id="oc-1fa">
         <name>.text.DL_Timer_setClockConfig</name>
         <load_address>0x3f9c</load_address>
         <readonly>true</readonly>
         <executable>true</executable>
         <run_address>0x3f9c</run_address>
         <size>0x1c</size>
         <alignment>0x4</alignment>
         <input_file_ref idref="fl-22"/>
      </object_component>
      <object_component id="oc-278">
         <name>.text.DL_GPIO_enableOutput</name>
         <load_address>0x3fb8</load_address>
         <readonly>true</readonly>
         <executable>true</executable>
         <run_address>0x3fb8</run_address>
         <size>0x18</size>
         <alignment>0x4</alignment>
         <input_file_ref idref="fl-9"/>
      </object_component>
      <object_component id="oc-25f">
         <name>.text.DL_GPIO_enableOutput</name>
         <load_address>0x3fd0</load_address>
         <readonly>true</readonly>
         <executable>true</executable>
         <run_address>0x3fd0</run_address>
         <size>0x18</size>
         <alignment>0x4</alignment>
         <input_file_ref idref="fl-10"/>
      </object_component>
      <object_component id="oc-1e2">
         <name>.text.DL_GPIO_enableOutput</name>
         <load_address>0x3fe8</load_address>
         <readonly>true</readonly>
         <executable>true</executable>
         <run_address>0x3fe8</run_address>
         <size>0x18</size>
         <alignment>0x4</alignment>
         <input_file_ref idref="fl-2"/>
      </object_component>
      <object_component id="oc-1da">
         <name>.text.DL_GPIO_enablePower</name>
         <load_address>0x4000</load_address>
         <readonly>true</readonly>
         <executable>true</executable>
         <run_address>0x4000</run_address>
         <size>0x18</size>
         <alignment>0x4</alignment>
         <input_file_ref idref="fl-2"/>
      </object_component>
      <object_component id="oc-c9">
         <name>.text.DL_GPIO_getEnabledInterruptStatus</name>
         <load_address>0x4018</load_address>
         <readonly>true</readonly>
[...]
      </symbol>
      <symbol id="sm-26e">
         <name>MotorControl_DisablePID_All</name>
         <value>0x42e9</value>
         <object_component_ref idref="oc-17d"/>
      </symbol>
      <symbol id="sm-26f">
         <name>MotorControl_Update</name>
         <value>0x26c5</value>
         <object_component_ref idref="oc-6f"/>
      </symbol>
      <symbol id="sm-270">
         <name>MotorControl_Manual</name>
         <value>0x3559</value>
         <object_component_ref idref="oc-184"/>
      </symbol>
      <symbol id="sm-271">
         <name>MotorControl_Stop_All</name>
         <value>0x44dd</value>
         <object_component_ref idref="oc-17e"/>
      </symbol>
      <symbol id="sm-272">
         <name>MotorControl_GetCurrentSpeed</name>
         <value>0x3a09</value>
         <object_component_ref idref="oc-227"/>
      </symbol>
      <symbol id="sm-273">
         <name>MotorControl_GetEncoderCount</name>
         <value>0x3bbd</value>
         <object_component_ref idref="oc-226"/>
      </symbol>
      <symbol id="sm-282">
         <name>PID_Init</name>
         <value>0x29f5</value>
         <object_component_ref idref="oc-223"/>
      </symbol>
      <symbol id="sm-283">
         <name>PID_Calculate</name>
         <value>0x2455</value>
         <object_component_ref idref="oc-d3"/>
      </symbol>
      <symbol id="sm-2e7">
         <name>delay_ms</name>
         <value>0x44cd</value>
         <object_component_ref idref="oc-177"/>
      </symbol>
      <symbol id="sm-2e8">
         <name>oled_i2c_sda_unlock</name>
         <value>0x3081</value>
         <object_component_ref idref="oc-176"/>
      </symbol>
      <symbol id="sm-2e9">
         <name>OLED_WR_Byte</name>
         <value>0x250d</value>
         <object_component_ref idref="oc-178"/>
      </symbol>
      <symbol id="sm-2ea">
         <name>OLED_Set_Pos</name>
         <value>0x37cd</value>
         <object_component_ref idref="oc-266"/>
      </symbol>
      <symbol id="sm-2eb">
         <name>OLED_Clear</name>
         <value>0x2e1d</value>
         <object_component_ref idref="oc-179"/>
      </symbol>
      <symbol id="sm-2ec">
         <name>OLED_ShowChar</name>
         <value>0x1831</value>
         <object_component_ref idref="oc-225"/>
      </symbol>
      <symbol id="sm-2ed">
         <name>asc2_1608</name>
         <value>0x45b0</value>
         <object_component_ref idref="oc-267"/>
      </symbol>
      <symbol id="sm-2ee">
         <name>asc2_0806</name>
         <value>0x4ba0</value>
         <object_component_ref idref="oc-268"/>
      </symbol>
      <symbol id="sm-2ef">
         <name>oled_pow</name>
         <value>0x3b35</value>
         <object_component_ref idref="oc-26a"/>
      </symbol>
      <symbol id="sm-2f0">
         <name>OLED_ShowNum</name>
         <value>0x1d71</value>
         <object_component_ref idref="oc-228"/>
      </symbol>
      <symbol id="sm-2f1">
         <name>OLED_ShowString</name>
         <value>0x2cd5</value>
         <object_component_ref idref="oc-183"/>
      </symbol>
      <symbol id="sm-2f2">
         <name>OLED_Init</name>
         <value>0x1949</value>
         <object_component_ref idref="oc-f1"/>
      </symbol>
      <symbol id="sm-30a">
         <name>Test_Init</name>
         <value>0x3cb1</value>
         <object_component_ref idref="oc-f6"/>
      </symbol>
      <symbol id="sm-30b">
         <name>motor_test</name>
         <value>0x20200238</value>
         <object_component_ref idref="oc-180"/>
      </symbol>
      <symbol id="sm-30c">
         <name>Test_DualMotorStart</name>
         <value>0x3439</value>
         <object_component_ref idref="oc-fb"/>
      </symbol>
      <symbol id="sm-30d">
         <name>Test_DualMotorLoop</name>
         <value>0x33ed</value>
         <object_component_ref idref="oc-fc"/>
      </symbol>
      <symbol id="sm-30e">
         <name>Test_DisplayEncoderData</name>
         <value>0xf31</value>
         <object_component_ref idref="oc-187"/>
      </symbol>
      <symbol id="sm-30f">
         <name>__TI_ATRegion0_src_addr</name>
         <value>0x0</value>
      </symbol>
      <symbol id="sm-310">
         <name>__TI_ATRegion0_trg_addr</name>
         <value>0x0</value>
      </symbol>
      <symbol id="sm-311">
         <name>__TI_ATRegion0_region_sz</name>
         <value>0x0</value>
      </symbol>
      <symbol id="sm-312">
         <name>__TI_ATRegion1_src_addr</name>
         <value>0x0</value>
      </symbol>
      <symbol id="sm-313">
         <name>__TI_ATRegion1_trg_addr</name>
         <value>0x0</value>
      </symbol>
      <symbol id="sm-314">
         <name>__TI_ATRegion1_region_sz</name>
         <value>0x0</value>
      </symbol>
      <symbol id="sm-315">
         <name>__TI_ATRegion2_src_addr</name>
         <value>0x0</value>
      </symbol>
      <symbol id="sm-316">
         <name>__TI_ATRegion2_trg_addr</name>
         <value>0x0</value>
      </symbol>
      <symbol id="sm-317">
         <name>__TI_ATRegion2_region_sz</name>
         <value>0x0</value>
      </symbol>
      <symbol id="sm-320">
         <name>DL_Common_delayCycles</name>
         <value>0x44f7</value>
         <object_component_ref idref="oc-1dd"/>
      </symbol>
      <symbol id="sm-32f">
         <name>DL_I2C_setClockConfig</name>
         <value>0x3d4f</value>
         <object_component_ref idref="oc-207"/>
      </symbol>
      <symbol id="sm-330">
         <name>DL_I2C_fillControllerTXFIFO</name>
         <value>0x30e1</value>
         <object_component_ref idref="oc-21c"/>
      </symbol>
      <symbol id="sm-331">
         <name>DL_I2C_flushControllerTXFIFO</name>
         <value>0x3755</value>
         <object_component_ref idref="oc-241"/>
      </symbol>
      <symbol id="sm-34d">
         <name>DL_Timer_setClockConfig</name>
         <value>0x3f9d</value>
         <object_component_ref idref="oc-1fa"/>
      </symbol>
      <symbol id="sm-34e">
         <name>DL_Timer_initTimerMode</name>
         <value>0x1e69</value>
         <object_component_ref idref="oc-203"/>
      </symbol>
      <symbol id="sm-34f">
         <name>DL_Timer_setCaptureCompareValue</name>
         <value>0x44ad</value>
         <object_component_ref idref="oc-1d0"/>
      </symbol>
      <symbol id="sm-350">
         <name>DL_Timer_setCaptCompUpdateMethod</name>
         <value>0x3f81</value>
         <object_component_ref idref="oc-1fe"/>
      </symbol>
      <symbol id="sm-351">
         <name>DL_Timer_setCaptureCompareOutCtl</name>
         <value>0x42a1</value>
         <object_component_ref idref="oc-1fd"/>
      </symbol>
      <symbol id="sm-352">
         <name>DL_Timer_initFourCCPWMMode</name>
         <value>0x1c6d</value>
         <object_component_ref idref="oc-1fb"/>
      </symbol>
      <symbol id="sm-360">
         <name>DL_SYSCTL_configSYSPLL</name>
         <value>0x211d</value>
         <object_component_ref idref="oc-1f0"/>
      </symbol>
      <symbol id="sm-361">
         <name>DL_SYSCTL_switchMCLKfromSYSOSCtoHSCLK</name>
         <value>0x3515</value>
         <object_component_ref idref="oc-1f7"/>
      </symbol>
      <symbol id="sm-382">
         <name>asin</name>
         <value>0xc1</value>
         <object_component_ref idref="oc-ac"/>
      </symbol>
      <symbol id="sm-383">
         <name>asinl</name>
         <value>0xc1</value>
         <object_component_ref idref="oc-ac"/>
      </symbol>
      <symbol id="sm-391">
         <name>atan2</name>
         <value>0x1405</value>
         <object_component_ref idref="oc-ba"/>
      </symbol>
      <symbol id="sm-392">
         <name>atan2l</name>
         <value>0x1405</value>
         <object_component_ref idref="oc-ba"/>
      </symbol>
      <symbol id="sm-39c">
         <name>sqrt</name>
         <value>0x158d</value>
         <object_component_ref idref="oc-13b"/>
      </symbol>
      <symbol id="sm-39d">
         <name>sqrtl</name>
         <value>0x158d</value>
         <object_component_ref idref="oc-13b"/>
      </symbol>
      <symbol id="sm-3b4">
         <name>atan</name>
         <value>0x425</value>
         <object_component_ref idref="oc-14a"/>
      </symbol>
      <symbol id="sm-3b5">
         <name>atanl</name>
         <value>0x425</value>
         <object_component_ref idref="oc-14a"/>
      </symbol>
      <symbol id="sm-3c3">
         <name>__aeabi_errno_addr</name>
         <value>0x2c59</value>
         <object_component_ref idref="oc-12c"/>
      </symbol>
      <symbol id="sm-3c4">
         <name>__aeabi_errno</name>
         <value>0x20200278</value>
         <object_component_ref idref="oc-1a7"/>
      </symbol>
      <symbol id="sm-3ce">
         <name>abort</name>
         <value>0x457b</value>
         <object_component_ref idref="oc-ff"/>
      </symbol>
      <symbol id="sm-3e1">
         <name>_c_int00_noargs</name>
         <value>0x3d01</value>
         <object_component_ref idref="oc-56"/>
      </symbol>
      <symbol id="sm-3e2">
         <name>__stack</name>
         <value>0x20207e00</value>
         <object_component_ref idref="oc-1a"/>
      </symbol>
      <symbol id="sm-3f1">
         <name>__TI_auto_init_nobinit_nopinit</name>
         <value>0x3881</value>
         <object_component_ref idref="oc-106"/>
      </symbol>
      <symbol id="sm-3f9">
         <name>_system_pre_init</name>
         <value>0x45a1</value>
         <object_component_ref idref="oc-7d"/>
      </symbol>
      <symbol id="sm-404">
         <name>__TI_zero_init_nomemset</name>
         <value>0x4371</value>
         <object_component_ref idref="oc-4d"/>
      </symbol>
      <symbol id="sm-40d">
         <name>__TI_decompress_none</name>
         <value>0x448b</value>
         <object_component_ref idref="oc-20"/>
      </symbol>
      <symbol id="sm-418">
         <name>__TI_decompress_lzss</name>
         <value>0x2af1</value>
         <object_component_ref idref="oc-1c"/>
      </symbol>
      <symbol id="sm-425">
         <name>HOSTexit</name>
         <value>0x4585</value>
         <object_component_ref idref="oc-189"/>
      </symbol>
      <symbol id="sm-426">
         <name>C$$EXIT</name>
         <value>0x4584</value>
         <object_component_ref idref="oc-189"/>
      </symbol>
      <symbol id="sm-43b">
         <name>__aeabi_fadd</name>
         <value>0x2203</value>
         <object_component_ref idref="oc-a4"/>
      </symbol>
      <symbol id="sm-43c">
         <name>__addsf3</name>
         <value>0x2203</value>
         <object_component_ref idref="oc-a4"/>
      </symbol>
      <symbol id="sm-43d">
         <name>__aeabi_fsub</name>
         <value>0x21f9</value>
         <object_component_ref idref="oc-a4"/>
      </symbol>
      <symbol id="sm-43e">
         <name>__subsf3</name>
         <value>0x21f9</value>
         <object_component_ref idref="oc-a4"/>
      </symbol>
      <symbol id="sm-444">
         <name>__aeabi_dadd</name>
         <value>0x10f3</value>
         <object_component_ref idref="oc-131"/>
      </symbol>
      <symbol id="sm-445">
         <name>__adddf3</name>
         <value>0x10f3</value>
         <object_component_ref idref="oc-131"/>
      </symbol>
      <symbol id="sm-446">
         <name>__aeabi_dsub</name>
         <value>0x10e9</value>
         <object_component_ref idref="oc-131"/>
      </symbol>
      <symbol id="sm-447">
         <name>__subdf3</name>
         <value>0x10e9</value>
         <object_component_ref idref="oc-131"/>
      </symbol>
      <symbol id="sm-450">
         <name>__aeabi_dmul</name>
         <value>0x2039</value>
         <object_component_ref idref="oc-b2"/>
      </symbol>
      <symbol id="sm-451">
         <name>__muldf3</name>
         <value>0x2039</value>
         <object_component_ref idref="oc-b2"/>
      </symbol>
      <symbol id="sm-45a">
         <name>__muldsi3</name>
         <value>0x38f9</value>
         <object_component_ref idref="oc-125"/>
      </symbol>
      <symbol id="sm-460">
         <name>__aeabi_fmul</name>
         <value>0x2751</value>
         <object_component_ref idref="oc-a0"/>
      </symbol>
      <symbol id="sm-461">
         <name>__mulsf3</name>
         <value>0x2751</value>
         <object_component_ref idref="oc-a0"/>
      </symbol>
      <symbol id="sm-467">
         <name>__aeabi_fdiv</name>
         <value>0x2971</value>
         <object_component_ref idref="oc-9c"/>
      </symbol>
      <symbol id="sm-468">
         <name>__divsf3</name>
         <value>0x2971</value>
         <object_component_ref idref="oc-9c"/>
      </symbol>
      <symbol id="sm-46e">
         <name>__aeabi_ddiv</name>
         <value>0x1a59</value>
         <object_component_ref idref="oc-142"/>
      </symbol>
      <symbol id="sm-46f">
         <name>__divdf3</name>
         <value>0x1a59</value>
         <object_component_ref idref="oc-142"/>
      </symbol>
      <symbol id="sm-478">
         <name>__aeabi_f2d</name>
         <value>0x3661</value>
         <object_component_ref idref="oc-a8"/>
      </symbol>
      <symbol id="sm-479">
         <name>__extendsfdf2</name>
         <value>0x3661</value>
         <object_component_ref idref="oc-a8"/>
      </symbol>
      <symbol id="sm-47f">
         <name>__aeabi_f2iz</name>
         <value>0x3935</value>
         <object_component_ref idref="oc-229"/>
      </symbol>
      <symbol id="sm-480">
         <name>__fixsfsi</name>
         <value>0x3935</value>
         <object_component_ref idref="oc-229"/>
      </symbol>
      <symbol id="sm-486">
         <name>__aeabi_f2uiz</name>
         <value>0x3a71</value>
         <object_component_ref idref="oc-1cc"/>
      </symbol>
      <symbol id="sm-487">
         <name>__fixunssfsi</name>
         <value>0x3a71</value>
         <object_component_ref idref="oc-1cc"/>
      </symbol>
      <symbol id="sm-48d">
         <name>__aeabi_i2f</name>
         <value>0x3809</value>
         <object_component_ref idref="oc-98"/>
      </symbol>
      <symbol id="sm-48e">
         <name>__floatsisf</name>
         <value>0x3809</value>
         <object_component_ref idref="oc-98"/>
      </symbol>
      <symbol id="sm-494">
         <name>__aeabi_ui2f</name>
         <value>0x3cd9</value>
         <object_component_ref idref="oc-1c8"/>
      </symbol>
      <symbol id="sm-495">
         <name>__floatunsisf</name>
         <value>0x3cd9</value>
         <object_component_ref idref="oc-1c8"/>
      </symbol>
      <symbol id="sm-49c">
         <name>__aeabi_d2f</name>
         <value>0x2c61</value>
         <object_component_ref idref="oc-b6"/>
      </symbol>
      <symbol id="sm-49d">
         <name>__truncdfsf2</name>
         <value>0x2c61</value>
         <object_component_ref idref="oc-b6"/>
      </symbol>
      <symbol id="sm-4a3">
         <name>__aeabi_dcmpeq</name>
         <value>0x2f59</value>
         <object_component_ref idref="oc-135"/>
      </symbol>
      <symbol id="sm-4a4">
         <name>__aeabi_dcmplt</name>
         <value>0x2f6d</value>
         <object_component_ref idref="oc-135"/>
      </symbol>
      <symbol id="sm-4a5">
         <name>__aeabi_dcmple</name>
         <value>0x2f81</value>
         <object_component_ref idref="oc-135"/>
      </symbol>
      <symbol id="sm-4a6">
         <name>__aeabi_dcmpge</name>
         <value>0x2f95</value>
         <object_component_ref idref="oc-135"/>
      </symbol>
      <symbol id="sm-4a7">
         <name>__aeabi_dcmpgt</name>
         <value>0x2fa9</value>
         <object_component_ref idref="oc-135"/>
      </symbol>
      <symbol id="sm-4ad">
         <name>__aeabi_fcmpeq</name>
         <value>0x2fbd</value>
         <object_component_ref idref="oc-153"/>
      </symbol>
      <symbol id="sm-4ae">
         <name>__aeabi_fcmplt</name>
         <value>0x2fd1</value>
         <object_component_ref idref="oc-153"/>
      </symbol>
      <symbol id="sm-4af">
         <name>__aeabi_fcmple</name>
         <value>0x2fe5</value>
         <object_component_ref idref="oc-153"/>
      </symbol>
      <symbol id="sm-4b0">
         <name>__aeabi_fcmpge</name>
         <value>0x2ff9</value>
         <object_component_ref idref="oc-153"/>
      </symbol>
      <symbol id="sm-4b1">
         <name>__aeabi_fcmpgt</name>
         <value>0x300d</value>
         <object_component_ref idref="oc-153"/>
      </symbol>
      <symbol id="sm-4b7">
         <name>__aeabi_memcpy</name>
         <value>0x4555</value>
         <object_component_ref idref="oc-46"/>
      </symbol>
      <symbol id="sm-4b8">
         <name>__aeabi_memcpy4</name>
         <value>0x4555</value>
         <object_component_ref idref="oc-46"/>
      </symbol>
      <symbol id="sm-4b9">
         <name>__aeabi_memcpy8</name>
         <value>0x4555</value>
         <object_component_ref idref="oc-46"/>
      </symbol>
      <symbol id="sm-4bf">
         <name>__aeabi_uidiv</name>
         <value>0x3621</value>
         <object_component_ref idref="oc-19e"/>
      </symbol>
      <symbol id="sm-4c0">
         <name>__aeabi_uidivmod</name>
         <value>0x3621</value>
         <object_component_ref idref="oc-19e"/>
      </symbol>
      <symbol id="sm-4c9">
         <name>__eqsf2</name>
         <value>0x38bd</value>
         <object_component_ref idref="oc-1be"/>
      </symbol>
      <symbol id="sm-4ca">
         <name>__lesf2</name>
         <value>0x38bd</value>
         <object_component_ref idref="oc-1be"/>
      </symbol>
      <symbol id="sm-4cb">
         <name>__ltsf2</name>
         <value>0x38bd</value>
         <object_component_ref idref="oc-1be"/>
      </symbol>
      <symbol id="sm-4cc">
         <name>__nesf2</name>
         <value>0x38bd</value>
         <object_component_ref idref="oc-1be"/>
      </symbol>
      <symbol id="sm-4cd">
         <name>__cmpsf2</name>
         <value>0x38bd</value>
         <object_component_ref idref="oc-1be"/>
      </symbol>
      <symbol id="sm-4ce">
         <name>__gtsf2</name>
         <value>0x3845</value>
         <object_component_ref idref="oc-1c3"/>
      </symbol>
      <symbol id="sm-4cf">
         <name>__gesf2</name>
         <value>0x3845</value>
         <object_component_ref idref="oc-1c3"/>
      </symbol>
      <symbol id="sm-4dd">
         <name>__ledf2</name>
         <value>0x2ef1</value>
         <object_component_ref idref="oc-1ac"/>
      </symbol>
      <symbol id="sm-4de">
         <name>__gedf2</name>
         <value>0x2be5</value>
         <object_component_ref idref="oc-1b2"/>
      </symbol>
      <symbol id="sm-4df">
         <name>__cmpdf2</name>
         <value>0x2ef1</value>
         <object_component_ref idref="oc-1ac"/>
      </symbol>
      <symbol id="sm-4e0">
         <name>__eqdf2</name>
         <value>0x2ef1</value>
         <object_component_ref idref="oc-1ac"/>
      </symbol>
      <symbol id="sm-4e1">
         <name>__ltdf2</name>
         <value>0x2ef1</value>
         <object_component_ref idref="oc-1ac"/>
      </symbol>
      <symbol id="sm-4e2">
         <name>__nedf2</name>
         <value>0x2ef1</value>
         <object_component_ref idref="oc-1ac"/>
      </symbol>
      <symbol id="sm-4e3">
         <name>__gtdf2</name>
         <value>0x2be5</value>
         <object_component_ref idref="oc-1b2"/>
      </symbol>
      <symbol id="sm-4ee">
         <name>__aeabi_idiv0</name>
         <value>0x127b</value>
         <object_component_ref idref="oc-244"/>
      </symbol>
      <symbol id="sm-4f8">
         <name>TI_memcpy_small</name>
         <value>0x4479</value>
         <object_component_ref idref="oc-e0"/>
      </symbol>
      <symbol id="sm-4f9">
         <name>__TI_static_base__</name>
         <value>0x0</value>
      </symbol>
      <symbol id="sm-4fd">
         <name>__mpu_init</name>
         <value>0x0</value>
      </symbol>
      <symbol id="sm-4fe">
         <name>_system_post_cinit</name>
         <value>0x0</value>
      </symbol>
   </symbol_table>
   <title>Link successful</title>
</link_info>
