******************************************************************************
            TI ARM Clang Linker PC v4.0.3                      
******************************************************************************
>> Linked Wed Jul 23 15:38:15 2025

OUTPUT FILE NAME:   <mspm0-modules-car.out>
ENTRY POINT SYMBOL: "_c_int00_noargs"  address: 00003539


MEMORY CONFIGURATION

         name            origin    length      used     unused   attr    fill
----------------------  --------  ---------  --------  --------  ----  --------
  FLASH                 00000000   00020000  00003ea0  0001c160  R  X
  SRAM                  20200000   00008000  00000464  00007b9c  RW X
  BCR_CONFIG            41c00000   000000ff  00000000  000000ff  R   
  BSL_CONFIG            41c00100   00000080  00000000  00000080  R   


SEGMENT ALLOCATION MAP

run origin  load origin   length   init length attrs members
----------  ----------- ---------- ----------- ----- -------
00000000    00000000    00003ea0   00003ea0    r-x
  00000000    00000000    000000c0   000000c0    r-- .intvecs
  000000c0    000000c0    00003cc0   00003cc0    r-x .text
  00003d80    00003d80    000000e0   000000e0    r-- .rodata
  00003e60    00003e60    00000040   00000040    r-- .cinit
20200000    20200000    00000265   00000000    rw-
  20200000    20200000    0000020b   00000000    rw- .bss
  2020020c    2020020c    00000059   00000000    rw- .data
20207e00    20207e00    00000200   00000000    rw-
  20207e00    20207e00    00000200   00000000    rw- .stack


SECTION ALLOCATION MAP

 output                                  attributes/
section   page    origin      length       input sections
--------  ----  ----------  ----------   ----------------
.intvecs   0    00000000    000000c0     
                  00000000    000000c0     startup_mspm0g350x_ticlang.o (.intvecs)

.text      0    000000c0    00003cc0     
                  000000c0    00000364     libc.a : e_asin.c.obj (.text.asin)
                  00000424    000002f8            : s_atan.c.obj (.text.atan)
                  0000071c    0000022c     mpu6050.o (.text.Read_Quad)
                  00000948    0000022c     inv_mpu.o (.text.mpu_reset_fifo)
                  00000b74    000001f4     inv_mpu_dmp_motion_driver.o (.text.dmp_read_fifo)
                  00000d68    000001c8     ti_msp_dl_config.o (.text.SYSCFG_DL_GPIO_init)
                  00000f30    00000192     libclang_rt.builtins.a : adddf3.S.obj (.text.adddf3_subdf3)
                  000010c2    00000002                            : aeabi_div0.c.obj (.text.__aeabi_idiv0)
                  000010c4    00000188     Encoder.o (.text.Encoder_IRQHandler)
                  0000124c    00000188     libc.a : e_atan2.c.obj (.text.atan2)
                  000013d4    00000170            : e_sqrt.c.obj (.text.sqrt)
                  00001544    00000134     mspm0_i2c.o (.text.mspm0_i2c_read)
                  00001678    00000110     oled_hardware_i2c.o (.text.OLED_Init)
                  00001788    0000010c     libclang_rt.builtins.a : divdf3.S.obj (.text.__divdf3)
                  00001894    00000108     inv_mpu.o (.text.mpu_read_fifo_stream)
                  0000199c    00000104     driverlib.a : dl_timer.o (.text.DL_Timer_initFourCCPWMMode)
                  00001aa0    000000e8                 : dl_timer.o (.text.DL_Timer_initTimerMode)
                  00001b88    000000e8     Motor.o (.text.Motor_SetDirection)
                  00001c70    000000e4     libclang_rt.builtins.a : muldf3.S.obj (.text.__muldf3)
                  00001d54    000000dc     driverlib.a : dl_sysctl_mspm0g1x0x_g3x0x.o (.text.DL_SYSCTL_configSYSPLL)
                  00001e30    000000d8     libclang_rt.builtins.a : addsf3.S.obj (.text)
                  00001f08    000000c4     mspm0_i2c.o (.text.mspm0_i2c_write)
                  00001fcc    000000c0     Motor.o (.text.Motor_Run)
                  0000208c    000000b8     PID.o (.text.PID_Calculate)
                  00002144    00000098     oled_hardware_i2c.o (.text.OLED_WR_Byte)
                  000021dc    00000090     Motor.o (.text.Motor_SetPWM)
                  0000226c    00000090     ti_msp_dl_config.o (.text.SYSCFG_DL_PWM_MOTOR_init)
                  000022fc    0000008c     MotorControl.o (.text.MotorControl_Update)
                  00002388    0000008c     libclang_rt.builtins.a : mulsf3.S.obj (.text.__mulsf3)
                  00002414    0000008c     inv_mpu_dmp_motion_driver.o (.text.decode_gesture)
                  000024a0    00000084     clock.o (.text.__NVIC_SetPriority)
                  00002524    00000084     ti_msp_dl_config.o (.text.__NVIC_SetPriority)
                  000025a8    00000082     libclang_rt.builtins.a : divsf3.S.obj (.text.__divsf3)
                  0000262a    00000002     --HOLE-- [fill = 0]
                  0000262c    0000007c     ti_msp_dl_config.o (.text.SYSCFG_DL_initPower)
                  000026a8    0000007c     libc.a : copy_decompress_lzss.c.obj (.text:decompress:lzss)
                  00002724    00000074     libclang_rt.builtins.a : comparedf2.c.obj (.text.__gedf2)
                  00002798    00000008     libc.a : aeabi_portable.c.obj (.text.__aeabi_errno_addr)
                  000027a0    00000074     libclang_rt.builtins.a : truncdfsf2.S.obj (.text.__truncdfsf2)
                  00002814    0000006c     Motor.o (.text.Motor_Stop)
                  00002880    0000006a     oled_hardware_i2c.o (.text.OLED_Clear)
                  000028ea    00000002     --HOLE-- [fill = 0]
                  000028ec    00000068     Encoder.o (.text.Encoder_Timer_IRQHandler)
                  00002954    00000068     libclang_rt.builtins.a : comparedf2.c.obj (.text.__ledf2)
                  000029bc    00000062                            : aeabi_dcmp.S.obj (.text.__aeabi_dcmp)
                  00002a1e    00000002     --HOLE-- [fill = 0]
                  00002a20    00000062                            : aeabi_fcmp.S.obj (.text.__aeabi_fcmp)
                  00002a82    00000002     --HOLE-- [fill = 0]
                  00002a84    00000060     mspm0_i2c.o (.text.mpu6050_i2c_sda_unlock)
                  00002ae4    00000060     oled_hardware_i2c.o (.text.oled_i2c_sda_unlock)
                  00002b44    0000005e     driverlib.a : dl_i2c.o (.text.DL_I2C_fillControllerTXFIFO)
                  00002ba2    00000002     --HOLE-- [fill = 0]
                  00002ba4    0000005c     mspm0_i2c.o (.text.mspm0_i2c_enable)
                  00002c00    0000005c     oled_hardware_i2c.o (.text.mspm0_i2c_enable)
                  00002c5c    00000058     ti_msp_dl_config.o (.text.SYSCFG_DL_I2C_MPU6050_init)
                  00002cb4    00000058     ti_msp_dl_config.o (.text.SYSCFG_DL_I2C_OLED_init)
                  00002d0c    00000054     interrupt.o (.text.GROUP1_IRQHandler)
                  00002d60    00000050     mspm0_i2c.o (.text.DL_I2C_startControllerTransfer)
                  00002db0    00000050     oled_hardware_i2c.o (.text.DL_I2C_startControllerTransfer)
                  00002e00    00000050     clock.o (.text.SysTick_Config)
                  00002e50    00000048     ti_msp_dl_config.o (.text.SYSCFG_DL_SYSCTL_init)
                  00002e98    00000048     oled_hardware_i2c.o (.text.mspm0_i2c_disable)
                  00002ee0    00000044     driverlib.a : dl_sysctl_mspm0g1x0x_g3x0x.o (.text.DL_SYSCTL_switchMCLKfromSYSOSCtoHSCLK)
                  00002f24    00000044     mspm0_i2c.o (.text.mspm0_i2c_disable)
                  00002f68    00000040     ti_msp_dl_config.o (.text.SYSCFG_DL_TIMER_CALC_init)
                  00002fa8    00000040     libclang_rt.builtins.a : aeabi_uidivmod.S.obj (.text.__aeabi_uidivmod)
                  00002fe8    00000040                            : extendsfdf2.S.obj (.text.__extendsfdf2)
                  00003028    0000003c     mspm0_i2c.o (.text.DL_GPIO_initPeripheralInputFunctionFeatures)
                  00003064    0000003c     oled_hardware_i2c.o (.text.DL_GPIO_initPeripheralInputFunctionFeatures)
                  000030a0    0000003c     ti_msp_dl_config.o (.text.DL_GPIO_initPeripheralInputFunctionFeatures)
                  000030dc    0000003c     driverlib.a : dl_i2c.o (.text.DL_I2C_flushControllerTXFIFO)
                  00003118    0000003c     ti_msp_dl_config.o (.text.DL_Timer_setCounterControl)
                  00003154    0000003c     libclang_rt.builtins.a : floatsisf.S.obj (.text.__floatsisf)
                  00003190    0000003c                            : comparesf2.S.obj (.text.__gtsf2)
                  000031cc    0000003c     libc.a : autoinit.c.obj (.text:__TI_auto_init_nobinit_nopinit)
                  00003208    0000003a     libclang_rt.builtins.a : comparesf2.S.obj (.text.__eqsf2)
                  00003242    00000002     --HOLE-- [fill = 0]
                  00003244    0000003a                            : muldsi3.S.obj (.text.__muldsi3)
                  0000327e    00000002     --HOLE-- [fill = 0]
                  00003280    00000038                            : fixsfsi.S.obj (.text.__fixsfsi)
                  000032b8    00000034     mspm0_i2c.o (.text.DL_GPIO_initDigitalInputFeatures)
                  000032ec    00000034     oled_hardware_i2c.o (.text.DL_GPIO_initDigitalInputFeatures)
                  00003320    00000034     ti_msp_dl_config.o (.text.DL_GPIO_initDigitalInputFeatures)
                  00003354    00000034     ti_msp_dl_config.o (.text.SYSCFG_DL_init)
                  00003388    00000032     libclang_rt.builtins.a : fixunssfsi.S.obj (.text.__fixunssfsi)
                  000033ba    00000002     --HOLE-- [fill = 0]
                  000033bc    00000030     Encoder.o (.text.Encoder_GetSpeed)
                  000033ec    00000030     clock.o (.text.mspm0_delay_ms)
                  0000341c    0000002c     clock.o (.text.mspm0_get_clock_ms)
                  00003448    00000028     mspm0_i2c.o (.text.DL_Common_updateReg)
                  00003470    00000028     oled_hardware_i2c.o (.text.DL_Common_updateReg)
                  00003498    00000028     ti_msp_dl_config.o (.text.DL_Common_updateReg)
                  000034c0    00000028     ti_msp_dl_config.o (.text.DL_I2C_setControllerRXFIFOThreshold)
                  000034e8    00000028     ti_msp_dl_config.o (.text.DL_I2C_setControllerTXFIFOThreshold)
                  00003510    00000028     libclang_rt.builtins.a : floatunsisf.S.obj (.text.__floatunsisf)
                  00003538    00000028     libc.a : boot_cortex_m.c.obj (.text:_c_int00_noargs)
                  00003560    00000026     ti_msp_dl_config.o (.text.DL_I2C_setAnalogGlitchFilterPulseWidth)
                  00003586    00000026     driverlib.a : dl_i2c.o (.text.DL_I2C_setClockConfig)
                  000035ac    00000024     Motor.o (.text.Motor_PWM_Start)
                  000035d0    00000020     ti_msp_dl_config.o (.text.DL_SYSCTL_setFlashWaitState)
                  000035f0    0000001c     Encoder.o (.text.DL_GPIO_clearInterruptStatus)
                  0000360c    0000001c     interrupt.o (.text.DL_GPIO_clearInterruptStatus)
                  00003628    0000001c     ti_msp_dl_config.o (.text.DL_GPIO_clearInterruptStatus)
                  00003644    0000001c     mspm0_i2c.o (.text.DL_GPIO_enableHiZ)
                  00003660    0000001c     oled_hardware_i2c.o (.text.DL_GPIO_enableHiZ)
                  0000367c    0000001c     ti_msp_dl_config.o (.text.DL_GPIO_enableHiZ)
                  00003698    0000001c     ti_msp_dl_config.o (.text.DL_GPIO_enableInterrupt)
                  000036b4    0000001c     ti_msp_dl_config.o (.text.DL_GPIO_initPeripheralOutputFunction)
                  000036d0    0000001c     ti_msp_dl_config.o (.text.DL_GPIO_setLowerPinsPolarity)
                  000036ec    0000001c     oled_hardware_i2c.o (.text.DL_I2C_getSDAStatus)
                  00003708    0000001c     mspm0_i2c.o (.text.DL_I2C_isControllerRXFIFOEmpty)
                  00003724    0000001c     interrupt.o (.text.DL_Interrupt_getPendingGroup)
                  00003740    0000001c     ti_msp_dl_config.o (.text.DL_SYSCTL_setSYSOSCFreq)
                  0000375c    0000001c     ti_msp_dl_config.o (.text.DL_SYSCTL_setULPCLKDivider)
                  00003778    0000001c     ti_msp_dl_config.o (.text.DL_Timer_enableInterrupt)
                  00003794    0000001c     driverlib.a : dl_timer.o (.text.DL_Timer_setCaptCompUpdateMethod)
                  000037b0    0000001c                 : dl_timer.o (.text.DL_Timer_setClockConfig)
                  000037cc    00000018     mspm0_i2c.o (.text.DL_GPIO_enableOutput)
                  000037e4    00000018     oled_hardware_i2c.o (.text.DL_GPIO_enableOutput)
                  000037fc    00000018     ti_msp_dl_config.o (.text.DL_GPIO_enableOutput)
                  00003814    00000018     ti_msp_dl_config.o (.text.DL_GPIO_enablePower)
                  0000382c    00000018     Encoder.o (.text.DL_GPIO_getEnabledInterruptStatus)
                  00003844    00000018     interrupt.o (.text.DL_GPIO_getEnabledInterruptStatus)
                  0000385c    00000018     mspm0_i2c.o (.text.DL_GPIO_initDigitalOutput)
                  00003874    00000018     oled_hardware_i2c.o (.text.DL_GPIO_initDigitalOutput)
                  0000388c    00000018     ti_msp_dl_config.o (.text.DL_GPIO_initDigitalOutput)
                  000038a4    00000018     ti_msp_dl_config.o (.text.DL_GPIO_reset)
                  000038bc    00000018     Motor.o (.text.DL_GPIO_setPins)
                  000038d4    00000018     mspm0_i2c.o (.text.DL_GPIO_setPins)
                  000038ec    00000018     oled_hardware_i2c.o (.text.DL_GPIO_setPins)
                  00003904    00000018     mspm0_i2c.o (.text.DL_I2C_clearInterruptStatus)
                  0000391c    00000018     oled_hardware_i2c.o (.text.DL_I2C_clearInterruptStatus)
                  00003934    00000018     ti_msp_dl_config.o (.text.DL_I2C_enableAnalogGlitchFilter)
                  0000394c    00000018     ti_msp_dl_config.o (.text.DL_I2C_enableController)
                  00003964    00000018     ti_msp_dl_config.o (.text.DL_I2C_enableControllerClockStretching)
                  0000397c    00000018     mspm0_i2c.o (.text.DL_I2C_enablePower)
                  00003994    00000018     oled_hardware_i2c.o (.text.DL_I2C_enablePower)
                  000039ac    00000018     ti_msp_dl_config.o (.text.DL_I2C_enablePower)
                  000039c4    00000018     mspm0_i2c.o (.text.DL_I2C_getRawInterruptStatus)
                  000039dc    00000018     oled_hardware_i2c.o (.text.DL_I2C_getRawInterruptStatus)
                  000039f4    00000018     mspm0_i2c.o (.text.DL_I2C_reset)
                  00003a0c    00000018     oled_hardware_i2c.o (.text.DL_I2C_reset)
                  00003a24    00000018     ti_msp_dl_config.o (.text.DL_I2C_reset)
                  00003a3c    00000018     ti_msp_dl_config.o (.text.DL_I2C_setTimerPeriod)
                  00003a54    00000018     ti_msp_dl_config.o (.text.DL_SYSCTL_setBORThreshold)
                  00003a6c    00000018     Encoder.o (.text.DL_Timer_clearInterruptStatus)
                  00003a84    00000018     ti_msp_dl_config.o (.text.DL_Timer_enablePower)
                  00003a9c    00000018     ti_msp_dl_config.o (.text.DL_Timer_reset)
                  00003ab4    00000018     driverlib.a : dl_timer.o (.text.DL_Timer_setCaptureCompareOutCtl)
                  00003acc    00000018     Motor.o (.text.DL_Timer_startCounter)
                  00003ae4    00000018     clock.o (.text.SysTick_Init)
                  00003afc    00000018     main.o (.text.main)
                  00003b14    00000016     Encoder.o (.text.DL_GPIO_readPins)
                  00003b2a    00000016     mspm0_i2c.o (.text.DL_GPIO_readPins)
                  00003b40    00000016     oled_hardware_i2c.o (.text.DL_GPIO_readPins)
                  00003b56    00000016     mspm0_i2c.o (.text.DL_I2C_transmitControllerData)
                  00003b6c    00000016     libc.a : copy_zero_init.c.obj (.text:decompress:ZI:__TI_zero_init_nomemset)
                  00003b82    00000014     Motor.o (.text.DL_GPIO_clearPins)
                  00003b96    00000014     mspm0_i2c.o (.text.DL_GPIO_clearPins)
                  00003baa    00000014     oled_hardware_i2c.o (.text.DL_GPIO_clearPins)
                  00003bbe    00000014     ti_msp_dl_config.o (.text.DL_GPIO_clearPins)
                  00003bd2    00000002     --HOLE-- [fill = 0]
                  00003bd4    00000014     mspm0_i2c.o (.text.DL_I2C_getControllerStatus)
                  00003be8    00000014     oled_hardware_i2c.o (.text.DL_I2C_getControllerStatus)
                  00003bfc    00000014     mspm0_i2c.o (.text.DL_I2C_receiveControllerData)
                  00003c10    00000014     ti_msp_dl_config.o (.text.DL_I2C_resetControllerTransfer)
                  00003c24    00000014     ti_msp_dl_config.o (.text.DL_SYSCTL_disableSYSPLL)
                  00003c38    00000014     ti_msp_dl_config.o (.text.DL_Timer_enableClock)
                  00003c4c    00000014     ti_msp_dl_config.o (.text.DL_Timer_setCCPDirection)
                  00003c60    00000012     libc.a : memcpy16.S.obj (.text:TI_memcpy_small)
                  00003c72    00000012            : copy_decompress_none.c.obj (.text:decompress:none)
                  00003c84    00000010     ti_msp_dl_config.o (.text.DL_SYSCTL_disableHFXT)
                  00003c94    00000010     driverlib.a : dl_timer.o (.text.DL_Timer_setCaptureCompareValue)
                  00003ca4    00000010     interrupt.o (.text.SysTick_Handler)
                  00003cb4    00000010     oled_hardware_i2c.o (.text.delay_ms)
                  00003cc4    0000000c     interrupt.o (.text.TIMA1_IRQHandler)
                  00003cd0    0000000a     driverlib.a : dl_common.o (.text.DL_Common_delayCycles)
                  00003cda    0000000a     libc.a : e_asin.c.obj (.text.OUTLINED_FUNCTION_0)
                  00003ce4    00000010     libclang_rt.builtins.a : muldf3.S.obj (.tramp.__aeabi_dmul.1)
                  00003cf4    0000000a     libc.a : s_atan.c.obj (.text.OUTLINED_FUNCTION_0)
                  00003cfe    0000000a            : e_asin.c.obj (.text.OUTLINED_FUNCTION_1)
                  00003d08    0000000a            : e_asin.c.obj (.text.OUTLINED_FUNCTION_3)
                  00003d12    00000002     --HOLE-- [fill = 0]
                  00003d14    00000010     libclang_rt.builtins.a : divdf3.S.obj (.tramp.__aeabi_ddiv.1)
                  00003d24    00000008     libc.a : s_atan.c.obj (.text.OUTLINED_FUNCTION_2)
                  00003d2c    00000008     libclang_rt.builtins.a : aeabi_memcpy.S.obj (.text.__aeabi_memcpy)
                  00003d34    00000006     libc.a : s_atan.c.obj (.text.OUTLINED_FUNCTION_1)
                  00003d3a    00000002     --HOLE-- [fill = 0]
                  00003d3c    00000010     libclang_rt.builtins.a : adddf3.S.obj (.tramp.__aeabi_dadd.1)
                  00003d4c    00000006     libc.a : e_asin.c.obj (.text.OUTLINED_FUNCTION_2)
                  00003d52    00000006            : exit.c.obj (.text:abort)
                  00003d58    00000004     startup_mspm0g350x_ticlang.o (.text.Default_Handler)
                  00003d5c    00000004     libsysbm.a : hostexit.c.obj (.text.HOSTexit)
                  00003d60    00000004     libc.a : e_asin.c.obj (.text.OUTLINED_FUNCTION_4)
                  00003d64    00000004     startup_mspm0g350x_ticlang.o (.text.Reset_Handler)
                  00003d68    00000010     libc.a : boot_cortex_m.c.obj (.tramp._c_int00_noargs.1)
                  00003d78    00000004            : pre_init.c.obj (.text._system_pre_init)
                  00003d7c    00000004     --HOLE-- [fill = 0]

.cinit     0    00003e60    00000040     
                  00003e60    00000016     (.cinit..data.load) [load image, compression = lzss]
                  00003e76    00000002     --HOLE-- [fill = 0]
                  00003e78    0000000c     (__TI_handler_table)
                  00003e84    00000008     (.cinit..bss.load) [load image, compression = zero_init]
                  00003e8c    00000010     (__TI_cinit_table)
                  00003e9c    00000004     --HOLE-- [fill = 0]

.rodata    0    00003d80    000000e0     
                  00003d80    00000040     libc.a : s_atan.c.obj (.rodata.cst32)
                  00003dc0    00000028     ti_msp_dl_config.o (.rodata.gSYSPLLConfig)
                  00003de8    00000028     inv_mpu.o (.rodata.test)
                  00003e10    0000001e     inv_mpu.o (.rodata.reg)
                  00003e2e    00000002     ti_msp_dl_config.o (.rodata.gI2C_MPU6050ClockConfig)
                  00003e30    00000014     ti_msp_dl_config.o (.rodata.gTIMER_CALCTimerConfig)
                  00003e44    0000000c     inv_mpu.o (.rodata.hw)
                  00003e50    00000008     ti_msp_dl_config.o (.rodata.gPWM_MOTORConfig)
                  00003e58    00000003     ti_msp_dl_config.o (.rodata.gPWM_MOTORClockConfig)
                  00003e5b    00000003     ti_msp_dl_config.o (.rodata.gTIMER_CALCClockConfig)
                  00003e5e    00000002     ti_msp_dl_config.o (.rodata.gI2C_OLEDClockConfig)

.init_array 
*          0    00000000    00000000     UNINITIALIZED

.binit     0    00000000    00000000     

.bss       0    20200000    0000020b     UNINITIALIZED
                  20200000    000000bc     (.common:gPWM_MOTORBackup)
                  202000bc    000000bc     (.common:gTIMER_CALCBackup)
                  20200178    00000040     PID.o (.bss.pid_controllers)
                  202001b8    0000001c     (.common:motor_control)
                  202001d4    00000010     (.common:quat)
                  202001e4    00000006     (.common:accel)
                  202001ea    00000006     (.common:gyro)
                  202001f0    00000004     (.common:pitch)
                  202001f4    00000004     (.common:roll)
                  202001f8    00000004     (.common:sensor_timestamp)
                  202001fc    00000004     (.common:start_time)
                  20200200    00000004     (.common:tick_ms)
                  20200204    00000004     (.common:yaw)
                  20200208    00000002     (.common:sensors)
                  2020020a    00000001     (.common:more)

.data      0    2020020c    00000059     UNINITIALIZED
                  2020020c    0000002c     inv_mpu.o (.data.st)
                  20200238    00000010     inv_mpu_dmp_motion_driver.o (.data.dmp)
                  20200248    00000008     Encoder.o (.data.encoder_count)
                  20200250    00000008     Encoder.o (.data.last_count)
                  20200258    00000008     Encoder.o (.data.motor_speed_pps)
                  20200260    00000004     libc.a : aeabi_portable.c.obj (.data.__aeabi_errno)
                  20200264    00000001     Motor.o (.data.pwm_running)

.stack     0    20207e00    00000200     UNINITIALIZED
                  20207e00    00000004     libc.a : boot_cortex_m.c.obj (.stack)
                  20207e04    000001fc     --HOLE--

__llvm_prf_cnts 
*          0    20200000    00000000     UNINITIALIZED

__llvm_prf_bits 
*          0    20200000    00000000     UNINITIALIZED

MODULE SUMMARY

       Module                         code    ro data   rw data
       ------                         ----    -------   -------
    .\
       ti_msp_dl_config.o             2234    78        376    
       startup_mspm0g350x_ticlang.o   8       192       0      
       main.o                         24      0         0      
    +--+------------------------------+-------+---------+---------+
       Total:                         2266    270       376    
                                                               
    .\Drivers\MPU6050\
       mspm0_i2c.o                    1320    0         0      
       inv_mpu.o                      820     82        44     
       inv_mpu_dmp_motion_driver.o    640     0         16     
       mpu6050.o                      556     0         47     
    +--+------------------------------+-------+---------+---------+
       Total:                         3336    82        107    
                                                               
    .\Drivers\MSPM0\
       clock.o                        328     0         8      
       interrupt.o                    192     0         0      
    +--+------------------------------+-------+---------+---------+
       Total:                         520     0         8      
                                                               
    .\Drivers\Motor_Encoder_PID\
       Motor.o                        780     0         1      
       Encoder.o                      642     0         24     
       PID.o                          184     0         64     
       MotorControl.o                 140     0         28     
    +--+------------------------------+-------+---------+---------+
       Total:                         1746    0         117    
                                                               
    .\Drivers\OLED_Hardware_I2C\
       oled_hardware_i2c.o            1324    0         0      
    +--+------------------------------+-------+---------+---------+
       Total:                         1324    0         0      
                                                               
    C:/ti/mspm0_sdk_2_05_00_05/source/ti/driverlib/lib/ticlang/m0p/mspm0g1x0x_g3x0x/driverlib.a
       dl_timer.o                     588     0         0      
       dl_sysctl_mspm0g1x0x_g3x0x.o   288     0         0      
       dl_i2c.o                       192     0         0      
       dl_common.o                    10      0         0      
    +--+------------------------------+-------+---------+---------+
       Total:                         1078    0         0      
                                                               
    C:\ti\ccs2020\ccs\tools\compiler\ti-cgt-armllvm_4.0.3.LTS\lib\armv6m-ti-none-eabi/c/libc.a
       e_asin.c.obj                   908     0         0      
       s_atan.c.obj                   784     64        0      
       e_atan2.c.obj                  392     0         0      
       e_sqrt.c.obj                   368     0         0      
       copy_decompress_lzss.c.obj     124     0         0      
       autoinit.c.obj                 60      0         0      
       boot_cortex_m.c.obj            56      0         0      
       copy_zero_init.c.obj           22      0         0      
       copy_decompress_none.c.obj     18      0         0      
       memcpy16.S.obj                 18      0         0      
       aeabi_portable.c.obj           8       0         4      
       exit.c.obj                     6       0         0      
       pre_init.c.obj                 4       0         0      
    +--+------------------------------+-------+---------+---------+
       Total:                         2768    64        4      
                                                               
    C:\ti\ccs2020\ccs\tools\compiler\ti-cgt-armllvm_4.0.3.LTS\lib\armv6m-ti-none-eabi/c/libsysbm.a
       hostexit.c.obj                 4       0         0      
    +--+------------------------------+-------+---------+---------+
       Total:                         4       0         0      
                                                               
    C:\ti\ccs2020\ccs\tools\compiler\ti-cgt-armllvm_4.0.3.LTS\lib\armv6m-ti-none-eabi/libclang_rt.builtins.a
       adddf3.S.obj                   418     0         0      
       divdf3.S.obj                   284     0         0      
       muldf3.S.obj                   244     0         0      
       comparedf2.c.obj               220     0         0      
       addsf3.S.obj                   216     0         0      
       mulsf3.S.obj                   140     0         0      
       divsf3.S.obj                   130     0         0      
       comparesf2.S.obj               118     0         0      
       truncdfsf2.S.obj               116     0         0      
       aeabi_dcmp.S.obj               98      0         0      
       aeabi_fcmp.S.obj               98      0         0      
       aeabi_uidivmod.S.obj           64      0         0      
       extendsfdf2.S.obj              64      0         0      
       floatsisf.S.obj                60      0         0      
       muldsi3.S.obj                  58      0         0      
       fixsfsi.S.obj                  56      0         0      
       fixunssfsi.S.obj               50      0         0      
       floatunsisf.S.obj              40      0         0      
       aeabi_memcpy.S.obj             8       0         0      
       aeabi_div0.c.obj               2       0         0      
    +--+------------------------------+-------+---------+---------+
       Total:                         2484    0         0      
                                                               
       Stack:                         0       0         512    
       Linker Generated:              0       58        0      
    +--+------------------------------+-------+---------+---------+
       Grand Total:                   15526   474       1124   


LINKER GENERATED COPY TABLES

__TI_cinit_table @ 00003e8c records: 2, size/record: 8, table size: 16
	.data: load addr=00003e60, load size=00000016 bytes, run addr=2020020c, run size=00000059 bytes, compression=lzss
	.bss: load addr=00003e84, load size=00000008 bytes, run addr=20200000, run size=0000020b bytes, compression=zero_init


LINKER GENERATED HANDLER TABLE

__TI_handler_table @ 00003e78 records: 3, size/record: 4, table size: 12
	index: 0, handler: __TI_decompress_lzss
	index: 1, handler: __TI_decompress_none
	index: 2, handler: __TI_zero_init


FAR CALL TRAMPOLINES

callee name               trampoline name
   callee addr  tramp addr   call addr  call info
--------------  -----------  ---------  ----------------
__aeabi_dmul              $Tramp$TT$L$PI$$__aeabi_dmul
   00001c71     00003ce4     00003ce2   libc.a : e_asin.c.obj (.text.OUTLINED_FUNCTION_0)
                             00003cfc          : s_atan.c.obj (.text.OUTLINED_FUNCTION_0)
                             00003d06          : e_asin.c.obj (.text.OUTLINED_FUNCTION_1)
                             00003d2a          : s_atan.c.obj (.text.OUTLINED_FUNCTION_2)
                             00003d50          : e_asin.c.obj (.text.OUTLINED_FUNCTION_2)
__aeabi_ddiv              $Tramp$TT$L$PI$$__aeabi_ddiv
   00001789     00003d14     00003d10   libc.a : e_asin.c.obj (.text.OUTLINED_FUNCTION_3)
__aeabi_dadd              $Tramp$TT$L$PI$$__aeabi_dadd
   00000f3b     00003d3c     00003d38   libc.a : s_atan.c.obj (.text.OUTLINED_FUNCTION_1)
                             00003d62          : e_asin.c.obj (.text.OUTLINED_FUNCTION_4)
_c_int00_noargs           $Tramp$TT$L$PI$$_c_int00_noargs
   00003539     00003d68     00003d64   startup_mspm0g350x_ticlang.o (.text.Reset_Handler)

[4 trampolines]
[9 trampoline calls]


GLOBAL SYMBOLS: SORTED ALPHABETICALLY BY Name 

address   name                                 
-------   ----                                 
00003d59  ADC0_IRQHandler                      
00003d59  ADC1_IRQHandler                      
00003d59  AES_IRQHandler                       
00003d5c  C$$EXIT                              
00003d59  CANFD0_IRQHandler                    
00003d59  DAC0_IRQHandler                      
00003cd1  DL_Common_delayCycles                
00002b45  DL_I2C_fillControllerTXFIFO          
000030dd  DL_I2C_flushControllerTXFIFO         
00003587  DL_I2C_setClockConfig                
00001d55  DL_SYSCTL_configSYSPLL               
00002ee1  DL_SYSCTL_switchMCLKfromSYSOSCtoHSCLK
0000199d  DL_Timer_initFourCCPWMMode           
00001aa1  DL_Timer_initTimerMode               
00003795  DL_Timer_setCaptCompUpdateMethod     
00003ab5  DL_Timer_setCaptureCompareOutCtl     
00003c95  DL_Timer_setCaptureCompareValue      
000037b1  DL_Timer_setClockConfig              
00003d59  DMA_IRQHandler                       
00003d59  Default_Handler                      
000033bd  Encoder_GetSpeed                     
000010c5  Encoder_IRQHandler                   
000028ed  Encoder_Timer_IRQHandler             
00003d59  GROUP0_IRQHandler                    
00002d0d  GROUP1_IRQHandler                    
00003d5d  HOSTexit                             
00003d59  HardFault_Handler                    
00003d59  I2C0_IRQHandler                      
00003d59  I2C1_IRQHandler                      
000022fd  MotorControl_Update                  
000035ad  Motor_PWM_Start                      
00001fcd  Motor_Run                            
00001b89  Motor_SetDirection                   
000021dd  Motor_SetPWM                         
00002815  Motor_Stop                           
00003d59  NMI_Handler                          
00002881  OLED_Clear                           
00001679  OLED_Init                            
00002145  OLED_WR_Byte                         
0000208d  PID_Calculate                        
00003d59  PendSV_Handler                       
00003d59  RTC_IRQHandler                       
0000071d  Read_Quad                            
00003d65  Reset_Handler                        
00003d59  SPI0_IRQHandler                      
00003d59  SPI1_IRQHandler                      
00003d59  SVC_Handler                          
00000d69  SYSCFG_DL_GPIO_init                  
00002c5d  SYSCFG_DL_I2C_MPU6050_init           
00002cb5  SYSCFG_DL_I2C_OLED_init              
0000226d  SYSCFG_DL_PWM_MOTOR_init             
00002e51  SYSCFG_DL_SYSCTL_init                
00002f69  SYSCFG_DL_TIMER_CALC_init            
00003355  SYSCFG_DL_init                       
0000262d  SYSCFG_DL_initPower                  
00003ca5  SysTick_Handler                      
00003ae5  SysTick_Init                         
00003d59  TIMA0_IRQHandler                     
00003cc5  TIMA1_IRQHandler                     
00003d59  TIMG0_IRQHandler                     
00003d59  TIMG12_IRQHandler                    
00003d59  TIMG6_IRQHandler                     
00003d59  TIMG7_IRQHandler                     
00003d59  TIMG8_IRQHandler                     
00003c61  TI_memcpy_small                      
00003d59  UART0_IRQHandler                     
00003d59  UART1_IRQHandler                     
00003d59  UART2_IRQHandler                     
00003d59  UART3_IRQHandler                     
20208000  __STACK_END                          
00000200  __STACK_SIZE                         
00000000  __TI_ATRegion0_region_sz             
00000000  __TI_ATRegion0_src_addr              
00000000  __TI_ATRegion0_trg_addr              
00000000  __TI_ATRegion1_region_sz             
00000000  __TI_ATRegion1_src_addr              
00000000  __TI_ATRegion1_trg_addr              
00000000  __TI_ATRegion2_region_sz             
00000000  __TI_ATRegion2_src_addr              
00000000  __TI_ATRegion2_trg_addr              
00003e8c  __TI_CINIT_Base                      
00003e9c  __TI_CINIT_Limit                     
00003e9c  __TI_CINIT_Warm                      
00003e78  __TI_Handler_Table_Base              
00003e84  __TI_Handler_Table_Limit             
000031cd  __TI_auto_init_nobinit_nopinit       
000026a9  __TI_decompress_lzss                 
00003c73  __TI_decompress_none                 
ffffffff  __TI_pprof_out_hndl                  
ffffffff  __TI_prof_data_size                  
ffffffff  __TI_prof_data_start                 
00000000  __TI_static_base__                   
00003b6d  __TI_zero_init_nomemset              
00000f3b  __adddf3                             
00001e3b  __addsf3                             
000027a1  __aeabi_d2f                          
00000f3b  __aeabi_dadd                         
000029bd  __aeabi_dcmpeq                       
000029f9  __aeabi_dcmpge                       
00002a0d  __aeabi_dcmpgt                       
000029e5  __aeabi_dcmple                       
000029d1  __aeabi_dcmplt                       
00001789  __aeabi_ddiv                         
00001c71  __aeabi_dmul                         
00000f31  __aeabi_dsub                         
20200260  __aeabi_errno                        
00002799  __aeabi_errno_addr                   
00002fe9  __aeabi_f2d                          
00003281  __aeabi_f2iz                         
00003389  __aeabi_f2uiz                        
00001e3b  __aeabi_fadd                         
00002a21  __aeabi_fcmpeq                       
00002a5d  __aeabi_fcmpge                       
00002a71  __aeabi_fcmpgt                       
00002a49  __aeabi_fcmple                       
00002a35  __aeabi_fcmplt                       
000025a9  __aeabi_fdiv                         
00002389  __aeabi_fmul                         
00001e31  __aeabi_fsub                         
00003155  __aeabi_i2f                          
000010c3  __aeabi_idiv0                        
00003d2d  __aeabi_memcpy                       
00003d2d  __aeabi_memcpy4                      
00003d2d  __aeabi_memcpy8                      
00003511  __aeabi_ui2f                         
00002fa9  __aeabi_uidiv                        
00002fa9  __aeabi_uidivmod                     
ffffffff  __binit__                            
00002955  __cmpdf2                             
00003209  __cmpsf2                             
00001789  __divdf3                             
000025a9  __divsf3                             
00002955  __eqdf2                              
00003209  __eqsf2                              
00002fe9  __extendsfdf2                        
00003281  __fixsfsi                            
00003389  __fixunssfsi                         
00003155  __floatsisf                          
00003511  __floatunsisf                        
00002725  __gedf2                              
00003191  __gesf2                              
00002725  __gtdf2                              
00003191  __gtsf2                              
00002955  __ledf2                              
00003209  __lesf2                              
00002955  __ltdf2                              
00003209  __ltsf2                              
UNDEFED   __mpu_init                           
00001c71  __muldf3                             
00003245  __muldsi3                            
00002389  __mulsf3                             
00002955  __nedf2                              
00003209  __nesf2                              
20207e00  __stack                              
20200000  __start___llvm_prf_bits              
20200000  __start___llvm_prf_cnts              
20200000  __stop___llvm_prf_bits               
20200000  __stop___llvm_prf_cnts               
00000f31  __subdf3                             
00001e31  __subsf3                             
000027a1  __truncdfsf2                         
00003539  _c_int00_noargs                      
UNDEFED   _system_post_cinit                   
00003d79  _system_pre_init                     
00003d53  abort                                
202001e4  accel                                
000000c1  asin                                 
000000c1  asinl                                
00000425  atan                                 
0000124d  atan2                                
0000124d  atan2l                               
00000425  atanl                                
ffffffff  binit                                
00003cb5  delay_ms                             
00000b75  dmp_read_fifo                        
20200000  gPWM_MOTORBackup                     
202000bc  gTIMER_CALCBackup                    
202001ea  gyro                                 
00003e44  hw                                   
00000000  interruptVectors                     
00003afd  main                                 
2020020a  more                                 
202001b8  motor_control                        
00002a85  mpu6050_i2c_sda_unlock               
00001895  mpu_read_fifo_stream                 
00000949  mpu_reset_fifo                       
000033ed  mspm0_delay_ms                       
0000341d  mspm0_get_clock_ms                   
00001545  mspm0_i2c_read                       
00001f09  mspm0_i2c_write                      
00002ae5  oled_i2c_sda_unlock                  
202001f0  pitch                                
202001d4  quat                                 
00003e10  reg                                  
202001f4  roll                                 
202001f8  sensor_timestamp                     
20200208  sensors                              
000013d5  sqrt                                 
000013d5  sqrtl                                
202001fc  start_time                           
00003de8  test                                 
20200200  tick_ms                              
20200204  yaw                                  


GLOBAL SYMBOLS: SORTED BY Symbol Address 

address   name                                 
-------   ----                                 
00000000  __TI_ATRegion0_region_sz             
00000000  __TI_ATRegion0_src_addr              
00000000  __TI_ATRegion0_trg_addr              
00000000  __TI_ATRegion1_region_sz             
00000000  __TI_ATRegion1_src_addr              
00000000  __TI_ATRegion1_trg_addr              
00000000  __TI_ATRegion2_region_sz             
00000000  __TI_ATRegion2_src_addr              
00000000  __TI_ATRegion2_trg_addr              
00000000  __TI_static_base__                   
00000000  interruptVectors                     
000000c1  asin                                 
000000c1  asinl                                
00000200  __STACK_SIZE                         
00000425  atan                                 
00000425  atanl                                
0000071d  Read_Quad                            
00000949  mpu_reset_fifo                       
00000b75  dmp_read_fifo                        
00000d69  SYSCFG_DL_GPIO_init                  
00000f31  __aeabi_dsub                         
00000f31  __subdf3                             
00000f3b  __adddf3                             
00000f3b  __aeabi_dadd                         
000010c3  __aeabi_idiv0                        
000010c5  Encoder_IRQHandler                   
0000124d  atan2                                
0000124d  atan2l                               
000013d5  sqrt                                 
000013d5  sqrtl                                
00001545  mspm0_i2c_read                       
00001679  OLED_Init                            
00001789  __aeabi_ddiv                         
00001789  __divdf3                             
00001895  mpu_read_fifo_stream                 
0000199d  DL_Timer_initFourCCPWMMode           
00001aa1  DL_Timer_initTimerMode               
00001b89  Motor_SetDirection                   
00001c71  __aeabi_dmul                         
00001c71  __muldf3                             
00001d55  DL_SYSCTL_configSYSPLL               
00001e31  __aeabi_fsub                         
00001e31  __subsf3                             
00001e3b  __addsf3                             
00001e3b  __aeabi_fadd                         
00001f09  mspm0_i2c_write                      
00001fcd  Motor_Run                            
0000208d  PID_Calculate                        
00002145  OLED_WR_Byte                         
000021dd  Motor_SetPWM                         
0000226d  SYSCFG_DL_PWM_MOTOR_init             
000022fd  MotorControl_Update                  
00002389  __aeabi_fmul                         
00002389  __mulsf3                             
000025a9  __aeabi_fdiv                         
000025a9  __divsf3                             
0000262d  SYSCFG_DL_initPower                  
000026a9  __TI_decompress_lzss                 
00002725  __gedf2                              
00002725  __gtdf2                              
00002799  __aeabi_errno_addr                   
000027a1  __aeabi_d2f                          
000027a1  __truncdfsf2                         
00002815  Motor_Stop                           
00002881  OLED_Clear                           
000028ed  Encoder_Timer_IRQHandler             
00002955  __cmpdf2                             
00002955  __eqdf2                              
00002955  __ledf2                              
00002955  __ltdf2                              
00002955  __nedf2                              
000029bd  __aeabi_dcmpeq                       
000029d1  __aeabi_dcmplt                       
000029e5  __aeabi_dcmple                       
000029f9  __aeabi_dcmpge                       
00002a0d  __aeabi_dcmpgt                       
00002a21  __aeabi_fcmpeq                       
00002a35  __aeabi_fcmplt                       
00002a49  __aeabi_fcmple                       
00002a5d  __aeabi_fcmpge                       
00002a71  __aeabi_fcmpgt                       
00002a85  mpu6050_i2c_sda_unlock               
00002ae5  oled_i2c_sda_unlock                  
00002b45  DL_I2C_fillControllerTXFIFO          
00002c5d  SYSCFG_DL_I2C_MPU6050_init           
00002cb5  SYSCFG_DL_I2C_OLED_init              
00002d0d  GROUP1_IRQHandler                    
00002e51  SYSCFG_DL_SYSCTL_init                
00002ee1  DL_SYSCTL_switchMCLKfromSYSOSCtoHSCLK
00002f69  SYSCFG_DL_TIMER_CALC_init            
00002fa9  __aeabi_uidiv                        
00002fa9  __aeabi_uidivmod                     
00002fe9  __aeabi_f2d                          
00002fe9  __extendsfdf2                        
000030dd  DL_I2C_flushControllerTXFIFO         
00003155  __aeabi_i2f                          
00003155  __floatsisf                          
00003191  __gesf2                              
00003191  __gtsf2                              
000031cd  __TI_auto_init_nobinit_nopinit       
00003209  __cmpsf2                             
00003209  __eqsf2                              
00003209  __lesf2                              
00003209  __ltsf2                              
00003209  __nesf2                              
00003245  __muldsi3                            
00003281  __aeabi_f2iz                         
00003281  __fixsfsi                            
00003355  SYSCFG_DL_init                       
00003389  __aeabi_f2uiz                        
00003389  __fixunssfsi                         
000033bd  Encoder_GetSpeed                     
000033ed  mspm0_delay_ms                       
0000341d  mspm0_get_clock_ms                   
00003511  __aeabi_ui2f                         
00003511  __floatunsisf                        
00003539  _c_int00_noargs                      
00003587  DL_I2C_setClockConfig                
000035ad  Motor_PWM_Start                      
00003795  DL_Timer_setCaptCompUpdateMethod     
000037b1  DL_Timer_setClockConfig              
00003ab5  DL_Timer_setCaptureCompareOutCtl     
00003ae5  SysTick_Init                         
00003afd  main                                 
00003b6d  __TI_zero_init_nomemset              
00003c61  TI_memcpy_small                      
00003c73  __TI_decompress_none                 
00003c95  DL_Timer_setCaptureCompareValue      
00003ca5  SysTick_Handler                      
00003cb5  delay_ms                             
00003cc5  TIMA1_IRQHandler                     
00003cd1  DL_Common_delayCycles                
00003d2d  __aeabi_memcpy                       
00003d2d  __aeabi_memcpy4                      
00003d2d  __aeabi_memcpy8                      
00003d53  abort                                
00003d59  ADC0_IRQHandler                      
00003d59  ADC1_IRQHandler                      
00003d59  AES_IRQHandler                       
00003d59  CANFD0_IRQHandler                    
00003d59  DAC0_IRQHandler                      
00003d59  DMA_IRQHandler                       
00003d59  Default_Handler                      
00003d59  GROUP0_IRQHandler                    
00003d59  HardFault_Handler                    
00003d59  I2C0_IRQHandler                      
00003d59  I2C1_IRQHandler                      
00003d59  NMI_Handler                          
00003d59  PendSV_Handler                       
00003d59  RTC_IRQHandler                       
00003d59  SPI0_IRQHandler                      
00003d59  SPI1_IRQHandler                      
00003d59  SVC_Handler                          
00003d59  TIMA0_IRQHandler                     
00003d59  TIMG0_IRQHandler                     
00003d59  TIMG12_IRQHandler                    
00003d59  TIMG6_IRQHandler                     
00003d59  TIMG7_IRQHandler                     
00003d59  TIMG8_IRQHandler                     
00003d59  UART0_IRQHandler                     
00003d59  UART1_IRQHandler                     
00003d59  UART2_IRQHandler                     
00003d59  UART3_IRQHandler                     
00003d5c  C$$EXIT                              
00003d5d  HOSTexit                             
00003d65  Reset_Handler                        
00003d79  _system_pre_init                     
00003de8  test                                 
00003e10  reg                                  
00003e44  hw                                   
00003e78  __TI_Handler_Table_Base              
00003e84  __TI_Handler_Table_Limit             
00003e8c  __TI_CINIT_Base                      
00003e9c  __TI_CINIT_Limit                     
00003e9c  __TI_CINIT_Warm                      
20200000  __start___llvm_prf_bits              
20200000  __start___llvm_prf_cnts              
20200000  __stop___llvm_prf_bits               
20200000  __stop___llvm_prf_cnts               
20200000  gPWM_MOTORBackup                     
202000bc  gTIMER_CALCBackup                    
202001b8  motor_control                        
202001d4  quat                                 
202001e4  accel                                
202001ea  gyro                                 
202001f0  pitch                                
202001f4  roll                                 
202001f8  sensor_timestamp                     
202001fc  start_time                           
20200200  tick_ms                              
20200204  yaw                                  
20200208  sensors                              
2020020a  more                                 
20200260  __aeabi_errno                        
20207e00  __stack                              
20208000  __STACK_END                          
ffffffff  __TI_pprof_out_hndl                  
ffffffff  __TI_prof_data_size                  
ffffffff  __TI_prof_data_start                 
ffffffff  __binit__                            
ffffffff  binit                                
UNDEFED   __mpu_init                           
UNDEFED   _system_post_cinit                   

[203 symbols]
